<exclusive-start id="2" timestamp="2013-08-15T11:15:45.897" intervalms="1417.925">
  <response-info timems="0.002" idlems="0.002" threads="0" lastid="0000000041830100" lastname="main" />
</exclusive-start>
<af-start id="3" totalBytesRequested="24" timestamp="2013-08-15T11:15:45.897" intervalms="1417.963" />
<cycle-start id="4" type="scavenge" contextid="0" timestamp="2013-08-15T11:15:45.897" intervalms="1417.978" />
<gc-start id="5" type="scavenge" contextid="4" timestamp="2013-08-15T11:15:45.897">
  <mem-info id="6" free="401784824" total="469762048" percent="85">
    <mem type="nursery" free="0" total="67108864" percent="0" />
    <mem type="tenure" free="401784824" total="402653184" percent="99">
      <mem type="soa" free="381652984" total="382521344" percent="99" />
      <mem type="loa" free="20131840" total="20131840" percent="100" />
    </mem>
    <remembered-set count="10865" />
  </mem-info>
</gc-start>
<allocation-stats totalBytes="67933104" >
  <allocated-bytes non-tlh="2343384" tlh="65589720" />
  <largest-consumer threadName="main" threadId="0000000041830100" bytes="67778952" />
</allocation-stats>
<gc-op id="7" type="scavenge" timems="5.086" contextid="4" timestamp="2013-08-15T11:15:45.902">
  <scavenger-info tenureage="10" tiltratio="50" />
  <memory-copied type="nursery" objects="70042" bytes="3484976" bytesdiscarded="1208" />
  <finalization candidates="325" enqueued="145" />
  <references type="soft" candidates="1569" cleared="0" enqueued="0" dynamicThreshold="32" maxThreshold="32" />
  <references type="weak" candidates="438" cleared="27" enqueued="0" />
</gc-op>
<gc-end id="8" type="scavenge" contextid="4" durationms="5.175" timestamp="2013-08-15T11:15:45.902">
  <mem-info id="9" free="465077008" total="469762048" percent="99">
    <mem type="nursery" free="63292184" total="67108864" percent="94" />
    <mem type="tenure" free="401784824" total="402653184" percent="99">
      <mem type="soa" free="381652984" total="382521344" percent="99" />
      <mem type="loa" free="20131840" total="20131840" percent="100" />
    </mem>
    <pending-finalizers system="145" default="0" reference="0" classloader="0" />
    <remembered-set count="10865" />
  </mem-info>
</gc-end>
<cycle-end id="10" type="scavenge" contextid="4" timestamp="2013-08-15T11:15:45.902" />
<allocation-satisfied id="11" threadId="0000000041830100" bytesRequested="24" />
<af-end id="12" timestamp="2013-08-15T11:15:45.902" />
<exclusive-end id="13" timestamp="2013-08-15T11:15:45.902" durationms="5.290" />
