 0.199: [G1Ergonomics (Heap Sizing) expand the heap, requested expansion amount: 94489280512 bytes, attempted expansion amount: 94489280512 bytes]
2013-05-22T20:43:54.027+0000: 4.438: [GC pause (G1 Evacuation Pause) (young) 4.438: [G1Ergonomics (CSet Construction) start choosing CSet, _pending_cards: 5397, predicted base time: 26.19 ms, remaining time: 123.81 ms, target pause time: 150.00 ms]
 4.438: [G1Ergonomics (CSet Construction) add young regions to CSet, eden: 1 regions, survivors: 0 regions, predicted young region time: 483.38 ms]
 4.438: [G1Ergonomics (CSet Construction) finish choosing CSet, eden: 1 regions, survivors: 0 regions, old: 0 regions, predicted pause time: 509.57 ms, target pause time: 150.00 ms]
, 0.0208940 secs]
   [Parallel Time: 9.2 ms, GC Workers: 8]
      [GC Worker Start (ms): Min: 4438.4, Avg: 4441.5, Max: 4446.6, Diff: 8.3]
      [Ext Root Scanning (ms): Min: 0.0, Avg: 2.2, Max: 8.4, Diff: 8.4, Sum: 17.3]
      [Update RS (ms): Min: 0.0, Avg: 0.0, Max: 0.1, Diff: 0.1, Sum: 0.2]
         [Processed Buffers: Min: 0, Avg: 2.9, Max: 16, Diff: 16, Sum: 23]
      [Scan RS (ms): Min: 0.0, Avg: 0.0, Max: 0.0, Diff: 0.0, Sum: 0.0]
      [Object Copy (ms): Min: 0.0, Avg: 2.8, Max: 6.7, Diff: 6.7, Sum: 22.4]
      [Termination (ms): Min: 0.0, Avg: 0.5, Max: 0.8, Diff: 0.8, Sum: 4.2]
      [GC Worker Other (ms): Min: 0.0, Avg: 0.0, Max: 0.0, Diff: 0.0, Sum: 0.2]
      [GC Worker Total (ms): Min: 0.3, Avg: 5.5, Max: 8.9, Diff: 8.6, Sum: 44.2]
      [GC Worker End (ms): Min: 4446.9, Avg: 4447.0, Max: 4447.3, Diff: 0.5]
   [Code Root Fixup: 0.2 ms]
   [Clear CT: 0.3 ms]
   [Other: 11.2 ms]
      [Choose CSet: 0.0 ms]
      [Ref Proc: 10.8 ms]
      [Ref Enq: 0.2 ms]
      [Free CSet: 0.0 ms]
   [Eden: 32.0M(32.0M)->0.0B(32.0M) Survivors: 0.0B->32.0M Heap: 32.0M(88.0G)->7136.4K(88.0G)]
 [Times: user=0.07 sys=0.02, real=0.02 secs] 
2013-05-22T20:43:55.417+0000: 5.828: [GC pause (G1 Evacuation Pause) (young) 5.828: [G1Ergonomics (CSet Construction) start choosing CSet, _pending_cards: 3113, predicted base time: 21.00 ms, remaining time: 129.00 ms, target pause time: 150.00 ms]
 5.828: [G1Ergonomics (CSet Construction) add young regions to CSet, eden: 1 regions, survivors: 1 regions, predicted young region time: 279.42 ms]
 5.828: [G1Ergonomics (CSet Construction) finish choosing CSet, eden: 1 regions, survivors: 1 regions, old: 0 regions, predicted pause time: 300.42 ms, target pause time: 150.00 ms]
, 0.0148290 secs]
   [Parallel Time: 7.3 ms, GC Workers: 8]
      [GC Worker Start (ms): Min: 5828.2, Avg: 5828.3, Max: 5828.5, Diff: 0.3]
      [Ext Root Scanning (ms): Min: 0.8, Avg: 1.8, Max: 2.4, Diff: 1.7, Sum: 14.7]
      [Update RS (ms): Min: 0.0, Avg: 0.0, Max: 0.1, Diff: 0.1, Sum: 0.1]
         [Processed Buffers: Min: 0, Avg: 2.1, Max: 9, Diff: 9, Sum: 17]
      [Scan RS (ms): Min: 0.0, Avg: 0.0, Max: 0.0, Diff: 0.0, Sum: 0.0]
      [Object Copy (ms): Min: 3.4, Avg: 4.0, Max: 5.1, Diff: 1.7, Sum: 31.9]
      [Termination (ms): Min: 0.0, Avg: 0.3, Max: 0.9, Diff: 0.9, Sum: 2.1]
      [GC Worker Other (ms): Min: 0.0, Avg: 0.0, Max: 0.1, Diff: 0.1, Sum: 0.2]
      [GC Worker Total (ms): Min: 5.9, Avg: 6.1, Max: 6.8, Diff: 0.9, Sum: 49.1]
      [GC Worker End (ms): Min: 5834.4, Avg: 5834.5, Max: 5835.1, Diff: 0.8]
   [Code Root Fixup: 0.4 ms]
   [Clear CT: 0.2 ms]
   [Other: 6.9 ms]
      [Choose CSet: 0.0 ms]
      [Ref Proc: 6.5 ms]
      [Ref Enq: 0.2 ms]
      [Free CSet: 0.0 ms]
   [Eden: 32.0M(32.0M)->0.0B(32.0M) Survivors: 32.0M->32.0M Heap: 39.0M(88.0G)->13.9M(88.0G)]
 [Times: user=0.07 sys=0.01, real=0.02 secs] 
2013-05-22T20:43:56.087+0000: 6.499: [GC pause (G1 Evacuation Pause) (young) 6.499: [G1Ergonomics (CSet Construction) start choosing CSet, _pending_cards: 2202, predicted base time: 16.30 ms, remaining time: 133.70 ms, target pause time: 150.00 ms]
 6.499: [G1Ergonomics (CSet Construction) add young regions to CSet, eden: 1 regions, survivors: 1 regions, predicted young region time: 141.61 ms]
 6.499: [G1Ergonomics (CSet Construction) finish choosing CSet, eden: 1 regions, survivors: 1 regions, old: 0 regions, predicted pause time: 157.91 ms, target pause time: 150.00 ms]
, 0.0124840 secs]
   [Parallel Time: 6.7 ms, GC Workers: 8]
      [GC Worker Start (ms): Min: 6498.8, Avg: 6499.0, Max: 6499.1, Diff: 0.3]
      [Ext Root Scanning (ms): Min: 1.1, Avg: 1.7, Max: 2.3, Diff: 1.2, Sum: 13.8]
      [Update RS (ms): Min: 0.0, Avg: 0.0, Max: 0.1, Diff: 0.1, Sum: 0.1]
         [Processed Buffers: Min: 0, Avg: 1.5, Max: 12, Diff: 12, Sum: 12]
      [Scan RS (ms): Min: 0.0, Avg: 0.0, Max: 0.0, Diff: 0.0, Sum: 0.0]
      [Object Copy (ms): Min: 3.9, Avg: 4.3, Max: 5.0, Diff: 1.1, Sum: 34.5]
      [Termination (ms): Min: 0.0, Avg: 0.0, Max: 0.0, Diff: 0.0, Sum: 0.0]
      [GC Worker Other (ms): Min: 0.0, Avg: 0.0, Max: 0.0, Diff: 0.0, Sum: 0.2]
      [GC Worker Total (ms): Min: 5.9, Avg: 6.1, Max: 6.2, Diff: 0.3, Sum: 48.7]
      [GC Worker End (ms): Min: 6505.0, Avg: 6505.0, Max: 6505.1, Diff: 0.0]
   [Code Root Fixup: 0.4 ms]
   [Clear CT: 0.3 ms]
   [Other: 5.1 ms]
      [Choose CSet: 0.0 ms]
      [Ref Proc: 4.7 ms]
      [Ref Enq: 0.2 ms]
      [Free CSet: 0.0 ms]
   [Eden: 32.0M(32.0M)->0.0B(64.0M) Survivors: 32.0M->32.0M Heap: 45.9M(88.0G)->13.7M(88.0G)]
 [Times: user=0.07 sys=0.00, real=0.02 secs] 
2013-05-22T20:43:57.961+0000: 8.373: [GC pause (G1 Evacuation Pause) (young) 8.373: [G1Ergonomics (CSet Construction) start choosing CSet, _pending_cards: 3388, predicted base time: 13.87 ms, remaining time: 136.13 ms, target pause time: 150.00 ms]
 8.373: [G1Ergonomics (CSet Construction) add young regions to CSet, eden: 2 regions, survivors: 1 regions, predicted young region time: 115.29 ms]
 8.373: [G1Ergonomics (CSet Construction) finish choosing CSet, eden: 2 regions, survivors: 1 regions, old: 0 regions, predicted pause time: 129.16 ms, target pause time: 150.00 ms]
, 0.0185740 secs]
   [Parallel Time: 11.3 ms, GC Workers: 8]
      [GC Worker Start (ms): Min: 8373.0, Avg: 8373.1, Max: 8373.3, Diff: 0.3]
      [Ext Root Scanning (ms): Min: 1.5, Avg: 3.3, Max: 4.6, Diff: 3.1, Sum: 26.3]
      [Update RS (ms): Min: 0.0, Avg: 0.0, Max: 0.1, Diff: 0.1, Sum: 0.1]
         [Processed Buffers: Min: 0, Avg: 1.9, Max: 15, Diff: 15, Sum: 15]
      [Scan RS (ms): Min: 0.0, Avg: 0.0, Max: 0.0, Diff: 0.0, Sum: 0.0]
      [Object Copy (ms): Min: 6.2, Avg: 7.4, Max: 9.1, Diff: 2.9, Sum: 59.2]
      [Termination (ms): Min: 0.0, Avg: 0.0, Max: 0.0, Diff: 0.0, Sum: 0.0]
      [GC Worker Other (ms): Min: 0.0, Avg: 0.0, Max: 0.1, Diff: 0.1, Sum: 0.4]
      [GC Worker Total (ms): Min: 10.6, Avg: 10.8, Max: 10.9, Diff: 0.3, Sum: 86.0]
      [GC Worker End (ms): Min: 8383.8, Avg: 8383.9, Max: 8383.9, Diff: 0.0]
   [Code Root Fixup: 0.8 ms]
   [Clear CT: 0.2 ms]
   [Other: 6.3 ms]
      [Choose CSet: 0.0 ms]
      [Ref Proc: 5.9 ms]
      [Ref Enq: 0.2 ms]
      [Free CSet: 0.0 ms]
   [Eden: 64.0M(64.0M)->0.0B(256.0M) Survivors: 32.0M->32.0M Heap: 77.7M(88.0G)->27.5M(88.0G)]
 [Times: user=0.10 sys=0.02, real=0.02 secs] 
2013-05-22T20:44:01.030+0000: 11.442: [GC pause (G1 Evacuation Pause) (young) 11.442: [G1Ergonomics (CSet Construction) start choosing CSet, _pending_cards: 3923, predicted base time: 13.49 ms, remaining time: 136.51 ms, target pause time: 150.00 ms]
 11.442: [G1Ergonomics (CSet Construction) add young regions to CSet, eden: 8 regions, survivors: 1 regions, predicted young region time: 134.17 ms]
 11.442: [G1Ergonomics (CSet Construction) finish choosing CSet, eden: 8 regions, survivors: 1 regions, old: 0 regions, predicted pause time: 147.66 ms, target pause time: 150.00 ms]
, 0.0779380 secs]
   [Parallel Time: 59.6 ms, GC Workers: 8]
      [GC Worker Start (ms): Min: 11441.9, Avg: 11442.1, Max: 11442.2, Diff: 0.3]
      [Ext Root Scanning (ms): Min: 3.6, Avg: 5.6, Max: 7.4, Diff: 3.7, Sum: 45.1]
      [Update RS (ms): Min: 0.0, Avg: 1.2, Max: 9.6, Diff: 9.6, Sum: 9.6]
         [Processed Buffers: Min: 0, Avg: 3.6, Max: 24, Diff: 24, Sum: 29]
      [Scan RS (ms): Min: 0.0, Avg: 0.0, Max: 0.0, Diff: 0.0, Sum: 0.1]
      [Object Copy (ms): Min: 45.0, Avg: 50.6, Max: 52.8, Diff: 7.8, Sum: 405.1]
      [Termination (ms): Min: 0.8, Avg: 1.7, Max: 2.2, Diff: 1.4, Sum: 13.7]
      [GC Worker Other (ms): Min: 0.0, Avg: 0.0, Max: 0.0, Diff: 0.0, Sum: 0.2]
      [GC Worker Total (ms): Min: 59.0, Avg: 59.2, Max: 59.4, Diff: 0.4, Sum: 473.7]
      [GC Worker End (ms): Min: 11501.2, Avg: 11501.3, Max: 11501.3, Diff: 0.1]
   [Code Root Fixup: 1.5 ms]
   [Clear CT: 0.6 ms]
   [Other: 16.2 ms]
      [Choose CSet: 0.0 ms]
      [Ref Proc: 15.4 ms]
      [Ref Enq: 0.4 ms]
      [Free CSet: 0.1 ms]
   [Eden: 256.0M(256.0M)->0.0B(128.0M) Survivors: 32.0M->64.0M Heap: 283.5M(88.0G)->65.9M(88.0G)]
