0.000: [GC [1 CMS-initial-mark: 0K(12288K)] 281K(16320K), 0.0053399 secs]
0.006: [CMS-concurrent-mark-start]
0.057: [CMS-concurrent-mark: 0.051/0.051 secs]
0.057: [CMS-concurrent-preclean-start]
0.057: [CMS-concurrent-preclean: 0.000/0.000 secs]
0.058: [GC[YG occupancy: 282 K (4032 K)]0.058: [Rescan (non-parallel) 0.059: [grey object rescan, 0.0098201 secs]0.068: [root rescan, 0.0075271 secs], 0.0176398 secs]0.076: [weak refs processing, 0.0000951 secs] [1 CMS-remark: 0K(12288K)] 282K(16320K), 0.0178886 secs]
0.091: [CMS-concurrent-sweep-start]
0.091: [CMS-concurrent-sweep: 0.000/0.000 secs]
0.091: [CMS-concurrent-reset-start]
0.099: [CMS-concurrent-reset: 0.008/0.008 secs]
0.536: [GC 0.537: [DefNew: 3967K->0K(4032K), 0.0389152 secs] 3967K->3656K(16320K), 0.0391856 secs]
0.579: [GC [1 CMS-initial-mark: 3656K(12288K)] 4649K(16320K), 0.0008664 secs]
0.580: [CMS-concurrent-mark-start]
0.609: [CMS-concurrent-mark: 0.029/0.029 secs]
0.609: [CMS-concurrent-preclean-start]
0.609: [CMS-concurrent-preclean: 0.000/0.000 secs]
0.610: [GC[YG occupancy: 993 K (4032 K)]0.610: [Rescan (non-parallel) 0.610: [grey object rescan, 0.0002374 secs]0.610: [root rescan, 0.0007463 secs], 0.0010965 secs]0.611: [weak refs processing, 0.0001556 secs] [1 CMS-remark: 3656K(12288K)] 4649K(16320K), 0.0013892 secs]
0.613: [CMS-concurrent-sweep-start]
0.615: [CMS-concurrent-sweep: 0.002/0.002 secs]
0.615: [CMS-concurrent-reset-start]
0.622: [CMS-concurrent-reset: 0.007/0.007 secs]
0.922: [GC 0.922: [DefNew: 3967K->0K(4032K), 0.0554915 secs] 7623K->7623K(16320K) icms_dc=65 , 0.0557709 secs]
1.081: [GC [1 CMS-initial-mark: 7623K(12288K)] 8317K(16320K), 0.0009753 secs]
1.082: [CMS-concurrent-mark-start]
1.141: [CMS-concurrent-mark: 0.058/0.058 secs]
1.141: [CMS-concurrent-preclean-start]
1.141: [CMS-concurrent-preclean: 0.000/0.000 secs]
1.144: [GC[YG occupancy: 1492 K (4032 K)]1.145: [Rescan (non-parallel) 1.145: [grey object rescan, 0.0007048 secs]1.145: [root rescan, 0.0010267 secs], 0.0019597 secs]1.147: [weak refs processing, 0.0000540 secs] [1 CMS-remark: 7623K(12288K)] 9116K(16320K), 0.0021996 secs]
1.147: [CMS-concurrent-sweep-start]
1.153: [CMS-concurrent-sweep: 0.006/0.006 secs]
1.153: [CMS-concurrent-reset-start]
1.172: [CMS-concurrent-reset: 0.019/0.019 secs]
1.453: [GC 1.453: [DefNew: 3967K->0K(4032K), 0.0248674 secs] 8158K->8158K(16320K) icms_dc=81 , 0.0251406 secs]
1.480: [GC [1 CMS-initial-mark: 8158K(12288K)] 8535K(16320K), 0.0005519 secs]
1.481: [CMS-concurrent-mark-start]
1.538: [CMS-concurrent-mark: 0.057/0.057 secs]
1.538: [CMS-concurrent-preclean-start]
1.538: [CMS-concurrent-preclean: 0.000/0.000 secs]
1.540: [GC[YG occupancy: 840 K (4032 K)]1.540: [Rescan (non-parallel) 1.540: [grey object rescan, 0.0007547 secs]1.541: [root rescan, 0.0005825 secs], 0.0015064 secs]1.542: [weak refs processing, 0.0000528 secs] [1 CMS-remark: 8158K(12288K)] 8998K(16320K), 0.0017412 secs]
1.542: [CMS-concurrent-sweep-start]
1.547: [CMS-concurrent-sweep: 0.005/0.005 secs]
1.547: [CMS-concurrent-reset-start]
1.556: [CMS-concurrent-reset: 0.009/0.009 secs]
1.849: [GC 1.850: [DefNew: 3967K->0K(4032K), 0.0229271 secs] 8669K->8669K(16320K) icms_dc=100 , 0.0232068 secs]
1.873: [GC [1 CMS-initial-mark: 8669K(12288K)] 8671K(16320K), 0.0004314 secs]
1.874: [CMS-concurrent-mark-start]
1.923: [CMS-concurrent-mark: 0.049/0.049 secs]
1.923: [CMS-concurrent-preclean-start]
1.923: [CMS-concurrent-preclean: 0.000/0.000 secs]
1.924: [GC[YG occupancy: 188 K (4032 K)]1.924: [Rescan (non-parallel) 1.924: [grey object rescan, 0.0004097 secs]1.925: [root rescan, 0.0003786 secs], 0.0009241 secs]1.925: [weak refs processing, 0.0000497 secs] [1 CMS-remark: 8669K(12288K)] 8858K(16320K), 0.0011422 secs]
1.925: [CMS-concurrent-sweep-start]
1.931: [CMS-concurrent-sweep: 0.006/0.006 secs]
1.931: [CMS-concurrent-reset-start]
1.940: [CMS-concurrent-reset: 0.008/0.008 secs]
2.337: [GC 2.337: [DefNew: 3967K->0K(4032K), 0.0374812 secs] 9240K->9240K(16320K) icms_dc=100 , 0.0377447 secs]
2.375: [GC [1 CMS-initial-mark: 9240K(12288K)] 9242K(16320K), 0.0004251 secs]
2.375: [CMS-concurrent-mark-start]
2.437: [CMS-concurrent-mark: 0.061/0.061 secs]
2.437: [CMS-concurrent-preclean-start]
2.437: [CMS-concurrent-preclean: 0.000/0.000 secs]
2.438: [GC[YG occupancy: 641 K (4032 K)]2.438: [Rescan (non-parallel) 2.438: [grey object rescan, 0.0033427 secs]2.442: [root rescan, 0.0008043 secs], 0.0045318 secs]2.443: [weak refs processing, 0.0000531 secs] [1 CMS-remark: 9240K(12288K)] 9882K(16320K), 0.0047830 secs]
2.443: [CMS-concurrent-sweep-start]
2.449: [CMS-concurrent-sweep: 0.006/0.006 secs]
2.449: [CMS-concurrent-reset-start]
2.459: [CMS-concurrent-reset: 0.010/0.010 secs]
2.824: [GC 2.825: [DefNew: 3967K->0K(4032K), 0.0773017 secs] 9500K->9500K(16320K) icms_dc=100 , 0.0775248 secs]
2.902: [GC [1 CMS-initial-mark: 9500K(12288K)] 9502K(16320K), 0.0003264 secs]
2.904: [CMS-concurrent-mark-start]
2.938: [CMS-concurrent-mark: 0.034/0.034 secs]
2.938: [CMS-concurrent-preclean-start]
2.938: [CMS-concurrent-preclean: 0.000/0.000 secs]
2.942: [GC[YG occupancy: 1094 K (4032 K)]2.942: [Rescan (non-parallel) 2.942: [grey object rescan, 0.0003782 secs]2.943: [root rescan, 0.0004576 secs], 0.0009464 secs]2.943: [weak refs processing, 0.0000428 secs] [1 CMS-remark: 9500K(12288K)] 10595K(16320K), 0.0012570 secs]
2.944: [CMS-concurrent-sweep-start]
2.947: [CMS-concurrent-sweep: 0.004/0.004 secs]
2.947: [CMS-concurrent-reset-start]
2.954: [CMS-concurrent-reset: 0.007/0.007 secs]
3.302: [GC 3.302: [DefNew: 3967K->0K(4032K), 0.0431517 secs] 9760K->9760K(16320K) icms_dc=100 , 0.0434239 secs]
3.346: [GC [1 CMS-initial-mark: 9760K(12288K)] 9762K(16320K), 0.0005095 secs]
3.347: [CMS-concurrent-mark-start]
3.403: [CMS-concurrent-mark: 0.056/0.056 secs]
3.403: [CMS-concurrent-preclean-start]
3.403: [CMS-concurrent-preclean: 0.000/0.000 secs]
3.403: [GC[YG occupancy: 442 K (4032 K)]3.404: [Rescan (non-parallel) 3.404: [grey object rescan, 0.0004699 secs]3.404: [root rescan, 0.0003265 secs], 0.0009047 secs]3.404: [weak refs processing, 0.0000364 secs] [1 CMS-remark: 9760K(12288K)] 10203K(16320K), 0.0010539 secs]
3.405: [CMS-concurrent-sweep-start]
3.408: [CMS-concurrent-sweep: 0.004/0.004 secs]
3.408: [CMS-concurrent-reset-start]
3.415: [CMS-concurrent-reset: 0.007/0.007 secs]
3.800: [GC 3.800: [DefNew: 3967K->0K(4032K), 0.0203266 secs] 9955K->9955K(16320K) icms_dc=100 , 0.0206077 secs]
3.821: [GC [1 CMS-initial-mark: 9955K(12288K)] 9957K(16320K), 0.0004897 secs]
3.822: [CMS-concurrent-mark-start]
3.871: [CMS-concurrent-mark: 0.049/0.049 secs]
3.871: [CMS-concurrent-preclean-start]
3.871: [CMS-concurrent-preclean: 0.000/0.000 secs]
3.875: [GC[YG occupancy: 895 K (4032 K)]3.875: [Rescan (non-parallel) 3.875: [grey object rescan, 0.0005877 secs]3.875: [root rescan, 0.0005989 secs], 0.0013405 secs]3.876: [weak refs processing, 0.0000524 secs] [1 CMS-remark: 9955K(12288K)] 10851K(16320K), 0.0015744 secs]
3.877: [CMS-concurrent-sweep-start]
3.883: [CMS-concurrent-sweep: 0.007/0.007 secs]
3.883: [CMS-concurrent-reset-start]
3.892: [CMS-concurrent-reset: 0.009/0.009 secs]
4.185: [GC 4.186: [DefNew: 3967K->0K(4032K), 0.0225418 secs] 10215K->10215K(16320K) icms_dc=100 , 0.0229340 secs]
4.209: [GC [1 CMS-initial-mark: 10215K(12288K)] 10217K(16320K), 0.0004789 secs]
4.210: [CMS-concurrent-mark-start]
4.259: [CMS-concurrent-mark: 0.049/0.049 secs]
4.259: [CMS-concurrent-preclean-start]
4.259: [CMS-concurrent-preclean: 0.000/0.000 secs]
4.263: [GC[YG occupancy: 243 K (4032 K)]4.264: [Rescan (non-parallel) 4.264: [grey object rescan, 0.0006863 secs]4.264: [root rescan, 0.0004009 secs], 0.0012339 secs]4.265: [weak refs processing, 0.0000502 secs] [1 CMS-remark: 10215K(12288K)] 10459K(16320K), 0.0014621 secs]
4.265: [CMS-concurrent-sweep-start]
4.271: [CMS-concurrent-sweep: 0.006/0.006 secs]
4.271: [CMS-concurrent-reset-start]
4.289: [CMS-concurrent-reset: 0.018/0.018 secs]
4.683: [GC 4.683: [DefNew: 3967K->0K(4032K), 0.0242292 secs] 10410K->10410K(16320K) icms_dc=100 , 0.0357838 secs]
4.720: [GC [1 CMS-initial-mark: 10410K(12288K)] 10412K(16320K), 0.0004355 secs]
4.721: [CMS-concurrent-mark-start]
5.118: [CMS-concurrent-mark: 0.397/0.397 secs]
5.118: [CMS-concurrent-preclean-start]
5.118: [CMS-concurrent-preclean: 0.000/0.000 secs]
5.136: [GC[YG occupancy: 1801 K (4032 K)]5.136: [Rescan (non-parallel) 5.136: [grey object rescan, 0.0003687 secs]5.137: [root rescan, 0.0007946 secs], 0.0012933 secs]5.137: [weak refs processing, 0.0000419 secs] [1 CMS-remark: 10410K(12288K)] 12212K(16320K), 0.0014750 secs]
5.148: [CMS-concurrent-sweep-start]
5.152: [CMS-concurrent-sweep: 0.004/0.004 secs]
5.152: [CMS-concurrent-reset-start]
5.159: [CMS-concurrent-reset: 0.007/0.007 secs]
5.407: [GC 5.407: [DefNew: 3967K->0K(4032K), 0.0161806 secs] 10670K->10670K(16320K) icms_dc=100 , 0.0164233 secs]
5.425: [GC [1 CMS-initial-mark: 10670K(12288K)] 10672K(16320K), 0.0003127 secs]
5.425: [CMS-concurrent-mark-start]
5.467: [CMS-concurrent-mark: 0.042/0.042 secs]
5.467: [CMS-concurrent-preclean-start]
5.467: [CMS-concurrent-preclean: 0.000/0.000 secs]
5.477: [GC[YG occupancy: 44 K (4032 K)]5.477: [Rescan (non-parallel) 5.477: [grey object rescan, 0.0002853 secs]5.478: [root rescan, 0.0002379 secs], 0.0006191 secs]5.478: [weak refs processing, 0.0000383 secs] [1 CMS-remark: 10670K(12288K)] 10715K(16320K), 0.0007729 secs]
5.478: [CMS-concurrent-sweep-start]
5.483: [CMS-concurrent-sweep: 0.004/0.004 secs]
5.483: [CMS-concurrent-reset-start]
5.519: [CMS-concurrent-reset: 0.037/0.037 secs]
5.884: [GC 5.885: [DefNew: 3967K->0K(4032K), 0.0159999 secs] 10885K->10885K(16320K) icms_dc=100 , 0.0162596 secs]
5.902: [GC [1 CMS-initial-mark: 10885K(12288K)] 10888K(16320K), 0.0003100 secs]
5.902: [CMS-concurrent-mark-start]
5.932: [CMS-concurrent-mark: 0.030/0.030 secs]
5.932: [CMS-concurrent-preclean-start]
5.932: [CMS-concurrent-preclean: 0.000/0.000 secs]
6.006: [GC[YG occupancy: 2 K (4032 K)]6.006: [Rescan (non-parallel) 6.006: [grey object rescan, 0.0002861 secs]6.006: [root rescan, 0.0002769 secs], 0.0006575 secs]6.007: [weak refs processing, 0.0000382 secs] [1 CMS-remark: 10885K(12288K)] 10888K(16320K), 0.0008105 secs]
6.017: [CMS-concurrent-sweep-start]
6.021: [CMS-concurrent-sweep: 0.004/0.004 secs]
6.021: [CMS-concurrent-reset-start]
6.028: [CMS-concurrent-reset: 0.007/0.007 secs]
6.474: [GC 6.474: [DefNew: 3967K->0K(4032K), 0.0174409 secs] 11125K->11125K(16320K) icms_dc=100 , 0.0176587 secs]
6.492: [GC [1 CMS-initial-mark: 11125K(12288K)] 11127K(16320K), 0.0006707 secs]
6.493: [CMS-concurrent-mark-start]
6.523: [CMS-concurrent-mark: 0.031/0.031 secs]
6.524: [CMS-concurrent-preclean-start]
6.524: [CMS-concurrent-preclean: 0.000/0.000 secs]
6.524: [GC[YG occupancy: 2 K (4032 K)]6.524: [Rescan (non-parallel) 6.524: [grey object rescan, 0.0002403 secs]6.524: [root rescan, 0.0002692 secs], 0.0005972 secs]6.525: [weak refs processing, 0.0000347 secs] [1 CMS-remark: 11125K(12288K)] 11127K(16320K), 0.0007430 secs]
6.525: [CMS-concurrent-sweep-start]
6.530: [CMS-concurrent-sweep: 0.005/0.005 secs]
6.530: [CMS-concurrent-reset-start]
6.562: [CMS-concurrent-reset: 0.032/0.032 secs]
6.870: [GC 6.870: [DefNew: 3967K->0K(4032K), 0.0183416 secs] 11385K->11385K(16448K) icms_dc=100 , 0.0185727 secs]
6.889: [GC [1 CMS-initial-mark: 11385K(12416K)] 11387K(16448K), 0.0003076 secs]
6.890: [CMS-concurrent-mark-start]
6.923: [CMS-concurrent-mark: 0.033/0.033 secs]
6.923: [CMS-concurrent-preclean-start]
6.923: [CMS-concurrent-preclean: 0.000/0.000 secs]
6.936: [GC[YG occupancy: 298 K (4032 K)]6.937: [Rescan (non-parallel) 6.937: [grey object rescan, 0.0005441 secs]6.937: [root rescan, 0.0002955 secs], 0.0009521 secs]6.938: [weak refs processing, 0.0000386 secs] [1 CMS-remark: 11385K(12416K)] 11684K(16448K), 0.0011081 secs]
6.938: [CMS-concurrent-sweep-start]
6.942: [CMS-concurrent-sweep: 0.004/0.004 secs]
6.942: [CMS-concurrent-reset-start]
6.953: [CMS-concurrent-reset: 0.011/0.011 secs]
7.334: [GC 7.334: [DefNew: 3967K->0K(4032K), 0.0186350 secs] 11580K->11580K(16724K) icms_dc=100 , 0.0188671 secs]
7.354: [GC [1 CMS-initial-mark: 11580K(12692K)] 11582K(16724K), 0.0003077 secs]
7.354: [CMS-concurrent-mark-start]
7.386: [CMS-concurrent-mark: 0.032/0.032 secs]
7.386: [CMS-concurrent-preclean-start]
7.386: [CMS-concurrent-preclean: 0.000/0.000 secs]
7.387: [GC[YG occupancy: 2 K (4032 K)]7.471: [Rescan (non-parallel) 7.471: [grey object rescan, 0.0003578 secs]7.472: [root rescan, 0.0003519 secs], 0.0008673 secs]7.472: [weak refs processing, 0.0000224 secs] [1 CMS-remark: 11580K(12692K)] 11582K(16724K), 0.0010961 secs]
7.475: [CMS-concurrent-sweep-start]
7.480: [CMS-concurrent-sweep: 0.005/0.005 secs]
7.480: [CMS-concurrent-reset-start]
7.488: [CMS-concurrent-reset: 0.007/0.007 secs]
7.784: [GC 7.784: [DefNew: 3967K->0K(4032K), 0.0175464 secs] 11839K->11839K(17156K) icms_dc=100 , 0.0178076 secs]
7.802: [GC [1 CMS-initial-mark: 11839K(13124K)] 11841K(17156K), 0.0003056 secs]
7.803: [CMS-concurrent-mark-start]
7.834: [CMS-concurrent-mark: 0.031/0.031 secs]
7.834: [CMS-concurrent-preclean-start]
7.834: [CMS-concurrent-preclean: 0.000/0.000 secs]
7.835: [GC[YG occupancy: 99 K (4032 K)]7.835: [Rescan (non-parallel) 7.835: [grey object rescan, 0.0004266 secs]7.836: [root rescan, 0.0002425 secs], 0.0007687 secs]7.836: [weak refs processing, 0.0000155 secs] [1 CMS-remark: 11839K(13124K)] 11938K(17156K), 0.0008950 secs]
7.836: [CMS-concurrent-sweep-start]
7.841: [CMS-concurrent-sweep: 0.005/0.005 secs]
7.841: [CMS-concurrent-reset-start]
7.848: [CMS-concurrent-reset: 0.006/0.006 secs]
8.247: [GC 8.247: [DefNew: 3967K->0K(4032K), 0.0168464 secs] 12034K->12034K(17480K) icms_dc=100 , 0.0170757 secs]
8.265: [GC [1 CMS-initial-mark: 12034K(13448K)] 12036K(17480K), 0.0003061 secs]
8.265: [CMS-concurrent-mark-start]
8.297: [CMS-concurrent-mark: 0.032/0.032 secs]
8.297: [CMS-concurrent-preclean-start]
8.297: [CMS-concurrent-preclean: 0.000/0.000 secs]
8.299: [GC[YG occupancy: 552 K (4032 K)]8.299: [Rescan (non-parallel) 8.299: [grey object rescan, 0.0004110 secs]8.300: [root rescan, 0.0003396 secs], 0.0008565 secs]8.300: [weak refs processing, 0.0000162 secs] [1 CMS-remark: 12034K(13448K)] 12586K(17480K), 0.0009925 secs]
8.301: [CMS-concurrent-sweep-start]
8.306: [CMS-concurrent-sweep: 0.005/0.005 secs]
8.306: [CMS-concurrent-reset-start]
8.312: [CMS-concurrent-reset: 0.007/0.007 secs]
8.713: [GC 8.714: [DefNew: 3967K->0K(4032K), 0.0172304 secs] 12294K->12294K(17912K) icms_dc=100 , 0.0174681 secs]
8.739: [GC [1 CMS-initial-mark: 12294K(13880K)] 12296K(17912K), 0.0003323 secs]
8.740: [CMS-concurrent-mark-start]
8.771: [CMS-concurrent-mark: 0.031/0.031 secs]
8.771: [CMS-concurrent-preclean-start]
8.771: [CMS-concurrent-preclean: 0.000/0.000 secs]
8.774: [GC[YG occupancy: 1005 K (4032 K)]8.774: [Rescan (non-parallel) 8.774: [grey object rescan, 0.0004653 secs]8.774: [root rescan, 0.0004396 secs], 0.0010219 secs]8.775: [weak refs processing, 0.0000156 secs] [1 CMS-remark: 12294K(13880K)] 13299K(17912K), 0.0011606 secs]
8.786: [CMS-concurrent-sweep-start]
8.791: [CMS-concurrent-sweep: 0.005/0.005 secs]
8.791: [CMS-concurrent-reset-start]
8.808: [CMS-concurrent-reset: 0.017/0.017 secs]
9.094: [GC 9.094: [DefNew: 3967K->0K(4032K), 0.0169404 secs] 12554K->12554K(18344K) icms_dc=100 , 0.0171749 secs]
9.112: [GC [1 CMS-initial-mark: 12554K(14312K)] 12556K(18344K), 0.0003162 secs]
9.113: [CMS-concurrent-mark-start]
9.145: [CMS-concurrent-mark: 0.033/0.033 secs]
9.145: [CMS-concurrent-preclean-start]
9.145: [CMS-concurrent-preclean: 0.000/0.000 secs]
9.156: [GC[YG occupancy: 353 K (4032 K)]9.156: [Rescan (non-parallel) 9.156: [grey object rescan, 0.0003101 secs]9.156: [root rescan, 0.0003059 secs], 0.0007080 secs]9.157: [weak refs processing, 0.0000126 secs] [1 CMS-remark: 12554K(14312K)] 12907K(18344K), 0.0008339 secs]
9.157: [CMS-concurrent-sweep-start]
9.162: [CMS-concurrent-sweep: 0.005/0.005 secs]
9.162: [CMS-concurrent-reset-start]
9.169: [CMS-concurrent-reset: 0.007/0.007 secs]
9.549: [GC 9.549: [DefNew: 3967K->0K(4032K), 0.0165585 secs] 12749K->12749K(18672K) icms_dc=100 , 0.0167862 secs]
9.566: [GC [1 CMS-initial-mark: 12749K(14640K)] 12751K(18672K), 0.0003065 secs]
9.567: [CMS-concurrent-mark-start]
9.597: [CMS-concurrent-mark: 0.030/0.030 secs]
9.597: [CMS-concurrent-preclean-start]
9.597: [CMS-concurrent-preclean: 0.000/0.000 secs]
9.599: [GC[YG occupancy: 806 K (4032 K)]9.600: [Rescan (non-parallel) 9.600: [grey object rescan, 0.0005268 secs]9.600: [root rescan, 0.0003973 secs], 0.0010627 secs]9.601: [weak refs processing, 0.0000121 secs] [1 CMS-remark: 12749K(14640K)] 13555K(18672K), 0.0014188 secs]
9.611: [CMS-concurrent-sweep-start]
9.616: [CMS-concurrent-sweep: 0.005/0.005 secs]
9.616: [CMS-concurrent-reset-start]
9.624: [CMS-concurrent-reset: 0.007/0.007 secs]
9.907: [GC 9.907: [DefNew: 3967K->0K(4032K), 0.0334548 secs] 13009K->13009K(19104K) icms_dc=100 , 0.0341508 secs]
9.941: [GC [1 CMS-initial-mark: 13009K(15072K)] 13011K(19104K), 0.0004270 secs]
9.942: [CMS-concurrent-mark-start]
9.978: [CMS-concurrent-mark: 0.036/0.036 secs]
9.978: [CMS-concurrent-preclean-start]
9.978: [CMS-concurrent-preclean: 0.000/0.000 secs]
9.980: [GC[YG occupancy: 154 K (4032 K)]9.980: [Rescan (non-parallel) 9.980: [grey object rescan, 0.0004657 secs]9.981: [root rescan, 0.0003010 secs], 0.0008717 secs]9.981: [weak refs processing, 0.0000120 secs] [1 CMS-remark: 13009K(15072K)] 13163K(19104K), 0.0009977 secs]
9.981: [CMS-concurrent-sweep-start]
9.986: [CMS-concurrent-sweep: 0.005/0.005 secs]
9.986: [CMS-concurrent-reset-start]
10.000: [CMS-concurrent-reset: 0.014/0.014 secs]
10.446: [GC 10.446: [DefNew: 3967K->0K(4032K), 0.0173693 secs] 13204K->13204K(19428K) icms_dc=100 , 0.0175948 secs]
10.464: [GC [1 CMS-initial-mark: 13204K(15396K)] 13206K(19428K), 0.0003076 secs]
10.464: [CMS-concurrent-mark-start]
10.494: [CMS-concurrent-mark: 0.030/0.030 secs]
10.495: [CMS-concurrent-preclean-start]
10.495: [CMS-concurrent-preclean: 0.000/0.000 secs]
10.497: [GC[YG occupancy: 607 K (4032 K)]10.497: [Rescan (non-parallel) 10.497: [grey object rescan, 0.0007611 secs]10.498: [root rescan, 0.0007392 secs], 0.0016483 secs]10.498: [weak refs processing, 0.0000129 secs] [1 CMS-remark: 13204K(15396K)] 13811K(19428K), 0.0017894 secs]
10.499: [CMS-concurrent-sweep-start]
10.504: [CMS-concurrent-sweep: 0.005/0.005 secs]
10.504: [CMS-concurrent-reset-start]
10.510: [CMS-concurrent-reset: 0.007/0.007 secs]
10.905: [GC 10.906: [DefNew: 3967K->0K(4032K), 0.0228912 secs] 13464K->13464K(19864K) icms_dc=100 , 0.0231544 secs]
10.929: [GC [1 CMS-initial-mark: 13464K(15832K)] 13466K(19864K), 0.0005053 secs]
10.930: [CMS-concurrent-mark-start]
10.989: [CMS-concurrent-mark: 0.059/0.059 secs]
10.989: [CMS-concurrent-preclean-start]
10.989: [CMS-concurrent-preclean: 0.000/0.000 secs]
10.993: [GC[YG occupancy: 1060 K (4032 K)]10.993: [Rescan (non-parallel) 10.993: [grey object rescan, 0.0012903 secs]10.995: [root rescan, 0.0007973 secs], 0.0022791 secs]10.996: [weak refs processing, 0.0000159 secs] [1 CMS-remark: 13464K(15832K)] 14524K(19864K), 0.0024795 secs]
10.997: [CMS-concurrent-sweep-start]
11.004: [CMS-concurrent-sweep: 0.008/0.008 secs]
11.004: [CMS-concurrent-reset-start]
11.012: [CMS-concurrent-reset: 0.008/0.008 secs]
11.304: [GC 11.304: [DefNew: 3967K->0K(4032K), 0.0240885 secs] 13724K->13724K(20296K) icms_dc=75 , 0.0243729 secs]
11.436: [GC [1 CMS-initial-mark: 13724K(16264K)] 14221K(20296K), 0.0007595 secs]
11.437: [CMS-concurrent-mark-start]
11.490: [CMS-concurrent-mark: 0.052/0.052 secs]
11.490: [CMS-concurrent-preclean-start]
11.490: [CMS-concurrent-preclean: 0.000/0.000 secs]
11.494: [GC[YG occupancy: 1513 K (4032 K)]11.494: [Rescan (non-parallel) 11.494: [grey object rescan, 0.0009560 secs]11.496: [root rescan, 0.0019503 secs], 0.0032370 secs]11.498: [weak refs processing, 0.0000154 secs] [1 CMS-remark: 13724K(16264K)] 15237K(20296K), 0.0034618 secs]
11.498: [CMS-concurrent-sweep-start]
11.515: [CMS-concurrent-sweep: 0.017/0.017 secs]
11.515: [CMS-concurrent-reset-start]
11.524: [CMS-concurrent-reset: 0.009/0.009 secs]
11.804: [GC 11.804: [DefNew: 3967K->0K(4032K), 0.0202135 secs] 13488K->13488K(20296K) icms_dc=69 , 0.0205595 secs]
11.836: [GC [1 CMS-initial-mark: 13488K(16264K)] 14104K(20296K), 0.0006324 secs]
11.837: [CMS-concurrent-mark-start]
11.889: [CMS-concurrent-mark: 0.052/0.052 secs]
11.889: [CMS-concurrent-preclean-start]
11.889: [CMS-concurrent-preclean: 0.000/0.000 secs]
11.891: [GC[YG occupancy: 861 K (4032 K)]11.891: [Rescan (non-parallel) 11.892: [grey object rescan, 0.0010530 secs]11.893: [root rescan, 0.0007072 secs], 0.0019566 secs]11.894: [weak refs processing, 0.0000145 secs] [1 CMS-remark: 13488K(16264K)] 14349K(20296K), 0.0023361 secs]
11.894: [CMS-concurrent-sweep-start]
11.911: [CMS-concurrent-sweep: 0.017/0.017 secs]
11.911: [CMS-concurrent-reset-start]
11.921: [CMS-concurrent-reset: 0.010/0.010 secs]
12.228: [GC 12.228: [DefNew: 3967K->0K(4032K), 0.0173479 secs] 13565K->13565K(20296K) icms_dc=52 , 0.0175751 secs]
12.349: [GC [1 CMS-initial-mark: 13565K(16264K)] 14518K(20296K), 0.0005275 secs]
12.350: [CMS-concurrent-mark-start]
12.381: [CMS-concurrent-mark: 0.031/0.031 secs]
12.381: [CMS-concurrent-preclean-start]
12.381: [CMS-concurrent-preclean: 0.000/0.000 secs]
12.382: [GC[YG occupancy: 952 K (4032 K)]12.382: [Rescan (non-parallel) 12.382: [grey object rescan, 0.0003259 secs]12.382: [root rescan, 0.0004807 secs], 0.0009165 secs]12.383: [weak refs processing, 0.0000114 secs] [1 CMS-remark: 13565K(16264K)] 14518K(20296K), 0.0010410 secs]
12.384: [CMS-concurrent-sweep-start]
12.389: [CMS-concurrent-sweep: 0.005/0.005 secs]
12.389: [CMS-concurrent-reset-start]
12.395: [CMS-concurrent-reset: 0.007/0.007 secs]
12.691: [GC 12.691: [DefNew: 3967K->0K(4032K), 0.0204528 secs] 13488K->13488K(20296K) icms_dc=67 , 0.0207241 secs]
12.714: [GC [1 CMS-initial-mark: 13488K(16264K)] 14144K(20296K), 0.0006438 secs]
12.716: [CMS-concurrent-mark-start]
12.768: [CMS-concurrent-mark: 0.052/0.052 secs]
12.768: [CMS-concurrent-preclean-start]
12.768: [CMS-concurrent-preclean: 0.000/0.000 secs]
12.769: [GC[YG occupancy: 662 K (4032 K)]12.769: [Rescan (non-parallel) 12.770: [grey object rescan, 0.0007052 secs]12.770: [root rescan, 0.0006671 secs], 0.0015444 secs]12.771: [weak refs processing, 0.0000130 secs] [1 CMS-remark: 13488K(16264K)] 14150K(20296K), 0.0018239 secs]
12.771: [CMS-concurrent-sweep-start]
12.780: [CMS-concurrent-sweep: 0.009/0.009 secs]
12.780: [CMS-concurrent-reset-start]
12.791: [CMS-concurrent-reset: 0.011/0.011 secs]
13.080: [GC 13.080: [DefNew: 3967K->0K(4032K), 0.0238568 secs] 14036K->14036K(20816K) icms_dc=51 , 0.0241337 secs]
13.207: [GC [1 CMS-initial-mark: 14036K(16784K)] 15009K(20816K), 0.0008252 secs]
13.209: [CMS-concurrent-mark-start]
13.258: [CMS-concurrent-mark: 0.049/0.049 secs]
13.258: [CMS-concurrent-preclean-start]
13.258: [CMS-concurrent-preclean: 0.000/0.000 secs]
13.260: [GC[YG occupancy: 1115 K (4032 K)]13.260: [Rescan (non-parallel) 13.260: [grey object rescan, 0.0008481 secs]13.261: [root rescan, 0.0006833 secs], 0.0021108 secs]13.262: [weak refs processing, 0.0000143 secs] [1 CMS-remark: 14036K(16784K)] 15152K(20816K), 0.0023005 secs]
13.262: [CMS-concurrent-sweep-start]
13.269: [CMS-concurrent-sweep: 0.007/0.007 secs]
13.270: [CMS-concurrent-reset-start]
13.278: [CMS-concurrent-reset: 0.008/0.008 secs]
13.568: [GC 13.568: [DefNew: 3967K->0K(4032K), 0.0208284 secs] 13923K->13923K(20816K) icms_dc=55 , 0.0211052 secs]
13.693: [GC [1 CMS-initial-mark: 13923K(16784K)] 14816K(20816K), 0.0007174 secs]
13.694: [CMS-concurrent-mark-start]
13.751: [CMS-concurrent-mark: 0.057/0.057 secs]
13.751: [CMS-concurrent-preclean-start]
13.751: [CMS-concurrent-preclean: 0.000/0.000 secs]
13.755: [GC[YG occupancy: 1568 K (4032 K)]13.755: [Rescan (non-parallel) 13.755: [grey object rescan, 0.0032528 secs]13.758: [root rescan, 0.0011307 secs], 0.0046264 secs]13.760: [weak refs processing, 0.0000155 secs] [1 CMS-remark: 13923K(16784K)] 15491K(20816K), 0.0048255 secs]
13.760: [CMS-concurrent-sweep-start]
13.768: [CMS-concurrent-sweep: 0.008/0.008 secs]
13.768: [CMS-concurrent-reset-start]
13.776: [CMS-concurrent-reset: 0.008/0.008 secs]
14.063: [GC 14.063: [DefNew: 3967K->0K(4032K), 0.0228525 secs] 14262K->14262K(21192K) icms_dc=42 , 0.0231232 secs]
14.255: [GC [1 CMS-initial-mark: 14262K(17160K)] 15414K(21192K), 0.0009536 secs]
14.256: [CMS-concurrent-mark-start]
14.343: [CMS-concurrent-mark: 0.086/0.086 secs]
14.343: [CMS-concurrent-preclean-start]
14.343: [CMS-concurrent-preclean: 0.000/0.000 secs]
14.343: [GC[YG occupancy: 2021 K (4032 K)]14.345: [Rescan (non-parallel) 14.345: [grey object rescan, 0.0003348 secs]14.346: [root rescan, 0.0006955 secs], 0.0013364 secs]14.347: [weak refs processing, 0.0000113 secs] [1 CMS-remark: 14262K(17160K)] 16283K(21192K), 0.0018334 secs]
14.347: [CMS-concurrent-sweep-start]
14.353: [CMS-concurrent-sweep: 0.006/0.006 secs]
14.353: [CMS-concurrent-reset-start]
14.360: [CMS-concurrent-reset: 0.007/0.007 secs]
14.485: [GC 14.485: [DefNew: 3967K->0K(4032K), 0.0172789 secs] 14264K->14264K(21320K) icms_dc=57 , 0.0175139 secs]
14.606: [GC [1 CMS-initial-mark: 14264K(17288K)] 15117K(21320K), 0.0007567 secs]
14.607: [CMS-concurrent-mark-start]
14.658: [CMS-concurrent-mark: 0.051/0.051 secs]
14.658: [CMS-concurrent-preclean-start]
14.658: [CMS-concurrent-preclean: 0.000/0.000 secs]
14.658: [GC[YG occupancy: 1369 K (4032 K)]14.659: [Rescan (non-parallel) 14.659: [grey object rescan, 0.0002838 secs]14.659: [root rescan, 0.0005178 secs], 0.0011346 secs]14.660: [weak refs processing, 0.0000109 secs] [1 CMS-remark: 14264K(17288K)] 15633K(21320K), 0.0012583 secs]
14.660: [CMS-concurrent-sweep-start]
14.665: [CMS-concurrent-sweep: 0.005/0.005 secs]
14.665: [CMS-concurrent-reset-start]
14.672: [CMS-concurrent-reset: 0.007/0.007 secs]
14.960: [GC 14.960: [DefNew: 3967K->0K(4032K), 0.0257555 secs] 14756K->14756K(22016K) icms_dc=72 , 0.0260336 secs]
14.988: [GC [1 CMS-initial-mark: 14756K(17984K)] 15312K(22016K), 0.0006113 secs]
14.989: [CMS-concurrent-mark-start]
15.044: [CMS-concurrent-mark: 0.055/0.055 secs]
15.044: [CMS-concurrent-preclean-start]
15.044: [CMS-concurrent-preclean: 0.000/0.000 secs]
15.045: [GC[YG occupancy: 717 K (4032 K)]15.046: [Rescan (non-parallel) 15.046: [grey object rescan, 0.0005223 secs]15.046: [root rescan, 0.0005501 secs], 0.0012120 secs]15.047: [weak refs processing, 0.0000132 secs] [1 CMS-remark: 14756K(17984K)] 15473K(22016K), 0.0013986 secs]
15.047: [CMS-concurrent-sweep-start]
15.056: [CMS-concurrent-sweep: 0.008/0.008 secs]
15.056: [CMS-concurrent-reset-start]
15.064: [CMS-concurrent-reset: 0.009/0.009 secs]
15.350: [GC 15.350: [DefNew: 3967K->0K(4032K), 0.0234376 secs] 15249K->15249K(22840K) icms_dc=90 , 0.0241640 secs]
15.476: [GC [1 CMS-initial-mark: 15249K(18808K)] 15448K(22840K), 0.0005031 secs]
15.477: [CMS-concurrent-mark-start]
15.534: [CMS-concurrent-mark: 0.057/0.057 secs]
15.534: [CMS-concurrent-preclean-start]
15.534: [CMS-concurrent-preclean: 0.000/0.000 secs]
15.535: [GC[YG occupancy: 1169 K (4032 K)]15.535: [Rescan (non-parallel) 15.535: [grey object rescan, 0.0005218 secs]15.535: [root rescan, 0.0006894 secs], 0.0013603 secs]15.536: [weak refs processing, 0.0000129 secs] [1 CMS-remark: 15249K(18808K)] 16419K(22840K), 0.0015417 secs]
15.536: [CMS-concurrent-sweep-start]
15.545: [CMS-concurrent-sweep: 0.009/0.009 secs]
15.545: [CMS-concurrent-reset-start]
15.555: [CMS-concurrent-reset: 0.009/0.009 secs]
15.837: [GC 15.837: [DefNew: 3967K->0K(4032K), 0.0228776 secs] 15867K->15867K(23868K) icms_dc=100 , 0.0231524 secs]
15.860: [GC [1 CMS-initial-mark: 15867K(19836K)] 15869K(23868K), 0.0004315 secs]
15.861: [CMS-concurrent-mark-start]
15.913: [CMS-concurrent-mark: 0.052/0.052 secs]
15.913: [CMS-concurrent-preclean-start]
15.913: [CMS-concurrent-preclean: 0.000/0.000 secs]
15.914: [GC[YG occupancy: 517 K (4032 K)]15.914: [Rescan (non-parallel) 15.914: [grey object rescan, 0.0006892 secs]15.915: [root rescan, 0.0004895 secs], 0.0013336 secs]15.915: [weak refs processing, 0.0000130 secs] [1 CMS-remark: 15867K(19836K)] 16385K(23868K), 0.0015157 secs]
15.916: [CMS-concurrent-sweep-start]
15.924: [CMS-concurrent-sweep: 0.008/0.008 secs]
15.924: [CMS-concurrent-reset-start]
15.933: [CMS-concurrent-reset: 0.008/0.008 secs]
16.332: [GC 16.332: [DefNew: 3967K->0K(4032K), 0.0175457 secs] 16259K->16259K(24520K) icms_dc=78 , 0.0177650 secs]
16.352: [GC [1 CMS-initial-mark: 16259K(20488K)] 16695K(24520K), 0.0005586 secs]
16.353: [CMS-concurrent-mark-start]
16.385: [CMS-concurrent-mark: 0.032/0.032 secs]
16.385: [CMS-concurrent-preclean-start]
16.385: [CMS-concurrent-preclean: 0.000/0.000 secs]
16.386: [GC[YG occupancy: 436 K (4032 K)]16.386: [Rescan (non-parallel) 16.386: [grey object rescan, 0.0003287 secs]16.386: [root rescan, 0.0004303 secs], 0.0008568 secs]16.387: [weak refs processing, 0.0000104 secs] [1 CMS-remark: 16259K(20488K)] 16695K(24520K), 0.0009922 secs]
16.388: [CMS-concurrent-sweep-start]
16.394: [CMS-concurrent-sweep: 0.006/0.006 secs]
16.394: [CMS-concurrent-reset-start]
16.401: [CMS-concurrent-reset: 0.007/0.007 secs]
16.697: [GC 16.697: [DefNew: 3967K->0K(4032K), 0.0218287 secs] 16084K->16084K(24520K) icms_dc=79 , 0.0224648 secs]
16.821: [GC [1 CMS-initial-mark: 16084K(20488K)] 16502K(24520K), 0.0006174 secs]
16.822: [CMS-concurrent-mark-start]
16.904: [CMS-concurrent-mark: 0.082/0.082 secs]
16.904: [CMS-concurrent-preclean-start]
16.904: [CMS-concurrent-preclean: 0.000/0.000 secs]
16.905: [GC[YG occupancy: 1423 K (4032 K)]16.905: [Rescan (non-parallel) 16.905: [grey object rescan, 0.0005543 secs]16.906: [root rescan, 0.0017418 secs], 0.0026167 secs]16.908: [weak refs processing, 0.0000152 secs] [1 CMS-remark: 16084K(20488K)] 17508K(24520K), 0.0028146 secs]
16.908: [CMS-concurrent-sweep-start]
16.917: [CMS-concurrent-sweep: 0.008/0.008 secs]
16.917: [CMS-concurrent-reset-start]
16.927: [CMS-concurrent-reset: 0.011/0.011 secs]
17.189: [GC 17.189: [DefNew: 3967K->0K(4032K), 0.0257181 secs] 16362K->16362K(24692K) icms_dc=66 , 0.0259910 secs]
17.218: [GC [1 CMS-initial-mark: 16362K(20660K)] 17039K(24692K), 0.0006517 secs]
17.219: [CMS-concurrent-mark-start]
17.275: [CMS-concurrent-mark: 0.056/0.056 secs]
17.275: [CMS-concurrent-preclean-start]
17.275: [CMS-concurrent-preclean: 0.000/0.000 secs]
17.277: [GC[YG occupancy: 771 K (4032 K)]17.277: [Rescan (non-parallel) 17.277: [grey object rescan, 0.0009127 secs]17.278: [root rescan, 0.0017035 secs], 0.0028609 secs]17.280: [weak refs processing, 0.0000148 secs] [1 CMS-remark: 16362K(20660K)] 17134K(24692K), 0.0030588 secs]
17.280: [CMS-concurrent-sweep-start]
17.291: [CMS-concurrent-sweep: 0.011/0.011 secs]
17.291: [CMS-concurrent-reset-start]
17.300: [CMS-concurrent-reset: 0.009/0.009 secs]
17.587: [GC 17.587: [DefNew: 3967K->0K(4032K), 0.0235462 secs] 16299K->16299K(24692K) icms_dc=50 , 0.0238306 secs]
17.715: [GC [1 CMS-initial-mark: 16299K(20660K)] 17293K(24692K), 0.0007499 secs]
17.716: [CMS-concurrent-mark-start]
17.772: [CMS-concurrent-mark: 0.056/0.056 secs]
17.772: [CMS-concurrent-preclean-start]
17.772: [CMS-concurrent-preclean: 0.000/0.000 secs]
17.774: [GC[YG occupancy: 1224 K (4032 K)]17.774: [Rescan (non-parallel) 17.774: [grey object rescan, 0.0009969 secs]17.775: [root rescan, 0.0009495 secs], 0.0021241 secs]17.776: [weak refs processing, 0.0004696 secs] [1 CMS-remark: 16299K(20660K)] 17524K(24692K), 0.0029503 secs]
17.778: [CMS-concurrent-sweep-start]
17.788: [CMS-concurrent-sweep: 0.010/0.010 secs]
17.788: [CMS-concurrent-reset-start]
17.796: [CMS-concurrent-reset: 0.008/0.008 secs]
18.160: [GC 18.160: [DefNew: 3967K->0K(4032K), 0.0163609 secs] 16242K->16242K(24692K) icms_dc=38 , 0.0165950 secs]
18.280: [GC [1 CMS-initial-mark: 16242K(20660K)] 17473K(24692K), 0.0006424 secs]
18.281: [CMS-concurrent-mark-start]
18.316: [CMS-concurrent-mark: 0.035/0.035 secs]
18.316: [CMS-concurrent-preclean-start]
18.316: [CMS-concurrent-preclean: 0.000/0.000 secs]
18.318: [GC[YG occupancy: 1677 K (4032 K)]18.319: [Rescan (non-parallel) 18.319: [grey object rescan, 0.0008054 secs]18.319: [root rescan, 0.0005909 secs], 0.0015354 secs]18.320: [weak refs processing, 0.0000127 secs] [1 CMS-remark: 16242K(20660K)] 17920K(24692K), 0.0016710 secs]
18.320: [CMS-concurrent-sweep-start]
18.326: [CMS-concurrent-sweep: 0.006/0.006 secs]
18.326: [CMS-concurrent-reset-start]
18.334: [CMS-concurrent-reset: 0.007/0.007 secs]
18.625: [GC 18.625: [DefNew: 3967K->0K(4032K), 0.0169174 secs] 16265K->16265K(24692K) icms_dc=53 , 0.0171349 secs]
18.645: [GC [1 CMS-initial-mark: 16265K(20660K)] 17199K(24692K), 0.0008503 secs]
18.646: [CMS-concurrent-mark-start]
18.680: [CMS-concurrent-mark: 0.034/0.034 secs]
18.680: [CMS-concurrent-preclean-start]
18.680: [CMS-concurrent-preclean: 0.000/0.000 secs]
18.681: [GC[YG occupancy: 1025 K (4032 K)]18.681: [Rescan (non-parallel) 18.681: [grey object rescan, 0.0006125 secs]18.682: [root rescan, 0.0005067 secs], 0.0012315 secs]18.683: [weak refs processing, 0.0000123 secs] [1 CMS-remark: 16265K(20660K)] 17291K(24692K), 0.0018548 secs]
18.683: [CMS-concurrent-sweep-start]
18.689: [CMS-concurrent-sweep: 0.006/0.006 secs]
18.689: [CMS-concurrent-reset-start]
18.696: [CMS-concurrent-reset: 0.007/0.007 secs]
18.993: [GC 18.994: [DefNew: 3967K->0K(4032K), 0.0302612 secs] 16756K->16756K(25352K) icms_dc=44 , 0.0305351 secs]
19.128: [GC [1 CMS-initial-mark: 16756K(21320K)] 17867K(25352K), 0.0010968 secs]
19.130: [CMS-concurrent-mark-start]
19.181: [CMS-concurrent-mark: 0.051/0.051 secs]
19.181: [CMS-concurrent-preclean-start]
19.181: [CMS-concurrent-preclean: 0.000/0.000 secs]
19.184: [GC[YG occupancy: 1478 K (4032 K)]19.184: [Rescan (non-parallel) 19.184: [grey object rescan, 0.0010782 secs]19.185: [root rescan, 0.0009453 secs], 0.0021946 secs]19.186: [weak refs processing, 0.0000143 secs] [1 CMS-remark: 16756K(21320K)] 18235K(25352K), 0.0024431 secs]
19.187: [CMS-concurrent-sweep-start]
19.195: [CMS-concurrent-sweep: 0.009/0.009 secs]
19.196: [CMS-concurrent-reset-start]
19.203: [CMS-concurrent-reset: 0.008/0.008 secs]
19.494: [GC 19.494: [DefNew: 3967K->0K(4032K), 0.0217416 secs] 16840K->16840K(25488K) icms_dc=33 , 0.0220166 secs]
19.621: [GC [1 CMS-initial-mark: 16840K(21456K)] 18170K(25488K), 0.0008661 secs]
19.622: [CMS-concurrent-mark-start]
19.682: [CMS-concurrent-mark: 0.061/0.061 secs]
19.683: [CMS-concurrent-preclean-start]
19.683: [CMS-concurrent-preclean: 0.000/0.000 secs]
19.686: [GC[YG occupancy: 1931 K (4032 K)]19.686: [Rescan (non-parallel) 19.686: [grey object rescan, 0.0012734 secs]19.687: [root rescan, 0.0009933 secs], 0.0024578 secs]19.688: [weak refs processing, 0.0000149 secs] [1 CMS-remark: 16840K(21456K)] 18771K(25488K), 0.0026590 secs]
19.688: [CMS-concurrent-sweep-start]
19.697: [CMS-concurrent-sweep: 0.009/0.009 secs]
19.697: [CMS-concurrent-reset-start]
19.705: [CMS-concurrent-reset: 0.008/0.008 secs]
19.952: [GC 19.953: [DefNew: 3967K->0K(4032K), 0.0215250 secs] 16880K->16880K(25616K) icms_dc=25 , 0.0218042 secs]
20.230: [GC [1 CMS-initial-mark: 16880K(21584K)] 18369K(25616K), 0.0008138 secs]
20.231: [CMS-concurrent-mark-start]
20.265: [CMS-concurrent-mark: 0.034/0.034 secs]
20.265: [CMS-concurrent-preclean-start]
20.265: [CMS-concurrent-preclean: 0.000/0.000 secs]
20.268: [GC[YG occupancy: 2384 K (4032 K)]20.269: [Rescan (non-parallel) 20.269: [grey object rescan, 0.0007115 secs]20.269: [root rescan, 0.0008162 secs], 0.0016656 secs]20.270: [weak refs processing, 0.0000119 secs] [1 CMS-remark: 16880K(21584K)] 19265K(25616K), 0.0018010 secs]
20.272: [CMS-concurrent-sweep-start]
20.278: [CMS-concurrent-sweep: 0.006/0.006 secs]
20.278: [CMS-concurrent-reset-start]
20.285: [CMS-concurrent-reset: 0.007/0.007 secs]
20.472: [GC 20.473: [DefNew: 3967K->0K(4032K), 0.0224377 secs] 16982K->16982K(25744K) icms_dc=25 , 0.0227174 secs]
20.601: [GC [1 CMS-initial-mark: 16982K(21712K)] 18471K(25744K), 0.0009117 secs]
20.602: [CMS-concurrent-mark-start]
20.654: [CMS-concurrent-mark: 0.052/0.052 secs]
20.654: [CMS-concurrent-preclean-start]
20.654: [CMS-concurrent-preclean: 0.000/0.000 secs]
20.655: [GC[YG occupancy: 1488 K (4032 K)]20.655: [Rescan (non-parallel) 20.655: [grey object rescan, 0.0005795 secs]20.656: [root rescan, 0.0012541 secs], 0.0020022 secs]20.657: [weak refs processing, 0.0000139 secs] [1 CMS-remark: 16982K(21712K)] 18471K(25744K), 0.0021970 secs]
20.658: [CMS-concurrent-sweep-start]
20.666: [CMS-concurrent-sweep: 0.009/0.009 secs]
20.667: [CMS-concurrent-reset-start]
20.674: [CMS-concurrent-reset: 0.008/0.008 secs]
21.042: [GC 21.042: [DefNew: 3967K->0K(4032K), 0.0264868 secs] 17177K->17177K(26052K) icms_dc=19 , 0.0267717 secs]
21.209: [GC [1 CMS-initial-mark: 17177K(22020K)] 18786K(26052K), 0.0007095 secs]
21.210: [CMS-concurrent-mark-start]
21.271: [CMS-concurrent-mark: 0.061/0.061 secs]
21.271: [CMS-concurrent-preclean-start]
21.271: [CMS-concurrent-preclean: 0.000/0.000 secs]
21.272: [CMS-concurrent-abortable-preclean-start]
21.272: [CMS-concurrent-abortable-preclean: 0.000/0.000 secs]
21.475: [GC 21.475: [DefNew: 3967K->0K(4032K), 0.0235494 secs] 21144K->21144K(26052K) icms_dc=34 , 0.0240351 secs]
21.781: [GC[YG occupancy: 2638 K (4032 K)]21.781: [Rescan (non-parallel) 21.781: [grey object rescan, 0.0006707 secs]21.782: [root rescan, 0.0011604 secs], 0.0019685 secs]21.783: [weak refs processing, 0.0000130 secs] [1 CMS-remark: 21144K(22020K)] 23782K(26052K), 0.0021071 secs]
21.783: [CMS-concurrent-sweep-start]
21.792: [CMS-concurrent-sweep: 0.008/0.008 secs]
21.792: [CMS-concurrent-reset-start]
21.799: [CMS-concurrent-reset: 0.007/0.007 secs]
21.932: [GC 21.932: [DefNew: 3967K->0K(4032K), 0.0220456 secs] 21284K->21284K(32896K) icms_dc=45 , 0.0223088 secs]
22.061: [GC [1 CMS-initial-mark: 21284K(28864K)] 22377K(32896K), 0.0012139 secs]
22.062: [CMS-concurrent-mark-start]
22.120: [CMS-concurrent-mark: 0.058/0.058 secs]
22.120: [CMS-concurrent-preclean-start]
22.120: [CMS-concurrent-preclean: 0.000/0.000 secs]
22.139: [GC[YG occupancy: 1986 K (4032 K)]22.140: [Rescan (non-parallel) 22.140: [grey object rescan, 0.0012777 secs]22.141: [root rescan, 0.0009527 secs], 0.0024156 secs]22.142: [weak refs processing, 0.0000144 secs] [1 CMS-remark: 21284K(28864K)] 23271K(32896K), 0.0026150 secs]
22.152: [CMS-concurrent-sweep-start]
22.165: [CMS-concurrent-sweep: 0.012/0.012 secs]
22.165: [CMS-concurrent-reset-start]
22.173: [CMS-concurrent-reset: 0.008/0.008 secs]
22.335: [GC 22.335: [DefNew: 3967K->0K(4032K), 0.0200136 secs] 18288K->18288K(32896K) icms_dc=34 , 0.0202428 secs]
22.459: [GC [1 CMS-initial-mark: 18288K(28864K)] 19598K(32896K), 0.0008735 secs]
22.460: [CMS-concurrent-mark-start]
22.495: [CMS-concurrent-mark: 0.035/0.035 secs]
22.495: [CMS-concurrent-preclean-start]
22.495: [CMS-concurrent-preclean: 0.000/0.000 secs]
22.496: [GC[YG occupancy: 1334 K (4032 K)]22.496: [Rescan (non-parallel) 22.496: [grey object rescan, 0.0006406 secs]22.497: [root rescan, 0.0005209 secs], 0.0012662 secs]22.498: [weak refs processing, 0.0000126 secs] [1 CMS-remark: 18288K(28864K)] 19622K(32896K), 0.0014122 secs]
22.498: [CMS-concurrent-sweep-start]
22.505: [CMS-concurrent-sweep: 0.007/0.007 secs]
22.505: [CMS-concurrent-reset-start]
22.512: [CMS-concurrent-reset: 0.007/0.007 secs]
22.805: [GC 22.805: [DefNew: 3967K->0K(4032K), 0.0206594 secs] 18304K->18304K(32896K) icms_dc=26 , 0.0209372 secs]
22.932: [GC [1 CMS-initial-mark: 18304K(28864K)] 19773K(32896K), 0.0009038 secs]
22.934: [CMS-concurrent-mark-start]
22.985: [CMS-concurrent-mark: 0.052/0.052 secs]
22.985: [CMS-concurrent-preclean-start]
22.985: [CMS-concurrent-preclean: 0.000/0.000 secs]
22.988: [GC[YG occupancy: 1787 K (4032 K)]22.988: [Rescan (non-parallel) 22.988: [grey object rescan, 0.0013971 secs]22.990: [root rescan, 0.0015255 secs], 0.0032587 secs]22.991: [weak refs processing, 0.0000160 secs] [1 CMS-remark: 18304K(28864K)] 20092K(32896K), 0.0034611 secs]
22.991: [CMS-concurrent-sweep-start]
23.001: [CMS-concurrent-sweep: 0.009/0.009 secs]
23.001: [CMS-concurrent-reset-start]
23.009: [CMS-concurrent-reset: 0.008/0.008 secs]
23.194: [GC 23.195: [DefNew: 3967K->0K(4032K), 0.0206813 secs] 18367K->18367K(32896K) icms_dc=20 , 0.0209662 secs]
23.421: [GC [1 CMS-initial-mark: 18367K(28864K)] 19956K(32896K), 0.0011672 secs]
23.423: [CMS-concurrent-mark-start]
23.474: [CMS-concurrent-mark: 0.051/0.051 secs]
23.474: [CMS-concurrent-preclean-start]
23.474: [CMS-concurrent-preclean: 0.000/0.000 secs]
23.477: [GC[YG occupancy: 2240 K (4032 K)]23.478: [Rescan (non-parallel) 23.478: [grey object rescan, 0.0019243 secs]23.480: [root rescan, 0.0010334 secs], 0.0031674 secs]23.481: [weak refs processing, 0.0000145 secs] [1 CMS-remark: 18367K(28864K)] 20608K(32896K), 0.0033668 secs]
23.481: [CMS-concurrent-sweep-start]
23.490: [CMS-concurrent-sweep: 0.009/0.009 secs]
23.490: [CMS-concurrent-reset-start]
23.498: [CMS-concurrent-reset: 0.008/0.008 secs]
23.683: [GC 23.683: [DefNew: 3967K->0K(4032K), 0.0214351 secs] 18507K->18507K(32896K) icms_dc=15 , 0.0219306 secs]
23.910: [GC [1 CMS-initial-mark: 18507K(28864K)] 20195K(32896K), 0.0009652 secs]
23.912: [CMS-concurrent-mark-start]
23.963: [CMS-concurrent-mark: 0.051/0.051 secs]
23.963: [CMS-concurrent-preclean-start]
23.963: [CMS-concurrent-preclean: 0.000/0.000 secs]
23.968: [GC[YG occupancy: 2693 K (4032 K)]23.968: [Rescan (non-parallel) 23.968: [grey object rescan, 0.0012317 secs]23.969: [root rescan, 0.0012634 secs], 0.0026801 secs]23.971: [weak refs processing, 0.0000140 secs] [1 CMS-remark: 18507K(28864K)] 21201K(32896K), 0.0028812 secs]
23.971: [CMS-concurrent-sweep-start]
24.206: [GC 24.206: [DefNew: 3967K->0K(4032K), 0.0273135 secs] 22474K->22474K(32896K) icms_dc=27 , 0.0275793 secs]
24.352: [CMS-concurrent-sweep: 0.013/0.381 secs]
24.352: [CMS-concurrent-reset-start]
24.360: [CMS-concurrent-reset: 0.008/0.008 secs]
24.570: [GC 24.570: [DefNew: 3967K->0K(4032K), 0.0207431 secs] 22635K->22635K(35148K) icms_dc=21 , 0.0210212 secs]
24.797: [GC [1 CMS-initial-mark: 22635K(31116K)] 24203K(35148K), 0.0009965 secs]
24.798: [CMS-concurrent-mark-start]
24.853: [CMS-concurrent-mark: 0.055/0.055 secs]
24.853: [CMS-concurrent-preclean-start]
24.853: [CMS-concurrent-preclean: 0.000/0.000 secs]
24.857: [GC[YG occupancy: 2494 K (4032 K)]24.858: [Rescan (non-parallel) 24.858: [grey object rescan, 0.0016834 secs]24.859: [root rescan, 0.0015466 secs], 0.0034455 secs]24.861: [weak refs processing, 0.0000158 secs] [1 CMS-remark: 22635K(31116K)] 25129K(35148K), 0.0036511 secs]
24.861: [CMS-concurrent-sweep-start]
25.062: [GC 25.062: [DefNew: 3967K->0K(4032K), 0.0395838 secs] 26602K->26602K(35148K) icms_dc=36 , 0.0398509 secs]
25.222: [CMS-concurrent-sweep: 0.015/0.360 secs]
25.222: [CMS-concurrent-reset-start]
25.230: [CMS-concurrent-reset: 0.008/0.008 secs]
25.442: [GC 25.442: [DefNew: 3967K->0K(4032K), 0.0224499 secs] 23210K->23210K(36104K) icms_dc=27 , 0.0227228 secs]
25.670: [GC [1 CMS-initial-mark: 23210K(32072K)] 24660K(36104K), 0.0008987 secs]
25.671: [CMS-concurrent-mark-start]
25.731: [CMS-concurrent-mark: 0.060/0.060 secs]
25.731: [CMS-concurrent-preclean-start]
25.731: [CMS-concurrent-preclean: 0.000/0.000 secs]
25.735: [GC[YG occupancy: 2295 K (4032 K)]25.735: [Rescan (non-parallel) 25.735: [grey object rescan, 0.0015694 secs]25.737: [root rescan, 0.0012170 secs], 0.0029894 secs]25.738: [weak refs processing, 0.0000156 secs] [1 CMS-remark: 23210K(32072K)] 25505K(36104K), 0.0031917 secs]
25.739: [CMS-concurrent-sweep-start]
25.751: [CMS-concurrent-sweep: 0.012/0.013 secs]
25.751: [CMS-concurrent-reset-start]
25.760: [CMS-concurrent-reset: 0.008/0.008 secs]
25.941: [GC 25.941: [DefNew: 3967K->0K(4032K), 0.0206133 secs] 19815K->19815K(36104K) icms_dc=21 , 0.0208924 secs]
26.070: [GC [1 CMS-initial-mark: 19815K(32072K)] 21384K(36104K), 0.0012509 secs]
26.071: [CMS-concurrent-mark-start]
26.126: [CMS-concurrent-mark: 0.055/0.055 secs]
26.126: [CMS-concurrent-preclean-start]
26.126: [CMS-concurrent-preclean: 0.000/0.000 secs]
26.140: [GC[YG occupancy: 1643 K (4032 K)]26.140: [Rescan (non-parallel) 26.140: [grey object rescan, 0.0014553 secs]26.142: [root rescan, 0.0008465 secs], 0.0024817 secs]26.143: [weak refs processing, 0.0000146 secs] [1 CMS-remark: 19815K(32072K)] 21459K(36104K), 0.0026769 secs]
26.153: [CMS-concurrent-sweep-start]
26.164: [CMS-concurrent-sweep: 0.010/0.010 secs]
26.164: [CMS-concurrent-reset-start]
26.171: [CMS-concurrent-reset: 0.008/0.008 secs]
26.506: [GC 26.506: [DefNew: 3967K->0K(4032K), 0.0208501 secs] 19893K->19893K(36104K) icms_dc=16 , 0.0211241 secs]
26.634: [GC [1 CMS-initial-mark: 19893K(32072K)] 21560K(36104K), 0.0010614 secs]
26.635: [CMS-concurrent-mark-start]
26.688: [CMS-concurrent-mark: 0.053/0.053 secs]
26.688: [CMS-concurrent-preclean-start]
26.688: [CMS-concurrent-preclean: 0.000/0.000 secs]
26.691: [GC[YG occupancy: 2096 K (4032 K)]26.691: [Rescan (non-parallel) 26.691: [grey object rescan, 0.0014074 secs]26.693: [root rescan, 0.0013066 secs], 0.0029106 secs]26.694: [weak refs processing, 0.0000157 secs] [1 CMS-remark: 19893K(32072K)] 21989K(36104K), 0.0031129 secs]
26.695: [CMS-concurrent-sweep-start]
26.705: [CMS-concurrent-sweep: 0.011/0.011 secs]
26.705: [CMS-concurrent-reset-start]
26.714: [CMS-concurrent-reset: 0.008/0.008 secs]
26.897: [GC 26.897: [DefNew: 3967K->0K(4032K), 0.0220515 secs] 20053K->20053K(36104K) icms_dc=11 , 0.0223251 secs]
27.126: [GC [1 CMS-initial-mark: 20053K(32072K)] 21820K(36104K), 0.0009984 secs]
27.127: [CMS-concurrent-mark-start]
27.180: [CMS-concurrent-mark: 0.053/0.053 secs]
27.180: [CMS-concurrent-preclean-start]
27.180: [CMS-concurrent-preclean: 0.000/0.000 secs]
27.184: [GC[YG occupancy: 2549 K (4032 K)]27.184: [Rescan (non-parallel) 27.184: [grey object rescan, 0.0015522 secs]27.186: [root rescan, 0.0011315 secs], 0.0028786 secs]27.187: [weak refs processing, 0.0000150 secs] [1 CMS-remark: 20053K(32072K)] 22602K(36104K), 0.0030778 secs]
27.188: [CMS-concurrent-sweep-start]
27.389: [GC 27.389: [DefNew: 3967K->0K(4032K), 0.0233559 secs] 24020K->24020K(36104K) icms_dc=11 , 0.0236289 secs]
27.531: [CMS-concurrent-sweep: 0.012/0.343 secs]
27.531: [CMS-concurrent-reset-start]
27.538: [CMS-concurrent-reset: 0.007/0.007 secs]
27.746: [GC 27.746: [DefNew: 3967K->0K(4032K), 0.0229492 secs] 24181K->24181K(37724K) icms_dc=10 , 0.0233375 secs]
27.975: [GC [1 CMS-initial-mark: 24181K(33692K)] 25968K(37724K), 0.0010043 secs]
27.976: [CMS-concurrent-mark-start]
28.038: [CMS-concurrent-mark: 0.062/0.062 secs]
28.038: [CMS-concurrent-preclean-start]
28.038: [CMS-concurrent-preclean: 0.000/0.000 secs]
28.042: [GC[YG occupancy: 2350 K (4032 K)]28.042: [Rescan (non-parallel) 28.042: [grey object rescan, 0.0014403 secs]28.044: [root rescan, 0.0010690 secs], 0.0027314 secs]28.045: [weak refs processing, 0.0000142 secs] [1 CMS-remark: 24181K(33692K)] 26531K(37724K), 0.0029315 secs]
28.045: [CMS-concurrent-sweep-start]
28.303: [GC 28.303: [DefNew: 3967K->0K(4032K), 0.0292255 secs] 28148K->28148K(37724K) icms_dc=25 , 0.0294980 secs]
28.452: [CMS-concurrent-sweep: 0.015/0.407 secs]
28.453: [CMS-concurrent-reset-start]
28.461: [CMS-concurrent-reset: 0.008/0.008 secs]
28.770: [GC 28.770: [DefNew: 3967K->0K(4032K), 0.0242738 secs] 24615K->24615K(38448K) icms_dc=19 , 0.0246561 secs]
28.901: [GC [1 CMS-initial-mark: 24615K(34416K)] 26224K(38448K), 0.0009440 secs]
28.902: [CMS-concurrent-mark-start]
28.956: [CMS-concurrent-mark: 0.054/0.054 secs]
28.956: [CMS-concurrent-preclean-start]
28.956: [CMS-concurrent-preclean: 0.000/0.000 secs]
28.960: [GC[YG occupancy: 2151 K (4032 K)]28.961: [Rescan (non-parallel) 28.961: [grey object rescan, 0.0016840 secs]28.962: [root rescan, 0.0013144 secs], 0.0032064 secs]28.964: [weak refs processing, 0.0000146 secs] [1 CMS-remark: 24615K(34416K)] 26766K(38448K), 0.0034081 secs]
28.964: [CMS-concurrent-sweep-start]
28.977: [CMS-concurrent-sweep: 0.013/0.013 secs]
28.977: [CMS-concurrent-reset-start]
28.985: [CMS-concurrent-reset: 0.008/0.008 secs]
29.166: [GC 29.166: [DefNew: 3967K->0K(4032K), 0.0203623 secs] 21282K->21282K(38448K) icms_dc=14 , 0.0207264 secs]
29.393: [GC [1 CMS-initial-mark: 21282K(34416K)] 22988K(38448K), 0.0009604 secs]
29.394: [CMS-concurrent-mark-start]
29.447: [CMS-concurrent-mark: 0.053/0.053 secs]
29.447: [CMS-concurrent-preclean-start]
29.447: [CMS-concurrent-preclean: 0.000/0.000 secs]
29.451: [GC[YG occupancy: 2604 K (4032 K)]29.452: [Rescan (non-parallel) 29.452: [grey object rescan, 0.0015228 secs]29.453: [root rescan, 0.0013373 secs], 0.0030562 secs]29.455: [weak refs processing, 0.0000149 secs] [1 CMS-remark: 21282K(34416K)] 23886K(38448K), 0.0032790 secs]
29.455: [CMS-concurrent-sweep-start]
29.655: [GC 29.656: [DefNew: 3967K->0K(4032K), 0.0206184 secs] 25249K->25249K(38448K) icms_dc=14 , 0.0208919 secs]
29.795: [CMS-concurrent-sweep: 0.012/0.340 secs]
29.795: [CMS-concurrent-reset-start]
29.803: [CMS-concurrent-reset: 0.008/0.008 secs]
30.010: [GC 30.011: [DefNew: 3967K->0K(4032K), 0.0433465 secs] 25409K->25409K(39772K) icms_dc=10 , 0.0436186 secs]
30.332: [GC [1 CMS-initial-mark: 25409K(35740K)] 27197K(39772K), 0.0016242 secs]
30.334: [CMS-concurrent-mark-start]
30.397: [CMS-concurrent-mark: 0.063/0.063 secs]
30.397: [CMS-concurrent-preclean-start]
30.397: [CMS-concurrent-preclean: 0.000/0.000 secs]
30.402: [GC[YG occupancy: 2404 K (4032 K)]30.403: [Rescan (non-parallel) 30.403: [grey object rescan, 0.0015342 secs]30.404: [root rescan, 0.0010839 secs], 0.0028000 secs]30.406: [weak refs processing, 0.0000147 secs] [1 CMS-remark: 25409K(35740K)] 27814K(39772K), 0.0030218 secs]
30.406: [CMS-concurrent-sweep-start]
30.606: [GC 30.607: [DefNew: 3967K->0K(4032K), 0.0246190 secs] 29376K->29376K(39772K) icms_dc=18 , 0.0253203 secs]
30.753: [CMS-concurrent-sweep: 0.016/0.347 secs]
30.753: [CMS-concurrent-reset-start]
30.761: [CMS-concurrent-reset: 0.008/0.008 secs]
31.070: [GC 31.070: [DefNew: 3967K->0K(4032K), 0.0215775 secs] 25785K->25785K(40400K) icms_dc=13 , 0.0218531 secs]
31.198: [GC [1 CMS-initial-mark: 25785K(36368K)] 27512K(40400K), 0.0015581 secs]
31.200: [CMS-concurrent-mark-start]
31.275: [CMS-concurrent-mark: 0.075/0.075 secs]
31.276: [CMS-concurrent-preclean-start]
31.277: [CMS-concurrent-preclean: 0.000/0.000 secs]
31.278: [CMS-concurrent-abortable-preclean-start]
31.278: [CMS-concurrent-abortable-preclean: 0.000/0.000 secs]
31.482: [GC 31.482: [DefNew: 3967K->0K(4032K), 0.0326022 secs] 29752K->29752K(40400K) icms_dc=22 , 0.0330675 secs]
31.929: [GC 31.929: [DefNew: 3967K->0K(4032K), 0.0309339 secs] 33719K->33719K(40400K) icms_dc=37 , 0.0311993 secs]
32.125: [GC[YG occupancy: 2006 K (4032 K)]32.126: [Rescan (non-parallel) 32.126: [grey object rescan, 0.0053583 secs]32.131: [root rescan, 0.0010853 secs], 0.0066819 secs]32.132: [weak refs processing, 0.0000150 secs] [1 CMS-remark: 33719K(36368K)] 35726K(40400K), 0.0068811 secs]
32.143: [CMS-concurrent-sweep-start]
32.170: [CMS-concurrent-sweep: 0.027/0.027 secs]
32.170: [CMS-concurrent-reset-start]
32.179: [CMS-concurrent-reset: 0.009/0.009 secs]
32.286: [GC 32.286: [DefNew: 3967K->0K(4032K), 0.0198173 secs] 30268K->30268K(47872K) icms_dc=28 , 0.0202392 secs]
32.510: [GC [1 CMS-initial-mark: 30268K(43840K)] 31698K(47872K), 0.0015431 secs]
32.512: [CMS-concurrent-mark-start]
32.567: [CMS-concurrent-mark: 0.055/0.055 secs]
32.567: [CMS-concurrent-preclean-start]
32.567: [CMS-concurrent-preclean: 0.000/0.000 secs]
32.572: [GC[YG occupancy: 2459 K (4032 K)]32.573: [Rescan (non-parallel) 32.573: [grey object rescan, 0.0010237 secs]32.574: [root rescan, 0.0007638 secs], 0.0019275 secs]32.575: [weak refs processing, 0.0000127 secs] [1 CMS-remark: 30268K(43840K)] 32728K(47872K), 0.0020646 secs]
32.575: [CMS-concurrent-sweep-start]
32.586: [CMS-concurrent-sweep: 0.011/0.011 secs]
32.586: [CMS-concurrent-reset-start]
32.593: [CMS-concurrent-reset: 0.007/0.007 secs]
32.777: [GC 32.777: [DefNew: 3967K->0K(4032K), 0.0246230 secs] 23346K->23346K(47872K) icms_dc=21 , 0.0248939 secs]
32.907: [GC [1 CMS-initial-mark: 23346K(43840K)] 24914K(47872K), 0.0011388 secs]
32.909: [CMS-concurrent-mark-start]
32.964: [CMS-concurrent-mark: 0.055/0.055 secs]
32.964: [CMS-concurrent-preclean-start]
32.964: [CMS-concurrent-preclean: 0.000/0.000 secs]
32.967: [GC[YG occupancy: 1807 K (4032 K)]32.967: [Rescan (non-parallel) 32.967: [grey object rescan, 0.0017408 secs]32.969: [root rescan, 0.0008942 secs], 0.0028134 secs]32.970: [weak refs processing, 0.0000147 secs] [1 CMS-remark: 23346K(43840K)] 25154K(47872K), 0.0030043 secs]
32.970: [CMS-concurrent-sweep-start]
32.982: [CMS-concurrent-sweep: 0.012/0.012 secs]
32.982: [CMS-concurrent-reset-start]
32.990: [CMS-concurrent-reset: 0.008/0.008 secs]
33.175: [GC 33.175: [DefNew: 3967K->0K(4032K), 0.0227912 secs] 23403K->23403K(47872K) icms_dc=16 , 0.0230696 secs]
33.404: [GC [1 CMS-initial-mark: 23403K(43840K)] 25070K(47872K), 0.0017944 secs]
33.406: [CMS-concurrent-mark-start]
33.461: [CMS-concurrent-mark: 0.055/0.055 secs]
33.461: [CMS-concurrent-preclean-start]
33.461: [CMS-concurrent-preclean: 0.000/0.000 secs]
33.465: [GC[YG occupancy: 2260 K (4032 K)]33.466: [Rescan (non-parallel) 33.466: [grey object rescan, 0.0018588 secs]33.468: [root rescan, 0.0010514 secs], 0.0030992 secs]33.469: [weak refs processing, 0.0000161 secs] [1 CMS-remark: 23403K(43840K)] 25663K(47872K), 0.0035079 secs]
33.469: [CMS-concurrent-sweep-start]
33.481: [CMS-concurrent-sweep: 0.011/0.011 secs]
33.481: [CMS-concurrent-reset-start]
33.489: [CMS-concurrent-reset: 0.008/0.008 secs]
33.670: [GC 33.671: [DefNew: 3967K->0K(4032K), 0.0221027 secs] 23563K->23563K(47872K) icms_dc=11 , 0.0223760 secs]
33.900: [GC [1 CMS-initial-mark: 23563K(43840K)] 25330K(47872K), 0.0009933 secs]
33.902: [CMS-concurrent-mark-start]
33.956: [CMS-concurrent-mark: 0.054/0.054 secs]
33.956: [CMS-concurrent-preclean-start]
33.956: [CMS-concurrent-preclean: 0.000/0.000 secs]
33.961: [GC[YG occupancy: 2713 K (4032 K)]33.961: [Rescan (non-parallel) 33.961: [grey object rescan, 0.0022512 secs]33.963: [root rescan, 0.0011831 secs], 0.0036439 secs]33.965: [weak refs processing, 0.0000158 secs] [1 CMS-remark: 23563K(43840K)] 26277K(47872K), 0.0039344 secs]
33.965: [CMS-concurrent-sweep-start]
34.212: [GC 34.212: [DefNew: 3967K->0K(4032K), 0.0235096 secs] 27530K->27530K(47872K) icms_dc=11 , 0.0238124 secs]
34.352: [CMS-concurrent-sweep: 0.010/0.387 secs]
34.352: [CMS-concurrent-reset-start]
34.360: [CMS-concurrent-reset: 0.007/0.007 secs]
34.567: [GC 34.568: [DefNew: 3967K->0K(4032K), 0.0228037 secs] 27691K->27691K(47872K) icms_dc=10 , 0.0230908 secs]
34.796: [GC [1 CMS-initial-mark: 27691K(43840K)] 29478K(47872K), 0.0014712 secs]
34.798: [CMS-concurrent-mark-start]
34.863: [CMS-concurrent-mark: 0.065/0.065 secs]
34.863: [CMS-concurrent-preclean-start]
34.863: [CMS-concurrent-preclean: 0.000/0.000 secs]
34.868: [GC[YG occupancy: 2514 K (4032 K)]34.868: [Rescan (non-parallel) 34.868: [grey object rescan, 0.0011112 secs]34.870: [root rescan, 0.0009462 secs], 0.0022102 secs]34.871: [weak refs processing, 0.0000119 secs] [1 CMS-remark: 27691K(43840K)] 30205K(47872K), 0.0023763 secs]
34.871: [CMS-concurrent-sweep-start]
35.071: [GC 35.071: [DefNew: 3967K->0K(4032K), 0.0214126 secs] 31658K->31658K(47872K) icms_dc=10 , 0.0216830 secs]
35.215: [CMS-concurrent-sweep: 0.016/0.344 secs]
35.215: [CMS-concurrent-reset-start]
35.224: [CMS-concurrent-reset: 0.008/0.008 secs]
35.431: [GC 35.431: [DefNew: 3967K->0K(4032K), 0.0210921 secs] 28125K->28125K(47872K) icms_dc=10 , 0.0213666 secs]
35.658: [GC [1 CMS-initial-mark: 28125K(43840K)] 29913K(47872K), 0.0013026 secs]
35.660: [CMS-concurrent-mark-start]
35.714: [CMS-concurrent-mark: 0.055/0.055 secs]
35.715: [CMS-concurrent-preclean-start]
35.715: [CMS-concurrent-preclean: 0.000/0.000 secs]
35.718: [GC[YG occupancy: 2315 K (4032 K)]35.718: [Rescan (non-parallel) 35.718: [grey object rescan, 0.0021817 secs]35.720: [root rescan, 0.0010566 secs], 0.0034508 secs]35.722: [weak refs processing, 0.0000149 secs] [1 CMS-remark: 28125K(43840K)] 30441K(47872K), 0.0036507 secs]
35.722: [CMS-concurrent-sweep-start]
35.924: [GC 35.924: [DefNew: 3967K->0K(4032K), 0.0227890 secs] 32092K->32092K(47872K) icms_dc=10 , 0.0230640 secs]
36.255: [CMS-concurrent-sweep: 0.023/0.533 secs]
36.255: [CMS-concurrent-reset-start]
36.265: [CMS-concurrent-reset: 0.009/0.009 secs]
36.472: [GC 36.472: [DefNew: 3967K->0K(4032K), 0.0208585 secs] 28580K->28580K(47872K) icms_dc=10 , 0.0214733 secs]
36.600: [GC [1 CMS-initial-mark: 28580K(43840K)] 30368K(47872K), 0.0010077 secs]
36.601: [CMS-concurrent-mark-start]
36.659: [CMS-concurrent-mark: 0.058/0.058 secs]
36.659: [CMS-concurrent-preclean-start]
36.659: [CMS-concurrent-preclean: 0.000/0.000 secs]
36.661: [GC[YG occupancy: 1787 K (4032 K)]36.661: [Rescan (non-parallel) 36.661: [grey object rescan, 0.0011214 secs]36.662: [root rescan, 0.0012480 secs], 0.0025528 secs]36.664: [weak refs processing, 0.0000141 secs] [1 CMS-remark: 28580K(43840K)] 30368K(47872K), 0.0027434 secs]
36.665: [CMS-concurrent-sweep-start]
36.680: [CMS-concurrent-sweep: 0.015/0.015 secs]
36.680: [CMS-concurrent-reset-start]
36.688: [CMS-concurrent-reset: 0.008/0.008 secs]
36.871: [GC 36.871: [DefNew: 3967K->0K(4032K), 0.0216330 secs] 25068K->25068K(47872K) icms_dc=10 , 0.0219158 secs]
37.100: [GC [1 CMS-initial-mark: 25068K(43840K)] 26856K(47872K), 0.0010910 secs]
37.101: [CMS-concurrent-mark-start]
37.159: [CMS-concurrent-mark: 0.058/0.058 secs]
37.160: [CMS-concurrent-preclean-start]
37.160: [CMS-concurrent-preclean: 0.000/0.000 secs]
37.363: [GC 37.364: [DefNew: 3967K->0K(4032K), 0.0216573 secs] 29035K->29035K(47872K) icms_dc=10 , 0.0219469 secs]
37.507: [GC[YG occupancy: 1787 K (4032 K)]37.508: [Rescan (non-parallel) 37.508: [grey object rescan, 0.0012700 secs]37.509: [root rescan, 0.0009606 secs], 0.0024155 secs]37.510: [weak refs processing, 0.0000144 secs] [1 CMS-remark: 29035K(43840K)] 30823K(47872K), 0.0026147 secs]
37.510: [CMS-concurrent-sweep-start]
37.524: [CMS-concurrent-sweep: 0.013/0.013 secs]
37.524: [CMS-concurrent-reset-start]
37.533: [CMS-concurrent-reset: 0.009/0.009 secs]
37.740: [GC 37.740: [DefNew: 3967K->0K(4032K), 0.0211654 secs] 29295K->29295K(47872K) icms_dc=10 , 0.0215928 secs]
37.968: [GC [1 CMS-initial-mark: 29295K(43840K)] 31083K(47872K), 0.0011335 secs]
37.970: [CMS-concurrent-mark-start]
38.036: [CMS-concurrent-mark: 0.066/0.066 secs]
38.036: [CMS-concurrent-preclean-start]
38.036: [CMS-concurrent-preclean: 0.000/0.000 secs]
38.040: [GC[YG occupancy: 2370 K (4032 K)]38.040: [Rescan (non-parallel) 38.040: [grey object rescan, 0.0018499 secs]38.042: [root rescan, 0.0010739 secs], 0.0031099 secs]38.043: [weak refs processing, 0.0000149 secs] [1 CMS-remark: 29295K(43840K)] 31666K(47872K), 0.0033078 secs]
38.043: [CMS-concurrent-sweep-start]
38.308: [GC 38.309: [DefNew: 3967K->0K(4032K), 0.0221495 secs] 33262K->33262K(47872K) icms_dc=10 , 0.0224283 secs]
38.553: [CMS-concurrent-sweep: 0.016/0.510 secs]
38.553: [CMS-concurrent-reset-start]
38.561: [CMS-concurrent-reset: 0.008/0.008 secs]
38.769: [GC 38.769: [DefNew: 3967K->0K(4032K), 0.0208629 secs] 29750K->29750K(47872K) icms_dc=10 , 0.0211388 secs]
38.897: [GC [1 CMS-initial-mark: 29750K(43840K)] 31538K(47872K), 0.0010772 secs]
38.899: [CMS-concurrent-mark-start]
38.956: [CMS-concurrent-mark: 0.057/0.057 secs]
38.956: [CMS-concurrent-preclean-start]
38.956: [CMS-concurrent-preclean: 0.000/0.000 secs]
38.959: [GC[YG occupancy: 2171 K (4032 K)]38.959: [Rescan (non-parallel) 38.959: [grey object rescan, 0.0019406 secs]38.961: [root rescan, 0.0013095 secs], 0.0034552 secs]38.963: [weak refs processing, 0.0000148 secs] [1 CMS-remark: 29750K(43840K)] 31922K(47872K), 0.0036490 secs]
38.963: [CMS-concurrent-sweep-start]
38.979: [CMS-concurrent-sweep: 0.015/0.015 secs]
38.979: [CMS-concurrent-reset-start]
38.986: [CMS-concurrent-reset: 0.008/0.008 secs]
39.437: [GC 39.437: [DefNew: 3967K->0K(4032K), 0.0227106 secs] 26238K->26238K(47872K) icms_dc=10 , 0.0229907 secs]
39.800: [GC [1 CMS-initial-mark: 26238K(43840K)] 28026K(47872K), 0.0007398 secs]
39.803: [CMS-concurrent-mark-start]
39.853: [CMS-concurrent-mark: 0.050/0.050 secs]
39.853: [CMS-concurrent-preclean-start]
39.853: [CMS-concurrent-preclean: 0.000/0.000 secs]
39.856: [GC[YG occupancy: 2624 K (4032 K)]39.857: [Rescan (non-parallel) 39.857: [grey object rescan, 0.0011295 secs]39.858: [root rescan, 0.0007999 secs], 0.0020672 secs]39.859: [weak refs processing, 0.0000135 secs] [1 CMS-remark: 26238K(43840K)] 28863K(47872K), 0.0024507 secs]
39.859: [CMS-concurrent-sweep-start]
40.059: [GC 40.059: [DefNew: 3967K->0K(4032K), 0.0173364 secs] 30205K->30205K(47872K) icms_dc=10 , 0.0175677 secs]
40.208: [CMS-concurrent-sweep: 0.010/0.348 secs]
40.208: [CMS-concurrent-reset-start]
40.216: [CMS-concurrent-reset: 0.008/0.008 secs]
