2013-05-25T17:05:17.387+0200: 0.450: [GC pause (G1 Evacuation Pause) (young) (to-space exhausted), 0.0398848 secs]
   [Parallel Time: 31.5 ms, GC Workers: 4]
      [GC Worker Start (ms): Min: 450.7, Avg: 450.8, Max: 450.8, Diff: 0.0]
      [Ext Root Scanning (ms): Min: 0.0, Avg: 0.1, Max: 0.4, Diff: 0.4, Sum: 0.6]
      [Update RS (ms): Min: 0.0, Avg: 0.0, Max: 0.0, Diff: 0.0, Sum: 0.1]
         [Processed Buffers: Min: 0, Avg: 0.5, Max: 1, Diff: 1, Sum: 2]
      [Scan RS (ms): Min: 0.0, Avg: 0.0, Max: 0.1, Diff: 0.1, Sum: 0.1]
      [Object Copy (ms): Min: 22.7, Avg: 24.7, Max: 30.9, Diff: 8.3, Sum: 98.9]
      [Termination (ms): Min: 0.0, Avg: 6.4, Max: 8.5, Diff: 8.5, Sum: 25.5]
      [GC Worker Other (ms): Min: 0.0, Avg: 0.0, Max: 0.0, Diff: 0.0, Sum: 0.1]
      [GC Worker Total (ms): Min: 31.3, Avg: 31.3, Max: 31.4, Diff: 0.0, Sum: 125.3]
      [GC Worker End (ms): Min: 482.1, Avg: 482.1, Max: 482.1, Diff: 0.0]
   [Code Root Fixup: 0.0 ms]
   [Clear CT: 0.1 ms]
   [Other: 8.3 ms]
      [Choose CSet: 0.0 ms]
      [Ref Proc: 7.7 ms]
      [Ref Enq: 0.0 ms]
      [Free CSet: 0.0 ms]
   [Eden: 48.0M(48.0M)->0.0B(10.0M) Survivors: 3072.0K->7168.0K Heap: 92.7M(119.0M)->97.0M(128.0M)]
 [Times: user=0.06 sys=0.06, real=0.05 secs] 
