2012-02-24T03:44:05.111-0800: 8.413: [GC pause (young), 0.14482200 secs]
   [Parallel Time: 129.8 ms]
      [GC Worker Start Time (ms):  8413.6  8413.6  8413.7  8413.7  8413.7  8413.8  8413.8  8413.8  8413.9  8413.9  8414.0  8414.0  8414.0  8414.1  8414.1
       Avg: 8413.8, Min: 8413.6, Max: 8414.1, Diff:   0.5]
      [Update RS (ms):  0.0  0.1  0.0  0.0  0.0  0.0  0.0  0.0  0.0  0.0  0.1  0.0  0.0  0.0  0.0
       Avg:   0.0, Min:   0.0, Max:   0.1, Diff:   0.1]
         [Processed Buffers : 0 16 0 0 0 0 0 0 0 0 22 0 0 0 0
          Sum: 38, Avg: 2, Min: 0, Max: 22, Diff: 22]
      [Ext Root Scanning (ms):  1.6  1.5  2.4  1.4  1.6  2.5  1.5  1.5  1.4  2.2  1.1  0.3  1.2  1.1  1.3
       Avg:   1.5, Min:   0.3, Max:   2.5, Diff:   2.2]
      [Mark Stack Scanning (ms):  0.0  0.0  0.0  0.0  0.0  0.0  0.0  0.0  0.0  0.0  0.0  0.0  0.0  0.0  0.0
       Avg:   0.0, Min:   0.0, Max:   0.0, Diff:   0.0]
      [Scan RS (ms):  0.2  0.6  0.0  0.5  0.4  0.1  0.4  0.4  0.4  0.1  0.5  0.4  0.5  0.5  0.4
       Avg:   0.4, Min:   0.0, Max:   0.6, Diff:   0.5]
      [Object Copy (ms):  114.9  114.7  114.3  113.4  114.7  116.8  114.7  126.1  126.1  115.2  115.8  115.7  115.9  115.8  114.7
       Avg: 116.6, Min: 113.4, Max: 126.1, Diff:  12.8]
      [Termination (ms):  12.6  12.6  12.6  14.0  12.6  10.0  12.6  1.2  1.2  11.7  11.4  12.6  11.4  11.5  12.6
       Avg:  10.7, Min:   1.2, Max:  14.0, Diff:  12.9]
         [Termination Attempts : 3 3 4 2 3 2 2 2 2 2 2 3 2 3 3
          Sum: 38, Avg: 2, Min: 2, Max: 4, Diff: 2]
      [GC Worker End Time (ms):  8543.1  8543.0  8543.1  8543.0  8543.0  8543.0  8543.1  8543.1  8543.0  8543.0  8543.1  8543.0  8543.1  8543.0  8543.0
       Avg: 8543.0, Min: 8543.0, Max: 8543.1, Diff:   0.1]
      [GC Worker Times (ms):  129.5  129.4  129.4  129.3  129.3  129.3  129.3  129.3  129.2  129.1  129.1  129.0  129.1  128.9  128.9
       Avg: 129.2, Min: 128.9, Max: 129.5, Diff:   0.6]
      [Parallel Other:   0.6 ms]
   [Clear CT:   0.6 ms]
   [Other:  14.4 ms]
      [Choose CSet:   0.0 ms]
      [Ref Proc:   9.4 ms]
      [Ref Enq:   0.1 ms]
   [Eden: 1024M(1024M)->0B(896M) Survivors: 0B->128M Heap: 1105M(2048M)->380M(2048M)]
 [Times: user=1.19 sys=0.18, real=0.14 secs] 
