0.294: [GC 0.294: [ParNew: 104960K->13042K(118016K), 0.0284337 secs] 104960K->34501K(249088K), 0.0285898 secs] [Times: user=0.01 sys=0.09, real=0.03 secs] 
0.372: [GC 0.372: [ParNew: 118002K->5695K(118016K), 0.0059070 secs] 139461K->27303K(249088K), 0.0060303 secs] [Times: user=0.00 sys=0.00, real=0.01 secs] 
0.480: [GC 0.480: [ParNew: 110655K->13031K(118016K), 0.0306192 secs] 132263K->66239K(249088K), 0.0307281 secs] [Times: user=0.06 sys=0.05, real=0.03 secs] 
0.571: [GC 0.571: [ParNew: 117991K->13050K(118016K), 0.0108908 secs] 171199K->70539K(249088K), 0.0110132 secs] [Times: user=0.03 sys=0.03, real=0.01 secs] 
0.677: [GC 0.677: [ParNew: 118010K->13046K(118016K), 0.0299506 secs] 175499K->104936K(249088K), 0.0300629 secs] [Times: user=0.06 sys=0.06, real=0.03 secs] 
0.708: [GC [1 CMS-initial-mark: 91890K(131072K)] 109176K(249088K), 0.0004006 secs] [Times: user=0.00 sys=0.00, real=0.00 secs] 
0.708: [CMS-concurrent-mark-start]
0.714: [CMS-concurrent-mark: 0.006/0.006 secs] [Times: user=0.00 sys=0.00, real=0.01 secs] 
0.714: [CMS-concurrent-preclean-start]
0.715: [CMS-concurrent-preclean: 0.001/0.001 secs] [Times: user=0.00 sys=0.00, real=0.00 secs] 
0.715: [CMS-concurrent-abortable-preclean-start]
0.769: [GC 0.769: [ParNew: 118006K->118006K(118016K), 0.0000176 secs]0.769: [CMS0.769: [CMS-concurrent-abortable-preclean: 0.001/0.055 secs] [Times: user=0.02 sys=0.00, real=0.06 secs] 
 (concurrent mode failure): 91890K->20323K(131072K), 0.0186232 secs] 209896K->20323K(249088K), [CMS Perm : 2561K->2560K(21248K)], 0.0187293 secs] [Times: user=0.01 sys=0.00, real=0.02 secs] 
0.877: [GC 0.877: [ParNew: 104960K->13040K(118016K), 0.0256080 secs] 125283K->78706K(249088K), 0.0256748 secs] [Times: user=0.08 sys=0.00, real=0.03 secs] 
0.903: [GC [1 CMS-initial-mark: 65665K(131072K)] 80841K(249088K), 0.0002073 secs] [Times: user=0.00 sys=0.00, real=0.00 secs] 
0.903: [CMS-concurrent-mark-start]
0.909: [CMS-concurrent-mark: 0.006/0.006 secs] [Times: user=0.02 sys=0.00, real=0.01 secs] 
0.909: [CMS-concurrent-preclean-start]
0.910: [CMS-concurrent-preclean: 0.001/0.001 secs] [Times: user=0.00 sys=0.00, real=0.00 secs] 
0.910: [CMS-concurrent-abortable-preclean-start]
0.969: [GC 0.969: [ParNew: 118000K->118000K(118016K), 0.0000184 secs]0.969: [CMS0.969: [CMS-concurrent-abortable-preclean: 0.001/0.059 secs] [Times: user=0.03 sys=0.00, real=0.06 secs] 
 (concurrent mode failure): 65665K->31297K(131072K), 0.0220380 secs] 183666K->31297K(249088K), [CMS Perm : 2560K->2560K(21248K)], 0.0221375 secs] [Times: user=0.02 sys=0.00, real=0.02 secs] 
1.076: [GC 1.076: [ParNew: 104960K->3789K(118016K), 0.0019298 secs] 136257K->35086K(249088K), 0.0019954 secs] [Times: user=0.00 sys=0.00, real=0.00 secs] 
1.166: [GC 1.166: [ParNew: 108749K->13032K(118016K), 0.0131036 secs] 140046K->61145K(249088K), 0.0131651 secs] [Times: user=0.00 sys=0.00, real=0.01 secs] 
1.274: [GC 1.274: [ParNew: 117992K->2515K(118016K), 0.0013031 secs] 166105K->50660K(249088K), 0.0013621 secs] [Times: user=0.00 sys=0.00, real=0.00 secs] 
1.365: [GC 1.365: [ParNew: 107475K->13024K(118016K), 0.0178735 secs] 155620K->88927K(249088K), 0.0179460 secs] [Times: user=0.06 sys=0.00, real=0.02 secs] 
1.383: [GC [1 CMS-initial-mark: 75903K(131072K)] 91063K(249088K), 0.0002257 secs] [Times: user=0.00 sys=0.00, real=0.00 secs] 
1.383: [CMS-concurrent-mark-start]
1.388: [CMS-concurrent-mark: 0.005/0.005 secs] [Times: user=0.00 sys=0.00, real=0.01 secs] 
1.388: [CMS-concurrent-preclean-start]
1.389: [CMS-concurrent-preclean: 0.001/0.001 secs] [Times: user=0.00 sys=0.00, real=0.00 secs] 
1.389: [CMS-concurrent-abortable-preclean-start]
1.473: [GC 1.473: [ParNew: 117984K->13048K(118016K), 0.0061487 secs] 193887K->89391K(249088K), 0.0062122 secs] [Times: user=0.00 sys=0.00, real=0.01 secs] 
1.565: [GC 1.565: [ParNew1.578: [CMS-concurrent-abortable-preclean: 0.002/0.190 secs] [Times: user=0.09 sys=0.00, real=0.19 secs] 
: 118008K->13040K(118016K), 0.0281748 secs] 194351K->128075K(249088K), 0.0282363 secs] [Times: user=0.03 sys=0.02, real=0.03 secs] 
1.593: [GC[YG occupancy: 15176 K (118016 K)]1.593: [Rescan (parallel) , 0.0003847 secs]1.594: [weak refs processing, 0.0000057 secs] [1 CMS-remark: 115034K(131072K)] 130210K(249088K), 0.0005792 secs] [Times: user=0.00 sys=0.00, real=0.00 secs] 
1.594: [CMS-concurrent-sweep-start]
1.595: [CMS-concurrent-sweep: 0.001/0.001 secs] [Times: user=0.00 sys=0.00, real=0.00 secs] 
1.595: [CMS-concurrent-reset-start]
1.596: [CMS-concurrent-reset: 0.001/0.001 secs] [Times: user=0.02 sys=0.00, real=0.00 secs] 
1.670: [GC 1.670: [ParNew: 118000K->12226K(118016K), 0.0055511 secs] 185171K->79405K(249088K), 0.0056142 secs] [Times: user=0.06 sys=0.00, real=0.00 secs] 
Heap
 par new generation   total 118016K, used 16252K [0x00000000eae00000, 0x00000000f2e00000, 0x00000000f2e00000)
  eden space 104960K,   3% used [0x00000000eae00000, 0x00000000eb1227b0, 0x00000000f1480000)
  from space 13056K,  99% used [0x00000000f2140000, 0x00000000f2dfc980, 0x00000000f2e00000)
  to   space 13056K,   0% used [0x00000000f1480000, 0x00000000f1480000, 0x00000000f2140000)
 concurrent mark-sweep generation total 131072K, used 67883K [0x00000000f2e00000, 0x00000000fae00000, 0x00000000fae00000)
 concurrent-mark-sweep perm gen total 21248K, used 2563K [0x00000000fae00000, 0x00000000fc2c0000, 0x0000000100000000)
