438.543: [GC pause (young) (initial-mark) (to-space exhausted), 0.1156890 secs]
   [Parallel Time: 112.6 ms, GC Workers: 2]
      [GC Worker Start (ms): Min: 438543.7, Avg: 438543.7, Max: 438543.7, Diff: 0.0]
      [Ext Root Scanning (ms): Min: 68.2, Avg: 68.7, Max: 69.2, Diff: 1.0, Sum: 137.4]
      [Update RS (ms): Min: 16.6, Avg: 16.7, Max: 16.8, Diff: 0.1, Sum: 33.4]
         [Processed Buffers: Min: 383, Avg: 393.0, Max: 403, Diff: 20, Sum: 786]
      [Scan RS (ms): Min: 0.4, Avg: 0.4, Max: 0.4, Diff: 0.0, Sum: 0.8]
      [Object Copy (ms): Min: 26.2, Avg: 26.7, Max: 27.3, Diff: 1.1, Sum: 53.5]
      [Termination (ms): Min: 0.0, Avg: 0.0, Max: 0.0, Diff: 0.0, Sum: 0.0]
      [GC Worker Other (ms): Min: 0.0, Avg: 0.0, Max: 0.0, Diff: 0.0, Sum: 0.1]
      [GC Worker Total (ms): Min: 112.6, Avg: 112.6, Max: 112.6, Diff: 0.0, Sum: 225.2]
      [GC Worker End (ms): Min: 438656.3, Avg: 438656.3, Max: 438656.3, Diff: 0.0]
   [Code Root Fixup: 0.0 ms]
   [Clear CT: 0.1 ms]
   [Other: 3.0 ms]
      [Choose CSet: 0.0 ms]
      [Ref Proc: 0.1 ms]
      [Ref Enq: 0.0 ms]
      [Free CSet: 0.3 ms]
   [Eden: 1024.0K(255.0M)->0.0B(256.0M) Survivors: 1024.0K->0.0B Heap: 4964.4M(5120.0M)->4964.4M(5120.0M)]
 [Times: user=0.22 sys=0.00, real=0.12 secs]
