0.000: [GC 0.000: [DefNew: 3967K->0K(4032K), 0.0279814 secs] 3967K->3032K(16320K), 0.0282705 secs]
0.828: [GC 0.828: [DefNew: 3967K->0K(4032K), 0.0220001 secs] 6999K->5894K(16320K), 0.0222111 secs]
1.722: [GC 1.722: [DefNew: 3967K->0K(4032K), 0.0190422 secs] 9862K->8756K(16320K), 0.0192621 secs]
1.745: [GC [1 CMS-initial-mark: 8756K(12288K)] 8758K(16320K), 0.0004943 secs]
1.746: [CMS-concurrent-mark-start]
1.788: [CMS-concurrent-mark: 0.042/0.042 secs]
1.788: [CMS-concurrent-preclean-start]
1.788: [CMS-concurrent-preclean: 0.000/0.000 secs]
1.799: [GC[YG occupancy: 369 K (4032 K)]1.799: [Rescan (non-parallel) 1.799: [grey object rescan, 0.0007172 secs]1.800: [root rescan, 0.0005899 secs], 0.0025857 secs]1.801: [weak refs processing, 0.0000549 secs] [1 CMS-remark: 8756K(12288K)] 9126K(16320K), 0.0027918 secs]
1.804: [CMS-concurrent-sweep-start]
1.807: [CMS-concurrent-sweep: 0.003/0.003 secs]
1.807: [CMS-concurrent-reset-start]
1.819: [CMS-concurrent-reset: 0.012/0.012 secs]
2.459: [GC 2.459: [DefNew: 3967K->0K(4032K), 0.0141600 secs] 8559K->7454K(16320K), 0.0143588 secs]
3.149: [GC 3.149: [DefNew: 3967K->0K(4032K), 0.0170101 secs] 11421K->10316K(16320K), 0.0172204 secs]
3.167: [GC [1 CMS-initial-mark: 10316K(12288K)] 10318K(16320K), 0.0003068 secs]
3.167: [CMS-concurrent-mark-start]
3.198: [CMS-concurrent-mark: 0.031/0.031 secs]
3.198: [CMS-concurrent-preclean-start]
3.198: [CMS-concurrent-preclean: 0.000/0.000 secs]
3.199: [GC[YG occupancy: 2 K (4032 K)]3.199: [Rescan (non-parallel) 3.199: [grey object rescan, 0.0004219 secs]3.200: [root rescan, 0.0002795 secs], 0.0013515 secs]3.200: [weak refs processing, 0.0000348 secs] [1 CMS-remark: 10316K(12288K)] 10318K(16320K), 0.0014954 secs]
3.212: [CMS-concurrent-sweep-start]
3.217: [CMS-concurrent-sweep: 0.005/0.005 secs]
3.217: [CMS-concurrent-reset-start]
3.226: [CMS-concurrent-reset: 0.009/0.009 secs]
4.120: [GC 4.120: [DefNew: 3967K->0K(4032K), 0.0153820 secs] 10116K->9011K(16320K), 0.0157941 secs]
4.136: [GC [1 CMS-initial-mark: 9011K(12288K)] 9013K(16320K), 0.0003147 secs]
4.137: [CMS-concurrent-mark-start]
4.202: [CMS-concurrent-mark: 0.065/0.065 secs]
4.202: [CMS-concurrent-preclean-start]
4.202: [CMS-concurrent-preclean: 0.000/0.000 secs]
4.213: [GC[YG occupancy: 169 K (4032 K)]4.213: [Rescan (non-parallel) 4.213: [grey object rescan, 0.0002840 secs]4.213: [root rescan, 0.0002644 secs], 0.0006420 secs]4.214: [weak refs processing, 0.0002073 secs] [1 CMS-remark: 9011K(12288K)] 9180K(16320K), 0.0009874 secs]
4.214: [CMS-concurrent-sweep-start]
4.218: [CMS-concurrent-sweep: 0.004/0.004 secs]
4.218: [CMS-concurrent-reset-start]
4.270: [CMS-concurrent-reset: 0.053/0.053 secs]
5.118: [GC 5.118: [DefNew: 3966K->0K(4032K), 0.0328585 secs] 10895K->9817K(16320K), 0.0330779 secs]
5.151: [GC [1 CMS-initial-mark: 9817K(12288K)] 9819K(16320K), 0.0003088 secs]
5.152: [CMS-concurrent-mark-start]
5.281: [CMS-concurrent-mark: 0.130/0.130 secs]
5.281: [CMS-concurrent-preclean-start]
5.281: [CMS-concurrent-preclean: 0.000/0.000 secs]
5.292: [GC[YG occupancy: 103 K (4032 K)]5.292: [Rescan (non-parallel) 5.292: [grey object rescan, 0.0002905 secs]5.293: [root rescan, 0.0002712 secs], 0.0010166 secs]5.293: [weak refs processing, 0.0000380 secs] [1 CMS-remark: 9817K(12288K)] 9921K(16320K), 0.0011943 secs]
5.293: [CMS-concurrent-sweep-start]
5.297: [CMS-concurrent-sweep: 0.003/0.003 secs]
5.297: [CMS-concurrent-reset-start]
5.306: [CMS-concurrent-reset: 0.009/0.009 secs]
6.144: [GC 6.144: [DefNew: 3967K->0K(4032K), 0.0352992 secs] 11703K->10662K(16928K), 0.0357784 secs]
6.181: [GC [1 CMS-initial-mark: 10662K(12896K)] 10664K(16928K), 0.0003076 secs]
6.181: [CMS-concurrent-mark-start]
6.293: [CMS-concurrent-mark: 0.113/0.113 secs]
6.294: [CMS-concurrent-preclean-start]
6.294: [CMS-concurrent-preclean: 0.000/0.000 secs]
6.304: [GC[YG occupancy: 37 K (4032 K)]6.304: [Rescan (non-parallel) 6.304: [grey object rescan, 0.0002917 secs]6.305: [root rescan, 0.0002367 secs], 0.0006198 secs]6.305: [weak refs processing, 0.0000925 secs] [1 CMS-remark: 10662K(12896K)] 10699K(16928K), 0.0008396 secs]
6.305: [CMS-concurrent-sweep-start]
6.309: [CMS-concurrent-sweep: 0.003/0.003 secs]
6.309: [CMS-concurrent-reset-start]
6.316: [CMS-concurrent-reset: 0.006/0.006 secs]
7.172: [GC 7.172: [DefNew: 3966K->0K(4032K), 0.0323239 secs] 12549K->11479K(18340K), 0.0325485 secs]
7.205: [GC [1 CMS-initial-mark: 11479K(14308K)] 11481K(18340K), 0.0003032 secs]
7.205: [CMS-concurrent-mark-start]
7.256: [CMS-concurrent-mark: 0.051/0.051 secs]
7.256: [CMS-concurrent-preclean-start]
7.256: [CMS-concurrent-preclean: 0.000/0.000 secs]
7.282: [GC[YG occupancy: 621 K (4032 K)]7.282: [Rescan (non-parallel) 7.282: [grey object rescan, 0.0009980 secs]7.283: [root rescan, 0.0003469 secs], 0.0015151 secs]7.284: [weak refs processing, 0.0000388 secs] [1 CMS-remark: 11479K(14308K)] 12100K(18340K), 0.0016789 secs]
7.335: [CMS-concurrent-sweep-start]
7.339: [CMS-concurrent-sweep: 0.004/0.004 secs]
7.339: [CMS-concurrent-reset-start]
7.368: [CMS-concurrent-reset: 0.029/0.029 secs]
7.911: [GC 7.911: [DefNew: 3967K->0K(4032K), 0.0158889 secs] 13366K->12261K(19700K), 0.0161083 secs]
7.928: [GC [1 CMS-initial-mark: 12261K(15668K)] 12263K(19700K), 0.0003110 secs]
7.928: [CMS-concurrent-mark-start]
7.968: [CMS-concurrent-mark: 0.040/0.040 secs]
7.968: [CMS-concurrent-preclean-start]
7.968: [CMS-concurrent-preclean: 0.000/0.000 secs]
7.970: [GC[YG occupancy: 555 K (4032 K)]7.971: [Rescan (non-parallel) 7.971: [grey object rescan, 0.0004927 secs]7.971: [root rescan, 0.0003314 secs], 0.0011307 secs]7.972: [weak refs processing, 0.0000171 secs] [1 CMS-remark: 12261K(15668K)] 12816K(19700K), 0.0012682 secs]
7.982: [CMS-concurrent-sweep-start]
7.987: [CMS-concurrent-sweep: 0.005/0.005 secs]
7.987: [CMS-concurrent-reset-start]
7.995: [CMS-concurrent-reset: 0.008/0.008 secs]
8.979: [GC 8.979: [DefNew: 3966K->0K(4032K), 0.0146369 secs] 14144K->13039K(20996K), 0.0148643 secs]
8.995: [GC [1 CMS-initial-mark: 13039K(16964K)] 13041K(20996K), 0.0003104 secs]
8.995: [CMS-concurrent-mark-start]
9.024: [CMS-concurrent-mark: 0.029/0.029 secs]
9.024: [CMS-concurrent-preclean-start]
9.024: [CMS-concurrent-preclean: 0.000/0.000 secs]
9.027: [GC[YG occupancy: 489 K (4032 K)]9.027: [Rescan (non-parallel) 9.027: [grey object rescan, 0.0005478 secs]9.027: [root rescan, 0.0003190 secs], 0.0010264 secs]9.028: [weak refs processing, 0.0000128 secs] [1 CMS-remark: 13039K(16964K)] 13529K(20996K), 0.0011544 secs]
9.038: [CMS-concurrent-sweep-start]
9.042: [CMS-concurrent-sweep: 0.004/0.004 secs]
9.042: [CMS-concurrent-reset-start]
9.080: [CMS-concurrent-reset: 0.038/0.038 secs]
9.993: [GC 9.993: [DefNew: 3967K->0K(4032K), 0.0133539 secs] 14925K->13819K(22296K), 0.0135776 secs]
10.864: [GC 10.865: [DefNew: 3967K->0K(4032K), 0.0119225 secs] 17787K->16681K(22296K), 0.0121482 secs]
10.878: [GC [1 CMS-initial-mark: 16681K(18264K)] 16683K(22296K), 0.0003122 secs]
10.878: [CMS-concurrent-mark-start]
10.913: [CMS-concurrent-mark: 0.035/0.035 secs]
10.913: [CMS-concurrent-preclean-start]
10.913: [CMS-concurrent-preclean: 0.000/0.000 secs]
10.927: [GC[YG occupancy: 355 K (4032 K)]10.927: [Rescan (non-parallel) 10.927: [grey object rescan, 0.0007553 secs]10.928: [root rescan, 0.0002942 secs], 0.0011663 secs]10.928: [weak refs processing, 0.0000116 secs] [1 CMS-remark: 16681K(18264K)] 17037K(22296K), 0.0016961 secs]
10.939: [CMS-concurrent-sweep-start]
10.944: [CMS-concurrent-sweep: 0.006/0.006 secs]
10.944: [CMS-concurrent-reset-start]
10.953: [CMS-concurrent-reset: 0.009/0.009 secs]
11.706: [GC 11.706: [DefNew: 3967K->0K(4032K), 0.0109319 secs] 16485K->15379K(24896K), 0.0111505 secs]
12.479: [GC 12.480: [DefNew: 3967K->0K(4032K), 0.0113219 secs] 19347K->18241K(24896K), 0.0115449 secs]
12.491: [GC [1 CMS-initial-mark: 18241K(20864K)] 18243K(24896K), 0.0003082 secs]
12.492: [CMS-concurrent-mark-start]
12.521: [CMS-concurrent-mark: 0.029/0.029 secs]
12.521: [CMS-concurrent-preclean-start]
12.521: [CMS-concurrent-preclean: 0.000/0.000 secs]
12.522: [GC[YG occupancy: 221 K (4032 K)]12.522: [Rescan (non-parallel) 12.522: [grey object rescan, 0.0006157 secs]12.523: [root rescan, 0.0002664 secs], 0.0009808 secs]12.523: [weak refs processing, 0.0000136 secs] [1 CMS-remark: 18241K(20864K)] 18463K(24896K), 0.0012729 secs]
12.534: [CMS-concurrent-sweep-start]
12.539: [CMS-concurrent-sweep: 0.005/0.005 secs]
12.539: [CMS-concurrent-reset-start]
12.545: [CMS-concurrent-reset: 0.006/0.006 secs]
13.331: [GC 13.331: [DefNew: 3967K->0K(4032K), 0.0145534 secs] 18045K->16939K(27496K), 0.0147863 secs]
14.081: [GC 14.081: [DefNew: 3967K->0K(4032K), 0.0180637 secs] 20907K->19844K(27496K), 0.0182869 secs]
14.100: [GC [1 CMS-initial-mark: 19844K(23464K)] 19846K(27496K), 0.0003118 secs]
14.100: [CMS-concurrent-mark-start]
14.132: [CMS-concurrent-mark: 0.031/0.031 secs]
14.132: [CMS-concurrent-preclean-start]
14.132: [CMS-concurrent-preclean: 0.000/0.000 secs]
14.133: [GC[YG occupancy: 87 K (4032 K)]14.133: [Rescan (non-parallel) 14.133: [grey object rescan, 0.0009298 secs]14.134: [root rescan, 0.0002460 secs], 0.0012991 secs]14.134: [weak refs processing, 0.0000126 secs] [1 CMS-remark: 19844K(23464K)] 19932K(27496K), 0.0014251 secs]
14.144: [CMS-concurrent-sweep-start]
14.150: [CMS-concurrent-sweep: 0.006/0.006 secs]
14.150: [CMS-concurrent-reset-start]
14.156: [CMS-concurrent-reset: 0.006/0.006 secs]
14.848: [GC 14.848: [DefNew: 3967K->0K(4032K), 0.0134474 secs] 19647K->18607K(30168K), 0.0136836 secs]
15.731: [GC 15.731: [DefNew: 3967K->0K(4032K), 0.0361836 secs] 22574K->21487K(30168K), 0.0363803 secs]
16.601: [GC 16.602: [DefNew: 3967K->0K(4032K), 0.0156575 secs] 25455K->24349K(30168K), 0.0158777 secs]
16.618: [GC [1 CMS-initial-mark: 24349K(26136K)] 24351K(30168K), 0.0003128 secs]
16.618: [CMS-concurrent-mark-start]
16.660: [CMS-concurrent-mark: 0.041/0.041 secs]
16.660: [CMS-concurrent-preclean-start]
16.660: [CMS-concurrent-preclean: 0.000/0.000 secs]
16.671: [GC[YG occupancy: 537 K (4032 K)]16.671: [Rescan (non-parallel) 16.672: [grey object rescan, 0.0005840 secs]16.672: [root rescan, 0.0003349 secs], 0.0010346 secs]16.673: [weak refs processing, 0.0000122 secs] [1 CMS-remark: 24349K(26136K)] 24886K(30168K), 0.0011653 secs]
16.673: [CMS-concurrent-sweep-start]
16.681: [CMS-concurrent-sweep: 0.008/0.008 secs]
16.681: [CMS-concurrent-reset-start]
16.690: [CMS-concurrent-reset: 0.009/0.009 secs]
17.465: [GC 17.465: [DefNew: 3966K->0K(4032K), 0.0113899 secs] 22074K->20969K(34212K), 0.0118863 secs]
18.376: [GC 18.376: [DefNew: 3967K->0K(4032K), 0.0106469 secs] 24937K->23831K(34212K), 0.0108760 secs]
19.231: [GC 19.231: [DefNew: 3967K->0K(4032K), 0.0137631 secs] 27799K->26693K(34212K), 0.0140609 secs]
19.246: [GC [1 CMS-initial-mark: 26693K(30180K)] 26695K(34212K), 0.0003081 secs]
19.246: [CMS-concurrent-mark-start]
19.280: [CMS-concurrent-mark: 0.034/0.034 secs]
19.280: [CMS-concurrent-preclean-start]
19.280: [CMS-concurrent-preclean: 0.000/0.000 secs]
19.284: [GC[YG occupancy: 337 K (4032 K)]19.285: [Rescan (non-parallel) 19.285: [grey object rescan, 0.0013024 secs]19.286: [root rescan, 0.0004019 secs], 0.0018734 secs]19.287: [weak refs processing, 0.0000119 secs] [1 CMS-remark: 26693K(30180K)] 27031K(34212K), 0.0020910 secs]
19.297: [CMS-concurrent-sweep-start]
19.307: [CMS-concurrent-sweep: 0.009/0.009 secs]
19.307: [CMS-concurrent-reset-start]
19.319: [CMS-concurrent-reset: 0.012/0.012 secs]
20.158: [GC 20.158: [DefNew: 3967K->0K(4032K), 0.0124746 secs] 24415K->23309K(38112K), 0.0127011 secs]
20.980: [GC 20.980: [DefNew: 3967K->0K(4032K), 0.0108861 secs] 27277K->26171K(38112K), 0.0111100 secs]
21.834: [GC 21.834: [DefNew: 3967K->0K(4032K), 0.0215737 secs] 30139K->29033K(38112K), 0.0218029 secs]
22.581: [GC 22.581: [DefNew: 3967K->0K(4032K), 0.0189270 secs] 33001K->31956K(38112K), 0.0191381 secs]
22.600: [GC [1 CMS-initial-mark: 31956K(34080K)] 31958K(38112K), 0.0003044 secs]
22.601: [CMS-concurrent-mark-start]
22.636: [CMS-concurrent-mark: 0.035/0.035 secs]
22.636: [CMS-concurrent-preclean-start]
22.636: [CMS-concurrent-preclean: 0.000/0.000 secs]
22.637: [GC[YG occupancy: 69 K (4032 K)]22.637: [Rescan (non-parallel) 22.637: [grey object rescan, 0.0008797 secs]22.638: [root rescan, 0.0002421 secs], 0.0012304 secs]22.638: [weak refs processing, 0.0000122 secs] [1 CMS-remark: 31956K(34080K)] 32026K(38112K), 0.0015404 secs]
22.649: [CMS-concurrent-sweep-start]
22.657: [CMS-concurrent-sweep: 0.008/0.008 secs]
22.657: [CMS-concurrent-reset-start]
22.663: [CMS-concurrent-reset: 0.006/0.006 secs]
23.480: [GC 23.480: [DefNew: 3967K->0K(4032K), 0.0204083 secs] 27596K->26555K(43416K), 0.0206329 secs]
24.510: [GC 24.511: [DefNew: 3967K->0K(4032K), 0.0172158 secs] 30523K->29417K(43416K), 0.0174277 secs]
25.287: [GC 25.287: [DefNew: 3967K->0K(4032K), 0.0123208 secs] 33385K->32279K(43416K), 0.0125338 secs]
26.456: [GC 26.456: [DefNew: 3967K->0K(4032K), 0.0180792 secs] 36247K->35141K(43416K), 0.0182998 secs]
26.475: [GC [1 CMS-initial-mark: 35141K(39384K)] 35143K(43416K), 0.0003112 secs]
26.476: [CMS-concurrent-mark-start]
26.660: [CMS-concurrent-mark: 0.184/0.184 secs]
26.660: [CMS-concurrent-preclean-start]
26.660: [CMS-concurrent-preclean: 0.000/0.000 secs]
26.674: [GC[YG occupancy: 451 K (4032 K)]26.674: [Rescan (non-parallel) 26.674: [grey object rescan, 0.0010640 secs]26.675: [root rescan, 0.0003664 secs], 0.0015617 secs]26.675: [weak refs processing, 0.0000126 secs] [1 CMS-remark: 35141K(39384K)] 35593K(43416K), 0.0016993 secs]
26.676: [CMS-concurrent-sweep-start]
26.837: [CMS-concurrent-sweep: 0.161/0.161 secs]
26.837: [CMS-concurrent-reset-start]
26.845: [CMS-concurrent-reset: 0.008/0.008 secs]
27.729: [GC 27.730: [DefNew: 3966K->0K(4032K), 0.0110540 secs] 30784K->29679K(48732K), 0.0112681 secs]
28.896: [GC 28.897: [DefNew: 3967K->0K(4032K), 0.0113816 secs] 33647K->32541K(48732K), 0.0118437 secs]
29.831: [GC 29.831: [DefNew: 3967K->0K(4032K), 0.0118977 secs] 36509K->35403K(48732K), 0.0121170 secs]
30.581: [GC 30.581: [DefNew: 3967K->0K(4032K), 0.0184976 secs] 39371K->38265K(48732K), 0.0190641 secs]
31.355: [GC 31.355: [DefNew: 3967K->0K(4032K), 0.0188239 secs] 42233K->41139K(48732K), 0.0190379 secs]
31.374: [GC [1 CMS-initial-mark: 41139K(44700K)] 41141K(48732K), 0.0003081 secs]
31.375: [CMS-concurrent-mark-start]
31.416: [CMS-concurrent-mark: 0.041/0.041 secs]
31.416: [CMS-concurrent-preclean-start]
31.416: [CMS-concurrent-preclean: 0.000/0.000 secs]
31.417: [GC[YG occupancy: 117 K (4032 K)]31.418: [Rescan (non-parallel) 31.418: [grey object rescan, 0.0011546 secs]31.419: [root rescan, 0.0002527 secs], 0.0015219 secs]31.419: [weak refs processing, 0.0000115 secs] [1 CMS-remark: 41139K(44700K)] 41257K(48732K), 0.0016472 secs]
31.429: [CMS-concurrent-sweep-start]
31.440: [CMS-concurrent-sweep: 0.011/0.011 secs]
31.441: [CMS-concurrent-reset-start]
31.447: [CMS-concurrent-reset: 0.006/0.006 secs]
32.225: [GC 32.225: [DefNew: 3967K->0K(4032K), 0.0118377 secs] 34697K->33656K(55252K), 0.0120694 secs]
33.410: [GC 33.410: [DefNew: 3967K->0K(4032K), 0.0117895 secs] 37624K->36567K(55252K), 0.0120155 secs]
34.343: [GC 34.343: [DefNew: 3967K->0K(4032K), 0.0122711 secs] 40535K->39429K(55252K), 0.0125172 secs]
35.085: [GC 35.085: [DefNew: 3967K->0K(4032K), 0.0137388 secs] 43397K->42291K(55252K), 0.0139614 secs]
35.839: [GC 35.839: [DefNew: 3967K->0K(4032K), 0.0187363 secs] 46259K->45153K(55252K), 0.0189685 secs]
36.604: [GC 36.605: [DefNew: 3967K->0K(4032K), 0.0185758 secs] 49121K->48015K(55252K), 0.0188007 secs]
36.624: [GC [1 CMS-initial-mark: 48015K(51220K)] 48017K(55252K), 0.0003108 secs]
36.624: [CMS-concurrent-mark-start]
36.660: [CMS-concurrent-mark: 0.036/0.036 secs]
36.661: [CMS-concurrent-preclean-start]
36.661: [CMS-concurrent-preclean: 0.000/0.000 secs]
36.662: [GC[YG occupancy: 365 K (4032 K)]36.663: [Rescan (non-parallel) 36.663: [grey object rescan, 0.0013950 secs]36.664: [root rescan, 0.0002973 secs], 0.0018155 secs]36.664: [weak refs processing, 0.0000132 secs] [1 CMS-remark: 48015K(51220K)] 48381K(55252K), 0.0019470 secs]
36.675: [CMS-concurrent-sweep-start]
36.688: [CMS-concurrent-sweep: 0.013/0.013 secs]
36.688: [CMS-concurrent-reset-start]
36.694: [CMS-concurrent-reset: 0.007/0.007 secs]
37.456: [GC 37.456: [DefNew: 3967K->0K(4032K), 0.0113562 secs] 39495K->38389K(63248K), 0.0115833 secs]
38.244: [GC 38.245: [DefNew: 3967K->0K(4032K), 0.0114039 secs] 42357K->41251K(63248K), 0.0116299 secs]
39.183: [GC 39.184: [DefNew: 3967K->0K(4032K), 0.0110481 secs] 45219K->44113K(63248K), 0.0112745 secs]
39.931: [GC 39.932: [DefNew: 3967K->0K(4032K), 0.0169218 secs] 48081K->47008K(63248K), 0.0171450 secs]
40.832: [GC 40.832: [DefNew: 3967K->0K(4032K), 0.0141375 secs] 50975K->49935K(63248K), 0.0143666 secs]
41.806: [GC 41.806: [DefNew: 3967K->0K(4032K), 0.0155481 secs] 53902K->52825K(63248K), 0.0157674 secs]
42.977: [GC 42.977: [DefNew: 3967K->0K(4032K), 0.0180374 secs] 56793K->55687K(63248K), 0.0182569 secs]
42.996: [GC [1 CMS-initial-mark: 55687K(59216K)] 55689K(63248K), 0.0003088 secs]
42.996: [CMS-concurrent-mark-start]
43.034: [CMS-concurrent-mark: 0.038/0.038 secs]
43.034: [CMS-concurrent-preclean-start]
43.034: [CMS-concurrent-preclean: 0.000/0.000 secs]
43.054: [GC[YG occupancy: 547 K (4032 K)]43.054: [Rescan (non-parallel) 43.054: [grey object rescan, 0.0008633 secs]43.055: [root rescan, 0.0003871 secs], 0.0013718 secs]43.056: [weak refs processing, 0.0000124 secs] [1 CMS-remark: 55687K(59216K)] 56234K(63248K), 0.0015043 secs]
43.056: [CMS-concurrent-sweep-start]
43.080: [CMS-concurrent-sweep: 0.024/0.024 secs]
43.080: [CMS-concurrent-reset-start]
43.200: [CMS-concurrent-reset: 0.120/0.120 secs]
43.955: [GC 43.956: [DefNew: 3966K->0K(4032K), 0.0114731 secs] 45084K->43979K(65472K), 0.0116946 secs]
44.854: [GC 44.855: [DefNew: 3967K->0K(4032K), 0.0107266 secs] 47947K->46841K(65472K), 0.0109590 secs]
45.557: [GC 45.557: [DefNew: 3967K->0K(4032K), 0.0111369 secs] 50809K->49703K(65472K), 0.0115991 secs]
46.389: [GC 46.389: [DefNew: 3967K->0K(4032K), 0.0110291 secs] 53671K->52565K(65472K), 0.0112492 secs]
47.217: [GC 47.217: [DefNew: 3967K->0K(4032K), 0.0110692 secs] 56533K->55427K(65472K), 0.0116894 secs]
47.956: [GC 47.956: [DefNew: 3967K->0K(4032K), 0.0184188 secs] 59395K->58289K(65472K), 0.0186492 secs]
47.976: [GC [1 CMS-initial-mark: 58289K(61440K)] 58291K(65472K), 0.0003126 secs]
47.976: [CMS-concurrent-mark-start]
48.020: [CMS-concurrent-mark: 0.044/0.044 secs]
48.020: [CMS-concurrent-preclean-start]
48.020: [CMS-concurrent-preclean: 0.000/0.000 secs]
48.032: [GC[YG occupancy: 147 K (4032 K)]48.032: [Rescan (non-parallel) 48.032: [grey object rescan, 0.0012513 secs]48.033: [root rescan, 0.0002644 secs], 0.0016507 secs]48.034: [weak refs processing, 0.0000114 secs] [1 CMS-remark: 58289K(61440K)] 58436K(65472K), 0.0017810 secs]
48.034: [CMS-concurrent-sweep-start]
48.060: [CMS-concurrent-sweep: 0.026/0.026 secs]
48.060: [CMS-concurrent-reset-start]
48.068: [CMS-concurrent-reset: 0.008/0.008 secs]
49.231: [GC 49.231: [DefNew: 3966K->0K(4032K), 0.0120849 secs] 49764K->48708K(65472K), 0.0123147 secs]
50.235: [GC 50.235: [DefNew: 3967K->0K(4032K), 0.0129225 secs] 52675K->51635K(65472K), 0.0131771 secs]
51.167: [GC 51.167: [DefNew: 3967K->0K(4032K), 0.0151326 secs] 55602K->54509K(65472K), 0.0153555 secs]
51.955: [GC 51.955: [DefNew: 3967K->0K(4032K), 0.0111900 secs] 58477K->57371K(65472K), 0.0114138 secs]
51.967: [GC [1 CMS-initial-mark: 57371K(61440K)] 57373K(65472K), 0.0003093 secs]
51.967: [CMS-concurrent-mark-start]
52.008: [CMS-concurrent-mark: 0.040/0.040 secs]
52.008: [CMS-concurrent-preclean-start]
52.008: [CMS-concurrent-preclean: 0.000/0.000 secs]
52.010: [GC[YG occupancy: 531 K (4032 K)]52.010: [Rescan (non-parallel) 52.010: [grey object rescan, 0.0017814 secs]52.012: [root rescan, 0.0003286 secs], 0.0022396 secs]52.013: [weak refs processing, 0.0000123 secs] [1 CMS-remark: 57371K(61440K)] 57902K(65472K), 0.0023695 secs]
52.023: [CMS-concurrent-sweep-start]
52.037: [CMS-concurrent-sweep: 0.014/0.014 secs]
52.037: [CMS-concurrent-reset-start]
52.043: [CMS-concurrent-reset: 0.006/0.006 secs]
52.835: [GC 52.835: [DefNew: 3966K->0K(4032K), 0.0110421 secs] 53014K->51909K(65472K), 0.0112707 secs]
53.580: [GC 53.580: [DefNew: 3967K->0K(4032K), 0.0111160 secs] 55877K->54771K(65472K), 0.0113391 secs]
54.312: [GC 54.312: [DefNew: 3967K->0K(4032K), 0.0112874 secs] 58739K->57633K(65472K), 0.0115049 secs]
54.324: [GC [1 CMS-initial-mark: 57633K(61440K)] 57635K(65472K), 0.0003083 secs]
54.324: [CMS-concurrent-mark-start]
54.365: [CMS-concurrent-mark: 0.041/0.041 secs]
54.365: [CMS-concurrent-preclean-start]
54.365: [CMS-concurrent-preclean: 0.000/0.000 secs]
54.368: [GC[YG occupancy: 331 K (4032 K)]54.368: [Rescan (non-parallel) 54.368: [grey object rescan, 0.0019963 secs]54.370: [root rescan, 0.0003489 secs], 0.0024876 secs]54.370: [weak refs processing, 0.0000118 secs] [1 CMS-remark: 57633K(61440K)] 57965K(65472K), 0.0026196 secs]
54.377: [CMS-concurrent-sweep-start]
54.391: [CMS-concurrent-sweep: 0.014/0.014 secs]
54.391: [CMS-concurrent-reset-start]
54.397: [CMS-concurrent-reset: 0.006/0.006 secs]
55.098: [GC 55.098: [DefNew: 3967K->0K(4032K), 0.0115265 secs] 55355K->54249K(65472K), 0.0117539 secs]
56.081: [GC 56.081: [DefNew: 3967K->0K(4032K), 0.0114547 secs] 58217K->57111K(65472K), 0.0117263 secs]
56.093: [GC [1 CMS-initial-mark: 57111K(61440K)] 57113K(65472K), 0.0004367 secs]
56.094: [CMS-concurrent-mark-start]
56.139: [CMS-concurrent-mark: 0.045/0.045 secs]
56.139: [CMS-concurrent-preclean-start]
56.139: [CMS-concurrent-preclean: 0.000/0.000 secs]
56.141: [GC[YG occupancy: 197 K (4032 K)]56.141: [Rescan (non-parallel) 56.141: [grey object rescan, 0.0020685 secs]56.143: [root rescan, 0.0003761 secs], 0.0025920 secs]56.144: [weak refs processing, 0.0001199 secs] [1 CMS-remark: 57111K(61440K)] 57309K(65472K), 0.0028462 secs]
56.154: [CMS-concurrent-sweep-start]
56.251: [CMS-concurrent-sweep: 0.097/0.097 secs]
56.251: [CMS-concurrent-reset-start]
56.260: [CMS-concurrent-reset: 0.008/0.008 secs]
56.996: [GC 56.997: [DefNew: 3967K->0K(4032K), 0.0123638 secs] 56915K->55809K(65472K), 0.0131907 secs]
57.980: [GC 57.980: [DefNew: 3967K->0K(4032K), 0.0127221 secs] 59777K->58736K(65472K), 0.0129396 secs]
57.993: [GC [1 CMS-initial-mark: 58736K(61440K)] 58738K(65472K), 0.0003071 secs]
57.994: [CMS-concurrent-mark-start]
58.060: [CMS-concurrent-mark: 0.067/0.067 secs]
58.060: [CMS-concurrent-preclean-start]
58.060: [CMS-concurrent-preclean: 0.000/0.000 secs]
58.071: [GC[YG occupancy: 63 K (4032 K)]58.072: [Rescan (non-parallel) 58.072: [grey object rescan, 0.0008873 secs]58.073: [root rescan, 0.0002490 secs], 0.0012418 secs]58.073: [weak refs processing, 0.0000127 secs] [1 CMS-remark: 58736K(61440K)] 58800K(65472K), 0.0013727 secs]
58.073: [CMS-concurrent-sweep-start]
58.092: [CMS-concurrent-sweep: 0.019/0.019 secs]
58.092: [CMS-concurrent-reset-start]
58.121: [CMS-concurrent-reset: 0.029/0.029 secs]
58.983: [GC 58.984: [DefNew: 3966K->0K(4032K), 0.0114712 secs] 58541K->57497K(65472K), 0.0116866 secs]
58.996: [GC [1 CMS-initial-mark: 57497K(61440K)] 57499K(65472K), 0.0003113 secs]
58.996: [CMS-concurrent-mark-start]
59.043: [CMS-concurrent-mark: 0.047/0.047 secs]
59.043: [CMS-concurrent-preclean-start]
59.043: [CMS-concurrent-preclean: 0.000/0.000 secs]
59.059: [GC[YG occupancy: 647 K (4032 K)]59.060: [Rescan (non-parallel) 59.060: [grey object rescan, 0.0019069 secs]59.062: [root rescan, 0.0003522 secs], 0.0023939 secs]59.062: [weak refs processing, 0.0000129 secs] [1 CMS-remark: 57497K(61440K)] 58145K(65472K), 0.0025295 secs]
59.072: [CMS-concurrent-sweep-start]
59.085: [CMS-concurrent-sweep: 0.013/0.013 secs]
59.085: [CMS-concurrent-reset-start]
59.092: [CMS-concurrent-reset: 0.007/0.007 secs]
59.830: [GC 59.830: [DefNew: 3967K->0K(4032K), 0.0107272 secs] 59385K->58279K(65472K), 0.0109517 secs]
59.848: [GC [1 CMS-initial-mark: 58279K(61440K)] 58281K(65472K), 0.0003160 secs]
59.849: [CMS-concurrent-mark-start]
60.017: [CMS-concurrent-mark: 0.167/0.167 secs]
60.017: [CMS-concurrent-preclean-start]
60.017: [CMS-concurrent-preclean: 0.000/0.000 secs]
60.028: [GC[YG occupancy: 581 K (4032 K)]60.028: [Rescan (non-parallel) 60.028: [grey object rescan, 0.0011430 secs]60.029: [root rescan, 0.0003629 secs], 0.0016447 secs]60.030: [weak refs processing, 0.0000134 secs] [1 CMS-remark: 58279K(61440K)] 58861K(65472K), 0.0017870 secs]
60.030: [CMS-concurrent-sweep-start]
60.044: [CMS-concurrent-sweep: 0.014/0.014 secs]
60.044: [CMS-concurrent-reset-start]
60.056: [CMS-concurrent-reset: 0.012/0.012 secs]
60.705: [GC 60.706: [DefNew: 3966K->0K(4032K), 0.0147094 secs] 60164K->59059K(65472K), 0.0149398 secs]
60.721: [GC [1 CMS-initial-mark: 59059K(61440K)] 59061K(65472K), 0.0003203 secs]
60.721: [CMS-concurrent-mark-start]
60.773: [CMS-concurrent-mark: 0.052/0.052 secs]
60.773: [CMS-concurrent-preclean-start]
60.773: [CMS-concurrent-preclean: 0.000/0.000 secs]
60.775: [GC[YG occupancy: 515 K (4032 K)]60.775: [Rescan (non-parallel) 60.775: [grey object rescan, 0.0019929 secs]60.777: [root rescan, 0.0003277 secs], 0.0024594 secs]60.778: [weak refs processing, 0.0000119 secs] [1 CMS-remark: 59059K(61440K)] 59575K(65472K), 0.0025921 secs]
60.778: [CMS-concurrent-sweep-start]
60.792: [CMS-concurrent-sweep: 0.014/0.014 secs]
60.792: [CMS-concurrent-reset-start]
60.798: [CMS-concurrent-reset: 0.006/0.006 secs]
61.492: [GC 61.492: [DefNew: 3967K->0K(4032K), 0.0135746 secs] 60945K->59839K(65472K), 0.0137947 secs]
61.510: [GC [1 CMS-initial-mark: 59839K(61440K)] 59841K(65472K), 0.0003157 secs]
61.511: [CMS-concurrent-mark-start]
61.554: [CMS-concurrent-mark: 0.043/0.043 secs]
61.555: [CMS-concurrent-preclean-start]
61.555: [CMS-concurrent-preclean: 0.000/0.000 secs]
61.567: [GC[YG occupancy: 449 K (4032 K)]61.567: [Rescan (non-parallel) 61.567: [grey object rescan, 0.0021409 secs]61.570: [root rescan, 0.0003172 secs], 0.0026062 secs]61.570: [weak refs processing, 0.0000127 secs] [1 CMS-remark: 59839K(61440K)] 60289K(65472K), 0.0027348 secs]
61.580: [CMS-concurrent-sweep-start]
61.593: [CMS-concurrent-sweep: 0.013/0.013 secs]
61.594: [CMS-concurrent-reset-start]
61.600: [CMS-concurrent-reset: 0.007/0.007 secs]
62.341: [GC 62.341: [DefNew: 3966K->0K(4032K), 0.0136386 secs] 61724K->60619K(65472K), 0.0138506 secs]
62.355: [GC [1 CMS-initial-mark: 60619K(61440K)] 60621K(65472K), 0.0003071 secs]
62.355: [CMS-concurrent-mark-start]
62.432: [CMS-concurrent-mark: 0.077/0.077 secs]
62.432: [CMS-concurrent-preclean-start]
62.432: [CMS-concurrent-preclean: 0.000/0.000 secs]
62.437: [GC[YG occupancy: 383 K (4032 K)]62.437: [Rescan (non-parallel) 62.437: [grey object rescan, 0.0019762 secs]62.440: [root rescan, 0.0003015 secs], 0.0024128 secs]62.440: [weak refs processing, 0.0000118 secs] [1 CMS-remark: 60619K(61440K)] 61003K(65472K), 0.0025401 secs]
62.450: [CMS-concurrent-sweep-start]
62.463: [CMS-concurrent-sweep: 0.013/0.013 secs]
62.463: [CMS-concurrent-reset-start]
62.470: [CMS-concurrent-reset: 0.007/0.007 secs]
63.345: [GC 63.345: [DefNew: 3967K->3967K(4032K), 0.0000337 secs]63.345: [CMS: 58537K->59316K(61440K), 0.4658001 secs] 62505K->59316K(65472K), 0.4660916 secs]
63.811: [GC [1 CMS-initial-mark: 59316K(61440K)] 59318K(65472K), 0.0003108 secs]
63.812: [CMS-concurrent-mark-start]
63.857: [CMS-concurrent-mark: 0.045/0.045 secs]
63.857: [CMS-concurrent-preclean-start]
63.857: [CMS-concurrent-preclean: 0.000/0.000 secs]
63.868: [GC[YG occupancy: 317 K (4032 K)]63.868: [Rescan (non-parallel) 63.868: [grey object rescan, 0.0008942 secs]63.869: [root rescan, 0.0002982 secs], 0.0013049 secs]63.870: [weak refs processing, 0.0000122 secs] [1 CMS-remark: 59316K(61440K)] 59634K(65472K), 0.0014400 secs]
63.870: [CMS-concurrent-sweep-start]
63.882: [CMS-concurrent-sweep: 0.012/0.012 secs]
63.882: [CMS-concurrent-reset-start]
63.889: [CMS-concurrent-reset: 0.007/0.007 secs]
64.557: [GC 64.557: [DefNew: 3966K->3966K(4032K), 0.0000334 secs]64.557: [CMS: 59316K->60096K(61440K), 0.1410642 secs] 63283K->60096K(65472K), 0.1413870 secs]
64.699: [GC [1 CMS-initial-mark: 60096K(61440K)] 60098K(65472K), 0.0003234 secs]
64.699: [CMS-concurrent-mark-start]
64.746: [CMS-concurrent-mark: 0.046/0.046 secs]
64.746: [CMS-concurrent-preclean-start]
64.746: [CMS-concurrent-preclean: 0.000/0.000 secs]
64.760: [GC[YG occupancy: 251 K (4032 K)]64.760: [Rescan (non-parallel) 64.760: [grey object rescan, 0.0010740 secs]64.761: [root rescan, 0.0002804 secs], 0.0014820 secs]64.761: [weak refs processing, 0.0000116 secs] [1 CMS-remark: 60096K(61440K)] 60348K(65472K), 0.0016110 secs]
64.762: [CMS-concurrent-sweep-start]
64.775: [CMS-concurrent-sweep: 0.013/0.013 secs]
64.775: [CMS-concurrent-reset-start]
64.782: [CMS-concurrent-reset: 0.007/0.007 secs]
65.480: [GC 65.480: [DefNew: 3967K->3967K(4032K), 0.0000347 secs]65.480: [CMS: 60096K->60876K(61440K), 0.2304448 secs] 64064K->60876K(65472K), 0.2307934 secs]
65.711: [GC [1 CMS-initial-mark: 60876K(61440K)] 60878K(65472K), 0.0003255 secs]
65.712: [CMS-concurrent-mark-start]
65.764: [CMS-concurrent-mark: 0.052/0.052 secs]
65.764: [CMS-concurrent-preclean-start]
65.764: [CMS-concurrent-preclean: 0.000/0.000 secs]
65.775: [GC[YG occupancy: 185 K (4032 K)]65.775: [Rescan (non-parallel) 65.775: [grey object rescan, 0.0009075 secs]65.776: [root rescan, 0.0002799 secs], 0.0013076 secs]65.776: [weak refs processing, 0.0000131 secs] [1 CMS-remark: 60876K(61440K)] 61062K(65472K), 0.0014477 secs]
65.776: [CMS-concurrent-sweep-start]
65.790: [CMS-concurrent-sweep: 0.013/0.013 secs]
65.790: [CMS-concurrent-reset-start]
65.797: [CMS-concurrent-reset: 0.007/0.007 secs]
66.456: [GC 66.456: [DefNew: 3966K->3966K(4032K), 0.0000318 secs]66.456: [CMS: 60876K->61439K(61440K), 0.1660886 secs] 64843K->61666K(65472K), 0.1666542 secs]
66.623: [GC [1 CMS-initial-mark: 61439K(61440K)] 61668K(65472K), 0.0003621 secs]
66.623: [CMS-concurrent-mark-start]
66.675: [CMS-concurrent-mark: 0.051/0.051 secs]
66.675: [CMS-concurrent-preclean-start]
66.675: [CMS-concurrent-preclean: 0.000/0.000 secs]
66.736: [GC[YG occupancy: 346 K (4032 K)]66.736: [Rescan (non-parallel) 66.736: [grey object rescan, 0.0216997 secs]66.758: [root rescan, 0.0041794 secs], 0.0261508 secs]66.762: [weak refs processing, 0.0000134 secs] [1 CMS-remark: 61439K(61440K)] 61786K(65472K), 0.0264556 secs]
66.762: [CMS-concurrent-sweep-start]
66.788: [CMS-concurrent-sweep: 0.025/0.025 secs]
66.788: [CMS-concurrent-reset-start]
66.816: [CMS-concurrent-reset: 0.028/0.028 secs]
67.456: [GC 67.456: [DefNew: 3966K->3966K(4032K), 0.0000339 secs]67.456: [CMS: 61439K->61438K(61440K), 0.1234406 secs] 65406K->62436K(65472K), 0.1237715 secs]
67.581: [GC [1 CMS-initial-mark: 61438K(61440K)] 62438K(65472K), 0.0005098 secs]
67.582: [CMS-concurrent-mark-start]
67.661: [CMS-concurrent-mark: 0.079/0.079 secs]
67.661: [CMS-concurrent-preclean-start]
67.661: [CMS-concurrent-preclean: 0.000/0.000 secs]
67.695: [GC[YG occupancy: 1279 K (4032 K)]67.695: [Rescan (non-parallel) 67.695: [grey object rescan, 0.0242487 secs]67.720: [root rescan, 0.0004876 secs], 0.0249518 secs]67.720: [weak refs processing, 0.0000136 secs] [1 CMS-remark: 61438K(61440K)] 62717K(65472K), 0.0250999 secs]
67.720: [CMS-concurrent-sweep-start]
67.757: [CMS-concurrent-sweep: 0.036/0.036 secs]
67.757: [CMS-concurrent-reset-start]
67.768: [CMS-concurrent-reset: 0.011/0.011 secs]
68.223: [GC 68.223: [DefNew: 3967K->3967K(4032K), 0.0000304 secs]68.223: [CMS: 61438K->61440K(61440K), 0.2258586 secs] 65405K->63086K(65472K), 0.2261634 secs]
68.449: [GC [1 CMS-initial-mark: 61440K(61440K)] 63088K(65472K), 0.0009270 secs]
68.450: [CMS-concurrent-mark-start]
68.516: [CMS-concurrent-mark: 0.065/0.065 secs]
68.516: [CMS-concurrent-preclean-start]
68.516: [CMS-concurrent-preclean: 0.000/0.000 secs]
68.576: [CMS-concurrent-abortable-preclean-start]
68.576: [CMS-concurrent-abortable-preclean: 0.000/0.000 secs]
68.587: [GC[YG occupancy: 2209 K (4032 K)]68.587: [Rescan (non-parallel) 68.587: [grey object rescan, 0.0120795 secs]68.599: [root rescan, 0.0009159 secs], 0.0132099 secs]68.600: [weak refs processing, 0.0000124 secs] [1 CMS-remark: 61440K(61440K)] 63649K(65472K), 0.0133519 secs]
68.600: [CMS-concurrent-sweep-start]
68.627: [CMS-concurrent-sweep: 0.027/0.027 secs]
68.627: [CMS-concurrent-reset-start]
68.634: [CMS-concurrent-reset: 0.007/0.007 secs]
68.861: [GC 68.862: [DefNew: 3967K->3967K(4032K), 0.0000332 secs]68.862: [CMS: 61440K->61438K(61440K), 0.1744556 secs] 65407K->63476K(65472K), 0.1747834 secs]
69.037: [GC [1 CMS-initial-mark: 61438K(61440K)] 63478K(65472K), 0.0007124 secs]
69.038: [CMS-concurrent-mark-start]
69.165: [CMS-concurrent-mark: 0.128/0.128 secs]
69.165: [CMS-concurrent-preclean-start]
69.165: [CMS-concurrent-preclean: 0.000/0.000 secs]
69.212: [CMS-concurrent-abortable-preclean-start]
69.213: [CMS-concurrent-abortable-preclean: 0.000/0.000 secs]
69.213: [GC[YG occupancy: 2882 K (4032 K)]69.213: [Rescan (non-parallel) 69.213: [grey object rescan, 0.0223781 secs]69.236: [root rescan, 0.0011242 secs], 0.0237194 secs]69.237: [weak refs processing, 0.0000136 secs] [1 CMS-remark: 61438K(61440K)] 64320K(65472K), 0.0238714 secs]
69.237: [CMS-concurrent-sweep-start]
69.274: [CMS-concurrent-sweep: 0.037/0.037 secs]
69.274: [CMS-concurrent-reset-start]
69.283: [CMS-concurrent-reset: 0.008/0.008 secs]
69.481: [GC 69.482: [DefNew: 3967K->3967K(4032K), 0.0000325 secs]69.482: [CMS: 61438K->61439K(61440K), 0.3008545 secs] 65405K->63866K(65472K), 0.3011720 secs]
69.783: [GC [1 CMS-initial-mark: 61439K(61440K)] 63868K(65472K), 0.0007814 secs]
69.784: [CMS-concurrent-mark-start]
69.835: [CMS-concurrent-mark: 0.051/0.051 secs]
69.835: [CMS-concurrent-preclean-start]
69.835: [CMS-concurrent-preclean: 0.000/0.000 secs]
69.871: [CMS-concurrent-abortable-preclean-start]
69.871: [CMS-concurrent-abortable-preclean: 0.000/0.000 secs]
69.887: [GC[YG occupancy: 2642 K (4032 K)]69.887: [Rescan (non-parallel) 69.887: [grey object rescan, 0.0331261 secs]69.920: [root rescan, 0.0007056 secs], 0.0340359 secs]69.921: [weak refs processing, 0.0000127 secs] [1 CMS-remark: 61439K(61440K)] 64082K(65472K), 0.0341727 secs]
69.921: [CMS-concurrent-sweep-start]
69.935: [CMS-concurrent-sweep: 0.014/0.014 secs]
69.935: [CMS-concurrent-reset-start]
69.959: [CMS-concurrent-reset: 0.024/0.024 secs]
70.227: [GC 70.227: [DefNew: 3967K->3967K(4032K), 0.0000298 secs]70.227: [CMS: 61439K->61439K(61440K), 0.2012631 secs] 65407K->64256K(65472K), 0.2015607 secs]
70.429: [GC [1 CMS-initial-mark: 61439K(61440K)] 64258K(65472K), 0.0008494 secs]
70.430: [CMS-concurrent-mark-start]
70.475: [CMS-concurrent-mark: 0.045/0.045 secs]
70.475: [CMS-concurrent-preclean-start]
70.475: [CMS-concurrent-preclean: 0.000/0.000 secs]
70.526: [CMS-concurrent-abortable-preclean-start]
70.526: [CMS-concurrent-abortable-preclean: 0.000/0.000 secs]
70.536: [GC[YG occupancy: 3442 K (4032 K)]70.536: [Rescan (non-parallel) 70.536: [grey object rescan, 0.0118367 secs]70.548: [root rescan, 0.0010977 secs], 0.0131519 secs]70.549: [weak refs processing, 0.0000129 secs] [1 CMS-remark: 61439K(61440K)] 64882K(65472K), 0.0132908 secs]
70.549: [CMS-concurrent-sweep-start]
70.563: [CMS-concurrent-sweep: 0.014/0.014 secs]
70.563: [CMS-concurrent-reset-start]
70.582: [CMS-concurrent-reset: 0.019/0.019 secs]
70.581: [GC 70.582: [DefNew: 3968K->3968K(4032K), 0.0000342 secs]70.582: [CMS: 61439K->61439K(61440K), 0.2712248 secs] 65407K->64390K(65472K), 0.2715590 secs]
70.854: [GC [1 CMS-initial-mark: 61439K(61440K)] 64446K(65472K), 0.0010896 secs]
70.855: [CMS-concurrent-mark-start]
71.248: [CMS-concurrent-mark: 0.392/0.392 secs]
71.231: [Full GC 71.231: [CMS: 61439K->61439K(61440K), 0.7911532 secs] 65467K->64646K(65472K), [CMS Perm : 1500K->1500K(8192K)], 0.7914922 secs]
72.231: [Full GC 72.231: [CMS: 61439K->61439K(61440K), 0.6517357 secs] 65469K->64776K(65472K), [CMS Perm : 1500K->1500K(8192K)], 0.6524975 secs]
72.884: [GC [1 CMS-initial-mark: 61439K(61440K)] 64778K(65472K), 0.0010302 secs]
72.885: [CMS-concurrent-mark-start]
72.933: [CMS-concurrent-mark: 0.048/0.048 secs]
72.933: [CMS-concurrent-preclean-start]
72.933: [CMS-concurrent-preclean: 0.000/0.000 secs]
72.972: [CMS-concurrent-abortable-preclean-start]
72.972: [CMS-concurrent-abortable-preclean: 0.000/0.000 secs]
73.001: [GC[YG occupancy: 3514 K (4032 K)]73.001: [Rescan (non-parallel) 73.001: [grey object rescan, 0.0176665 secs]73.019: [root rescan, 0.0010262 secs], 0.0189102 secs]73.020: [weak refs processing, 0.0000120 secs] [1 CMS-remark: 61439K(61440K)] 64953K(65472K), 0.0190502 secs]
73.030: [CMS-concurrent-sweep-start]
73.075: [CMS-concurrent-sweep: 0.045/0.045 secs]
73.072: [Full GC 73.072: [CMS: 61439K->61439K(61440K), 0.2756809 secs] 65469K->64906K(65472K), [CMS Perm : 1500K->1500K(8192K)], 0.2759458 secs]
73.528: [Full GC 73.528: [CMS: 61439K->61439K(61440K), 0.8804905 secs] 65469K->65036K(65472K), [CMS Perm : 1500K->1500K(8192K)], 0.8807347 secs]
74.448: [GC [1 CMS-initial-mark: 61439K(61440K)] 65038K(65472K), 0.0009950 secs]
74.450: [CMS-concurrent-mark-start]
74.527: [CMS-concurrent-mark: 0.077/0.077 secs]
74.527: [CMS-concurrent-preclean-start]
74.527: [CMS-concurrent-preclean: 0.000/0.000 secs]
74.554: [CMS-concurrent-abortable-preclean-start]
74.554: [CMS-concurrent-abortable-preclean: 0.000/0.000 secs]
74.565: [GC[YG occupancy: 3818 K (4032 K)]74.565: [Rescan (non-parallel) 74.565: [grey object rescan, 0.3143925 secs]74.880: [root rescan, 0.0012457 secs], 0.3161845 secs]74.881: [weak refs processing, 0.0000127 secs] [1 CMS-remark: 61439K(61440K)] 65258K(65472K), 0.3163279 secs]
74.892: [Full GC 74.892: [CMS: 61439K->61439K(61440K), 0.7882826 secs] 65469K->65166K(65472K), [CMS Perm : 1500K->1500K(8192K)], 0.7885206 secs]
75.684: [Full GC 75.684: [CMS: 61439K->61439K(61440K), 0.3978382 secs] 65469K->65166K(65472K), [CMS Perm : 1500K->1500K(8192K)], 0.3981137 secs]
76.082: [GC [1 CMS-initial-mark: 61439K(61440K)] 65168K(65472K), 0.0017063 secs]
76.084: [CMS-concurrent-mark-start]
76.130: [CMS-concurrent-mark: 0.046/0.046 secs]
76.130: [CMS-concurrent-preclean-start]
76.130: [CMS-concurrent-preclean: 0.000/0.000 secs]
76.259: [Full GC 76.259: [CMS: 61439K->61439K(61440K), 0.2628698 secs] 65469K->65296K(65472K), [CMS Perm : 1500K->1500K(8192K)], 0.2631230 secs]
76.523: [Full GC 76.523: [CMS: 61439K->61439K(61440K), 0.2516468 secs] 65469K->65296K(65472K), [CMS Perm : 1500K->1500K(8192K)], 0.2518961 secs]
76.775: [GC [1 CMS-initial-mark: 61439K(61440K)] 65298K(65472K), 0.0010573 secs]
76.776: [CMS-concurrent-mark-start]
76.822: [CMS-concurrent-mark: 0.045/0.045 secs]
76.822: [CMS-concurrent-preclean-start]
76.822: [CMS-concurrent-preclean: 0.000/0.000 secs]
76.851: [CMS-concurrent-abortable-preclean-start]
76.851: [CMS-concurrent-abortable-preclean: 0.000/0.000 secs]
76.851: [Full GC 76.851: [CMS: 61439K->61439K(61440K), 0.4278083 secs] 65469K->65296K(65472K), [CMS Perm : 1500K->1500K(8192K)], 0.4280475 secs]
77.380: [Full GC 77.380: [CMS: 61439K->61439K(61440K), 0.2051896 secs] 65469K->65426K(65472K), [CMS Perm : 1500K->1500K(8192K)], 0.2054356 secs]
77.585: [Full GC 77.586: [CMS: 61439K->61439K(61440K), 0.2273116 secs] 65426K->65426K(65472K), [CMS Perm : 1500K->1500K(8192K)], 0.2275474 secs]
77.813: [GC [1 CMS-initial-mark: 61439K(61440K)] 65426K(65472K), 0.0011499 secs]
77.815: [CMS-concurrent-mark-start]
77.865: [CMS-concurrent-mark: 0.050/0.050 secs]
77.868: [CMS-concurrent-preclean-start]
77.868: [CMS-concurrent-preclean: 0.000/0.000 secs]
77.892: [CMS-concurrent-abortable-preclean-start]
77.892: [CMS-concurrent-abortable-preclean: 0.000/0.000 secs]
77.902: [GC[YG occupancy: 3988 K (4032 K)]77.903: [Rescan (non-parallel) 77.903: [grey object rescan, 0.0111322 secs]77.914: [root rescan, 0.0010166 secs], 0.0123662 secs]77.915: [weak refs processing, 0.0000119 secs] [1 CMS-remark: 61439K(61440K)] 65427K(65472K), 0.0125039 secs]
77.915: [CMS-concurrent-sweep-start]
77.929: [CMS-concurrent-sweep: 0.014/0.014 secs]
77.930: [CMS-concurrent-reset-start]
77.936: [CMS-concurrent-reset: 0.007/0.007 secs]
