{Heap before GC invocations=23436 (full 1133):
 garbage-first heap   total 10485760K, used 7577138K [0x0000000570000000, 0x00000007f0000000, 0x00000007f0000000)
  region size 4096K, 694 young (2842624K), 1 survivors (4096K)
 compacting perm gen  total 143360K, used 139630K [0x00000007f0000000, 0x00000007f8c00000, 0x0000000800000000)
   the space 143360K,  97% used [0x00000007f0000000, 0x00000007f885bb90, 0x00000007f885bc00, 0x00000007f8c00000)
No shared spaces configured.
208883.943: [GC pause (young) (initial-mark), 0.03643900 secs]
   [Parallel Time:  21.3 ms]
      [GC Worker Start Time (ms):  208883944.2  208883944.3  208883944.3  208883944.4  208883944.5  208883944.5  208883944.5  208883944.6  208883944.7  208883944.7  208883944.7  208883944.7  208883944.7  208883944.7  208883944.8  208883944.9  208883944.9  208883944.9  208883944.9  208883945.1  208883945.1  208883945.1  208883945.2  208883945.2  208883945.3  208883945.3  208883945.4  208883945.4  208883945.5  208883945.6  208883945.7  208883945.7  208883945.8  208883946.0  208883946.1  208883946.1  208883946.1  208883946.1  208883946.1  208883946.2]
      [Update RS (ms):  2.9  2.8  3.0  2.5  3.3  2.8  3.3  2.9  0.9  3.0  2.9  3.0  2.8  3.2  2.9  3.1  3.8  2.9  2.9  3.1  2.7  2.9  2.6  2.9  3.0  3.1  2.9  3.1  3.0  3.0  3.0  3.0  3.0  3.0  2.8  2.8  3.2  2.7  3.7  2.8
       Avg:   2.9, Min:   0.9, Max:   3.8]
         [Processed Buffers : 13 11 12 11 5 16 13 18 4 10 13 14 18 11 11 8 12 11 17 14 11 6 14 10 15 10 14 6 3 13 11 9 8 6 12 17 4 13 17 16
          Sum: 457, Avg: 11, Min: 3, Max: 18]
      [Ext Root Scanning (ms):  2.6  2.8  2.5  2.8  2.3  2.5  2.4  2.2  3.5  2.3  2.5  2.1  2.3  2.1  2.0  2.0  2.0  2.1  2.0  2.1  2.2  1.9  2.0  1.9  1.6  1.6  1.6  1.5  1.5  1.3  1.2  1.2  1.1  1.1  1.0  1.0  0.9  1.1  1.0  1.0
       Avg:   1.9, Min:   0.9, Max:   3.5]
      [Mark Stack Scanning (ms):  0.0  0.0  0.0  0.0  0.0  0.0  0.0  0.0  0.0  0.0  0.0  0.0  0.0  0.0  0.0  0.0  0.0  0.0  0.0  0.0  0.0  0.0  0.0  0.0  0.0  0.0  0.0  0.0  0.0  0.0  0.0  0.0  0.0  0.0  0.0  0.0  0.0  0.0  0.0  0.0
       Avg:   0.0, Min:   0.0, Max:   0.0]
      [Scan RS (ms):  2.0  1.7  2.0  2.0  1.7  2.0  1.6  2.0  2.0  1.8  1.7  1.9  2.0  1.8  2.0  1.9  1.3  2.1  2.0  1.6  1.9  2.0  2.0  1.9  2.0  1.8  2.0  1.9  1.9  2.0  2.0  2.0  2.0  1.9  2.1  2.0  1.7  2.1  1.2  2.1
       Avg:   1.9, Min:   1.2, Max:   2.1]
      [Object Copy (ms):  11.8  11.7  11.7  11.7  11.9  11.7  11.6  11.9  12.3  11.7  11.7  11.8  11.8  11.8  11.8  11.6  11.8  11.8  11.7  11.7  11.6  11.5  11.8  11.7  11.7  11.7  11.7  11.6  11.6  11.6  11.6  11.5  11.5  11.7  11.5  11.7  11.3  11.7  11.4  11.4
       Avg:  11.7, Min:  11.3, Max:  12.3]
      [Termination (ms):  0.2  0.4  0.2  0.3  0.1  0.2  0.3  0.2  0.3  0.3  0.2  0.1  0.1  0.1  0.2  0.3  0.1  0.1  0.2  0.2  0.3  0.3  0.1  0.2  0.1  0.2  0.2  0.2  0.3  0.2  0.2  0.3  0.3  0.1  0.3  0.1  0.5  0.0  0.3  0.3
       Avg:   0.2, Min:   0.0, Max:   0.5]
         [Termination Attempts : 2 1 4 3 2 4 1 2 2 1 2 2 4 1 2 3 2 2 3 2 2 2 2 2 1 2 3 3 2 3 2 2 2 2 1 3 2 1 3 2
          Sum: 87, Avg: 2, Min: 1, Max: 4]
      [GC Worker End Time (ms):  208883964.4  208883964.6  208883964.7  208883963.9  208883964.8  208883963.8  208883963.8  208883964.8  208883963.8  208883964.7  208883963.9  208883963.9  208883963.8  208883964.0  208883964.5  208883964.6  208883964.5  208883964.3  208883964.7  208883964.8  208883964.5  208883963.8  208883964.2  208883964.6  208883963.9  208883964.5  208883964.5  208883964.1  208883964.1  208883964.4  208883964.4208883.980  208883963.8  208883964.3  208883964.8  208883964.7  208883963.9  208883964.6  208883963.8  208883964.0  208883964.0]
      [Other:   2.8 ms]
   [Clear CT:   3.1 ms]
   : [Other:  12.0 ms]
      [Choose CSet:   0.0 ms]
   [[GC concurrent-mark-start]
 7399M->4700M(10240M)]

Desired survivor size 291923552 bytes, new threshold 12 (max 12)
- age   1:   73104328 bytes,   73104328 total
- age   2:     855776 bytes,   73960104 total
 [Times: user=0.80 sys=0.00, real=0.04 secs] 
Heap after GC invocations=23437 (full 1134):
 garbage-first heap   total 10485760K, used 4813810K [0x0000000570000000, 0x00000007f0000000, 0x00000007f0000000)
  region size 4096K, 19 young (77824K), 19 survivors (77824K)
 compacting perm gen  total 143360K, used 139630K [0x00000007f0000000, 0x00000007f8c00000, 0x0000000800000000)
   the space 143360K,  97% used [0x00000007f0000000, 0x00000007f885bb90, 0x00000007f885bc00, 0x00000007f8c00000)
No shared spaces configured.
}
