2019-07-08 14:47:32 GC log file created /opt/eap/standalone/log/gc.log.1
Java HotSpot(TM) 64-Bit Server VM (25.212-b10) for linux-amd64 JRE (1.8.0_212-b10), built on Apr  1 2019 21:31:50 by "java_re" with gcc 7.3.0
Memory: 4k page, physical 10485760k(9200k free), swap 0k(0k free)
CommandLine flags: -XX:AdaptiveSizePolicyWeight=90 -XX:CICompilerCount=2 -XX:CompressedClassSpaceSize=528482304 -XX:ConcGCThreads=2 -XX:+DisableExplicitGC -XX:+ExitOnOutOfMemoryError -XX:G1HeapRegionSize=4194304 -XX:G1ReservePercent=20 -XX:GCLogFileSize=3145728 -XX:GCTimeRatio=4 -XX:InitialHeapSize=7516192768 -XX:InitiatingHeapOccupancyPercent=50 -XX:MarkStackSize=4194304 -XX:MaxGCPauseMillis=100 -XX:MaxHeapFreeRatio=40 -XX:MaxHeapSize=7516192768 -XX:MaxMetaspaceSize=536870912 -XX:MaxNewSize=4508876800 -XX:MetaspaceSize=100663296 -XX:MinHeapDeltaBytes=4194304 -XX:MinHeapFreeRatio=20 -XX:NativeMemoryTracking=summary -XX:NumberOfGCLogFiles=5 -XX:ParallelGCThreads=6 -XX:+PrintAdaptiveSizePolicy -XX:+PrintGC -XX:+PrintGCDateStamps -XX:+PrintGCDetails -XX:+PrintGCTimeStamps -XX:+PrintReferenceGC -XX:+PrintStringDeduplicationStatistics -XX:-TraceClassUnloading -XX:+UseCompressedClassPointers -XX:+UseCompressedOops -XX:+UseFastUnorderedTimeStamps -XX:+UseG1GC -XX:+UseGCLogFileRotation -XX:-UseParallelGC -XX:+UseStringDeduplication
2019-07-08T14:47:32.753+0200: 1069.416: [GC concurrent-string-deduplication, 31.4K->7128.0B(24.5K), avg 67.3%, 0.0009256 secs]
   [Last Exec: 0.0009256 secs, Idle: 0.7833251 secs, Blocked: 1/0.0043273 secs]
      [Inspected:             619]
         [Skipped:              0(  0.0%)]
         [Hashed:             318( 51.4%)]
         [Known:                2(  0.3%)]
         [New:                617( 99.7%)     31.4K]
      [Deduplicated:          574( 93.0%)     24.5K( 77.8%)]
         [Young:              574(100.0%)     24.5K(100.0%)]
         [Old:                  0(  0.0%)      0.0B(  0.0%)]
   [Total Exec: 703/20.1500520 secs, Idle: 703/1045.6280060 secs, Blocked: 446/2.1353791 secs]
      [Inspected:        21201416]
         [Skipped:              0(  0.0%)]
         [Hashed:        11819450( 55.7%)]
         [Known:           785625(  3.7%)]
         [New:           20415791( 96.3%)   1524.2M]
      [Deduplicated:     17196568( 84.2%)   1026.4M( 67.3%)]
         [Young:          8732059( 50.8%)    520.9M( 50.7%)]
         [Old:            8464509( 49.2%)    505.5M( 49.3%)]
   [Table]
      [Memory Usage: 68.9M]
      [Size: 2097152, Min: 1024, Max: 16777216]
      [Entries: 2295576, Load: 109.5%, Cached: 13897, Added: 3402145, Removed: 1106569]
      [Resize Count: 11, Shrink Threshold: 1398101(66.7%), Grow Threshold: 4194304(200.0%)]
      [Rehash Count: 0, Rehash Threshold: 120, Hash Seed: 0x0]
      [Age Threshold: 3]
   [Queue]
      [Dropped: 0]
[GC concurrent-string-deduplication, deleted 0 entries, 0.0000006 secs]
2019-07-08T14:47:33.392+0200: 1070.055: [GC pause (G1 Evacuation Pause) (young) 1070.055: [G1Ergonomics (CSet Construction) start choosing CSet, _pending_cards: 20869, predicted base time: 81.84 ms, remaining time: 18.16 ms, target pause time: 100.00 ms]
 1070.056: [G1Ergonomics (CSet Construction) add young regions to CSet, eden: 84 regions, survivors: 5 regions, predicted young region time: 23.89 ms]
 1070.056: [G1Ergonomics (CSet Construction) finish choosing CSet, eden: 84 regions, survivors: 5 regions, old: 0 regions, predicted pause time: 105.73 ms, target pause time: 100.00 ms]
2019-07-08T14:47:33.427+0200: 1070.091: [SoftReference, 0 refs, 0.0000813 secs]2019-07-08T14:47:33.427+0200: 1070.091: [WeakReference, 41 refs, 0.0000208 secs]2019-07-08T14:47:33.427+0200: 1070.091: [FinalReference, 319 refs, 0.0010788 secs]2019-07-08T14:47:33.428+0200: 1070.092: [PhantomReference, 0 refs, 6 refs, 0.0000123 secs]2019-07-08T14:47:33.428+0200: 1070.092: [JNI Weak Reference, 0.0239112 secs], 0.1060907 secs]
   [Parallel Time: 33.7 ms, GC Workers: 6]
      [GC Worker Start (ms): Min: 1070056.4, Avg: 1070056.6, Max: 1070056.7, Diff: 0.3]
      [Ext Root Scanning (ms): Min: 8.4, Avg: 10.3, Max: 14.4, Diff: 6.0, Sum: 61.8]
      [Update RS (ms): Min: 10.8, Avg: 14.0, Max: 15.3, Diff: 4.4, Sum: 84.0]
         [Processed Buffers: Min: 15, Avg: 34.5, Max: 45, Diff: 30, Sum: 207]
      [Scan RS (ms): Min: 0.0, Avg: 0.0, Max: 0.1, Diff: 0.1, Sum: 0.2]
      [Code Root Scanning (ms): Min: 0.0, Avg: 0.0, Max: 0.0, Diff: 0.0, Sum: 0.0]
      [Object Copy (ms): Min: 7.7, Avg: 8.6, Max: 9.2, Diff: 1.5, Sum: 51.3]
      [Termination (ms): Min: 0.0, Avg: 0.0, Max: 0.0, Diff: 0.0, Sum: 0.0]
         [Termination Attempts: Min: 1, Avg: 1.0, Max: 1, Diff: 0, Sum: 6]
      [GC Worker Other (ms): Min: 0.0, Avg: 0.1, Max: 0.1, Diff: 0.1, Sum: 0.4]
      [GC Worker Total (ms): Min: 33.1, Avg: 33.2, Max: 33.3, Diff: 0.3, Sum: 199.0]
      [GC Worker End (ms): Min: 1070089.7, Avg: 1070089.8, Max: 1070089.8, Diff: 0.1]
   [Code Root Fixup: 0.1 ms]
   [Code Root Purge: 0.0 ms]
   [String Dedup Fixup: 43.4 ms, GC Workers: 6]
      [Queue Fixup (ms): Min: 0.0, Avg: 0.0, Max: 0.0, Diff: 0.0, Sum: 0.0]
      [Table Fixup (ms): Min: 42.7, Avg: 42.9, Max: 43.1, Diff: 0.4, Sum: 257.3]
   [Clear CT: 0.3 ms]
   [Other: 28.6 ms]
      [Choose CSet: 0.0 ms]
      [Ref Proc: 25.8 ms]
      [Ref Enq: 0.0 ms]
      [Redirty Cards: 0.2 ms]
      [Humongous Register: 0.1 ms]
      [Humongous Reclaim: 0.1 ms]
      [Free CSet: 1.2 ms]
   [Eden: 336.0M(336.0M)->0.0B(328.0M) Survivors: 20.0M->28.0M Heap: 3728.6M(7168.0M)->3398.6M(7168.0M)]
 [Times: user=0.39 sys=0.10, real=0.11 secs]
