2012-02-24T12:30:36.754-0800: 31600.056: [GC pause (young) (initial-mark), 0.08894900 secs]
   [Parallel Time:  59.2 ms]
      [GC Worker Start Time (ms):  31600056.8  31600056.8  31600056.9  31600056.9  31600057.0  31600057.0  31600057.0  31600057.0  31600057.1  31600057.1  31600057.1  31600057.2  31600057.2  31600057.2  31600057.3
       Avg: 31600057.0, Min: 31600056.8, Max: 31600057.3, Diff:   0.5]
      [Update RS (ms):  34.9  14.3  18.9  18.2  18.1  18.1  18.0  20.8  16.7  19.2  14.8  19.5  16.4  17.9  22.5
       Avg:  19.2, Min:  14.3, Max:  34.9, Diff:  20.6]
         [Processed Buffers : 13 8 11 10 10 15 13 9 6 9 10 8 7 13 7
          Sum: 149, Avg: 9, Min: 6, Max: 15, Diff: 9]
      [Ext Root Scanning (ms):  1.1  5.1  1.0  1.2  1.2  1.1  1.2  1.0  5.1  1.1  5.2  1.2  4.9  1.2  1.1
       Avg:   2.2, Min:   1.0, Max:   5.2, Diff:   4.2]
      [Mark Stack Scanning (ms):  0.0  0.0  0.0  0.0  0.0  0.0  0.0  0.0  0.0  0.0  0.0  0.0  0.0  0.0  0.0
       Avg:   0.0, Min:   0.0, Max:   0.0, Diff:   0.0]
      [Scan RS (ms):  0.2  0.4  0.1  0.3  0.5  0.5  0.5  0.3  0.1  0.1  0.1  0.2  0.2  0.6  0.3
       Avg:   0.3, Min:   0.1, Max:   0.6, Diff:   0.5]
      [Object Copy (ms):  0.1  13.4  13.1  13.5  13.4  13.4  13.4  11.0  11.1  12.6  13.2  12.2  11.6  13.4  9.2
       Avg:  11.6, Min:   0.1, Max:  13.5, Diff:  13.4]
      [Termination (ms):  0.0  3.3  3.3  3.3  3.3  3.3  3.3  3.2  3.3  3.3  3.1  3.3  3.3  3.3  3.3
       Avg:   3.0, Min:   0.0, Max:   3.3, Diff:   3.3]
         [Termination Attempts : 1 27 17 16 22 18 23 2 18 23 1 21 13 19 25
          Sum: 246, Avg: 16, Min: 1, Max: 27, Diff: 26]
      [GC Worker End Time (ms):  31600115.0  31600115.3  31600115.1  31600115.1  31600115.1  31600115.3  31600115.1  31600115.2  31600115.1  31600115.1  31600115.1  31600115.2  31600115.1  31600115.1  31600115.1
       Avg: 31600115.1, Min: 31600115.0, Max: 31600115.3, Diff:   0.3]
      [GC Worker Times (ms):  58.2  58.5  58.2  58.2  58.1  58.3  58.1  58.2  58.0  58.0  57.9  58.0  57.9  57.9  57.8
       Avg:  58.1, Min:  57.8, Max:  58.5, Diff:   0.7]
      [Parallel Other:  22.8 ms]
   [Clear CT:   1.0 ms]
   [Other:  28.7 ms]
      [Choose CSet:   0.0 ms]
      [Ref Proc:  17.7 ms]
      [Ref Enq:   0.0 ms]
2012-02-24T12:30:36.844-0800: 31600.161:    [Eden: 995M(995M)->0B(939M) Survivors: 29M->85M Heap: 29672M(31744M)->28733M(31744M)]
[GC concurrent-mark-start]
 [Times: user=0.36 sys=0.01, real=0.10 secs] 
