[GC 30463K->3108K(1571712K) eden 30463K->0K survivor 0K->1152K tenured 0K->1956K, 0.1282309 secs]
[Full GC invoke=1 size=80 <permanent generation full> 27606K->4744K(1571712K) new 25649K->0K(31616K) tenured 1956K->4744K(1540096K) permanent 5119K->5119K(5120K), 0.4287939 secs]
[GC 35206K->6176K(1571712K) eden 30462K->0K survivor 0K->1151K tenured 4744K->5024K, 0.0687618 secs]
[GC 36640K->9560K(1571712K) eden 30463K->0K survivor 1151K->1152K tenured 5024K->8408K, 0.2009961 secs]
[GC 40024K->18761K(1571712K) eden 30463K->0K survivor 1152K->1152K tenured 8408K->17609K, 0.3833582 secs]
[GC 49225K->30490K(1571712K) eden 30463K->0K survivor 1152K->1152K tenured 17609K->29338K, 0.4097187 secs]
[GC 60954K->42775K(1571712K) eden 30463K->0K survivor 1152K->1152K tenured 29338K->41623K, 0.4093596 secs]
[GC 71942K->62740K(1571712K) eden 29166K->0K survivor 1152K->1152K tenured 41623K->61588K, 0.6520882 secs]
[GC 93142K->86967K(1571712K) eden 30402K->0K survivor 1152K->1152K tenured 61588K->85815K, 0.7948295 secs]
[Full GC invoke=2 size=0 <System.gc()> 93589K->92458K(1571712K) new 7773K->0K(31616K) tenured 85815K->92458K(1540096K) permanent 8019K->8019K(8192K), 1.9574394 secs]
[GC 122919K->111981K(1571712K) eden 30460K->0K survivor 0K->1152K tenured 92458K->110829K, 0.6143601 secs]
[GC 142445K->134452K(1571712K) eden 30464K->0K survivor 1152K->1152K tenured 110829K->133300K, 0.7631877 secs]
[GC 164916K->147239K(1571712K) eden 30463K->0K survivor 1152K->1152K tenured 133300K->146087K, 0.4923964 secs]
[GC 177703K->165792K(1571712K) eden 30463K->0K survivor 1152K->1152K tenured 146087K->164640K, 0.6625470 secs]
[GC 191460K->181094K(1571712K) eden 25667K->0K survivor 1152K->1151K tenured 164640K->179942K, 0.5537214 secs]
[GC 211558K->201302K(1571712K) eden 30464K->0K survivor 1151K->1152K tenured 179942K->200150K, 0.6562329 secs]
[GC 231766K->204338K(1571712K) eden 30463K->0K survivor 1152K->1152K tenured 200150K->203186K, 0.1846084 secs]
[GC 234802K->204787K(1571712K) eden 30463K->0K survivor 1152K->470K tenured 203186K->204316K, 0.0766372 secs]
[GC 235249K->204780K(1571712K) eden 30462K->0K survivor 470K->463K tenured 204316K->204316K, 0.0388969 secs]
[GC 235244K->204785K(1571712K) eden 30464K->0K survivor 463K->468K tenured 204316K->204316K, 0.0391332 secs]
[GC 235245K->204780K(1571712K) eden 30460K->0K survivor 468K->463K tenured 204316K->204316K, 0.0191482 secs]
[GC 235241K->204890K(1571712K) eden 30461K->0K survivor 463K->573K tenured 204316K->204316K, 0.0215969 secs]
[GC 235354K->204890K(1571712K) eden 30463K->0K survivor 573K->573K tenured 204316K->204316K, 0.0211344 secs]
[GC 235354K->204893K(1571712K) eden 30464K->0K survivor 573K->576K tenured 204316K->204316K, 0.0210087 secs]
[GC 235357K->204894K(1571712K) eden 30463K->0K survivor 576K->251K tenured 204316K->204642K, 0.0249856 secs]
[GC 235356K->204890K(1571712K) eden 30462K->0K survivor 251K->247K tenured 204642K->204642K, 0.0162002 secs]
[GC 235349K->204889K(1571712K) eden 30459K->0K survivor 247K->246K tenured 204642K->204642K, 0.0162473 secs]
[GC 235353K->204894K(1571712K) eden 30464K->0K survivor 246K->251K tenured 204642K->204642K, 0.0159572 secs]
[GC 235358K->204894K(1571712K) eden 30463K->0K survivor 251K->251K tenured 204642K->204642K, 0.0162701 secs]
[GC 235358K->204912K(1571712K) eden 30463K->0K survivor 251K->269K tenured 204642K->204642K, 0.0172811 secs]
[GC 235374K->204907K(1571712K) eden 30461K->0K survivor 269K->264K tenured 204642K->204642K, 0.0169410 secs]
[GC 235369K->204907K(1571712K) eden 30461K->0K survivor 264K->264K tenured 204642K->204642K, 0.0172067 secs]
[GC 235371K->204932K(1571712K) eden 30463K->0K survivor 264K->289K tenured 204642K->204642K, 0.0198648 secs]
[GC 235396K->207242K(1571712K) eden 30464K->0K survivor 289K->1152K tenured 204642K->206090K, 0.1071071 secs]
[GC 237705K->210888K(1571712K) eden 30462K->0K survivor 1152K->1151K tenured 206090K->209736K, 0.1948207 secs]
[GC 241350K->213819K(1571712K) eden 30461K->0K survivor 1151K->1151K tenured 209736K->212667K, 0.1743050 secs]
[GC 244280K->213970K(1571712K) eden 30461K->0K survivor 1151K->150K tenured 212667K->213819K, 0.0654696 secs]
[GC 244434K->214037K(1571712K) eden 30463K->0K survivor 150K->218K tenured 213819K->213819K, 0.0189789 secs]
[GC 244501K->214138K(1571712K) eden 30463K->0K survivor 218K->319K tenured 213819K->213819K, 0.0208202 secs]
[GC 244602K->214158K(1571712K) eden 30463K->0K survivor 319K->339K tenured 213819K->213819K, 0.0233081 secs]
[GC 244622K->214244K(1571712K) eden 30463K->0K survivor 339K->425K tenured 213819K->213819K, 0.0246929 secs]
[GC 244706K->214272K(1571712K) eden 30461K->0K survivor 425K->452K tenured 213819K->213819K, 0.0271401 secs]
[GC 244736K->214387K(1571712K) eden 30464K->0K survivor 452K->568K tenured 213819K->213819K, 0.0285622 secs]
[GC 244851K->214455K(1571712K) eden 30464K->0K survivor 568K->636K tenured 213819K->213819K, 0.0300971 secs]
[GC 244919K->214493K(1571712K) eden 30464K->0K survivor 636K->567K tenured 213819K->213925K, 0.0330102 secs]
[GC 244957K->214513K(1571712K) eden 30464K->0K survivor 567K->588K tenured 213925K->213925K, 0.0295745 secs]
[GC 244977K->214943K(1571712K) eden 30463K->0K survivor 588K->946K tenured 213925K->213996K, 0.0332644 secs]
[GC 245407K->214585K(1571712K) eden 30463K->0K survivor 946K->178K tenured 213996K->214406K, 0.0340166 secs]
[GC 245049K->214620K(1571712K) eden 30463K->0K survivor 178K->213K tenured 214406K->214406K, 0.0184929 secs]
[GC 245084K->214654K(1571712K) eden 30464K->0K survivor 213K->247K tenured 214406K->214406K, 0.0202866 secs]
[GC 245118K->214677K(1571712K) eden 30464K->0K survivor 247K->270K tenured 214406K->214406K, 0.0212236 secs]
[GC 245141K->214708K(1571712K) eden 30463K->0K survivor 270K->301K tenured 214406K->214406K, 0.0229019 secs]
[GC 245172K->214692K(1571712K) eden 30463K->0K survivor 301K->285K tenured 214406K->214406K, 0.0241589 secs]
[GC 245156K->214747K(1571712K) eden 30463K->0K survivor 285K->340K tenured 214406K->214406K, 0.0245928 secs]
[GC 245205K->214766K(1571712K) eden 30458K->0K survivor 340K->359K tenured 214406K->214406K, 0.0249196 secs]
[GC 245222K->214791K(1571712K) eden 30456K->0K survivor 359K->384K tenured 214406K->214406K, 0.0266388 secs]
[GC 245255K->214851K(1571712K) eden 30463K->0K survivor 384K->444K tenured 214406K->214406K, 0.0272791 secs]
[GC 245312K->214839K(1571712K) eden 30460K->0K survivor 444K->432K tenured 214406K->214406K, 0.0276355 secs]
[GC 245303K->214904K(1571712K) eden 30463K->0K survivor 432K->497K tenured 214406K->214406K, 0.0289961 secs]
[GC 245341K->214907K(1571712K) eden 30437K->0K survivor 497K->500K tenured 214406K->214406K, 0.0290772 secs]
[GC 245371K->215005K(1571712K) eden 30463K->0K survivor 500K->598K tenured 214406K->214406K, 0.0315487 secs]
[GC 245469K->215046K(1571712K) eden 30463K->0K survivor 598K->614K tenured 214406K->214431K, 0.0315311 secs]
[GC 245510K->215434K(1571712K) eden 30464K->0K survivor 614K->943K tenured 214431K->214490K, 0.0325608 secs]
[GC 245897K->215086K(1571712K) eden 30463K->0K survivor 943K->229K tenured 214490K->214857K, 0.0344476 secs]
[GC 245550K->215088K(1571712K) eden 30464K->0K survivor 229K->231K tenured 214857K->214857K, 0.0203292 secs]
[GC 245545K->215119K(1571712K) eden 30457K->0K survivor 231K->261K tenured 214857K->214857K, 0.0217131 secs]
[GC 245583K->215152K(1571712K) eden 30464K->0K survivor 261K->295K tenured 214857K->214857K, 0.0228518 secs]
[GC 245616K->215220K(1571712K) eden 30463K->0K survivor 295K->363K tenured 214857K->214857K, 0.0241438 secs]
[GC 245672K->215159K(1571712K) eden 30452K->0K survivor 363K->302K tenured 214857K->214857K, 0.0241312 secs]
[GC 245623K->215248K(1571712K) eden 30463K->0K survivor 302K->391K tenured 214857K->214857K, 0.0256137 secs]
[GC 245710K->215214K(1571712K) eden 30461K->0K survivor 391K->357K tenured 214857K->214857K, 0.0265080 secs]
[GC 245678K->215300K(1571712K) eden 30464K->0K survivor 357K->443K tenured 214857K->214857K, 0.0279129 secs]
[GC 245764K->215331K(1571712K) eden 30463K->0K survivor 443K->473K tenured 214857K->214857K, 0.0281602 secs]
[GC 245789K->215287K(1571712K) eden 30458K->0K survivor 473K->430K tenured 214857K->214857K, 0.0282460 secs]
[GC 245751K->215380K(1571712K) eden 30464K->0K survivor 430K->523K tenured 214857K->214857K, 0.0291292 secs]
[GC 245844K->215341K(1571712K) eden 30463K->0K survivor 523K->484K tenured 214857K->214857K, 0.0300296 secs]
[GC 245796K->215422K(1571712K) eden 30455K->0K survivor 484K->565K tenured 214857K->214857K, 0.0314453 secs]
[GC 245886K->215466K(1571712K) eden 30463K->0K survivor 565K->609K tenured 214857K->214857K, 0.0311623 secs]
[GC 245930K->215548K(1571712K) eden 30463K->0K survivor 609K->639K tenured 214857K->214909K, 0.0333370 secs]
[GC 246012K->215502K(1571712K) eden 30463K->0K survivor 639K->522K tenured 214909K->214980K, 0.0321441 secs]
[GC 245966K->215537K(1571712K) eden 30463K->0K survivor 522K->556K tenured 214980K->214980K, 0.0310466 secs]
[GC 246001K->215588K(1571712K) eden 30464K->0K survivor 556K->607K tenured 214980K->214980K, 0.0316882 secs]
[GC 246052K->215629K(1571712K) eden 30463K->0K survivor 607K->576K tenured 214980K->215052K, 0.0331794 secs]
[GC 246093K->216014K(1571712K) eden 30464K->0K survivor 576K->937K tenured 215052K->215076K, 0.0322503 secs]
[GC 246475K->215573K(1571712K) eden 30461K->0K survivor 937K->123K tenured 215076K->215449K, 0.0347684 secs]
[GC 246034K->215601K(1571712K) eden 30461K->0K survivor 123K->151K tenured 215449K->215449K, 0.0194821 secs]
[GC 246065K->215698K(1571712K) eden 30463K->0K survivor 151K->248K tenured 215449K->215449K, 0.0215662 secs]
[GC 246162K->215714K(1571712K) eden 30463K->0K survivor 248K->264K tenured 215449K->215449K, 0.0226516 secs]
[GC 246177K->215778K(1571712K) eden 30463K->0K survivor 264K->328K tenured 215449K->215449K, 0.0236591 secs]
[GC 246242K->215792K(1571712K) eden 30463K->0K survivor 328K->342K tenured 215449K->215449K, 0.0242590 secs]
[GC 246256K->215788K(1571712K) eden 30463K->0K survivor 342K->338K tenured 215449K->215449K, 0.0260741 secs]
[GC 246252K->215827K(1571712K) eden 30464K->0K survivor 338K->377K tenured 215449K->215449K, 0.0268746 secs]
[GC 246291K->215854K(1571712K) eden 30463K->0K survivor 377K->404K tenured 215449K->215449K, 0.0276438 secs]
[GC 246318K->215869K(1571712K) eden 30463K->0K survivor 404K->419K tenured 215449K->215449K, 0.0279186 secs]
[GC 246333K->215847K(1571712K) eden 30463K->0K survivor 419K->397K tenured 215449K->215449K, 0.0283716 secs]
[GC 246311K->215822K(1571712K) eden 30463K->0K survivor 397K->372K tenured 215449K->215449K, 0.0281186 secs]
[GC 246282K->215936K(1571712K) eden 30460K->0K survivor 372K->486K tenured 215449K->215449K, 0.0303476 secs]
[GC 246400K->216013K(1571712K) eden 30463K->0K survivor 486K->563K tenured 215449K->215449K, 0.0317865 secs]
[GC 246477K->216068K(1571712K) eden 30463K->0K survivor 563K->618K tenured 215449K->215449K, 0.0359042 secs]
[GC 246518K->216137K(1571712K) eden 30450K->0K survivor 618K->643K tenured 215449K->215494K, 0.0374232 secs]
[GC 246601K->216173K(1571712K) eden 30463K->0K survivor 643K->593K tenured 215494K->215580K, 0.0378071 secs]
[GC 246624K->216253K(1571712K) eden 30451K->0K survivor 593K->634K tenured 215580K->215618K, 0.0363392 secs]
[GC 246717K->216292K(1571712K) eden 30464K->0K survivor 634K->606K tenured 215618K->215686K, 0.0362445 secs]
[GC 246756K->216411K(1571712K) eden 30463K->0K survivor 606K->671K tenured 215686K->215740K, 0.0365797 secs]
[GC 246865K->216431K(1571712K) eden 30454K->0K survivor 671K->538K tenured 215740K->215893K, 0.0357714 secs]
[GC 246895K->216486K(1571712K) eden 30463K->0K survivor 538K->593K tenured 215893K->215893K, 0.0290999 secs]
[GC 246949K->216480K(1571712K) eden 30463K->0K survivor 593K->515K tenured 215893K->215964K, 0.0323602 secs]
[GC 246944K->216540K(1571712K) eden 30464K->0K survivor 515K->575K tenured 215964K->215964K, 0.0299667 secs]
[GC 247004K->216562K(1571712K) eden 30463K->0K survivor 575K->597K tenured 215964K->215964K, 0.0317919 secs]
[GC 247019K->216599K(1571712K) eden 30457K->0K survivor 597K->579K tenured 215964K->216020K, 0.0323005 secs]
[GC 247063K->216654K(1571712K) eden 30464K->0K survivor 579K->567K tenured 216020K->216087K, 0.0323708 secs]
[GC 247118K->216663K(1571712K) eden 30463K->0K survivor 567K->576K tenured 216087K->216087K, 0.0304929 secs]
[GC 247127K->216765K(1571712K) eden 30464K->0K survivor 576K->615K tenured 216087K->216149K, 0.0323146 secs]
[GC 247229K->216738K(1571712K) eden 30463K->0K survivor 615K->531K tenured 216149K->216207K, 0.0319370 secs]
[GC 247202K->216760K(1571712K) eden 30463K->0K survivor 531K->553K tenured 216207K->216207K, 0.0300635 secs]
[GC 247224K->216821K(1571712K) eden 30464K->0K survivor 553K->613K tenured 216207K->216207K, 0.0314078 secs]
[GC 247279K->216779K(1571712K) eden 30458K->0K survivor 613K->511K tenured 216207K->216268K, 0.0327748 secs]
[GC 247243K->217258K(1571712K) eden 30463K->0K survivor 511K->989K tenured 216268K->216268K, 0.0324275 secs]
[GC 247722K->216909K(1571712K) eden 30463K->0K survivor 989K->178K tenured 216268K->216730K, 0.0372258 secs]
[GC 247373K->216942K(1571712K) eden 30463K->0K survivor 178K->211K tenured 216730K->216730K, 0.0182774 secs]
[GC 247406K->216980K(1571712K) eden 30463K->0K survivor 211K->249K tenured 216730K->216730K, 0.0201682 secs]
[GC 247444K->216997K(1571712K) eden 30463K->0K survivor 249K->266K tenured 216730K->216730K, 0.0210369 secs]
[GC 247461K->217047K(1571712K) eden 30463K->0K survivor 266K->316K tenured 216730K->216730K, 0.0222905 secs]
[GC 247511K->217041K(1571712K) eden 30463K->0K survivor 316K->310K tenured 216730K->216730K, 0.0230938 secs]
[GC 247505K->217090K(1571712K) eden 30463K->0K survivor 310K->360K tenured 216730K->216730K, 0.0246425 secs]
[GC 247554K->217123K(1571712K) eden 30463K->0K survivor 360K->392K tenured 216730K->216730K, 0.0255142 secs]
[GC 247587K->217133K(1571712K) eden 30464K->0K survivor 392K->402K tenured 216730K->216730K, 0.0263019 secs]
[GC 247597K->217161K(1571712K) eden 30463K->0K survivor 402K->430K tenured 216730K->216730K, 0.0281121 secs]
[GC 247617K->217132K(1571712K) eden 30455K->0K survivor 430K->402K tenured 216730K->216730K, 0.0280791 secs]
[GC 247596K->217130K(1571712K) eden 30463K->0K survivor 402K->399K tenured 216730K->216730K, 0.0293332 secs]
[GC 247579K->217200K(1571712K) eden 30449K->0K survivor 399K->469K tenured 216730K->216730K, 0.0299419 secs]
[GC 247664K->217283K(1571712K) eden 30463K->0K survivor 469K->552K tenured 216730K->216730K, 0.0298870 secs]
[GC 247747K->217351K(1571712K) eden 30463K->0K survivor 552K->621K tenured 216730K->216730K, 0.0314005 secs]
[GC 247815K->217387K(1571712K) eden 30463K->0K survivor 621K->582K tenured 216730K->216804K, 0.0326877 secs]
[GC 247851K->217369K(1571712K) eden 30463K->0K survivor 582K->536K tenured 216804K->216832K, 0.0313722 secs]
[GC 247833K->217395K(1571712K) eden 30463K->0K survivor 536K->562K tenured 216832K->216832K, 0.0299621 secs]
[GC 247858K->217354K(1571712K) eden 30462K->0K survivor 562K->521K tenured 216832K->216832K, 0.0307010 secs]
[GC 247818K->217431K(1571712K) eden 30463K->0K survivor 521K->598K tenured 216832K->216832K, 0.0326470 secs]
[GC 247895K->217860K(1571712K) eden 30463K->0K survivor 598K->984K tenured 216832K->216876K, 0.0338083 secs]
[GC 248324K->217506K(1571712K) eden 30463K->0K survivor 984K->216K tenured 216876K->217290K, 0.0360076 secs]
[GC 247970K->217520K(1571712K) eden 30463K->0K survivor 216K->230K tenured 217290K->217290K, 0.0203584 secs]
[GC 247984K->217547K(1571712K) eden 30464K->0K survivor 230K->256K tenured 217290K->217290K, 0.0218158 secs]
[GC 248011K->217582K(1571712K) eden 30463K->0K survivor 256K->292K tenured 217290K->217290K, 0.0228061 secs]
[GC 248046K->217627K(1571712K) eden 30463K->0K survivor 292K->336K tenured 217290K->217290K, 0.0238328 secs]
[GC 248091K->217618K(1571712K) eden 30463K->0K survivor 336K->327K tenured 217290K->217290K, 0.0248170 secs]
[GC 248079K->217571K(1571712K) eden 30461K->0K survivor 327K->281K tenured 217290K->217290K, 0.0248657 secs]
[GC 248035K->217687K(1571712K) eden 30463K->0K survivor 281K->397K tenured 217290K->217290K, 0.0273568 secs]
[GC 248151K->217695K(1571712K) eden 30463K->0K survivor 397K->404K tenured 217290K->217290K, 0.0278716 secs]
[GC 248159K->217721K(1571712K) eden 30464K->0K survivor 404K->431K tenured 217290K->217290K, 0.0287191 secs]
[GC 248185K->217752K(1571712K) eden 30463K->0K survivor 431K->462K tenured 217290K->217290K, 0.0285935 secs]
[GC 248216K->217743K(1571712K) eden 30464K->0K survivor 462K->452K tenured 217290K->217290K, 0.0287568 secs]
[GC 248195K->217786K(1571712K) eden 30452K->0K survivor 452K->496K tenured 217290K->217290K, 0.0318154 secs]
[GC 248239K->217863K(1571712K) eden 30452K->0K survivor 496K->572K tenured 217290K->217290K, 0.0334595 secs]
[GC 248314K->217923K(1571712K) eden 30450K->0K survivor 572K->633K tenured 217290K->217290K, 0.0351384 secs]
[GC 248387K->218032K(1571712K) eden 30463K->0K survivor 633K->677K tenured 217290K->217354K, 0.0385225 secs]
[GC 248496K->218052K(1571712K) eden 30463K->0K survivor 677K->588K tenured 217354K->217463K, 0.0386278 secs]
[GC 248516K->218144K(1571712K) eden 30463K->0K survivor 588K->655K tenured 217463K->217488K, 0.0354084 secs]
[GC 248608K->218223K(1571712K) eden 30463K->0K survivor 655K->632K tenured 217488K->217590K, 0.0360332 secs]
[GC 248687K->218303K(1571712K) eden 30463K->0K survivor 632K->645K tenured 217590K->217658K, 0.0344094 secs]
[GC 248767K->218319K(1571712K) eden 30463K->0K survivor 645K->575K tenured 217658K->217743K, 0.0323314 secs]
[GC 248783K->218448K(1571712K) eden 30464K->0K survivor 575K->704K tenured 217743K->217743K, 0.0309173 secs]
[GC 248910K->218317K(1571712K) eden 30461K->0K survivor 704K->376K tenured 217743K->217941K, 0.0324954 secs]
[GC 248781K->218388K(1571712K) eden 30464K->0K survivor 376K->447K tenured 217941K->217941K, 0.0259309 secs]
[GC 248852K->218421K(1571712K) eden 30463K->0K survivor 447K->480K tenured 217941K->217941K, 0.0280476 secs]
[GC 248885K->218462K(1571712K) eden 30463K->0K survivor 480K->521K tenured 217941K->217941K, 0.0284083 secs]
[GC 248926K->218525K(1571712K) eden 30464K->0K survivor 521K->583K tenured 217941K->217941K, 0.0301921 secs]
[GC 248964K->218545K(1571712K) eden 30439K->0K survivor 583K->542K tenured 217941K->218002K, 0.0318994 secs]
[GC 249009K->218967K(1571712K) eden 30463K->0K survivor 542K->964K tenured 218002K->218002K, 0.0310517 secs]
[GC 249431K->218608K(1571712K) eden 30463K->0K survivor 964K->169K tenured 218002K->218439K, 0.0365286 secs]
[GC 249072K->218640K(1571712K) eden 30463K->0K survivor 169K->201K tenured 218439K->218439K, 0.0186137 secs]
[GC 249104K->218627K(1571712K) eden 30463K->0K survivor 201K->188K tenured 218439K->218439K, 0.0200671 secs]
[GC 249091K->218718K(1571712K) eden 30463K->0K survivor 188K->279K tenured 218439K->218439K, 0.0214027 secs]
[GC 249182K->218723K(1571712K) eden 30464K->0K survivor 279K->283K tenured 218439K->218439K, 0.0216358 secs]
[GC 249187K->218791K(1571712K) eden 30464K->0K survivor 283K->351K tenured 218439K->218439K, 0.0234321 secs]
[GC 249255K->218796K(1571712K) eden 30464K->0K survivor 351K->357K tenured 218439K->218439K, 0.0239080 secs]
[GC 249260K->218839K(1571712K) eden 30463K->0K survivor 357K->399K tenured 218439K->218439K, 0.0257455 secs]
[GC 249303K->218835K(1571712K) eden 30463K->0K survivor 399K->396K tenured 218439K->218439K, 0.0263850 secs]
[GC 249299K->218895K(1571712K) eden 30463K->0K survivor 396K->456K tenured 218439K->218439K, 0.0278939 secs]
[GC 249354K->218879K(1571712K) eden 30458K->0K survivor 456K->439K tenured 218439K->218439K, 0.0280657 secs]
[GC 249343K->218951K(1571712K) eden 30463K->0K survivor 439K->511K tenured 218439K->218439K, 0.0293554 secs]
[GC 249415K->218975K(1571712K) eden 30463K->0K survivor 511K->536K tenured 218439K->218439K, 0.0308382 secs]
[GC 249438K->218975K(1571712K) eden 30462K->0K survivor 536K->536K tenured 218439K->218439K, 0.0323590 secs]
[GC 249439K->219047K(1571712K) eden 30463K->0K survivor 536K->608K tenured 218439K->218439K, 0.0317234 secs]
[GC 249511K->219129K(1571712K) eden 30464K->0K survivor 608K->647K tenured 218439K->218482K, 0.0316891 secs]
[GC 249593K->219097K(1571712K) eden 30463K->0K survivor 647K->496K tenured 218482K->218600K, 0.0321351 secs]
[GC 249561K->219114K(1571712K) eden 30463K->0K survivor 496K->514K tenured 218600K->218600K, 0.0294848 secs]
[GC 249578K->219172K(1571712K) eden 30463K->0K survivor 514K->572K tenured 218600K->218600K, 0.0293736 secs]
[GC 249636K->219225K(1571712K) eden 30464K->0K survivor 572K->625K tenured 218600K->218600K, 0.0315333 secs]
[GC 249689K->219613K(1571712K) eden 30463K->0K survivor 625K->961K tenured 218600K->218651K, 0.0338964 secs]
[GC 250077K->219264K(1571712K) eden 30463K->0K survivor 961K->226K tenured 218651K->219038K, 0.0345826 secs]
[GC 249728K->219280K(1571712K) eden 30463K->0K survivor 226K->242K tenured 219038K->219038K, 0.0194599 secs]
[GC 249744K->219308K(1571712K) eden 30463K->0K survivor 242K->270K tenured 219038K->219038K, 0.0221567 secs]
[GC 249772K->219345K(1571712K) eden 30464K->0K survivor 270K->307K tenured 219038K->219038K, 0.0227015 secs]
[GC 249809K->219356K(1571712K) eden 30463K->0K survivor 307K->317K tenured 219038K->219038K, 0.0234834 secs]
[GC 249819K->219399K(1571712K) eden 30463K->0K survivor 317K->361K tenured 219038K->219038K, 0.0252266 secs]
[GC 249863K->219422K(1571712K) eden 30463K->0K survivor 361K->383K tenured 219038K->219038K, 0.0255996 secs]
[GC 249886K->219440K(1571712K) eden 30463K->0K survivor 383K->401K tenured 219038K->219038K, 0.0266966 secs]
[GC 249904K->219469K(1571712K) eden 30463K->0K survivor 401K->431K tenured 219038K->219038K, 0.0286899 secs]
[GC 249933K->219500K(1571712K) eden 30464K->0K survivor 431K->462K tenured 219038K->219038K, 0.0282675 secs]
[GC 249964K->219505K(1571712K) eden 30463K->0K survivor 462K->467K tenured 219038K->219038K, 0.0294645 secs]
[GC 249966K->219476K(1571712K) eden 30460K->0K survivor 467K->438K tenured 219038K->219038K, 0.0279727 secs]
[GC 249940K->219570K(1571712K) eden 30463K->0K survivor 438K->531K tenured 219038K->219038K, 0.0316184 secs]
[GC 250034K->219609K(1571712K) eden 30463K->0K survivor 531K->571K tenured 219038K->219038K, 0.0313886 secs]
[GC 250066K->219580K(1571712K) eden 30456K->0K survivor 571K->542K tenured 219038K->219038K, 0.0303041 secs]
[GC 250044K->219709K(1571712K) eden 30463K->0K survivor 542K->671K tenured 219038K->219038K, 0.0317806 secs]
[GC 250169K->219602K(1571712K) eden 30459K->0K survivor 671K->445K tenured 219038K->219157K, 0.0346898 secs]
[GC 250051K->219692K(1571712K) eden 30448K->0K survivor 445K->534K tenured 219157K->219157K, 0.0330166 secs]
[GC 250156K->219766K(1571712K) eden 30463K->0K survivor 534K->609K tenured 219157K->219157K, 0.0341325 secs]
[GC 250230K->219814K(1571712K) eden 30464K->0K survivor 609K->587K tenured 219157K->219227K, 0.0366102 secs]
[GC 250278K->219884K(1571712K) eden 30463K->0K survivor 587K->634K tenured 219227K->219250K, 0.0363972 secs]
[GC 250348K->219973K(1571712K) eden 30463K->0K survivor 634K->646K tenured 219250K->219327K, 0.0381441 secs]
[GC 250431K->220033K(1571712K) eden 30457K->0K survivor 646K->619K tenured 219327K->219413K, 0.0380982 secs]
[GC 250497K->220067K(1571712K) eden 30463K->0K survivor 619K->576K tenured 219413K->219490K, 0.0360912 secs]
[GC 250505K->220119K(1571712K) eden 30438K->0K survivor 576K->596K tenured 219490K->219523K, 0.0342379 secs]
[GC 250583K->220203K(1571712K) eden 30463K->0K survivor 596K->646K tenured 219523K->219556K, 0.0345594 secs]
[GC 250667K->220272K(1571712K) eden 30463K->0K survivor 646K->630K tenured 219556K->219642K, 0.0343296 secs]
[GC 250736K->220345K(1571712K) eden 30463K->0K survivor 630K->630K tenured 219642K->219715K, 0.0338110 secs]
[GC 250809K->220381K(1571712K) eden 30463K->0K survivor 630K->606K tenured 219715K->219775K, 0.0304921 secs]
[GC 250845K->220362K(1571712K) eden 30463K->0K survivor 606K->520K tenured 219775K->219842K, 0.0300444 secs]
[GC 250801K->220348K(1571712K) eden 30438K->0K survivor 520K->506K tenured 219842K->219842K, 0.0292086 secs]
[GC 250812K->220447K(1571712K) eden 30463K->0K survivor 506K->605K tenured 219842K->219842K, 0.0306454 secs]
[GC 250911K->220464K(1571712K) eden 30463K->0K survivor 605K->559K tenured 219842K->219905K, 0.0315122 secs]
[GC 250928K->220885K(1571712K) eden 30463K->0K survivor 559K->980K tenured 219905K->219905K, 0.0318170 secs]
[GC 251337K->220463K(1571712K) eden 30451K->0K survivor 980K->108K tenured 219905K->220354K, 0.0350464 secs]
[GC 250927K->220480K(1571712K) eden 30463K->0K survivor 108K->125K tenured 220354K->220354K, 0.0185030 secs]
[GC 250944K->220596K(1571712K) eden 30463K->0K survivor 125K->242K tenured 220354K->220354K, 0.0207518 secs]
[GC 251053K->220554K(1571712K) eden 30457K->0K survivor 242K->199K tenured 220354K->220354K, 0.0209651 secs]
[GC 251018K->220648K(1571712K) eden 30464K->0K survivor 199K->293K tenured 220354K->220354K, 0.0229644 secs]
[GC 251112K->220602K(1571712K) eden 30463K->0K survivor 293K->247K tenured 220354K->220354K, 0.0229880 secs]
[GC 251066K->220646K(1571712K) eden 30463K->0K survivor 247K->291K tenured 220354K->220354K, 0.0242633 secs]
[GC 251110K->220745K(1571712K) eden 30463K->0K survivor 291K->390K tenured 220354K->220354K, 0.0253223 secs]
[GC 251209K->220876K(1571712K) eden 30463K->0K survivor 390K->521K tenured 220354K->220354K, 0.0270721 secs]
[GC 251340K->220822K(1571712K) eden 30464K->0K survivor 521K->468K tenured 220354K->220354K, 0.0271511 secs]
[GC 251285K->220754K(1571712K) eden 30462K->0K survivor 468K->399K tenured 220354K->220354K, 0.0278473 secs]
[GC 251218K->220865K(1571712K) eden 30464K->0K survivor 399K->511K tenured 220354K->220354K, 0.0302396 secs]
[GC 251329K->220906K(1571712K) eden 30463K->0K survivor 511K->551K tenured 220354K->220354K, 0.0287684 secs]
[GC 251370K->220958K(1571712K) eden 30463K->0K survivor 551K->603K tenured 220354K->220354K, 0.0306996 secs]
[GC 251422K->220997K(1571712K) eden 30463K->0K survivor 603K->597K tenured 220354K->220400K, 0.0313890 secs]
[GC 251461K->221377K(1571712K) eden 30464K->0K survivor 597K->943K tenured 220400K->220434K, 0.0319926 secs]
[GC 251841K->221014K(1571712K) eden 30463K->0K survivor 943K->213K tenured 220434K->220800K, 0.0348637 secs]
[GC 251461K->221002K(1571712K) eden 30446K->0K survivor 213K->201K tenured 220800K->220800K, 0.0203749 secs]
[GC 251466K->221078K(1571712K) eden 30464K->0K survivor 201K->278K tenured 220800K->220800K, 0.0225556 secs]
[GC 251542K->221115K(1571712K) eden 30463K->0K survivor 278K->314K tenured 220800K->220800K, 0.0230705 secs]
[GC 251579K->221116K(1571712K) eden 30463K->0K survivor 314K->316K tenured 220800K->220800K, 0.0251398 secs]
[GC 251580K->221181K(1571712K) eden 30464K->0K survivor 316K->380K tenured 220800K->220800K, 0.0256355 secs]
[GC 251645K->221182K(1571712K) eden 30463K->0K survivor 380K->381K tenured 220800K->220800K, 0.0263620 secs]
[GC 251646K->221227K(1571712K) eden 30463K->0K survivor 381K->427K tenured 220800K->220800K, 0.0274701 secs]
[GC 251691K->221256K(1571712K) eden 30464K->0K survivor 427K->455K tenured 220800K->220800K, 0.0280308 secs]
[GC 251711K->221237K(1571712K) eden 30455K->0K survivor 455K->436K tenured 220800K->220800K, 0.0282927 secs]
[GC 251701K->221256K(1571712K) eden 30463K->0K survivor 436K->456K tenured 220800K->220800K, 0.0304133 secs]
[GC 251720K->221315K(1571712K) eden 30464K->0K survivor 456K->515K tenured 220800K->220800K, 0.0293373 secs]
[GC 251765K->221303K(1571712K) eden 30449K->0K survivor 515K->502K tenured 220800K->220800K, 0.0307000 secs]
[GC 251767K->221386K(1571712K) eden 30463K->0K survivor 502K->585K tenured 220800K->220800K, 0.0332488 secs]
[GC 251843K->221342K(1571712K) eden 30457K->0K survivor 585K->489K tenured 220800K->220852K, 0.0326328 secs]
[GC 251803K->221356K(1571712K) eden 30461K->0K survivor 489K->504K tenured 220852K->220852K, 0.0305220 secs]
[GC 251815K->221438K(1571712K) eden 30458K->0K survivor 504K->585K tenured 220852K->220852K, 0.0325323 secs]
[GC 251900K->221469K(1571712K) eden 30462K->0K survivor 585K->593K tenured 220852K->220875K, 0.0342833 secs]
[GC 251925K->221537K(1571712K) eden 30456K->0K survivor 593K->613K tenured 220875K->220923K, 0.0374601 secs]
[GC 252001K->221599K(1571712K) eden 30463K->0K survivor 613K->600K tenured 220923K->220998K, 0.0369846 secs]
[GC 252050K->221686K(1571712K) eden 30450K->0K survivor 600K->640K tenured 220998K->221045K, 0.0371159 secs]
[GC 252150K->221736K(1571712K) eden 30463K->0K survivor 640K->596K tenured 221045K->221139K, 0.0391834 secs]
[GC 252198K->221812K(1571712K) eden 30462K->0K survivor 596K->650K tenured 221139K->221161K, 0.0358441 secs]
[GC 252273K->221858K(1571712K) eden 30460K->0K survivor 650K->585K tenured 221161K->221273K, 0.0365387 secs]
[GC 252322K->221892K(1571712K) eden 30463K->0K survivor 585K->589K tenured 221273K->221303K, 0.0343705 secs]
[GC 252356K->221951K(1571712K) eden 30463K->0K survivor 589K->628K tenured 221303K->221322K, 0.0350100 secs]
[GC 252415K->222061K(1571712K) eden 30463K->0K survivor 628K->635K tenured 221322K->221426K, 0.0362514 secs]
[GC 252525K->222137K(1571712K) eden 30463K->0K survivor 635K->636K tenured 221426K->221501K, 0.0321021 secs]
[GC 252601K->222174K(1571712K) eden 30463K->0K survivor 636K->546K tenured 221501K->221628K, 0.0315478 secs]
[GC 252637K->222139K(1571712K) eden 30462K->0K survivor 546K->510K tenured 221628K->221628K, 0.0286407 secs]
[GC 252603K->222200K(1571712K) eden 30463K->0K survivor 510K->571K tenured 221628K->221628K, 0.0296496 secs]
[GC 252664K->222243K(1571712K) eden 30464K->0K survivor 571K->614K tenured 221628K->221628K, 0.0309567 secs]
[GC 252703K->222268K(1571712K) eden 30460K->0K survivor 614K->576K tenured 221628K->221692K, 0.0326439 secs]
[GC 252732K->222684K(1571712K) eden 30463K->0K survivor 576K->929K tenured 221692K->221755K, 0.0329650 secs]
[GC 253087K->222279K(1571712K) eden 30402K->0K survivor 929K->127K tenured 221755K->222151K, 0.0338550 secs]
[GC 252743K->222361K(1571712K) eden 30464K->0K survivor 127K->209K tenured 222151K->222151K, 0.0190305 secs]
[GC 252825K->222398K(1571712K) eden 30463K->0K survivor 209K->247K tenured 222151K->222151K, 0.0205082 secs]
[GC 252862K->222414K(1571712K) eden 30463K->0K survivor 247K->263K tenured 222151K->222151K, 0.0220757 secs]
[GC 252878K->222450K(1571712K) eden 30463K->0K survivor 263K->299K tenured 222151K->222151K, 0.0228171 secs]
[GC 252914K->222407K(1571712K) eden 30464K->0K survivor 299K->255K tenured 222151K->222151K, 0.0239408 secs]
[GC 252871K->222441K(1571712K) eden 30463K->0K survivor 255K->289K tenured 222151K->222151K, 0.0240966 secs]
[GC 252905K->222549K(1571712K) eden 30464K->0K survivor 289K->397K tenured 222151K->222151K, 0.0257393 secs]
[GC 252991K->222591K(1571712K) eden 30441K->0K survivor 397K->439K tenured 222151K->222151K, 0.0271916 secs]
[GC 253055K->222611K(1571712K) eden 30463K->0K survivor 439K->460K tenured 222151K->222151K, 0.0279182 secs]
[GC 253075K->222617K(1571712K) eden 30463K->0K survivor 460K->466K tenured 222151K->222151K, 0.0278420 secs]
[GC 253081K->222676K(1571712K) eden 30464K->0K survivor 466K->524K tenured 222151K->222151K, 0.0295177 secs]
[GC 253140K->222718K(1571712K) eden 30463K->0K survivor 524K->566K tenured 222151K->222151K, 0.0304571 secs]
[GC 253171K->222747K(1571712K) eden 30453K->0K survivor 566K->595K tenured 222151K->222151K, 0.0328226 secs]
[GC 253168K->222738K(1571712K) eden 30421K->0K survivor 595K->565K tenured 222151K->222172K, 0.0319154 secs]
[GC 253202K->223191K(1571712K) eden 30463K->0K survivor 565K->1018K tenured 222172K->222172K, 0.0332863 secs]
[GC 253641K->222778K(1571712K) eden 30449K->0K survivor 1018K->112K tenured 222172K->222665K, 0.0361179 secs]
[GC 253242K->222847K(1571712K) eden 30464K->0K survivor 112K->182K tenured 222665K->222665K, 0.0184203 secs]
[GC 253311K->222832K(1571712K) eden 30463K->0K survivor 182K->167K tenured 222665K->222665K, 0.0203773 secs]
[GC 253296K->222915K(1571712K) eden 30463K->0K survivor 167K->250K tenured 222665K->222665K, 0.0219455 secs]
[GC 253379K->222982K(1571712K) eden 30463K->0K survivor 250K->316K tenured 222665K->222665K, 0.0225322 secs]
[GC 253446K->222991K(1571712K) eden 30463K->0K survivor 316K->325K tenured 222665K->222665K, 0.0238497 secs]
[GC 253455K->223013K(1571712K) eden 30463K->0K survivor 325K->347K tenured 222665K->222665K, 0.0247085 secs]
[GC 253474K->222981K(1571712K) eden 30461K->0K survivor 347K->315K tenured 222665K->222665K, 0.0254468 secs]
[GC 253445K->223067K(1571712K) eden 30463K->0K survivor 315K->401K tenured 222665K->222665K, 0.0270723 secs]
[GC 253531K->223098K(1571712K) eden 30463K->0K survivor 401K->433K tenured 222665K->222665K, 0.0271914 secs]
[GC 253562K->223115K(1571712K) eden 30463K->0K survivor 433K->449K tenured 222665K->222665K, 0.0281816 secs]
[GC 253579K->223151K(1571712K) eden 30463K->0K survivor 449K->485K tenured 222665K->222665K, 0.0289127 secs]
[GC 253614K->223177K(1571712K) eden 30463K->0K survivor 485K->512K tenured 222665K->222665K, 0.0303276 secs]
[GC 253641K->223219K(1571712K) eden 30464K->0K survivor 512K->553K tenured 222665K->222665K, 0.0306279 secs]
[GC 253683K->223240K(1571712K) eden 30463K->0K survivor 553K->574K tenured 222665K->222665K, 0.0317856 secs]
[GC 253704K->223321K(1571712K) eden 30463K->0K survivor 574K->655K tenured 222665K->222665K, 0.0324147 secs]
[GC 253784K->223286K(1571712K) eden 30463K->0K survivor 655K->519K tenured 222665K->222767K, 0.0350254 secs]
[GC 253747K->223289K(1571712K) eden 30461K->0K survivor 519K->522K tenured 222767K->222767K, 0.0324165 secs]
[GC 253753K->223393K(1571712K) eden 30463K->0K survivor 522K->626K tenured 222767K->222767K, 0.0343184 secs]
[GC 253857K->223435K(1571712K) eden 30464K->0K survivor 626K->596K tenured 222767K->222838K, 0.0376261 secs]
[GC 253898K->223509K(1571712K) eden 30463K->0K survivor 596K->645K tenured 222838K->222864K, 0.0364961 secs]
[GC 253958K->223564K(1571712K) eden 30448K->0K survivor 645K->602K tenured 222864K->222961K, 0.0386705 secs]
[GC 254028K->223636K(1571712K) eden 30463K->0K survivor 602K->622K tenured 222961K->223013K, 0.0361742 secs]
[GC 254085K->223698K(1571712K) eden 30449K->0K survivor 622K->637K tenured 223013K->223060K, 0.0357657 secs]
[GC 254162K->223741K(1571712K) eden 30463K->0K survivor 637K->610K tenured 223060K->223131K, 0.0360266 secs]
[GC 254205K->223849K(1571712K) eden 30463K->0K survivor 610K->681K tenured 223131K->223167K, 0.0334549 secs]
[GC 254313K->223901K(1571712K) eden 30463K->0K survivor 681K->569K tenured 223167K->223332K, 0.0353585 secs]
[GC 254365K->223922K(1571712K) eden 30464K->0K survivor 569K->590K tenured 223332K->223332K, 0.0297681 secs]
[GC 254386K->223954K(1571712K) eden 30463K->0K survivor 590K->559K tenured 223332K->223395K, 0.0306896 secs]
[GC 254418K->223908K(1571712K) eden 30464K->0K survivor 559K->513K tenured 223395K->223395K, 0.0299399 secs]
[GC 254372K->224030K(1571712K) eden 30463K->0K survivor 513K->635K tenured 223395K->223395K, 0.0312853 secs]
[GC 254494K->224067K(1571712K) eden 30463K->0K survivor 635K->606K tenured 223395K->223460K, 0.0339070 secs]
[GC 254531K->224095K(1571712K) eden 30463K->0K survivor 606K->569K tenured 223460K->223526K, 0.0330723 secs]
[GC 254106K->224304K(1571712K) eden 30011K->0K survivor 569K->778K tenured 223526K->223526K, 0.0309346 secs]
[GC 254768K->224177K(1571712K) eden 30463K->0K survivor 778K->423K tenured 223526K->223754K, 0.0349316 secs]
[GC 254641K->224186K(1571712K) eden 30463K->0K survivor 423K->432K tenured 223754K->223754K, 0.0257129 secs]
[GC 254635K->224214K(1571712K) eden 30448K->0K survivor 432K->460K tenured 223754K->223754K, 0.0273129 secs]
[GC 254678K->224270K(1571712K) eden 30463K->0K survivor 460K->515K tenured 223754K->223754K, 0.0271263 secs]
[GC 254734K->224290K(1571712K) eden 30463K->0K survivor 515K->536K tenured 223754K->223754K, 0.0288098 secs]
[GC 254747K->224259K(1571712K) eden 30456K->0K survivor 536K->505K tenured 223754K->223754K, 0.0275510 secs]
[GC 254723K->224350K(1571712K) eden 30464K->0K survivor 505K->595K tenured 223754K->223754K, 0.0311399 secs]
[GC 254814K->224375K(1571712K) eden 30463K->0K survivor 595K->563K tenured 223754K->223811K, 0.0325911 secs]
[GC 254839K->224431K(1571712K) eden 30463K->0K survivor 563K->619K tenured 223811K->223811K, 0.0320645 secs]
[GC 254895K->224440K(1571712K) eden 30464K->0K survivor 619K->583K tenured 223811K->223856K, 0.0325748 secs]
[GC 254904K->224535K(1571712K) eden 30463K->0K survivor 583K->637K tenured 223856K->223897K, 0.0319575 secs]
[GC 254999K->224501K(1571712K) eden 30463K->0K survivor 637K->516K tenured 223897K->223984K, 0.0327929 secs]
[GC 254965K->224529K(1571712K) eden 30463K->0K survivor 516K->544K tenured 223984K->223984K, 0.0305488 secs]
[GC 254993K->224586K(1571712K) eden 30463K->0K survivor 544K->601K tenured 223984K->223984K, 0.0312329 secs]
[GC 255049K->224535K(1571712K) eden 30463K->0K survivor 601K->499K tenured 223984K->224035K, 0.0325182 secs]
[GC 254999K->225029K(1571712K) eden 30463K->0K survivor 499K->993K tenured 224035K->224035K, 0.0330936 secs]
[GC 255493K->224658K(1571712K) eden 30463K->0K survivor 993K->156K tenured 224035K->224502K, 0.0380433 secs]
[GC 255122K->224715K(1571712K) eden 30463K->0K survivor 156K->212K tenured 224502K->224502K, 0.0186348 secs]
[GC 255179K->224731K(1571712K) eden 30463K->0K survivor 212K->228K tenured 224502K->224502K, 0.0206888 secs]
[GC 255195K->224760K(1571712K) eden 30463K->0K survivor 228K->258K tenured 224502K->224502K, 0.0219755 secs]
[GC 255224K->224775K(1571712K) eden 30463K->0K survivor 258K->273K tenured 224502K->224502K, 0.0227396 secs]
[GC 255239K->224733K(1571712K) eden 30463K->0K survivor 273K->231K tenured 224502K->224502K, 0.0237018 secs]
[GC 255197K->224837K(1571712K) eden 30463K->0K survivor 231K->335K tenured 224502K->224502K, 0.0245035 secs]
[GC 255295K->224828K(1571712K) eden 30457K->0K survivor 335K->326K tenured 224502K->224502K, 0.0258841 secs]
[GC 255292K->224905K(1571712K) eden 30464K->0K survivor 326K->402K tenured 224502K->224502K, 0.0268658 secs]
[GC 255369K->224935K(1571712K) eden 30463K->0K survivor 402K->433K tenured 224502K->224502K, 0.0273348 secs]
[GC 255399K->224968K(1571712K) eden 30463K->0K survivor 433K->465K tenured 224502K->224502K, 0.0264553 secs]
[GC 255431K->224902K(1571712K) eden 30463K->0K survivor 465K->400K tenured 224502K->224502K, 0.0281224 secs]
[GC 255366K->225014K(1571712K) eden 30463K->0K survivor 400K->511K tenured 224502K->224502K, 0.0316111 secs]
[GC 255478K->225100K(1571712K) eden 30463K->0K survivor 511K->598K tenured 224502K->224502K, 0.0345609 secs]
[GC 255560K->225146K(1571712K) eden 30460K->0K survivor 598K->602K tenured 224502K->224544K, 0.0356647 secs]
[GC 255610K->225259K(1571712K) eden 30463K->0K survivor 602K->682K tenured 224544K->224576K, 0.0360224 secs]
[GC 255723K->225307K(1571712K) eden 30463K->0K survivor 682K->605K tenured 224576K->224702K, 0.0371732 secs]
[GC 255771K->225373K(1571712K) eden 30463K->0K survivor 605K->614K tenured 224702K->224758K, 0.0345551 secs]
[GC 255835K->225403K(1571712K) eden 30461K->0K survivor 614K->581K tenured 224758K->224821K, 0.0355258 secs]
[GC 255867K->225458K(1571712K) eden 30463K->0K survivor 581K->607K tenured 224821K->224850K, 0.0320900 secs]
[GC 255915K->225533K(1571712K) eden 30457K->0K survivor 607K->640K tenured 224850K->224893K, 0.0315039 secs]
[GC 255900K->225604K(1571712K) eden 30366K->0K survivor 640K->638K tenured 224893K->224966K, 0.0330744 secs]
[GC 256068K->225627K(1571712K) eden 30464K->0K survivor 638K->589K tenured 224966K->225037K, 0.0324223 secs]
[GC 256091K->225627K(1571712K) eden 30463K->0K survivor 589K->528K tenured 225037K->225098K, 0.0311742 secs]
[GC 256089K->225654K(1571712K) eden 30462K->0K survivor 528K->555K tenured 225098K->225098K, 0.0293477 secs]
[GC 256118K->225727K(1571712K) eden 30463K->0K survivor 555K->628K tenured 225098K->225098K, 0.0304663 secs]
[GC 256190K->225784K(1571712K) eden 30463K->0K survivor 628K->613K tenured 225098K->225170K, 0.0325704 secs]
[GC 256248K->225840K(1571712K) eden 30463K->0K survivor 613K->608K tenured 225170K->225232K, 0.0328929 secs]
[GC 256304K->226229K(1571712K) eden 30464K->0K survivor 608K->935K tenured 225232K->225293K, 0.0333654 secs]
[GC 256693K->225862K(1571712K) eden 30463K->0K survivor 935K->164K tenured 225293K->225697K, 0.0342462 secs]
[GC 256316K->225841K(1571712K) eden 30453K->0K survivor 164K->143K tenured 225697K->225697K, 0.0183469 secs]
[GC 256305K->225922K(1571712K) eden 30463K->0K survivor 143K->225K tenured 225697K->225697K, 0.0203422 secs]
[GC 256386K->225979K(1571712K) eden 30464K->0K survivor 225K->281K tenured 225697K->225697K, 0.0214865 secs]
[GC 256443K->225997K(1571712K) eden 30463K->0K survivor 281K->300K tenured 225697K->225697K, 0.0226905 secs]
[GC 256452K->225977K(1571712K) eden 30454K->0K survivor 300K->279K tenured 225697K->225697K, 0.0228842 secs]
[GC 256441K->226093K(1571712K) eden 30464K->0K survivor 279K->395K tenured 225697K->225697K, 0.0255424 secs]
[GC 256557K->226119K(1571712K) eden 30464K->0K survivor 395K->421K tenured 225697K->225697K, 0.0264465 secs]
[GC 256583K->226143K(1571712K) eden 30463K->0K survivor 421K->445K tenured 225697K->225697K, 0.0280828 secs]
[GC 256607K->226175K(1571712K) eden 30463K->0K survivor 445K->478K tenured 225697K->225697K, 0.0280412 secs]
[GC 256639K->226183K(1571712K) eden 30463K->0K survivor 478K->486K tenured 225697K->225697K, 0.0278719 secs]
[GC 256647K->226256K(1571712K) eden 30464K->0K survivor 486K->558K tenured 225697K->225697K, 0.0302290 secs]
[GC 256720K->226266K(1571712K) eden 30463K->0K survivor 558K->568K tenured 225697K->225697K, 0.0301034 secs]
[GC 256724K->226274K(1571712K) eden 30458K->0K survivor 568K->576K tenured 225697K->225697K, 0.0311934 secs]
[GC 256738K->226333K(1571712K) eden 30463K->0K survivor 576K->609K tenured 225697K->225723K, 0.0319760 secs]
[GC 256796K->226355K(1571712K) eden 30462K->0K survivor 609K->574K tenured 225723K->225780K, 0.0317577 secs]
[GC 256819K->226386K(1571712K) eden 30464K->0K survivor 574K->605K tenured 225780K->225780K, 0.0308612 secs]
[GC 256850K->226434K(1571712K) eden 30463K->0K survivor 605K->621K tenured 225780K->225812K, 0.0331491 secs]
[GC 256898K->226470K(1571712K) eden 30463K->0K survivor 621K->607K tenured 225812K->225863K, 0.0337033 secs]
[GC 256934K->226489K(1571712K) eden 30464K->0K survivor 607K->567K tenured 225863K->225922K, 0.0327217 secs]
[GC 256953K->226918K(1571712K) eden 30463K->0K survivor 567K->995K tenured 225922K->225922K, 0.0328417 secs]
[GC 257382K->226553K(1571712K) eden 30463K->0K survivor 995K->168K tenured 225922K->226384K, 0.0361418 secs]
[GC 257017K->226589K(1571712K) eden 30463K->0K survivor 168K->204K tenured 226384K->226384K, 0.0189870 secs]
[GC 257053K->226620K(1571712K) eden 30463K->0K survivor 204K->235K tenured 226384K->226384K, 0.0211300 secs]
[GC 257082K->226575K(1571712K) eden 30462K->0K survivor 235K->191K tenured 226384K->226384K, 0.0222152 secs]
[GC 257039K->226668K(1571712K) eden 30463K->0K survivor 191K->283K tenured 226384K->226384K, 0.0228554 secs]
[GC 257132K->226622K(1571712K) eden 30463K->0K survivor 283K->237K tenured 226384K->226384K, 0.0237271 secs]
[GC 257086K->226668K(1571712K) eden 30463K->0K survivor 237K->283K tenured 226384K->226384K, 0.0251642 secs]
[GC 257131K->226751K(1571712K) eden 30463K->0K survivor 283K->366K tenured 226384K->226384K, 0.0279888 secs]
[GC 257200K->226854K(1571712K) eden 30448K->0K survivor 366K->470K tenured 226384K->226384K, 0.0300299 secs]
[GC 257315K->226901K(1571712K) eden 30460K->0K survivor 470K->516K tenured 226384K->226384K, 0.0313730 secs]
[GC 257365K->227005K(1571712K) eden 30464K->0K survivor 516K->620K tenured 226384K->226384K, 0.0339616 secs]
[GC 257457K->227039K(1571712K) eden 30452K->0K survivor 620K->607K tenured 226384K->226431K, 0.0344087 secs]
[GC 257495K->227095K(1571712K) eden 30455K->0K survivor 607K->603K tenured 226431K->226491K, 0.0358012 secs]
[GC 257559K->227146K(1571712K) eden 30463K->0K survivor 603K->613K tenured 226491K->226533K, 0.0338444 secs]
[GC 257610K->227270K(1571712K) eden 30463K->0K survivor 613K->683K tenured 226533K->226586K, 0.0371832 secs]
[GC 257722K->227282K(1571712K) eden 30452K->0K survivor 683K->570K tenured 226586K->226712K, 0.0348651 secs]
[GC 257741K->227335K(1571712K) eden 30458K->0K survivor 570K->622K tenured 226712K->226712K, 0.0313308 secs]
[GC 257795K->227321K(1571712K) eden 30459K->0K survivor 622K->529K tenured 226712K->226791K, 0.0326249 secs]
[GC 257785K->227327K(1571712K) eden 30464K->0K survivor 529K->536K tenured 226791K->226791K, 0.0304834 secs]
[GC 257784K->227361K(1571712K) eden 30456K->0K survivor 536K->570K tenured 226791K->226791K, 0.0310828 secs]
[GC 257825K->227476K(1571712K) eden 30464K->0K survivor 570K->685K tenured 226791K->226791K, 0.0319346 secs]
[GC 257938K->227489K(1571712K) eden 30462K->0K survivor 685K->572K tenured 226791K->226917K, 0.0368283 secs]
[GC 257953K->227550K(1571712K) eden 30463K->0K survivor 572K->633K tenured 226917K->226917K, 0.0315454 secs]
[GC 258006K->227514K(1571712K) eden 30455K->0K survivor 633K->532K tenured 226917K->226982K, 0.0328074 secs]
[GC 257978K->227610K(1571712K) eden 30464K->0K survivor 532K->628K tenured 226982K->226982K, 0.0311345 secs]
[GC 258047K->227607K(1571712K) eden 30437K->0K survivor 628K->565K tenured 226982K->227042K, 0.0328524 secs]
[GC 258070K->227641K(1571712K) eden 30462K->0K survivor 565K->599K tenured 227042K->227042K, 0.0323889 secs]
[GC 258095K->227685K(1571712K) eden 30454K->0K survivor 599K->577K tenured 227042K->227108K, 0.0335945 secs]
[GC 257895K->227932K(1571712K) eden 30209K->0K survivor 577K->753K tenured 227108K->227179K, 0.0338146 secs]
[GC 258396K->227806K(1571712K) eden 30463K->0K survivor 753K->423K tenured 227179K->227382K, 0.0330753 secs]
[GC 258270K->227815K(1571712K) eden 30463K->0K survivor 423K->432K tenured 227382K->227382K, 0.0271998 secs]
[GC 258263K->227842K(1571712K) eden 30448K->0K survivor 432K->460K tenured 227382K->227382K, 0.0281314 secs]
[GC 258306K->227898K(1571712K) eden 30463K->0K survivor 460K->515K tenured 227382K->227382K, 0.0285741 secs]
[GC 258362K->227919K(1571712K) eden 30463K->0K survivor 515K->536K tenured 227382K->227382K, 0.0295065 secs]
[GC 258383K->227930K(1571712K) eden 30463K->0K survivor 536K->547K tenured 227382K->227382K, 0.0300951 secs]
[GC 258389K->227938K(1571712K) eden 30459K->0K survivor 547K->555K tenured 227382K->227382K, 0.0310193 secs]
[GC 258402K->228013K(1571712K) eden 30463K->0K survivor 555K->630K tenured 227382K->227382K, 0.0329968 secs]
[GC 258477K->228053K(1571712K) eden 30463K->0K survivor 630K->613K tenured 227382K->227440K, 0.0330993 secs]
[GC 258517K->228068K(1571712K) eden 30463K->0K survivor 613K->583K tenured 227440K->227484K, 0.0330329 secs]
[GC 258532K->228164K(1571712K) eden 30463K->0K survivor 583K->642K tenured 227484K->227522K, 0.0329246 secs]
[GC 258628K->228130K(1571712K) eden 30463K->0K survivor 642K->517K tenured 227522K->227612K, 0.0319738 secs]
[GC 258594K->228157K(1571712K) eden 30463K->0K survivor 517K->545K tenured 227612K->227612K, 0.0302069 secs]
[GC 258621K->228150K(1571712K) eden 30463K->0K survivor 545K->537K tenured 227612K->227612K, 0.0309959 secs]
[GC 258614K->228165K(1571712K) eden 30463K->0K survivor 537K->553K tenured 227612K->227612K, 0.0321455 secs]
[GC 258629K->228658K(1571712K) eden 30463K->0K survivor 553K->1046K tenured 227612K->227612K, 0.0336403 secs]
[GC 259122K->228286K(1571712K) eden 30463K->0K survivor 1046K->155K tenured 227612K->228131K, 0.0389813 secs]
[GC 258747K->228276K(1571712K) eden 30461K->0K survivor 155K->145K tenured 228131K->228131K, 0.0195180 secs]
[GC 258740K->228346K(1571712K) eden 30464K->0K survivor 145K->215K tenured 228131K->228131K, 0.0223324 secs]
[GC 258810K->228459K(1571712K) eden 30463K->0K survivor 215K->328K tenured 228131K->228131K, 0.0251106 secs]
[GC 258922K->228516K(1571712K) eden 30462K->0K survivor 328K->385K tenured 228131K->228131K, 0.0263346 secs]
[GC 258974K->228562K(1571712K) eden 30457K->0K survivor 385K->431K tenured 228131K->228131K, 0.0276204 secs]
[GC 259023K->228639K(1571712K) eden 30461K->0K survivor 431K->508K tenured 228131K->228131K, 0.0301194 secs]
[GC 259103K->228748K(1571712K) eden 30463K->0K survivor 508K->617K tenured 228131K->228131K, 0.0328049 secs]
[GC 259205K->228766K(1571712K) eden 30456K->0K survivor 617K->594K tenured 228131K->228172K, 0.0334084 secs]
[GC 259230K->228873K(1571712K) eden 30464K->0K survivor 594K->668K tenured 228172K->228204K, 0.0339188 secs]
[GC 259327K->228894K(1571712K) eden 30454K->0K survivor 668K->571K tenured 228204K->228323K, 0.0331648 secs]
[GC 259358K->228960K(1571712K) eden 30463K->0K survivor 571K->636K tenured 228323K->228323K, 0.0308331 secs]
[GC 259422K->228926K(1571712K) eden 30461K->0K survivor 636K->525K tenured 228323K->228400K, 0.0322858 secs]
[GC 259390K->229030K(1571712K) eden 30463K->0K survivor 525K->629K tenured 228400K->228400K, 0.0308777 secs]
[GC 259494K->229061K(1571712K) eden 30464K->0K survivor 629K->602K tenured 228400K->228459K, 0.0325799 secs]
[GC 259525K->229058K(1571712K) eden 30463K->0K survivor 602K->530K tenured 228459K->228527K, 0.0316127 secs]
[GC 259520K->229067K(1571712K) eden 30461K->0K survivor 530K->539K tenured 228527K->228527K, 0.0313799 secs]
[GC 259529K->229111K(1571712K) eden 30461K->0K survivor 539K->583K tenured 228527K->228527K, 0.0308603 secs]
[GC 259573K->229122K(1571712K) eden 30461K->0K survivor 583K->527K tenured 228527K->228594K, 0.0322543 secs]
[GC 259584K->229158K(1571712K) eden 30461K->0K survivor 527K->563K tenured 228594K->228594K, 0.0309013 secs]
[GC 259622K->229186K(1571712K) eden 30463K->0K survivor 563K->591K tenured 228594K->228594K, 0.0463778 secs]
[GC 259650K->229312K(1571712K) eden 30463K->0K survivor 591K->654K tenured 228594K->228657K, 0.0347043 secs]
[GC 259776K->229388K(1571712K) eden 30463K->0K survivor 654K->614K tenured 228657K->228773K, 0.0334125 secs]
[GC 259852K->229425K(1571712K) eden 30463K->0K survivor 614K->591K tenured 228773K->228834K, 0.0297297 secs]
[GC 259889K->229408K(1571712K) eden 30463K->0K survivor 591K->546K tenured 228834K->228861K, 0.0310422 secs]
[GC 259870K->229402K(1571712K) eden 30462K->0K survivor 546K->541K tenured 228861K->228861K, 0.0303987 secs]
[GC 259866K->229496K(1571712K) eden 30463K->0K survivor 541K->634K tenured 228861K->228861K, 0.0313630 secs]
[GC 259940K->229457K(1571712K) eden 30444K->0K survivor 634K->526K tenured 228861K->228931K, 0.0329376 secs]
[GC 259921K->229935K(1571712K) eden 30463K->0K survivor 526K->1004K tenured 228931K->228931K, 0.0322050 secs]
[GC 260399K->229573K(1571712K) eden 30464K->0K survivor 1004K->170K tenured 228931K->229403K, 0.0363830 secs]
[GC 260031K->229568K(1571712K) eden 30457K->0K survivor 170K->164K tenured 229403K->229403K, 0.0191501 secs]
[GC 260032K->229651K(1571712K) eden 30463K->0K survivor 164K->248K tenured 229403K->229403K, 0.0214570 secs]
[GC 260113K->229603K(1571712K) eden 30462K->0K survivor 248K->200K tenured 229403K->229403K, 0.0222890 secs]
[GC 260067K->229703K(1571712K) eden 30463K->0K survivor 200K->300K tenured 229403K->229403K, 0.0238744 secs]
[GC 260167K->229691K(1571712K) eden 30463K->0K survivor 300K->288K tenured 229403K->229403K, 0.0255289 secs]
[GC 260155K->229751K(1571712K) eden 30463K->0K survivor 288K->348K tenured 229403K->229403K, 0.0256403 secs]
[GC 260215K->229817K(1571712K) eden 30463K->0K survivor 348K->414K tenured 229403K->229403K, 0.0271786 secs]
[GC 260189K->229842K(1571712K) eden 30372K->0K survivor 414K->438K tenured 229403K->229403K, 0.0276834 secs]
[GC 260306K->229862K(1571712K) eden 30463K->0K survivor 438K->459K tenured 229403K->229403K, 0.0285650 secs]
[GC 260326K->229869K(1571712K) eden 30463K->0K survivor 459K->465K tenured 229403K->229403K, 0.0287631 secs]
[GC 260332K->229927K(1571712K) eden 30463K->0K survivor 465K->524K tenured 229403K->229403K, 0.0302753 secs]
[GC 260391K->229925K(1571712K) eden 30463K->0K survivor 524K->522K tenured 229403K->229403K, 0.0330252 secs]
[GC 260389K->230035K(1571712K) eden 30463K->0K survivor 522K->632K tenured 229403K->229403K, 0.0347055 secs]
[GC 260499K->230081K(1571712K) eden 30463K->0K survivor 632K->596K tenured 229403K->229484K, 0.0371459 secs]
[GC 260545K->230154K(1571712K) eden 30463K->0K survivor 596K->638K tenured 229484K->229515K, 0.0350088 secs]
[GC 260613K->230227K(1571712K) eden 30459K->0K survivor 638K->637K tenured 229515K->229589K, 0.0370021 secs]
[GC 260691K->230349K(1571712K) eden 30463K->0K survivor 637K->672K tenured 229589K->229676K, 0.0343242 secs]
[GC 260812K->230342K(1571712K) eden 30463K->0K survivor 672K->561K tenured 229676K->229781K, 0.0353833 secs]
[GC 260806K->230396K(1571712K) eden 30463K->0K survivor 561K->615K tenured 229781K->229781K, 0.0342566 secs]
[GC 260860K->230496K(1571712K) eden 30464K->0K survivor 615K->663K tenured 229781K->229832K, 0.0340123 secs]
[GC 260948K->230518K(1571712K) eden 30451K->0K survivor 663K->541K tenured 229832K->229976K, 0.0352967 secs]
[GC 260982K->230609K(1571712K) eden 30463K->0K survivor 541K->632K tenured 229976K->229976K, 0.0304357 secs]
[GC 261073K->230594K(1571712K) eden 30463K->0K survivor 632K->554K tenured 229976K->230039K, 0.0313777 secs]
[GC 261058K->230648K(1571712K) eden 30464K->0K survivor 554K->609K tenured 230039K->230039K, 0.0311352 secs]
[GC 261112K->230691K(1571712K) eden 30463K->0K survivor 609K->582K tenured 230039K->230108K, 0.0330931 secs]
[GC 261155K->230739K(1571712K) eden 30463K->0K survivor 582K->564K tenured 230108K->230175K, 0.0327130 secs]
[GC 261203K->230777K(1571712K) eden 30463K->0K survivor 564K->602K tenured 230175K->230175K, 0.0309932 secs]
[GC 261241K->230785K(1571712K) eden 30464K->0K survivor 602K->543K tenured 230175K->230241K, 0.0321968 secs]
[GC 261233K->230832K(1571712K) eden 30448K->0K survivor 543K->590K tenured 230241K->230241K, 0.0312327 secs]
[GC 261296K->230876K(1571712K) eden 30463K->0K survivor 590K->569K tenured 230241K->230306K, 0.0329214 secs]
[GC 261332K->230905K(1571712K) eden 30456K->0K survivor 569K->598K tenured 230306K->230306K, 0.0305100 secs]
[GC 261369K->230942K(1571712K) eden 30463K->0K survivor 598K->570K tenured 230306K->230371K, 0.0327012 secs]
[GC 261406K->230981K(1571712K) eden 30463K->0K survivor 570K->609K tenured 230371K->230371K, 0.0301816 secs]
[GC 261437K->230942K(1571712K) eden 30456K->0K survivor 609K->528K tenured 230371K->230413K, 0.0309209 secs]
[GC 261406K->231036K(1571712K) eden 30463K->0K survivor 528K->622K tenured 230413K->230413K, 0.0317807 secs]
[GC 261484K->231050K(1571712K) eden 30448K->0K survivor 622K->576K tenured 230413K->230474K, 0.0334714 secs]
[GC 261514K->231124K(1571712K) eden 30463K->0K survivor 576K->622K tenured 230474K->230501K, 0.0326173 secs]
[GC 261587K->231073K(1571712K) eden 30463K->0K survivor 622K->511K tenured 230501K->230561K, 0.0327555 secs]
[GC 261537K->231233K(1571712K) eden 30464K->0K survivor 511K->672K tenured 230561K->230561K, 0.0317842 secs]
[GC 261697K->231222K(1571712K) eden 30464K->0K survivor 672K->541K tenured 230561K->230681K, 0.0338987 secs]
[GC 261686K->231256K(1571712K) eden 30463K->0K survivor 541K->575K tenured 230681K->230681K, 0.0301269 secs]
[GC 261720K->231293K(1571712K) eden 30463K->0K survivor 575K->612K tenured 230681K->230681K, 0.0317557 secs]
[GC 261757K->231332K(1571712K) eden 30464K->0K survivor 612K->583K tenured 230681K->230749K, 0.0316644 secs]
[GC 261796K->231738K(1571712K) eden 30463K->0K survivor 583K->956K tenured 230749K->230781K, 0.0333488 secs]
[GC 262202K->231387K(1571712K) eden 30463K->0K survivor 956K->179K tenured 230781K->231207K, 0.0354451 secs]
[GC 261838K->231365K(1571712K) eden 30451K->0K survivor 179K->158K tenured 231207K->231207K, 0.0184836 secs]
[GC 261828K->231470K(1571712K) eden 30463K->0K survivor 158K->263K tenured 231207K->231207K, 0.0223969 secs]
[GC 261934K->231540K(1571712K) eden 30463K->0K survivor 263K->332K tenured 231207K->231207K, 0.0245476 secs]
[GC 262003K->231631K(1571712K) eden 30463K->0K survivor 332K->423K tenured 231207K->231207K, 0.0270587 secs]
[GC 262088K->231676K(1571712K) eden 30457K->0K survivor 423K->469K tenured 231207K->231207K, 0.0282991 secs]
[GC 262140K->231785K(1571712K) eden 30463K->0K survivor 469K->578K tenured 231207K->231207K, 0.0300242 secs]
[GC 262247K->231812K(1571712K) eden 30462K->0K survivor 578K->584K tenured 231207K->231227K, 0.0314240 secs]
[GC 262275K->231835K(1571712K) eden 30463K->0K survivor 584K->583K tenured 231227K->231252K, 0.0317013 secs]
[GC 262299K->231985K(1571712K) eden 30463K->0K survivor 583K->699K tenured 231252K->231286K, 0.0333594 secs]
[GC 262449K->232034K(1571712K) eden 30463K->0K survivor 699K->549K tenured 231286K->231484K, 0.0347198 secs]
[GC 262483K->231996K(1571712K) eden 30449K->0K survivor 549K->511K tenured 231484K->231484K, 0.0287017 secs]
[GC 262460K->232112K(1571712K) eden 30463K->0K survivor 511K->627K tenured 231484K->231484K, 0.0293496 secs]
[GC 262569K->232047K(1571712K) eden 30457K->0K survivor 627K->503K tenured 231484K->231543K, 0.0299645 secs]
[GC 262511K->232170K(1571712K) eden 30463K->0K survivor 503K->627K tenured 231543K->231543K, 0.0305724 secs]
[GC 262634K->232196K(1571712K) eden 30463K->0K survivor 627K->583K tenured 231543K->231612K, 0.0326339 secs]
[GC 262660K->232327K(1571712K) eden 30463K->0K survivor 583K->645K tenured 231612K->231681K, 0.0320963 secs]
[GC 262788K->232195K(1571712K) eden 30461K->0K survivor 645K->387K tenured 231681K->231807K, 0.0306226 secs]
[GC 262653K->232223K(1571712K) eden 30457K->0K survivor 387K->415K tenured 231807K->231807K, 0.0268360 secs]
[GC 262687K->232302K(1571712K) eden 30463K->0K survivor 415K->495K tenured 231807K->231807K, 0.0285530 secs]
[GC 262766K->232355K(1571712K) eden 30463K->0K survivor 495K->548K tenured 231807K->231807K, 0.0292858 secs]
[GC 262816K->232371K(1571712K) eden 30460K->0K survivor 548K->564K tenured 231807K->231807K, 0.0314449 secs]
[GC 262835K->232483K(1571712K) eden 30463K->0K survivor 564K->675K tenured 231807K->231807K, 0.0317878 secs]
[GC 262947K->232864K(1571712K) eden 30463K->0K survivor 675K->940K tenured 231807K->231923K, 0.0343678 secs]
[GC 263328K->232498K(1571712K) eden 30463K->0K survivor 940K->165K tenured 231923K->232332K, 0.0347827 secs]
[GC 262946K->232491K(1571712K) eden 30448K->0K survivor 165K->158K tenured 232332K->232332K, 0.0190548 secs]
[GC 262949K->232534K(1571712K) eden 30458K->0K survivor 158K->202K tenured 232332K->232332K, 0.0206175 secs]
[GC 262998K->232548K(1571712K) eden 30463K->0K survivor 202K->215K tenured 232332K->232332K, 0.0212444 secs]
[GC 263012K->232682K(1571712K) eden 30463K->0K survivor 215K->349K tenured 232332K->232332K, 0.0237312 secs]
[GC 263144K->232648K(1571712K) eden 30461K->0K survivor 349K->315K tenured 232332K->232332K, 0.0241157 secs]
[GC 263111K->232671K(1571712K) eden 30463K->0K survivor 315K->339K tenured 232332K->232332K, 0.0257166 secs]
[GC 263135K->232773K(1571712K) eden 30463K->0K survivor 339K->440K tenured 232332K->232332K, 0.0262461 secs]
[GC 263237K->232786K(1571712K) eden 30464K->0K survivor 440K->454K tenured 232332K->232332K, 0.0284525 secs]
[GC 263250K->232824K(1571712K) eden 30463K->0K survivor 454K->491K tenured 232332K->232332K, 0.0292259 secs]
[GC 263288K->232861K(1571712K) eden 30463K->0K survivor 491K->528K tenured 232332K->232332K, 0.0292637 secs]
[GC 263325K->232806K(1571712K) eden 30463K->0K survivor 528K->473K tenured 232332K->232332K, 0.0301194 secs]
[GC 263270K->232945K(1571712K) eden 30463K->0K survivor 473K->612K tenured 232332K->232332K, 0.0331881 secs]
[GC 263408K->233004K(1571712K) eden 30463K->0K survivor 612K->625K tenured 232332K->232379K, 0.0359598 secs]
[GC 263468K->233082K(1571712K) eden 30463K->0K survivor 625K->631K tenured 232379K->232451K, 0.0359041 secs]
[GC 263543K->233120K(1571712K) eden 30461K->0K survivor 631K->614K tenured 232451K->232506K, 0.0375659 secs]
[GC 263582K->233203K(1571712K) eden 30461K->0K survivor 614K->639K tenured 232506K->232564K, 0.0353524 secs]
[GC 263667K->233320K(1571712K) eden 30464K->0K survivor 639K->689K tenured 232564K->232631K, 0.0362430 secs]
[GC 263784K->233338K(1571712K) eden 30463K->0K survivor 689K->572K tenured 232631K->232765K, 0.0354606 secs]
[GC 263802K->233434K(1571712K) eden 30463K->0K survivor 572K->668K tenured 232765K->232765K, 0.0320206 secs]
[GC 263898K->233482K(1571712K) eden 30463K->0K survivor 668K->614K tenured 232765K->232868K, 0.0347631 secs]
[GC 263946K->233534K(1571712K) eden 30463K->0K survivor 614K->590K tenured 232868K->232944K, 0.0322243 secs]
[GC 263994K->233522K(1571712K) eden 30459K->0K survivor 590K->515K tenured 232944K->233007K, 0.0307271 secs]
[GC 263986K->233651K(1571712K) eden 30463K->0K survivor 515K->644K tenured 233007K->233007K, 0.0301825 secs]
[GC 264115K->233643K(1571712K) eden 30463K->0K survivor 644K->562K tenured 233007K->233081K, 0.0317176 secs]
[GC 264078K->233611K(1571712K) eden 30435K->0K survivor 562K->529K tenured 233081K->233081K, 0.0298386 secs]
[GC 264075K->233726K(1571712K) eden 30463K->0K survivor 529K->645K tenured 233081K->233081K, 0.0314539 secs]
[GC 264190K->233767K(1571712K) eden 30463K->0K survivor 645K->556K tenured 233081K->233210K, 0.0330049 secs]
[GC 264231K->234175K(1571712K) eden 30463K->0K survivor 556K->965K tenured 233210K->233210K, 0.0310693 secs]
[GC 264639K->233828K(1571712K) eden 30463K->0K survivor 965K->189K tenured 233210K->233639K, 0.0350322 secs]
[GC 264292K->233859K(1571712K) eden 30463K->0K survivor 189K->220K tenured 233639K->233639K, 0.0195450 secs]
[GC 264323K->233899K(1571712K) eden 30463K->0K survivor 220K->260K tenured 233639K->233639K, 0.0216247 secs]
[GC 264363K->233922K(1571712K) eden 30463K->0K survivor 260K->283K tenured 233639K->233639K, 0.0225567 secs]
[GC 264386K->233954K(1571712K) eden 30463K->0K survivor 283K->315K tenured 233639K->233639K, 0.0233054 secs]
[GC 264418K->233915K(1571712K) eden 30463K->0K survivor 315K->276K tenured 233639K->233639K, 0.0241640 secs]
[GC 264379K->234014K(1571712K) eden 30463K->0K survivor 276K->374K tenured 233639K->233639K, 0.0255999 secs]
[GC 264474K->234027K(1571712K) eden 30459K->0K survivor 374K->388K tenured 233639K->233639K, 0.0263508 secs]
[GC 264491K->234108K(1571712K) eden 30463K->0K survivor 388K->469K tenured 233639K->233639K, 0.0285494 secs]
[GC 264572K->234125K(1571712K) eden 30463K->0K survivor 469K->486K tenured 233639K->233639K, 0.0292088 secs]
[GC 264589K->234142K(1571712K) eden 30463K->0K survivor 486K->502K tenured 233639K->233639K, 0.0296215 secs]
[GC 264606K->234187K(1571712K) eden 30463K->0K survivor 502K->547K tenured 233639K->233639K, 0.0309660 secs]
[GC 264650K->234212K(1571712K) eden 30463K->0K survivor 547K->573K tenured 233639K->233639K, 0.0331648 secs]
[GC 264676K->234305K(1571712K) eden 30463K->0K survivor 573K->666K tenured 233639K->233639K, 0.0347991 secs]
[GC 264769K->234365K(1571712K) eden 30463K->0K survivor 666K->604K tenured 233639K->233761K, 0.0387050 secs]
[GC 264829K->234438K(1571712K) eden 30463K->0K survivor 604K->625K tenured 233761K->233813K, 0.0356474 secs]
[GC 264896K->234517K(1571712K) eden 30457K->0K survivor 625K->642K tenured 233813K->233875K, 0.0365003 secs]
[GC 264966K->234578K(1571712K) eden 30448K->0K survivor 642K->591K tenured 233875K->233987K, 0.0366810 secs]
[GC 265042K->234660K(1571712K) eden 30463K->0K survivor 591K->637K tenured 233987K->234023K, 0.0339261 secs]
[GC 265123K->234698K(1571712K) eden 30463K->0K survivor 637K->589K tenured 234023K->234108K, 0.0366062 secs]
[GC 265162K->234817K(1571712K) eden 30464K->0K survivor 589K->643K tenured 234108K->234173K, 0.0325028 secs]
[GC 265277K->234861K(1571712K) eden 30460K->0K survivor 643K->604K tenured 234173K->234257K, 0.0322828 secs]
[GC 265325K->234922K(1571712K) eden 30463K->0K survivor 604K->598K tenured 234257K->234324K, 0.0316648 secs]
[GC 265386K->235312K(1571712K) eden 30463K->0K survivor 598K->921K tenured 234324K->234390K, 0.0315259 secs]
[GC 265776K->234975K(1571712K) eden 30463K->0K survivor 921K->199K tenured 234390K->234776K, 0.0336816 secs]
[GC 265439K->235006K(1571712K) eden 30464K->0K survivor 199K->229K tenured 234776K->234776K, 0.0196958 secs]
[GC 265470K->235047K(1571712K) eden 30463K->0K survivor 229K->271K tenured 234776K->234776K, 0.0214579 secs]
[GC 265511K->235092K(1571712K) eden 30463K->0K survivor 271K->316K tenured 234776K->234776K, 0.0226349 secs]
[GC 265556K->235107K(1571712K) eden 30463K->0K survivor 316K->331K tenured 234776K->234776K, 0.0241333 secs]
[GC 265571K->235068K(1571712K) eden 30464K->0K survivor 331K->292K tenured 234776K->234776K, 0.0244651 secs]
[GC 265532K->235207K(1571712K) eden 30463K->0K survivor 292K->431K tenured 234776K->234776K, 0.0258313 secs]
[GC 265671K->235240K(1571712K) eden 30463K->0K survivor 431K->463K tenured 234776K->234776K, 0.0275090 secs]
[GC 265703K->235220K(1571712K) eden 30463K->0K survivor 463K->444K tenured 234776K->234776K, 0.0290951 secs]
[GC 265684K->235302K(1571712K) eden 30463K->0K survivor 444K->526K tenured 234776K->234776K, 0.0288269 secs]
[GC 265758K->235283K(1571712K) eden 30456K->0K survivor 526K->506K tenured 234776K->234776K, 0.0299830 secs]
[GC 265747K->235386K(1571712K) eden 30463K->0K survivor 506K->610K tenured 234776K->234776K, 0.0306054 secs]
[GC 265850K->235385K(1571712K) eden 30463K->0K survivor 610K->559K tenured 234776K->234826K, 0.0325429 secs]
[GC 265849K->235454K(1571712K) eden 30463K->0K survivor 559K->628K tenured 234826K->234826K, 0.0308028 secs]
[GC 265906K->235460K(1571712K) eden 30451K->0K survivor 628K->555K tenured 234826K->234904K, 0.0326105 secs]
[GC 265924K->235900K(1571712K) eden 30464K->0K survivor 555K->996K tenured 234904K->234904K, 0.0313312 secs]
[GC 266364K->235544K(1571712K) eden 30464K->0K survivor 996K->175K tenured 234904K->235368K, 0.0360515 secs]
[GC 266008K->235577K(1571712K) eden 30463K->0K survivor 175K->208K tenured 235368K->235368K, 0.0201453 secs]
[GC 266038K->235644K(1571712K) eden 30461K->0K survivor 208K->275K tenured 235368K->235368K, 0.0228418 secs]
[GC 266108K->235732K(1571712K) eden 30463K->0K survivor 275K->363K tenured 235368K->235368K, 0.0251275 secs]
[GC 266194K->235779K(1571712K) eden 30462K->0K survivor 363K->410K tenured 235368K->235368K, 0.0267701 secs]
[GC 266240K->235840K(1571712K) eden 30461K->0K survivor 410K->471K tenured 235368K->235368K, 0.0289297 secs]
[GC 266291K->235941K(1571712K) eden 30451K->0K survivor 471K->572K tenured 235368K->235368K, 0.0301752 secs]
[GC 266395K->235995K(1571712K) eden 30454K->0K survivor 572K->626K tenured 235368K->235368K, 0.0318152 secs]
[GC 266452K->236032K(1571712K) eden 30457K->0K survivor 626K->578K tenured 235368K->235453K, 0.0342114 secs]
[GC 266492K->236085K(1571712K) eden 30459K->0K survivor 578K->573K tenured 235453K->235512K, 0.0321332 secs]
[GC 266549K->236205K(1571712K) eden 30463K->0K survivor 573K->693K tenured 235512K->235512K, 0.0317438 secs]
[GC 266669K->236245K(1571712K) eden 30463K->0K survivor 693K->575K tenured 235512K->235670K, 0.0351658 secs]
[GC 266709K->236255K(1571712K) eden 30463K->0K survivor 575K->585K tenured 235670K->235670K, 0.0295436 secs]
[GC 266719K->236320K(1571712K) eden 30463K->0K survivor 585K->591K tenured 235670K->235729K, 0.0316865 secs]
[GC 266784K->236353K(1571712K) eden 30463K->0K survivor 591K->554K tenured 235729K->235798K, 0.0308551 secs]
[GC 266814K->236366K(1571712K) eden 30460K->0K survivor 554K->567K tenured 235798K->235798K, 0.0295397 secs]
[GC 266830K->236426K(1571712K) eden 30464K->0K survivor 567K->627K tenured 235798K->235798K, 0.0307679 secs]
[GC 266890K->236456K(1571712K) eden 30463K->0K survivor 627K->587K tenured 235798K->235868K, 0.0326162 secs]
[GC 266912K->236469K(1571712K) eden 30456K->0K survivor 587K->533K tenured 235868K->235936K, 0.0319886 secs]
[GC 266933K->236451K(1571712K) eden 30463K->0K survivor 533K->514K tenured 235936K->235936K, 0.0300440 secs]
[GC 266915K->236548K(1571712K) eden 30463K->0K survivor 514K->611K tenured 235936K->235936K, 0.0308809 secs]
[GC 267012K->236623K(1571712K) eden 30463K->0K survivor 611K->621K tenured 235936K->236002K, 0.0331174 secs]
[GC 267087K->236696K(1571712K) eden 30464K->0K survivor 621K->640K tenured 236002K->236055K, 0.0325667 secs]
[GC 267154K->236709K(1571712K) eden 30458K->0K survivor 640K->562K tenured 236055K->236147K, 0.0304702 secs]
[GC 267173K->236720K(1571712K) eden 30463K->0K survivor 562K->573K tenured 236147K->236147K, 0.0299431 secs]
[GC 267184K->236740K(1571712K) eden 30464K->0K survivor 573K->593K tenured 236147K->236147K, 0.0313711 secs]
[GC 267194K->236822K(1571712K) eden 30453K->0K survivor 593K->641K tenured 236147K->236180K, 0.0334855 secs]
[GC 267284K->236887K(1571712K) eden 30462K->0K survivor 641K->630K tenured 236180K->236256K, 0.0359793 secs]
[GC 267343K->236963K(1571712K) eden 30456K->0K survivor 630K->625K tenured 236256K->236338K, 0.0355415 secs]
[GC 267411K->237041K(1571712K) eden 30448K->0K survivor 625K->634K tenured 236338K->236406K, 0.0337330 secs]
[GC 267498K->237102K(1571712K) eden 30457K->0K survivor 634K->630K tenured 236406K->236471K, 0.0352764 secs]
[GC 267561K->237169K(1571712K) eden 30459K->0K survivor 630K->637K tenured 236471K->236532K, 0.0350530 secs]
[GC 267633K->237269K(1571712K) eden 30463K->0K survivor 637K->645K tenured 236532K->236623K, 0.0349467 secs]
[GC 267733K->237323K(1571712K) eden 30463K->0K survivor 645K->554K tenured 236623K->236768K, 0.0335974 secs]
[GC 267787K->237389K(1571712K) eden 30463K->0K survivor 554K->620K tenured 236768K->236768K, 0.0299955 secs]
[GC 267853K->237412K(1571712K) eden 30463K->0K survivor 620K->570K tenured 236768K->236842K, 0.0311479 secs]
[GC 267876K->237845K(1571712K) eden 30464K->0K survivor 570K->1003K tenured 236842K->236842K, 0.0313222 secs]
[GC 268309K->237497K(1571712K) eden 30463K->0K survivor 1003K->197K tenured 236842K->237299K, 0.0353912 secs]
[GC 267961K->237534K(1571712K) eden 30463K->0K survivor 197K->235K tenured 237299K->237299K, 0.0194964 secs]
[GC 267998K->237588K(1571712K) eden 30463K->0K survivor 235K->288K tenured 237299K->237299K, 0.0217412 secs]
[GC 268052K->237621K(1571712K) eden 30464K->0K survivor 288K->321K tenured 237299K->237299K, 0.0233215 secs]
[GC 268085K->237647K(1571712K) eden 30463K->0K survivor 321K->347K tenured 237299K->237299K, 0.0225091 secs]
[GC 268111K->237661K(1571712K) eden 30463K->0K survivor 347K->361K tenured 237299K->237299K, 0.0248465 secs]
[GC 268125K->237701K(1571712K) eden 30463K->0K survivor 361K->402K tenured 237299K->237299K, 0.0256940 secs]
[GC 268163K->237706K(1571712K) eden 30461K->0K survivor 402K->406K tenured 237299K->237299K, 0.0267885 secs]
[GC 268169K->237759K(1571712K) eden 30462K->0K survivor 406K->459K tenured 237299K->237299K, 0.0277890 secs]
[GC 268223K->237827K(1571712K) eden 30464K->0K survivor 459K->527K tenured 237299K->237299K, 0.0285425 secs]
[GC 268291K->237923K(1571712K) eden 30463K->0K survivor 527K->623K tenured 237299K->237299K, 0.0294293 secs]
[GC 268387K->237917K(1571712K) eden 30464K->0K survivor 623K->558K tenured 237299K->237358K, 0.0315242 secs]
[GC 268381K->237949K(1571712K) eden 30463K->0K survivor 558K->591K tenured 237358K->237358K, 0.0317213 secs]
[GC 268413K->238042K(1571712K) eden 30464K->0K survivor 591K->641K tenured 237358K->237400K, 0.0344230 secs]
[GC 268506K->238114K(1571712K) eden 30463K->0K survivor 641K->620K tenured 237400K->237493K, 0.0350263 secs]
[GC 268563K->238170K(1571712K) eden 30449K->0K survivor 620K->610K tenured 237493K->237559K, 0.0332935 secs]
[GC 268634K->238251K(1571712K) eden 30463K->0K survivor 610K->628K tenured 237559K->237622K, 0.0341860 secs]
[GC 268715K->238285K(1571712K) eden 30463K->0K survivor 628K->564K tenured 237622K->237720K, 0.0335270 secs]
[GC 268746K->238348K(1571712K) eden 30461K->0K survivor 564K->628K tenured 237720K->237720K, 0.0316132 secs]
[GC 268811K->238416K(1571712K) eden 30462K->0K survivor 628K->603K tenured 237720K->237813K, 0.0358343 secs]
[GC 268880K->238541K(1571712K) eden 30464K->0K survivor 603K->663K tenured 237813K->237877K, 0.0325047 secs]
[GC 269004K->238525K(1571712K) eden 30463K->0K survivor 663K->486K tenured 237877K->238038K, 0.0351703 secs]
[GC 268989K->238632K(1571712K) eden 30464K->0K survivor 486K->594K tenured 238038K->238038K, 0.0285717 secs]
[GC 269096K->239040K(1571712K) eden 30464K->0K survivor 594K->941K tenured 238038K->238099K, 0.0325992 secs]
[GC 269504K->238685K(1571712K) eden 30463K->0K survivor 941K->184K tenured 238099K->238501K, 0.0336987 secs]
[GC 269149K->238735K(1571712K) eden 30463K->0K survivor 184K->233K tenured 238501K->238501K, 0.0196962 secs]
[GC 269199K->238781K(1571712K) eden 30463K->0K survivor 233K->280K tenured 238501K->238501K, 0.0214311 secs]
[GC 269245K->238807K(1571712K) eden 30463K->0K survivor 280K->306K tenured 238501K->238501K, 0.0222185 secs]
[GC 269269K->238795K(1571712K) eden 30461K->0K survivor 306K->294K tenured 238501K->238501K, 0.0231511 secs]
[GC 269259K->238833K(1571712K) eden 30463K->0K survivor 294K->331K tenured 238501K->238501K, 0.0249556 secs]
[GC 269296K->238821K(1571712K) eden 30463K->0K survivor 331K->320K tenured 238501K->238501K, 0.0251123 secs]
[GC 269285K->238962K(1571712K) eden 30463K->0K survivor 320K->461K tenured 238501K->238501K, 0.0279192 secs]
[GC 269426K->239046K(1571712K) eden 30463K->0K survivor 461K->545K tenured 238501K->238501K, 0.0311348 secs]
[GC 269510K->239107K(1571712K) eden 30464K->0K survivor 545K->606K tenured 238501K->238501K, 0.0321098 secs]
[GC 269566K->239183K(1571712K) eden 30458K->0K survivor 606K->629K tenured 238501K->238554K, 0.0342079 secs]
[GC 269647K->239250K(1571712K) eden 30463K->0K survivor 629K->617K tenured 238554K->238633K, 0.0347861 secs]
[GC 269714K->239348K(1571712K) eden 30464K->0K survivor 617K->658K tenured 238633K->238689K, 0.0336783 secs]
[GC 269801K->239396K(1571712K) eden 30453K->0K survivor 658K->609K tenured 238689K->238787K, 0.0350563 secs]
[GC 269860K->239489K(1571712K) eden 30463K->0K survivor 609K->584K tenured 238787K->238904K, 0.0334996 secs]
[GC 269953K->239543K(1571712K) eden 30463K->0K survivor 584K->560K tenured 238904K->238982K, 0.0309023 secs]
[GC 270007K->239599K(1571712K) eden 30463K->0K survivor 560K->616K tenured 238982K->238982K, 0.0300780 secs]
[GC 270063K->239619K(1571712K) eden 30463K->0K survivor 616K->571K tenured 238982K->239048K, 0.0315677 secs]
[GC 270083K->239718K(1571712K) eden 30464K->0K survivor 571K->669K tenured 239048K->239048K, 0.0305774 secs]
[GC 270182K->239714K(1571712K) eden 30464K->0K survivor 669K->523K tenured 239048K->239191K, 0.0326242 secs]
[GC 270178K->239758K(1571712K) eden 30463K->0K survivor 523K->566K tenured 239191K->239191K, 0.0286884 secs]
[GC 270222K->239814K(1571712K) eden 30463K->0K survivor 566K->622K tenured 239191K->239191K, 0.0305725 secs]
[GC 270278K->239848K(1571712K) eden 30463K->0K survivor 622K->589K tenured 239191K->239258K, 0.0321573 secs]
[GC 270312K->240258K(1571712K) eden 30463K->0K survivor 589K->927K tenured 239258K->239331K, 0.0327276 secs]
[GC 270722K->239902K(1571712K) eden 30463K->0K survivor 927K->184K tenured 239331K->239718K, 0.0333996 secs]
[GC 270362K->239896K(1571712K) eden 30459K->0K survivor 184K->178K tenured 239718K->239718K, 0.0199128 secs]
[GC 270358K->239991K(1571712K) eden 30462K->0K survivor 178K->273K tenured 239718K->239718K, 0.0233049 secs]
[GC 270455K->240119K(1571712K) eden 30464K->0K survivor 273K->401K tenured 239718K->239718K, 0.0271492 secs]
[GC 270565K->240140K(1571712K) eden 30445K->0K survivor 401K->421K tenured 239718K->239718K, 0.0264143 secs]
[GC 270594K->240218K(1571712K) eden 30453K->0K survivor 421K->500K tenured 239718K->239718K, 0.0293915 secs]
[GC 270682K->240335K(1571712K) eden 30463K->0K survivor 500K->616K tenured 239718K->239718K, 0.0313066 secs]
[GC 270784K->240354K(1571712K) eden 30448K->0K survivor 616K->582K tenured 239718K->239771K, 0.0326122 secs]
[GC 270818K->240394K(1571712K) eden 30463K->0K survivor 582K->580K tenured 239771K->239813K, 0.0324479 secs]
[GC 270858K->240534K(1571712K) eden 30463K->0K survivor 580K->670K tenured 239813K->239864K, 0.0331419 secs]
[GC 270998K->240598K(1571712K) eden 30464K->0K survivor 670K->568K tenured 239864K->240029K, 0.0340094 secs]
[GC 271062K->240631K(1571712K) eden 30463K->0K survivor 568K->602K tenured 240029K->240029K, 0.0296693 secs]
[GC 271095K->240659K(1571712K) eden 30464K->0K survivor 602K->569K tenured 240029K->240090K, 0.0309173 secs]
[GC 271123K->240675K(1571712K) eden 30463K->0K survivor 569K->584K tenured 240090K->240090K, 0.0302432 secs]
[GC 271138K->240673K(1571712K) eden 30463K->0K survivor 584K->511K tenured 240090K->240162K, 0.0320549 secs]
[GC 271137K->240764K(1571712K) eden 30463K->0K survivor 511K->601K tenured 240162K->240162K, 0.0323686 secs]
[GC 271228K->240842K(1571712K) eden 30463K->0K survivor 601K->604K tenured 240162K->240237K, 0.0346742 secs]
[GC 271306K->240913K(1571712K) eden 30463K->0K survivor 604K->615K tenured 240237K->240298K, 0.0339194 secs]
[GC 271369K->241013K(1571712K) eden 30455K->0K survivor 615K->653K tenured 240298K->240359K, 0.0327553 secs]
[GC 271477K->241094K(1571712K) eden 30464K->0K survivor 653K->651K tenured 240359K->240442K, 0.0358555 secs]
[GC 271558K->241198K(1571712K) eden 30463K->0K survivor 651K->667K tenured 240442K->240530K, 0.0345123 secs]
[GC 271662K->241247K(1571712K) eden 30463K->0K survivor 667K->616K tenured 240530K->240631K, 0.0334384 secs]
[GC 271711K->241247K(1571712K) eden 30463K->0K survivor 616K->523K tenured 240631K->240724K, 0.0320535 secs]
[GC 271704K->241295K(1571712K) eden 30456K->0K survivor 523K->571K tenured 240724K->240724K, 0.0302355 secs]
[GC 271759K->241438K(1571712K) eden 30464K->0K survivor 571K->713K tenured 240724K->240724K, 0.0321436 secs]
[GC 271901K->241514K(1571712K) eden 30463K->0K survivor 713K->643K tenured 240724K->240870K, 0.0348754 secs]
[GC 271978K->241494K(1571712K) eden 30464K->0K survivor 643K->550K tenured 240870K->240943K, 0.0313235 secs]
[GC 271957K->241487K(1571712K) eden 30463K->0K survivor 550K->543K tenured 240943K->240943K, 0.0291629 secs]
[GC 271951K->241546K(1571712K) eden 30463K->0K survivor 543K->602K tenured 240943K->240943K, 0.0314268 secs]
[GC 272008K->241666K(1571712K) eden 30462K->0K survivor 602K->651K tenured 240943K->241015K, 0.0350421 secs]
[GC 272123K->241734K(1571712K) eden 30457K->0K survivor 651K->578K tenured 241015K->241156K, 0.0368740 secs]
[GC 272185K->241788K(1571712K) eden 30450K->0K survivor 578K->560K tenured 241156K->241228K, 0.0330075 secs]
[GC 272252K->241914K(1571712K) eden 30463K->0K survivor 560K->685K tenured 241228K->241228K, 0.0318868 secs]
[GC 272378K->241974K(1571712K) eden 30464K->0K survivor 685K->632K tenured 241228K->241342K, 0.0349769 secs]
[GC 272438K->242021K(1571712K) eden 30463K->0K survivor 632K->575K tenured 241342K->241445K, 0.0337118 secs]
[GC 272485K->242112K(1571712K) eden 30463K->0K survivor 575K->666K tenured 241445K->241445K, 0.0299854 secs]
[GC 272573K->242134K(1571712K) eden 30460K->0K survivor 666K->540K tenured 241445K->241594K, 0.0341189 secs]
[GC 272598K->242270K(1571712K) eden 30463K->0K survivor 540K->676K tenured 241594K->241594K, 0.0312879 secs]
[GC 272734K->242310K(1571712K) eden 30463K->0K survivor 676K->577K tenured 241594K->241732K, 0.0352494 secs]
[GC 272774K->242388K(1571712K) eden 30464K->0K survivor 577K->581K tenured 241732K->241806K, 0.0332968 secs]
[GC 272852K->242472K(1571712K) eden 30464K->0K survivor 581K->592K tenured 241806K->241879K, 0.0317593 secs]
[GC 272936K->242517K(1571712K) eden 30463K->0K survivor 592K->568K tenured 241879K->241949K, 0.0307096 secs]
[GC 272977K->242556K(1571712K) eden 30460K->0K survivor 568K->607K tenured 241949K->241949K, 0.0300202 secs]
[GC 273020K->242684K(1571712K) eden 30463K->0K survivor 607K->665K tenured 241949K->242018K, 0.0317944 secs]
[GC 273147K->242633K(1571712K) eden 30463K->0K survivor 665K->458K tenured 242018K->242175K, 0.0307473 secs]
[GC 273073K->242644K(1571712K) eden 30440K->0K survivor 458K->469K tenured 242175K->242175K, 0.0255516 secs]
[GC 273108K->242718K(1571712K) eden 30463K->0K survivor 469K->542K tenured 242175K->242175K, 0.0274122 secs]
[GC 273182K->242732K(1571712K) eden 30463K->0K survivor 542K->556K tenured 242175K->242175K, 0.0294804 secs]
[GC 273196K->242830K(1571712K) eden 30463K->0K survivor 556K->655K tenured 242175K->242175K, 0.0319089 secs]
[GC 273289K->242838K(1571712K) eden 30458K->0K survivor 655K->520K tenured 242175K->242318K, 0.0349035 secs]
[GC 273302K->242889K(1571712K) eden 30463K->0K survivor 520K->570K tenured 242318K->242318K, 0.0302179 secs]
[GC 273351K->242963K(1571712K) eden 30462K->0K survivor 570K->644K tenured 242318K->242318K, 0.0323180 secs]
[GC 273423K->243017K(1571712K) eden 30460K->0K survivor 644K->627K tenured 242318K->242389K, 0.0342913 secs]
[GC 273481K->243126K(1571712K) eden 30463K->0K survivor 627K->624K tenured 242389K->242501K, 0.0333087 secs]
[GC 273590K->243170K(1571712K) eden 30463K->0K survivor 624K->573K tenured 242501K->242597K, 0.0320438 secs]
[GC 273626K->243090K(1571712K) eden 30455K->0K survivor 573K->492K tenured 242597K->242597K, 0.0288847 secs]
[GC 273554K->243360K(1571712K) eden 30463K->0K survivor 492K->763K tenured 242597K->242597K, 0.0319002 secs]
[GC 273824K->243210K(1571712K) eden 30463K->0K survivor 763K->390K tenured 242597K->242819K, 0.0334598 secs]
[GC 273674K->243254K(1571712K) eden 30463K->0K survivor 390K->435K tenured 242819K->242819K, 0.0259289 secs]
[GC 273713K->243226K(1571712K) eden 30459K->0K survivor 435K->406K tenured 242819K->242819K, 0.0256458 secs]
[GC 273689K->243711K(1571712K) eden 30463K->0K survivor 406K->892K tenured 242819K->242819K, 0.0288112 secs]
[GC 274175K->243334K(1571712K) eden 30463K->0K survivor 892K->158K tenured 242819K->243175K, 0.0326275 secs]
[GC 273798K->243422K(1571712K) eden 30463K->0K survivor 158K->246K tenured 243175K->243175K, 0.0202111 secs]
[GC 273886K->243447K(1571712K) eden 30463K->0K survivor 246K->271K tenured 243175K->243175K, 0.0209197 secs]
[GC 273911K->243866K(1571712K) eden 30463K->0K survivor 271K->690K tenured 243175K->243175K, 0.0234046 secs]
[GC 274330K->243529K(1571712K) eden 30463K->0K survivor 690K->202K tenured 243175K->243327K, 0.0257415 secs]
[GC 273991K->243519K(1571712K) eden 30461K->0K survivor 202K->192K tenured 243327K->243327K, 0.0202629 secs]
[GC 273983K->243575K(1571712K) eden 30463K->0K survivor 192K->248K tenured 243327K->243327K, 0.0225609 secs]
[GC 274038K->243639K(1571712K) eden 30463K->0K survivor 248K->312K tenured 243327K->243327K, 0.0248247 secs]
[GC 274103K->243700K(1571712K) eden 30463K->0K survivor 312K->373K tenured 243327K->243327K, 0.0259346 secs]
[GC 274164K->243765K(1571712K) eden 30464K->0K survivor 373K->438K tenured 243327K->243327K, 0.0281225 secs]
[GC 274229K->243879K(1571712K) eden 30464K->0K survivor 438K->552K tenured 243327K->243327K, 0.0290674 secs]
[GC 274343K->243925K(1571712K) eden 30464K->0K survivor 552K->598K tenured 243327K->243327K, 0.0299961 secs]
[GC 274389K->243986K(1571712K) eden 30464K->0K survivor 598K->628K tenured 243327K->243357K, 0.0319420 secs]
[GC 274450K->244033K(1571712K) eden 30464K->0K survivor 628K->609K tenured 243357K->243424K, 0.0315962 secs]
[GC 274497K->244424K(1571712K) eden 30464K->0K survivor 609K->954K tenured 243424K->243470K, 0.0312797 secs]
[GC 274888K->244063K(1571712K) eden 30463K->0K survivor 954K->177K tenured 243470K->243885K, 0.0346064 secs]
[GC 274526K->244041K(1571712K) eden 30462K->0K survivor 177K->155K tenured 243885K->243885K, 0.0193670 secs]
[GC 274505K->244175K(1571712K) eden 30463K->0K survivor 155K->289K tenured 243885K->243885K, 0.0200466 secs]
[GC 274428K->244361K(1571712K) eden 30253K->0K survivor 289K->476K tenured 243885K->243885K, 0.0228312 secs]
[GC 274825K->244171K(1571712K) eden 30463K->0K survivor 476K->286K tenured 243885K->243885K, 0.0225662 secs]
[GC 274635K->244260K(1571712K) eden 30463K->0K survivor 286K->374K tenured 243885K->243885K, 0.0236282 secs]
[GC 274724K->244293K(1571712K) eden 30464K->0K survivor 374K->407K tenured 243885K->243885K, 0.0244066 secs]
[GC 274757K->244299K(1571712K) eden 30463K->0K survivor 407K->413K tenured 243885K->243885K, 0.0252685 secs]
[GC 274762K->244325K(1571712K) eden 30463K->0K survivor 413K->439K tenured 243885K->243885K, 0.0261447 secs]
[GC 274789K->244330K(1571712K) eden 30463K->0K survivor 439K->444K tenured 243885K->243885K, 0.0269894 secs]
[GC 274794K->244387K(1571712K) eden 30463K->0K survivor 444K->501K tenured 243885K->243885K, 0.0279725 secs]
[GC 274851K->244445K(1571712K) eden 30463K->0K survivor 501K->559K tenured 243885K->243885K, 0.0290794 secs]
[GC 274909K->244471K(1571712K) eden 30463K->0K survivor 559K->585K tenured 243885K->243885K, 0.0300147 secs]
[GC 274935K->244556K(1571712K) eden 30464K->0K survivor 585K->641K tenured 243885K->243915K, 0.0312066 secs]
[GC 275016K->244492K(1571712K) eden 30459K->0K survivor 641K->509K tenured 243915K->243982K, 0.0320095 secs]
[GC 274956K->244537K(1571712K) eden 30463K->0K survivor 509K->554K tenured 243982K->243982K, 0.0304014 secs]
[GC 275000K->244606K(1571712K) eden 30462K->0K survivor 554K->624K tenured 243982K->243982K, 0.0336465 secs]
[GC 275055K->244697K(1571712K) eden 30448K->0K survivor 624K->614K tenured 243982K->244083K, 0.0357120 secs]
[GC 275161K->244719K(1571712K) eden 30463K->0K survivor 614K->584K tenured 244083K->244134K, 0.0332370 secs]
[GC 275183K->244815K(1571712K) eden 30464K->0K survivor 584K->669K tenured 244134K->244146K, 0.0337888 secs]
[GC 275279K->244907K(1571712K) eden 30463K->0K survivor 669K->658K tenured 244146K->244249K, 0.0354231 secs]
[GC 275357K->244901K(1571712K) eden 30450K->0K survivor 658K->550K tenured 244249K->244350K, 0.0334639 secs]
[GC 275365K->245003K(1571712K) eden 30464K->0K survivor 550K->652K tenured 244350K->244350K, 0.0308249 secs]
[GC 275467K->245024K(1571712K) eden 30464K->0K survivor 652K->575K tenured 244350K->244449K, 0.0340171 secs]
[GC 275488K->245120K(1571712K) eden 30464K->0K survivor 575K->671K tenured 244449K->244449K, 0.0297120 secs]
[GC 275582K->245029K(1571712K) eden 30461K->0K survivor 671K->453K tenured 244449K->244575K, 0.0322089 secs]
[GC 275493K->245144K(1571712K) eden 30463K->0K survivor 453K->568K tenured 244575K->244575K, 0.0284804 secs]
[GC 275608K->245191K(1571712K) eden 30463K->0K survivor 568K->615K tenured 244575K->244575K, 0.0299519 secs]
[GC 275655K->245212K(1571712K) eden 30463K->0K survivor 615K->567K tenured 244575K->244644K, 0.0316396 secs]
[GC 275669K->245243K(1571712K) eden 30457K->0K survivor 567K->599K tenured 244644K->244644K, 0.0305416 secs]
[GC 275707K->245246K(1571712K) eden 30463K->0K survivor 599K->561K tenured 244644K->244685K, 0.0325357 secs]
[GC 275710K->245376K(1571712K) eden 30463K->0K survivor 561K->691K tenured 244685K->244685K, 0.0309034 secs]
[GC 275840K->245431K(1571712K) eden 30463K->0K survivor 691K->590K tenured 244685K->244840K, 0.0336212 secs]
[GC 275893K->245321K(1571712K) eden 30462K->0K survivor 590K->432K tenured 244840K->244888K, 0.0301324 secs]
[GC 275785K->245469K(1571712K) eden 30463K->0K survivor 432K->580K tenured 244888K->244888K, 0.0285656 secs]
[GC 275933K->245487K(1571712K) eden 30464K->0K survivor 580K->570K tenured 244888K->244917K, 0.0294986 secs]
[GC 275951K->245545K(1571712K) eden 30463K->0K survivor 570K->627K tenured 244917K->244917K, 0.0282982 secs]
[GC 276002K->245441K(1571712K) eden 30457K->0K survivor 627K->452K tenured 244917K->244988K, 0.0309700 secs]
[GC 275905K->245551K(1571712K) eden 30464K->0K survivor 452K->563K tenured 244988K->244988K, 0.0287092 secs]
[GC 276015K->245604K(1571712K) eden 30463K->0K survivor 563K->616K tenured 244988K->244988K, 0.0296467 secs]
[GC 276068K->245591K(1571712K) eden 30463K->0K survivor 616K->562K tenured 244988K->245029K, 0.0308757 secs]
[GC 276055K->245640K(1571712K) eden 30463K->0K survivor 562K->611K tenured 245029K->245029K, 0.0309779 secs]
[GC 276104K->245601K(1571712K) eden 30463K->0K survivor 611K->513K tenured 245029K->245087K, 0.0322277 secs]
[GC 275816K->246140K(1571712K) eden 30215K->0K survivor 513K->1053K tenured 245087K->245087K, 0.0325732 secs]
[GC 276604K->245765K(1571712K) eden 30464K->0K survivor 1053K->182K tenured 245087K->245583K, 0.0374282 secs]
[GC 276229K->245781K(1571712K) eden 30463K->0K survivor 182K->197K tenured 245583K->245583K, 0.0188102 secs]
[GC 276237K->245797K(1571712K) eden 30455K->0K survivor 197K->213K tenured 245583K->245583K, 0.0203717 secs]
[GC 276261K->245866K(1571712K) eden 30463K->0K survivor 213K->282K tenured 245583K->245583K, 0.0223272 secs]
[GC 276318K->245870K(1571712K) eden 30451K->0K survivor 282K->287K tenured 245583K->245583K, 0.0231396 secs]
[GC 276321K->245871K(1571712K) eden 30450K->0K survivor 287K->288K tenured 245583K->245583K, 0.0239644 secs]
[GC 276335K->245961K(1571712K) eden 30463K->0K survivor 288K->377K tenured 245583K->245583K, 0.0250454 secs]
[GC 276425K->246020K(1571712K) eden 30463K->0K survivor 377K->437K tenured 245583K->245583K, 0.0281886 secs]
[GC 276480K->246050K(1571712K) eden 30459K->0K survivor 437K->466K tenured 245583K->245583K, 0.0296888 secs]
[GC 276514K->246301K(1571712K) eden 30463K->0K survivor 466K->717K tenured 245583K->245583K, 0.0313367 secs]
[GC 276765K->246154K(1571712K) eden 30463K->0K survivor 717K->403K tenured 245583K->245751K, 0.0336456 secs]
[GC 276618K->246252K(1571712K) eden 30463K->0K survivor 403K->500K tenured 245751K->245751K, 0.0291614 secs]
[GC 276703K->246306K(1571712K) eden 30451K->0K survivor 500K->554K tenured 245751K->245751K, 0.0297393 secs]
[GC 276770K->246397K(1571712K) eden 30464K->0K survivor 554K->645K tenured 245751K->245751K, 0.0315388 secs]
[GC 276861K->246438K(1571712K) eden 30463K->0K survivor 645K->588K tenured 245751K->245850K, 0.0338185 secs]
[GC 276899K->246404K(1571712K) eden 30461K->0K survivor 588K->525K tenured 245850K->245879K, 0.0300235 secs]
[GC 276868K->246485K(1571712K) eden 30464K->0K survivor 525K->606K tenured 245879K->245879K, 0.0300838 secs]
[GC 276949K->246563K(1571712K) eden 30463K->0K survivor 606K->612K tenured 245879K->245950K, 0.0323068 secs]
[GC 277024K->246503K(1571712K) eden 30461K->0K survivor 612K->486K tenured 245950K->246017K, 0.0298676 secs]
[GC 276967K->246622K(1571712K) eden 30463K->0K survivor 486K->605K tenured 246017K->246017K, 0.0308414 secs]
[GC 277086K->246647K(1571712K) eden 30463K->0K survivor 605K->567K tenured 246017K->246080K, 0.0313323 secs]
[GC 277111K->246722K(1571712K) eden 30463K->0K survivor 567K->642K tenured 246080K->246080K, 0.0294922 secs]
[GC 277181K->246692K(1571712K) eden 30459K->0K survivor 642K->491K tenured 246080K->246201K, 0.0323351 secs]
[GC 277145K->246693K(1571712K) eden 30452K->0K survivor 491K->492K tenured 246201K->246201K, 0.0289223 secs]
[GC 277157K->246803K(1571712K) eden 30463K->0K survivor 492K->601K tenured 246201K->246201K, 0.0300497 secs]
[GC 277267K->246867K(1571712K) eden 30463K->0K survivor 601K->618K tenured 246201K->246248K, 0.0330553 secs]
[GC 277331K->246889K(1571712K) eden 30463K->0K survivor 618K->588K tenured 246248K->246301K, 0.0322774 secs]
[GC 277353K->246924K(1571712K) eden 30463K->0K survivor 588K->589K tenured 246301K->246334K, 0.0313989 secs]
[GC 277388K->246955K(1571712K) eden 30463K->0K survivor 589K->580K tenured 246334K->246374K, 0.0315629 secs]
[GC 277419K->246999K(1571712K) eden 30463K->0K survivor 580K->598K tenured 246374K->246401K, 0.0315628 secs]
[GC 277463K->247057K(1571712K) eden 30463K->0K survivor 598K->623K tenured 246401K->246433K, 0.0325386 secs]
[GC 277521K->247094K(1571712K) eden 30464K->0K survivor 623K->556K tenured 246433K->246537K, 0.0325893 secs]
[GC 277558K->247104K(1571712K) eden 30464K->0K survivor 556K->566K tenured 246537K->246537K, 0.0303609 secs]
[GC 277568K->247169K(1571712K) eden 30463K->0K survivor 566K->631K tenured 246537K->246537K, 0.0318733 secs]
[GC 277633K->247097K(1571712K) eden 30463K->0K survivor 631K->495K tenured 246537K->246601K, 0.0327144 secs]
[GC 277561K->247208K(1571712K) eden 30463K->0K survivor 495K->606K tenured 246601K->246601K, 0.0300581 secs]
[GC 277672K->247495K(1571712K) eden 30464K->0K survivor 606K->851K tenured 246601K->246643K, 0.0327383 secs]
[GC 277959K->247379K(1571712K) eden 30463K->0K survivor 851K->409K tenured 246643K->246969K, 0.0350962 secs]
[GC 277786K->247776K(1571712K) eden 30407K->0K survivor 409K->807K tenured 246969K->246969K, 0.0258509 secs]
[GC 278240K->247353K(1571712K) eden 30464K->0K survivor 807K->150K tenured 246969K->247202K, 0.0268329 secs]
[GC 277670K->247429K(1571712K) eden 30317K->0K survivor 150K->227K tenured 247202K->247202K, 0.0168256 secs]
[GC 277893K->247399K(1571712K) eden 30463K->0K survivor 227K->196K tenured 247202K->247202K, 0.0172520 secs]
[GC 277858K->247455K(1571712K) eden 30459K->0K survivor 196K->253K tenured 247202K->247202K, 0.0191801 secs]
[GC 277919K->247442K(1571712K) eden 30464K->0K survivor 253K->239K tenured 247202K->247202K, 0.0199743 secs]
[GC 277906K->247533K(1571712K) eden 30463K->0K survivor 239K->330K tenured 247202K->247202K, 0.0222991 secs]
[GC 277997K->247577K(1571712K) eden 30463K->0K survivor 330K->374K tenured 247202K->247202K, 0.0234447 secs]
[GC 278041K->247959K(1571712K) eden 30463K->0K survivor 374K->757K tenured 247202K->247202K, 0.0254796 secs]
[GC 278423K->247624K(1571712K) eden 30463K->0K survivor 757K->201K tenured 247202K->247423K, 0.0276104 secs]
[GC 278088K->247636K(1571712K) eden 30464K->0K survivor 201K->213K tenured 247423K->247423K, 0.0197733 secs]
[GC 278100K->247700K(1571712K) eden 30463K->0K survivor 213K->277K tenured 247423K->247423K, 0.0211797 secs]
[GC 278164K->247742K(1571712K) eden 30463K->0K survivor 277K->319K tenured 247423K->247423K, 0.0234001 secs]
[GC 278206K->247758K(1571712K) eden 30464K->0K survivor 319K->334K tenured 247423K->247423K, 0.0244861 secs]
[GC 278222K->247720K(1571712K) eden 30463K->0K survivor 334K->297K tenured 247423K->247423K, 0.0243829 secs]
[GC 278182K->247767K(1571712K) eden 30461K->0K survivor 297K->344K tenured 247423K->247423K, 0.0268737 secs]
[GC 278221K->247847K(1571712K) eden 30454K->0K survivor 344K->423K tenured 247423K->247423K, 0.0290244 secs]
[GC 278295K->247952K(1571712K) eden 30448K->0K survivor 423K->529K tenured 247423K->247423K, 0.0300896 secs]
[GC 278416K->248147K(1571712K) eden 30463K->0K survivor 529K->723K tenured 247423K->247423K, 0.0299669 secs]
[GC 278611K->248066K(1571712K) eden 30464K->0K survivor 723K->453K tenured 247423K->247613K, 0.0334179 secs]
[GC 278530K->248256K(1571712K) eden 30463K->0K survivor 453K->642K tenured 247613K->247613K, 0.0301504 secs]
[GC 278720K->248225K(1571712K) eden 30464K->0K survivor 642K->514K tenured 247613K->247710K, 0.0312431 secs]
[GC 278689K->248270K(1571712K) eden 30463K->0K survivor 514K->559K tenured 247710K->247710K, 0.0284581 secs]
[GC 278733K->248294K(1571712K) eden 30463K->0K survivor 559K->583K tenured 247710K->247710K, 0.0287899 secs]
[GC 278754K->248279K(1571712K) eden 30460K->0K survivor 583K->533K tenured 247710K->247745K, 0.0304602 secs]
[GC 278743K->248326K(1571712K) eden 30463K->0K survivor 533K->580K tenured 247745K->247745K, 0.0304406 secs]
[GC 278790K->248457K(1571712K) eden 30464K->0K survivor 580K->640K tenured 247745K->247816K, 0.0319663 secs]
[GC 278921K->248420K(1571712K) eden 30463K->0K survivor 640K->534K tenured 247816K->247886K, 0.0310473 secs]
[GC 278878K->248440K(1571712K) eden 30457K->0K survivor 534K->553K tenured 247886K->247886K, 0.0295667 secs]
[GC 278904K->248509K(1571712K) eden 30463K->0K survivor 553K->623K tenured 247886K->247886K, 0.0304927 secs]
[GC 278973K->248945K(1571712K) eden 30464K->0K survivor 623K->952K tenured 247886K->247992K, 0.0344995 secs]
[GC 279398K->248565K(1571712K) eden 30452K->0K survivor 952K->157K tenured 247992K->248408K, 0.0343323 secs]
[GC 279029K->248570K(1571712K) eden 30464K->0K survivor 157K->162K tenured 248408K->248408K, 0.0199057 secs]
[GC 279034K->248676K(1571712K) eden 30463K->0K survivor 162K->267K tenured 248408K->248408K, 0.0214048 secs]
[GC 279037K->248723K(1571712K) eden 30361K->0K survivor 267K->315K tenured 248408K->248408K, 0.0229764 secs]
[GC 279187K->248749K(1571712K) eden 30463K->0K survivor 315K->341K tenured 248408K->248408K, 0.0237845 secs]
[GC 279208K->248701K(1571712K) eden 30459K->0K survivor 341K->293K tenured 248408K->248408K, 0.0241819 secs]
[GC 279165K->248808K(1571712K) eden 30463K->0K survivor 293K->400K tenured 248408K->248408K, 0.0260617 secs]
[GC 279257K->248821K(1571712K) eden 30448K->0K survivor 400K->412K tenured 248408K->248408K, 0.0269958 secs]
[GC 279285K->248928K(1571712K) eden 30463K->0K survivor 412K->520K tenured 248408K->248408K, 0.0292037 secs]
[GC 279392K->248952K(1571712K) eden 30464K->0K survivor 520K->544K tenured 248408K->248408K, 0.0295032 secs]
[GC 279416K->249370K(1571712K) eden 30463K->0K survivor 544K->962K tenured 248408K->248408K, 0.0311109 secs]
[GC 279834K->249029K(1571712K) eden 30463K->0K survivor 962K->195K tenured 248408K->248834K, 0.0349488 secs]
[GC 279493K->249066K(1571712K) eden 30463K->0K survivor 195K->232K tenured 248834K->248834K, 0.0195861 secs]
[GC 279527K->249043K(1571712K) eden 30460K->0K survivor 232K->208K tenured 248834K->248834K, 0.0221379 secs]
[GC 279507K->249238K(1571712K) eden 30463K->0K survivor 208K->403K tenured 248834K->248834K, 0.0237541 secs]
[GC 279702K->249159K(1571712K) eden 30464K->0K survivor 403K->324K tenured 248834K->248834K, 0.0242654 secs]
[GC 279622K->249123K(1571712K) eden 30463K->0K survivor 324K->289K tenured 248834K->248834K, 0.0240960 secs]
[GC 279587K->249245K(1571712K) eden 30463K->0K survivor 289K->411K tenured 248834K->248834K, 0.0261058 secs]
[GC 279687K->249271K(1571712K) eden 30442K->0K survivor 411K->437K tenured 248834K->248834K, 0.0274375 secs]
[GC 279735K->249353K(1571712K) eden 30464K->0K survivor 437K->518K tenured 248834K->248834K, 0.0292438 secs]
[GC 279817K->249398K(1571712K) eden 30464K->0K survivor 518K->563K tenured 248834K->248834K, 0.0296749 secs]
[GC 279862K->249788K(1571712K) eden 30464K->0K survivor 563K->953K tenured 248834K->248834K, 0.0312195 secs]
[GC 280252K->249424K(1571712K) eden 30464K->0K survivor 953K->171K tenured 248834K->249253K, 0.0372389 secs]
[GC 279888K->249457K(1571712K) eden 30464K->0K survivor 171K->203K tenured 249253K->249253K, 0.0196767 secs]
[GC 279918K->249411K(1571712K) eden 30461K->0K survivor 203K->158K tenured 249253K->249253K, 0.0201346 secs]
[GC 279768K->249969K(1571712K) eden 30356K->0K survivor 158K->716K tenured 249253K->249253K, 0.0238131 secs]
[GC 280433K->249520K(1571712K) eden 30463K->0K survivor 716K->71K tenured 249253K->249448K, 0.0244776 secs]
[GC 279984K->249580K(1571712K) eden 30464K->0K survivor 71K->131K tenured 249448K->249448K, 0.0171988 secs]
[GC 280044K->249653K(1571712K) eden 30464K->0K survivor 131K->204K tenured 249448K->249448K, 0.0174633 secs]
[GC 280117K->249645K(1571712K) eden 30463K->0K survivor 204K->196K tenured 249448K->249448K, 0.0188283 secs]
[GC 280108K->249609K(1571712K) eden 30463K->0K survivor 196K->160K tenured 249448K->249448K, 0.0200682 secs]
[GC 280069K->249630K(1571712K) eden 30460K->0K survivor 160K->181K tenured 249448K->249448K, 0.0212489 secs]
[GC 280094K->249760K(1571712K) eden 30464K->0K survivor 181K->311K tenured 249448K->249448K, 0.0234134 secs]
[GC 280224K->249793K(1571712K) eden 30463K->0K survivor 311K->344K tenured 249448K->249448K, 0.0243840 secs]
[GC 280254K->249748K(1571712K) eden 30461K->0K survivor 344K->299K tenured 249448K->249448K, 0.0254665 secs]
[GC 280212K->249770K(1571712K) eden 30464K->0K survivor 299K->321K tenured 249448K->249448K, 0.0260670 secs]
[GC 280234K->249888K(1571712K) eden 30464K->0K survivor 321K->439K tenured 249448K->249448K, 0.0277098 secs]
[GC 280352K->249919K(1571712K) eden 30463K->0K survivor 439K->471K tenured 249448K->249448K, 0.0284636 secs]
[GC 280379K->249935K(1571712K) eden 30459K->0K survivor 471K->487K tenured 249448K->249448K, 0.0303526 secs]
[GC 280399K->250004K(1571712K) eden 30463K->0K survivor 487K->555K tenured 249448K->249448K, 0.0307863 secs]
[GC 280468K->250441K(1571712K) eden 30463K->0K survivor 555K->992K tenured 249448K->249448K, 0.0330116 secs]
[GC 280905K->250100K(1571712K) eden 30463K->0K survivor 992K->195K tenured 249448K->249904K, 0.0376869 secs]
[GC 280564K->250129K(1571712K) eden 30464K->0K survivor 195K->224K tenured 249904K->249904K, 0.0200607 secs]
[GC 280593K->250179K(1571712K) eden 30464K->0K survivor 224K->274K tenured 249904K->249904K, 0.0224032 secs]
[GC 280643K->250217K(1571712K) eden 30463K->0K survivor 274K->312K tenured 249904K->249904K, 0.0235717 secs]
[GC 280677K->250246K(1571712K) eden 30460K->0K survivor 312K->341K tenured 249904K->249904K, 0.0240849 secs]
[GC 280709K->250193K(1571712K) eden 30463K->0K survivor 341K->289K tenured 249904K->249904K, 0.0248494 secs]
[GC 280655K->250234K(1571712K) eden 30461K->0K survivor 289K->329K tenured 249904K->249904K, 0.0261139 secs]
[GC 280698K->250347K(1571712K) eden 30463K->0K survivor 329K->442K tenured 249904K->249904K, 0.0296618 secs]
[GC 280811K->250438K(1571712K) eden 30464K->0K survivor 442K->533K tenured 249904K->249904K, 0.0306248 secs]
[GC 280902K->250620K(1571712K) eden 30463K->0K survivor 533K->716K tenured 249904K->249904K, 0.0319526 secs]
[GC 281084K->250499K(1571712K) eden 30463K->0K survivor 716K->413K tenured 249904K->250085K, 0.0349952 secs]
[GC 280962K->250583K(1571712K) eden 30463K->0K survivor 413K->498K tenured 250085K->250085K, 0.0298272 secs]
[GC 281047K->250705K(1571712K) eden 30463K->0K survivor 498K->620K tenured 250085K->250085K, 0.0307040 secs]
[GC 281169K->250756K(1571712K) eden 30463K->0K survivor 620K->605K tenured 250085K->250151K, 0.0307444 secs]
[GC 281220K->250709K(1571712K) eden 30463K->0K survivor 605K->495K tenured 250151K->250213K, 0.0308197 secs]
[GC 281173K->250814K(1571712K) eden 30463K->0K survivor 495K->600K tenured 250213K->250213K, 0.0278193 secs]
[GC 281278K->250855K(1571712K) eden 30463K->0K survivor 600K->572K tenured 250213K->250283K, 0.0312885 secs]
[GC 281319K->250855K(1571712K) eden 30464K->0K survivor 572K->571K tenured 250283K->250283K, 0.0297721 secs]
[GC 281319K->250908K(1571712K) eden 30464K->0K survivor 571K->624K tenured 250283K->250283K, 0.0325574 secs]
[GC 281370K->250920K(1571712K) eden 30461K->0K survivor 624K->565K tenured 250283K->250355K, 0.0327572 secs]
[GC 281384K->250998K(1571712K) eden 30464K->0K survivor 565K->643K tenured 250355K->250355K, 0.0317800 secs]
[GC 281380K->251079K(1571712K) eden 30381K->0K survivor 643K->622K tenured 250355K->250456K, 0.0335447 secs]
[GC 281543K->251086K(1571712K) eden 30463K->0K survivor 622K->542K tenured 250456K->250543K, 0.0315283 secs]
[GC 281550K->251008K(1571712K) eden 30463K->0K survivor 542K->464K tenured 250543K->250543K, 0.0290777 secs]
[GC 281472K->251119K(1571712K) eden 30463K->0K survivor 464K->575K tenured 250543K->250543K, 0.0298394 secs]
[GC 281583K->251199K(1571712K) eden 30463K->0K survivor 575K->655K tenured 250543K->250543K, 0.0318869 secs]
[GC 281662K->251273K(1571712K) eden 30463K->0K survivor 655K->629K tenured 250543K->250644K, 0.0339568 secs]
[GC 281689K->251297K(1571712K) eden 30415K->0K survivor 629K->582K tenured 250644K->250714K, 0.0323551 secs]
[GC 281746K->251259K(1571712K) eden 30448K->0K survivor 582K->513K tenured 250714K->250745K, 0.0305144 secs]
[GC 281723K->251340K(1571712K) eden 30463K->0K survivor 513K->595K tenured 250745K->250745K, 0.0302031 secs]
[GC 281804K->251385K(1571712K) eden 30463K->0K survivor 595K->612K tenured 250745K->250772K, 0.0323843 secs]
[GC 281849K->251415K(1571712K) eden 30463K->0K survivor 612K->603K tenured 250772K->250812K, 0.0325768 secs]
[GC 281753K->251883K(1571712K) eden 30337K->0K survivor 603K->1006K tenured 250812K->250876K, 0.0333887 secs]
[GC 282347K->251505K(1571712K) eden 30463K->0K survivor 1006K->179K tenured 250876K->251325K, 0.0355599 secs]
[GC 281969K->251517K(1571712K) eden 30463K->0K survivor 179K->191K tenured 251325K->251325K, 0.0187218 secs]
[GC 281977K->251521K(1571712K) eden 30459K->0K survivor 191K->196K tenured 251325K->251325K, 0.0200018 secs]
[GC 281985K->251615K(1571712K) eden 30463K->0K survivor 196K->290K tenured 251325K->251325K, 0.0224593 secs]
[GC 282079K->251690K(1571712K) eden 30463K->0K survivor 290K->364K tenured 251325K->251325K, 0.0233366 secs]
[GC 282154K->251729K(1571712K) eden 30464K->0K survivor 364K->404K tenured 251325K->251325K, 0.0241727 secs]
[GC 282163K->251698K(1571712K) eden 30433K->0K survivor 404K->373K tenured 251325K->251325K, 0.0253855 secs]
[GC 282147K->251739K(1571712K) eden 30448K->0K survivor 373K->413K tenured 251325K->251325K, 0.0272277 secs]
[GC 282203K->251814K(1571712K) eden 30463K->0K survivor 413K->489K tenured 251325K->251325K, 0.0284801 secs]
[GC 282278K->251833K(1571712K) eden 30463K->0K survivor 489K->508K tenured 251325K->251325K, 0.0288880 secs]
[GC 282297K->252258K(1571712K) eden 30463K->0K survivor 508K->932K tenured 251325K->251325K, 0.0306450 secs]
[GC 282722K->251899K(1571712K) eden 30464K->0K survivor 932K->178K tenured 251325K->251721K, 0.0349080 secs]
[GC 282363K->251942K(1571712K) eden 30463K->0K survivor 178K->221K tenured 251721K->251721K, 0.0222881 secs]
[GC 282401K->251931K(1571712K) eden 30458K->0K survivor 221K->210K tenured 251721K->251721K, 0.0216577 secs]
[GC 282395K->252027K(1571712K) eden 30463K->0K survivor 210K->306K tenured 251721K->251721K, 0.0234429 secs]
[GC 282489K->252005K(1571712K) eden 30461K->0K survivor 306K->284K tenured 251721K->251721K, 0.0238927 secs]
[GC 282469K->252144K(1571712K) eden 30463K->0K survivor 284K->423K tenured 251721K->251721K, 0.0241072 secs]
[GC 282608K->252126K(1571712K) eden 30463K->0K survivor 423K->405K tenured 251721K->251721K, 0.0258294 secs]
[GC 282590K->252164K(1571712K) eden 30463K->0K survivor 405K->443K tenured 251721K->251721K, 0.0279320 secs]
[GC 282628K->252228K(1571712K) eden 30463K->0K survivor 443K->506K tenured 251721K->251721K, 0.0293159 secs]
[GC 282692K->252241K(1571712K) eden 30464K->0K survivor 506K->520K tenured 251721K->251721K, 0.0288841 secs]
[GC 282705K->252675K(1571712K) eden 30464K->0K survivor 520K->954K tenured 251721K->251721K, 0.0315163 secs]
[GC 283139K->252329K(1571712K) eden 30463K->0K survivor 954K->191K tenured 251721K->252138K, 0.0352556 secs]
[GC 282767K->252302K(1571712K) eden 30437K->0K survivor 191K->163K tenured 252138K->252138K, 0.0197471 secs]
[GC 282766K->252404K(1571712K) eden 30463K->0K survivor 163K->266K tenured 252138K->252138K, 0.0224327 secs]
[GC 282868K->252428K(1571712K) eden 30464K->0K survivor 266K->289K tenured 252138K->252138K, 0.0235218 secs]
[GC 282891K->252459K(1571712K) eden 30463K->0K survivor 289K->320K tenured 252138K->252138K, 0.0245108 secs]
[GC 282923K->252423K(1571712K) eden 30463K->0K survivor 320K->285K tenured 252138K->252138K, 0.0254025 secs]
[GC 282887K->252585K(1571712K) eden 30463K->0K survivor 285K->446K tenured 252138K->252138K, 0.0272035 secs]
[GC 283049K->252650K(1571712K) eden 30463K->0K survivor 446K->511K tenured 252138K->252138K, 0.0280701 secs]
[GC 283098K->252550K(1571712K) eden 30448K->0K survivor 511K->412K tenured 252138K->252138K, 0.0281291 secs]
[GC 283014K->252682K(1571712K) eden 30463K->0K survivor 412K->543K tenured 252138K->252138K, 0.0291830 secs]
[GC 282945K->252690K(1571712K) eden 30262K->0K survivor 543K->552K tenured 252138K->252138K, 0.0302249 secs]
[GC 283154K->252753K(1571712K) eden 30463K->0K survivor 552K->615K tenured 252138K->252138K, 0.0294913 secs]
[GC 283217K->252702K(1571712K) eden 30463K->0K survivor 615K->513K tenured 252138K->252188K, 0.0318982 secs]
[GC 283166K->252789K(1571712K) eden 30463K->0K survivor 513K->600K tenured 252188K->252188K, 0.0300798 secs]
[GC 283253K->252806K(1571712K) eden 30463K->0K survivor 600K->577K tenured 252188K->252228K, 0.0316381 secs]
[GC 283209K->252744K(1571712K) eden 30403K->0K survivor 577K->480K tenured 252228K->252263K, 0.0315776 secs]
[GC 283201K->252812K(1571712K) eden 30457K->0K survivor 480K->548K tenured 252263K->252263K, 0.0305032 secs]
[GC 283276K->252872K(1571712K) eden 30463K->0K survivor 548K->608K tenured 252263K->252263K, 0.0322932 secs]
[GC 283336K->253297K(1571712K) eden 30463K->0K survivor 608K->979K tenured 252263K->252318K, 0.0347092 secs]
[GC 283761K->252946K(1571712K) eden 30463K->0K survivor 979K->187K tenured 252318K->252759K, 0.0367275 secs]
[GC 283388K->252940K(1571712K) eden 30441K->0K survivor 187K->181K tenured 252759K->252759K, 0.0194692 secs]
[GC 283404K->253031K(1571712K) eden 30463K->0K survivor 181K->272K tenured 252759K->252759K, 0.0224585 secs]
[GC 283495K->252984K(1571712K) eden 30463K->0K survivor 272K->225K tenured 252759K->252759K, 0.0230471 secs]
[GC 283448K->253092K(1571712K) eden 30464K->0K survivor 225K->333K tenured 252759K->252759K, 0.0246444 secs]
[GC 283556K->253079K(1571712K) eden 30463K->0K survivor 333K->320K tenured 252759K->252759K, 0.0263823 secs]
[GC 283543K->253157K(1571712K) eden 30463K->0K survivor 320K->398K tenured 252759K->252759K, 0.0270819 secs]
[GC 283621K->253198K(1571712K) eden 30464K->0K survivor 398K->439K tenured 252759K->252759K, 0.0278529 secs]
[GC 283662K->253248K(1571712K) eden 30463K->0K survivor 439K->489K tenured 252759K->252759K, 0.0297298 secs]
[GC 283712K->253261K(1571712K) eden 30463K->0K survivor 489K->502K tenured 252759K->252759K, 0.0296452 secs]
[GC 283725K->253358K(1571712K) eden 30463K->0K survivor 502K->599K tenured 252759K->252759K, 0.0309549 secs]
[GC 283822K->253335K(1571712K) eden 30463K->0K survivor 599K->525K tenured 252759K->252810K, 0.0325907 secs]
[GC 283795K->253346K(1571712K) eden 30459K->0K survivor 525K->536K tenured 252810K->252810K, 0.0320376 secs]
[GC 283810K->253416K(1571712K) eden 30464K->0K survivor 536K->605K tenured 252810K->252810K, 0.0338190 secs]
[GC 283880K->253514K(1571712K) eden 30463K->0K survivor 605K->663K tenured 252810K->252850K, 0.0351413 secs]
[GC 283978K->253529K(1571712K) eden 30463K->0K survivor 663K->589K tenured 252850K->252939K, 0.0367503 secs]
[GC 283993K->253563K(1571712K) eden 30463K->0K survivor 589K->594K tenured 252939K->252969K, 0.0349075 secs]
[GC 284027K->253729K(1571712K) eden 30464K->0K survivor 594K->726K tenured 252969K->253003K, 0.0340903 secs]
[GC 284193K->253761K(1571712K) eden 30463K->0K survivor 726K->603K tenured 253003K->253157K, 0.0365277 secs]
[GC 284221K->253765K(1571712K) eden 30459K->0K survivor 603K->562K tenured 253157K->253202K, 0.0320191 secs]
[GC 284228K->253884K(1571712K) eden 30463K->0K survivor 562K->681K tenured 253202K->253202K, 0.0316314 secs]
[GC 284348K->254273K(1571712K) eden 30463K->0K survivor 681K->904K tenured 253202K->253369K, 0.0357903 secs]
[GC 284737K->253911K(1571712K) eden 30463K->0K survivor 904K->174K tenured 253369K->253737K, 0.0320698 secs]
[GC 284375K->253982K(1571712K) eden 30464K->0K survivor 174K->244K tenured 253737K->253737K, 0.0202432 secs]
[GC 284446K->254001K(1571712K) eden 30463K->0K survivor 244K->264K tenured 253737K->253737K, 0.0208373 secs]
[GC 284465K->254139K(1571712K) eden 30464K->0K survivor 264K->402K tenured 253737K->253737K, 0.0243109 secs]
[GC 284603K->254021K(1571712K) eden 30463K->0K survivor 402K->284K tenured 253737K->253737K, 0.0241625 secs]
[GC 284485K->254088K(1571712K) eden 30463K->0K survivor 284K->351K tenured 253737K->253737K, 0.0246022 secs]
[GC 284552K->254124K(1571712K) eden 30463K->0K survivor 351K->387K tenured 253737K->253737K, 0.0269317 secs]
[GC 284588K->254194K(1571712K) eden 30463K->0K survivor 387K->457K tenured 253737K->253737K, 0.0276862 secs]
[GC 284647K->254204K(1571712K) eden 30452K->0K survivor 457K->467K tenured 253737K->253737K, 0.0286065 secs]
[GC 284668K->254282K(1571712K) eden 30464K->0K survivor 467K->545K tenured 253737K->253737K, 0.0299918 secs]
[GC 284746K->254297K(1571712K) eden 30464K->0K survivor 545K->560K tenured 253737K->253737K, 0.0307147 secs]
[GC 284761K->254258K(1571712K) eden 30463K->0K survivor 560K->521K tenured 253737K->253737K, 0.0313878 secs]
[GC 284722K->254399K(1571712K) eden 30464K->0K survivor 521K->662K tenured 253737K->253737K, 0.0320190 secs]
[GC 284863K->254432K(1571712K) eden 30463K->0K survivor 662K->603K tenured 253737K->253829K, 0.0346218 secs]
[GC 284881K->254406K(1571712K) eden 30448K->0K survivor 603K->532K tenured 253829K->253873K, 0.0324993 secs]
[GC 284870K->254496K(1571712K) eden 30463K->0K survivor 532K->623K tenured 253873K->253873K, 0.0316020 secs]
[GC 284948K->254478K(1571712K) eden 30452K->0K survivor 623K->522K tenured 253873K->253955K, 0.0331983 secs]
[GC 284938K->254510K(1571712K) eden 30459K->0K survivor 522K->554K tenured 253955K->253955K, 0.0309845 secs]
[GC 284974K->254589K(1571712K) eden 30463K->0K survivor 554K->634K tenured 253955K->253955K, 0.0333125 secs]
[GC 285053K->254652K(1571712K) eden 30464K->0K survivor 634K->603K tenured 253955K->254049K, 0.0353993 secs]
[GC 285116K->254695K(1571712K) eden 30464K->0K survivor 603K->605K tenured 254049K->254089K, 0.0328962 secs]
[GC 285126K->254674K(1571712K) eden 30430K->0K survivor 605K->526K tenured 254089K->254148K, 0.0332187 secs]
[GC 285138K->254758K(1571712K) eden 30463K->0K survivor 526K->609K tenured 254148K->254148K, 0.0318075 secs]
[GC 285222K->254740K(1571712K) eden 30463K->0K survivor 609K->525K tenured 254148K->254214K, 0.0323837 secs]
[GC 285204K->254812K(1571712K) eden 30463K->0K survivor 525K->597K tenured 254214K->254214K, 0.0321404 secs]
[GC 285263K->254828K(1571712K) eden 30451K->0K survivor 597K->582K tenured 254214K->254246K, 0.0337276 secs]
[GC 285292K->254906K(1571712K) eden 30463K->0K survivor 582K->615K tenured 254246K->254290K, 0.0344389 secs]
[GC 285370K->254923K(1571712K) eden 30464K->0K survivor 615K->583K tenured 254290K->254339K, 0.0339971 secs]
[GC 285387K->254944K(1571712K) eden 30464K->0K survivor 583K->572K tenured 254339K->254371K, 0.0334488 secs]
[GC 285395K->254969K(1571712K) eden 30450K->0K survivor 572K->597K tenured 254371K->254371K, 0.0309789 secs]
[GC 285421K->255025K(1571712K) eden 30452K->0K survivor 597K->616K tenured 254371K->254409K, 0.0349971 secs]
[GC 285489K->255102K(1571712K) eden 30463K->0K survivor 616K->637K tenured 254409K->254465K, 0.0338876 secs]
[GC 285562K->255060K(1571712K) eden 30459K->0K survivor 637K->496K tenured 254465K->254564K, 0.0338573 secs]
[GC 285516K->255110K(1571712K) eden 30455K->0K survivor 496K->545K tenured 254564K->254564K, 0.0323703 secs]
[GC 285574K->255209K(1571712K) eden 30464K->0K survivor 545K->644K tenured 254564K->254564K, 0.0329870 secs]
[GC 285673K->255226K(1571712K) eden 30463K->0K survivor 644K->558K tenured 254564K->254667K, 0.0353964 secs]
[GC 285686K->255224K(1571712K) eden 30460K->0K survivor 558K->556K tenured 254667K->254667K, 0.0318734 secs]
[GC 285675K->255283K(1571712K) eden 30451K->0K survivor 556K->616K tenured 254667K->254667K, 0.0317577 secs]
[GC 285747K->255333K(1571712K) eden 30463K->0K survivor 616K->583K tenured 254667K->254750K, 0.0349818 secs]
[GC 285797K->255297K(1571712K) eden 30463K->0K survivor 583K->515K tenured 254750K->254781K, 0.0320295 secs]
[GC 285761K->255343K(1571712K) eden 30463K->0K survivor 515K->562K tenured 254781K->254781K, 0.0323336 secs]
[GC 285800K->255463K(1571712K) eden 30457K->0K survivor 562K->682K tenured 254781K->254781K, 0.0332996 secs]
[GC 285927K->255549K(1571712K) eden 30464K->0K survivor 682K->636K tenured 254781K->254913K, 0.0362207 secs]
[GC 285950K->255572K(1571712K) eden 30400K->0K survivor 636K->595K tenured 254913K->254977K, 0.0337758 secs]
[GC 286036K->255573K(1571712K) eden 30464K->0K survivor 595K->568K tenured 254977K->255004K, 0.0317761 secs]
[GC 286016K->255573K(1571712K) eden 30443K->0K survivor 568K->568K tenured 255004K->255004K, 0.0317883 secs]
[GC 286037K->255665K(1571712K) eden 30464K->0K survivor 568K->661K tenured 255004K->255004K, 0.0333270 secs]
[GC 286129K->255698K(1571712K) eden 30463K->0K survivor 661K->585K tenured 255004K->255112K, 0.0362206 secs]
[GC 286162K->255724K(1571712K) eden 30463K->0K survivor 585K->560K tenured 255112K->255164K, 0.0328570 secs]
[GC 286188K->255738K(1571712K) eden 30463K->0K survivor 560K->573K tenured 255164K->255164K, 0.0323232 secs]
[GC 286202K->255775K(1571712K) eden 30463K->0K survivor 573K->611K tenured 255164K->255164K, 0.0323450 secs]
[GC 286232K->255819K(1571712K) eden 30456K->0K survivor 611K->588K tenured 255164K->255231K, 0.0342764 secs]
[GC 286283K->255879K(1571712K) eden 30463K->0K survivor 588K->619K tenured 255231K->255260K, 0.0333762 secs]
[GC 286343K->255899K(1571712K) eden 30464K->0K survivor 619K->573K tenured 255260K->255325K, 0.0345295 secs]
[GC 286363K->255993K(1571712K) eden 30463K->0K survivor 573K->668K tenured 255325K->255325K, 0.0318921 secs]
[GC 286457K->255986K(1571712K) eden 30463K->0K survivor 668K->554K tenured 255325K->255432K, 0.0340615 secs]
[GC 286420K->255952K(1571712K) eden 30433K->0K survivor 554K->519K tenured 255432K->255432K, 0.0300825 secs]
[GC 286416K->256066K(1571712K) eden 30463K->0K survivor 519K->634K tenured 255432K->255432K, 0.0336296 secs]
[GC 286530K->256105K(1571712K) eden 30463K->0K survivor 634K->590K tenured 255432K->255515K, 0.0346079 secs]
[GC 286569K->256514K(1571712K) eden 30463K->0K survivor 590K->944K tenured 255515K->255570K, 0.0346179 secs]
[GC 286978K->256166K(1571712K) eden 30464K->0K survivor 944K->187K tenured 255570K->255979K, 0.0360007 secs]
[GC 286630K->256221K(1571712K) eden 30463K->0K survivor 187K->242K tenured 255979K->255979K, 0.0203892 secs]
[GC 286682K->256227K(1571712K) eden 30460K->0K survivor 242K->248K tenured 255979K->255979K, 0.0207865 secs]
[GC 286691K->256479K(1571712K) eden 30463K->0K survivor 248K->500K tenured 255979K->255979K, 0.0231497 secs]
[GC 286943K->256246K(1571712K) eden 30464K->0K survivor 500K->267K tenured 255979K->255979K, 0.0231468 secs]
[GC 286710K->256281K(1571712K) eden 30463K->0K survivor 267K->302K tenured 255979K->255979K, 0.0248763 secs]
[GC 286738K->256220K(1571712K) eden 30456K->0K survivor 302K->241K tenured 255979K->255979K, 0.0245644 secs]
[GC 286684K->256583K(1571712K) eden 30463K->0K survivor 241K->604K tenured 255979K->255979K, 0.0270971 secs]
[GC 287047K->256304K(1571712K) eden 30463K->0K survivor 604K->277K tenured 255979K->256027K, 0.0275778 secs]
[GC 286768K->256391K(1571712K) eden 30463K->0K survivor 277K->363K tenured 256027K->256027K, 0.0259847 secs]
[GC 286853K->256375K(1571712K) eden 30462K->0K survivor 363K->348K tenured 256027K->256027K, 0.0274451 secs]
[GC 286839K->256489K(1571712K) eden 30463K->0K survivor 348K->461K tenured 256027K->256027K, 0.0268179 secs]
[GC 286953K->256563K(1571712K) eden 30463K->0K survivor 461K->535K tenured 256027K->256027K, 0.0303765 secs]
[GC 287027K->256602K(1571712K) eden 30463K->0K survivor 535K->574K tenured 256027K->256027K, 0.0302085 secs]
[GC 287047K->256571K(1571712K) eden 30445K->0K survivor 574K->543K tenured 256027K->256027K, 0.0312516 secs]
[GC 287035K->256636K(1571712K) eden 30463K->0K survivor 543K->608K tenured 256027K->256027K, 0.0312932 secs]
[GC 287100K->256686K(1571712K) eden 30463K->0K survivor 608K->621K tenured 256027K->256065K, 0.0346546 secs]
[GC 287143K->256642K(1571712K) eden 30456K->0K survivor 621K->490K tenured 256065K->256152K, 0.0337613 secs]
[GC 287106K->257130K(1571712K) eden 30463K->0K survivor 490K->978K tenured 256152K->256152K, 0.0334106 secs]
[GC 287594K->256771K(1571712K) eden 30463K->0K survivor 978K->178K tenured 256152K->256592K, 0.0369498 secs]
[GC 287235K->256816K(1571712K) eden 30463K->0K survivor 178K->224K tenured 256592K->256592K, 0.0212458 secs]
[GC 287268K->256803K(1571712K) eden 30452K->0K survivor 224K->211K tenured 256592K->256592K, 0.0218615 secs]
[GC 287267K->256884K(1571712K) eden 30463K->0K survivor 211K->291K tenured 256592K->256592K, 0.0235493 secs]
[GC 287348K->256919K(1571712K) eden 30463K->0K survivor 291K->326K tenured 256592K->256592K, 0.0244425 secs]
[GC 287383K->256905K(1571712K) eden 30463K->0K survivor 326K->313K tenured 256592K->256592K, 0.0262772 secs]
[GC 287366K->256919K(1571712K) eden 30460K->0K survivor 313K->326K tenured 256592K->256592K, 0.0265525 secs]
[GC 287380K->256966K(1571712K) eden 30461K->0K survivor 326K->373K tenured 256592K->256592K, 0.0274671 secs]
[GC 287430K->257072K(1571712K) eden 30463K->0K survivor 373K->479K tenured 256592K->256592K, 0.0298747 secs]
[GC 287536K->257096K(1571712K) eden 30463K->0K survivor 479K->503K tenured 256592K->256592K, 0.0291561 secs]
[GC 287560K->257179K(1571712K) eden 30463K->0K survivor 503K->586K tenured 256592K->256592K, 0.0307175 secs]
[GC 287643K->257150K(1571712K) eden 30464K->0K survivor 586K->535K tenured 256592K->256615K, 0.0327485 secs]
[GC 287614K->257184K(1571712K) eden 30464K->0K survivor 535K->568K tenured 256615K->256615K, 0.0338607 secs]
[GC 287648K->257238K(1571712K) eden 30463K->0K survivor 568K->623K tenured 256615K->256615K, 0.0355514 secs]
[GC 287702K->257356K(1571712K) eden 30464K->0K survivor 623K->673K tenured 256615K->256682K, 0.0380807 secs]
[GC 287820K->257320K(1571712K) eden 30463K->0K survivor 673K->522K tenured 256682K->256797K, 0.0367617 secs]
[GC 287784K->257399K(1571712K) eden 30463K->0K survivor 522K->601K tenured 256797K->256797K, 0.0328301 secs]
[GC 287863K->257533K(1571712K) eden 30464K->0K survivor 601K->702K tenured 256797K->256830K, 0.0353525 secs]
[GC 287995K->257521K(1571712K) eden 30461K->0K survivor 702K->540K tenured 256830K->256980K, 0.0364356 secs]
[GC 287982K->257623K(1571712K) eden 30461K->0K survivor 540K->643K tenured 256980K->256980K, 0.0321905 secs]
[GC 288087K->257600K(1571712K) eden 30463K->0K survivor 643K->534K tenured 256980K->257066K, 0.0336959 secs]
[GC 288064K->258099K(1571712K) eden 30463K->0K survivor 534K->1032K tenured 257066K->257066K, 0.0329357 secs]
[GC 288563K->257758K(1571712K) eden 30463K->0K survivor 1032K->196K tenured 257066K->257562K, 0.0385815 secs]
[GC 288222K->257792K(1571712K) eden 30464K->0K survivor 196K->230K tenured 257562K->257562K, 0.0206470 secs]
[GC 288256K->257766K(1571712K) eden 30464K->0K survivor 230K->203K tenured 257562K->257562K, 0.0208159 secs]
[GC 288230K->257962K(1571712K) eden 30464K->0K survivor 203K->400K tenured 257562K->257562K, 0.0240543 secs]
[GC 288426K->257914K(1571712K) eden 30463K->0K survivor 400K->352K tenured 257562K->257562K, 0.0242994 secs]
[GC 288372K->257863K(1571712K) eden 30458K->0K survivor 352K->301K tenured 257562K->257562K, 0.0249327 secs]
[GC 288316K->257919K(1571712K) eden 30452K->0K survivor 301K->356K tenured 257562K->257562K, 0.0271205 secs]
[GC 288383K->258026K(1571712K) eden 30463K->0K survivor 356K->464K tenured 257562K->257562K, 0.0278494 secs]
[GC 288490K->258078K(1571712K) eden 30463K->0K survivor 464K->516K tenured 257562K->257562K, 0.0297809 secs]
[GC 288542K->258100K(1571712K) eden 30463K->0K survivor 516K->537K tenured 257562K->257562K, 0.0307584 secs]
[GC 288564K->258157K(1571712K) eden 30463K->0K survivor 537K->594K tenured 257562K->257562K, 0.0310569 secs]
[GC 288621K->258155K(1571712K) eden 30463K->0K survivor 594K->570K tenured 257562K->257584K, 0.0318918 secs]
[GC 288619K->258217K(1571712K) eden 30463K->0K survivor 570K->632K tenured 257584K->257584K, 0.0328851 secs]
[GC 288681K->258242K(1571712K) eden 30464K->0K survivor 632K->588K tenured 257584K->257654K, 0.0335191 secs]
[GC 288706K->258374K(1571712K) eden 30463K->0K survivor 588K->677K tenured 257654K->257697K, 0.0333489 secs]
[GC 288838K->258305K(1571712K) eden 30464K->0K survivor 677K->495K tenured 257697K->257810K, 0.0332798 secs]
[GC 288764K->258292K(1571712K) eden 30458K->0K survivor 495K->482K tenured 257810K->257810K, 0.0304240 secs]
[GC 288756K->258358K(1571712K) eden 30463K->0K survivor 482K->548K tenured 257810K->257810K, 0.0308758 secs]
[GC 288822K->258425K(1571712K) eden 30464K->0K survivor 548K->615K tenured 257810K->257810K, 0.0318910 secs]
[GC 288889K->258465K(1571712K) eden 30464K->0K survivor 615K->593K tenured 257810K->257872K, 0.0340285 secs]
[GC 288921K->258440K(1571712K) eden 30456K->0K survivor 593K->529K tenured 257872K->257911K, 0.0329909 secs]
[GC 288904K->258524K(1571712K) eden 30463K->0K survivor 529K->612K tenured 257911K->257911K, 0.0325655 secs]
[GC 288988K->258485K(1571712K) eden 30463K->0K survivor 612K->517K tenured 257911K->257967K, 0.0328118 secs]
[GC 288949K->258626K(1571712K) eden 30463K->0K survivor 517K->658K tenured 257967K->257967K, 0.0331627 secs]
[GC 289090K->258670K(1571712K) eden 30463K->0K survivor 658K->603K tenured 257967K->258066K, 0.0349729 secs]
[GC 289133K->258630K(1571712K) eden 30463K->0K survivor 603K->519K tenured 258066K->258110K, 0.0332491 secs]
[GC 289087K->258670K(1571712K) eden 30456K->0K survivor 519K->560K tenured 258110K->258110K, 0.0334294 secs]
[GC 289132K->258670K(1571712K) eden 30461K->0K survivor 560K->559K tenured 258110K->258110K, 0.0318324 secs]
[GC 289134K->258803K(1571712K) eden 30463K->0K survivor 559K->693K tenured 258110K->258110K, 0.0339041 secs]
[GC 289264K->258752K(1571712K) eden 30460K->0K survivor 693K->506K tenured 258110K->258246K, 0.0367314 secs]
[GC 289216K->258873K(1571712K) eden 30463K->0K survivor 506K->627K tenured 258246K->258246K, 0.0328225 secs]
[GC 289337K->258897K(1571712K) eden 30464K->0K survivor 627K->576K tenured 258246K->258321K, 0.0346236 secs]
[GC 289361K->258970K(1571712K) eden 30464K->0K survivor 576K->591K tenured 258321K->258379K, 0.0334095 secs]
[GC 289434K->258990K(1571712K) eden 30463K->0K survivor 591K->579K tenured 258379K->258411K, 0.0326800 secs]
[GC 289454K->259024K(1571712K) eden 30463K->0K survivor 579K->580K tenured 258411K->258443K, 0.0325048 secs]
[GC 289488K->259074K(1571712K) eden 30463K->0K survivor 580K->599K tenured 258443K->258474K, 0.0334321 secs]
[GC 289538K->259092K(1571712K) eden 30464K->0K survivor 599K->575K tenured 258474K->258517K, 0.0332722 secs]
[GC 289554K->259062K(1571712K) eden 30461K->0K survivor 575K->544K tenured 258517K->258517K, 0.0317088 secs]
[GC 289526K->259168K(1571712K) eden 30463K->0K survivor 544K->651K tenured 258517K->258517K, 0.0330970 secs]
[GC 289632K->259107K(1571712K) eden 30464K->0K survivor 651K->510K tenured 258517K->258596K, 0.0342614 secs]
[GC 289568K->259182K(1571712K) eden 30461K->0K survivor 510K->585K tenured 258596K->258596K, 0.0329716 secs]
[GC 289646K->259286K(1571712K) eden 30464K->0K survivor 585K->653K tenured 258596K->258633K, 0.0361623 secs]
[GC 289750K->259358K(1571712K) eden 30463K->0K survivor 653K->631K tenured 258633K->258727K, 0.0338738 secs]
[GC 289822K->259338K(1571712K) eden 30463K->0K survivor 631K->549K tenured 258727K->258788K, 0.0326240 secs]
[GC 289787K->259314K(1571712K) eden 30449K->0K survivor 549K->525K tenured 258788K->258788K, 0.0309898 secs]
[GC 289777K->259411K(1571712K) eden 30463K->0K survivor 525K->623K tenured 258788K->258788K, 0.0326325 secs]
[GC 289865K->259423K(1571712K) eden 30453K->0K survivor 623K->573K tenured 258788K->258850K, 0.0348008 secs]
[GC 289877K->259480K(1571712K) eden 30453K->0K survivor 573K->629K tenured 258850K->258850K, 0.0335730 secs]
[GC 289940K->259466K(1571712K) eden 30460K->0K survivor 629K->541K tenured 258850K->258924K, 0.0346793 secs]
[GC 289930K->259553K(1571712K) eden 30463K->0K survivor 541K->628K tenured 258924K->258924K, 0.0329797 secs]
[GC 290017K->259592K(1571712K) eden 30463K->0K survivor 628K->587K tenured 258924K->259004K, 0.0345449 secs]
[GC 290056K->259636K(1571712K) eden 30463K->0K survivor 587K->594K tenured 259004K->259041K, 0.0344300 secs]
[GC 290096K->259630K(1571712K) eden 30460K->0K survivor 594K->559K tenured 259041K->259070K, 0.0344029 secs]
[GC 290094K->259702K(1571712K) eden 30464K->0K survivor 559K->631K tenured 259070K->259070K, 0.0347184 secs]
[GC 290166K->259798K(1571712K) eden 30463K->0K survivor 631K->663K tenured 259070K->259135K, 0.0344680 secs]
[GC 290262K->259790K(1571712K) eden 30463K->0K survivor 663K->550K tenured 259135K->259240K, 0.0347889 secs]
[GC 290254K->259827K(1571712K) eden 30464K->0K survivor 550K->587K tenured 259240K->259240K, 0.0317819 secs]
[GC 290291K->259876K(1571712K) eden 30463K->0K survivor 587K->592K tenured 259240K->259283K, 0.0342417 secs]
[GC 290340K->259908K(1571712K) eden 30464K->0K survivor 592K->585K tenured 259283K->259323K, 0.0337633 secs]
[GC 290372K->260316K(1571712K) eden 30463K->0K survivor 585K->939K tenured 259323K->259377K, 0.0347761 secs]
[GC 290780K->259968K(1571712K) eden 30463K->0K survivor 939K->186K tenured 259377K->259781K, 0.0370948 secs]
[GC 290428K->259976K(1571712K) eden 30460K->0K survivor 186K->194K tenured 259781K->259781K, 0.0202346 secs]
[GC 290440K->259976K(1571712K) eden 30463K->0K survivor 194K->194K tenured 259781K->259781K, 0.0220773 secs]
[GC 290440K->260087K(1571712K) eden 30463K->0K survivor 194K->305K tenured 259781K->259781K, 0.0240777 secs]
[GC 290545K->260055K(1571712K) eden 30457K->0K survivor 305K->273K tenured 259781K->259781K, 0.0251913 secs]
[GC 290519K->260197K(1571712K) eden 30464K->0K survivor 273K->415K tenured 259781K->259781K, 0.0257948 secs]
[GC 290661K->260169K(1571712K) eden 30464K->0K survivor 415K->388K tenured 259781K->259781K, 0.0270087 secs]
[GC 290629K->260195K(1571712K) eden 30459K->0K survivor 388K->413K tenured 259781K->259781K, 0.0279363 secs]
[GC 290644K->260247K(1571712K) eden 30448K->0K survivor 413K->465K tenured 259781K->259781K, 0.0296030 secs]
[GC 290711K->260286K(1571712K) eden 30463K->0K survivor 465K->504K tenured 259781K->259781K, 0.0313167 secs]
[GC 290750K->260721K(1571712K) eden 30463K->0K survivor 504K->940K tenured 259781K->259781K, 0.0319469 secs]
[GC 291185K->260379K(1571712K) eden 30463K->0K survivor 940K->192K tenured 259781K->260186K, 0.0359642 secs]
[GC 290843K->260407K(1571712K) eden 30463K->0K survivor 192K->220K tenured 260186K->260186K, 0.0200258 secs]
[GC 290871K->260453K(1571712K) eden 30463K->0K survivor 220K->266K tenured 260186K->260186K, 0.0228248 secs]
[GC 290917K->260490K(1571712K) eden 30463K->0K survivor 266K->303K tenured 260186K->260186K, 0.0247211 secs]
[GC 290954K->260543K(1571712K) eden 30464K->0K survivor 303K->356K tenured 260186K->260186K, 0.0251450 secs]
[GC 291007K->260465K(1571712K) eden 30463K->0K survivor 356K->278K tenured 260186K->260186K, 0.0257717 secs]
[GC 290929K->260587K(1571712K) eden 30463K->0K survivor 278K->400K tenured 260186K->260186K, 0.0277099 secs]
[GC 291051K->260630K(1571712K) eden 30463K->0K survivor 400K->443K tenured 260186K->260186K, 0.0279056 secs]
[GC 291094K->260751K(1571712K) eden 30463K->0K survivor 443K->564K tenured 260186K->260186K, 0.0300732 secs]
[GC 291213K->260661K(1571712K) eden 30462K->0K survivor 564K->474K tenured 260186K->260186K, 0.0304211 secs]
[GC 291118K->260639K(1571712K) eden 30457K->0K survivor 474K->452K tenured 260186K->260186K, 0.0305208 secs]
[GC 291102K->260665K(1571712K) eden 30462K->0K survivor 452K->478K tenured 260186K->260186K, 0.0311298 secs]
[GC 291129K->260827K(1571712K) eden 30463K->0K survivor 478K->640K tenured 260186K->260186K, 0.0330193 secs]
[GC 291291K->260803K(1571712K) eden 30464K->0K survivor 640K->528K tenured 260186K->260274K, 0.0355453 secs]
[GC 291267K->260843K(1571712K) eden 30464K->0K survivor 528K->568K tenured 260274K->260274K, 0.0317598 secs]
[GC 291307K->260842K(1571712K) eden 30463K->0K survivor 568K->567K tenured 260274K->260274K, 0.0337390 secs]
[GC 291306K->260925K(1571712K) eden 30464K->0K survivor 567K->650K tenured 260274K->260274K, 0.0334592 secs]
[GC 291387K->260851K(1571712K) eden 30462K->0K survivor 650K->490K tenured 260274K->260360K, 0.0356587 secs]
[GC 291315K->260934K(1571712K) eden 30463K->0K survivor 490K->573K tenured 260360K->260360K, 0.0324848 secs]
[GC 291391K->260885K(1571712K) eden 30457K->0K survivor 573K->524K tenured 260360K->260360K, 0.0325247 secs]
[GC 291349K->260994K(1571712K) eden 30463K->0K survivor 524K->633K tenured 260360K->260360K, 0.0338013 secs]
[GC 291458K->261043K(1571712K) eden 30463K->0K survivor 633K->619K tenured 260360K->260424K, 0.0363238 secs]
[GC 291476K->261020K(1571712K) eden 30432K->0K survivor 619K->525K tenured 260424K->260494K, 0.0344923 secs]
[GC 291453K->261067K(1571712K) eden 30433K->0K survivor 525K->572K tenured 260494K->260494K, 0.0338688 secs]
[GC 291530K->261053K(1571712K) eden 30463K->0K survivor 572K->559K tenured 260494K->260494K, 0.0333303 secs]
[GC 291511K->261118K(1571712K) eden 30457K->0K survivor 559K->623K tenured 260494K->260494K, 0.0340688 secs]
[GC 291575K->261201K(1571712K) eden 30457K->0K survivor 623K->630K tenured 260494K->260570K, 0.0363161 secs]
[GC 291665K->261349K(1571712K) eden 30463K->0K survivor 630K->693K tenured 260570K->260655K, 0.0363974 secs]
[GC 291813K->261299K(1571712K) eden 30463K->0K survivor 693K->520K tenured 260655K->260778K, 0.0360595 secs]
[GC 291762K->261278K(1571712K) eden 30462K->0K survivor 520K->499K tenured 260778K->260778K, 0.0309010 secs]
[GC 291742K->261350K(1571712K) eden 30463K->0K survivor 499K->571K tenured 260778K->260778K, 0.0341343 secs]
[GC 291795K->261373K(1571712K) eden 30445K->0K survivor 571K->594K tenured 260778K->260778K, 0.0324089 secs]
[GC 291837K->261448K(1571712K) eden 30463K->0K survivor 594K->622K tenured 260778K->260826K, 0.0346921 secs]
[GC 291912K->261493K(1571712K) eden 30464K->0K survivor 622K->599K tenured 260826K->260894K, 0.0329478 secs]
[GC 291957K->261882K(1571712K) eden 30463K->0K survivor 599K->933K tenured 260894K->260948K, 0.0346456 secs]
[GC 292346K->261541K(1571712K) eden 30463K->0K survivor 933K->190K tenured 260948K->261350K, 0.0366890 secs]
[GC 292005K->261566K(1571712K) eden 30463K->0K survivor 190K->215K tenured 261350K->261350K, 0.0202962 secs]
[GC 292027K->261571K(1571712K) eden 30460K->0K survivor 215K->220K tenured 261350K->261350K, 0.0223722 secs]
[GC 292034K->261647K(1571712K) eden 30463K->0K survivor 220K->296K tenured 261350K->261350K, 0.0232536 secs]
[GC 292111K->261657K(1571712K) eden 30463K->0K survivor 296K->306K tenured 261350K->261350K, 0.0254256 secs]
[GC 292121K->261619K(1571712K) eden 30463K->0K survivor 306K->268K tenured 261350K->261350K, 0.0253780 secs]
[GC 292083K->261671K(1571712K) eden 30463K->0K survivor 268K->320K tenured 261350K->261350K, 0.0269726 secs]
[GC 292135K->261775K(1571712K) eden 30463K->0K survivor 320K->425K tenured 261350K->261350K, 0.0295287 secs]
[GC 292239K->261868K(1571712K) eden 30463K->0K survivor 425K->517K tenured 261350K->261350K, 0.0319017 secs]
[GC 292332K->262036K(1571712K) eden 30464K->0K survivor 517K->685K tenured 261350K->261350K, 0.0330143 secs]
[GC 292492K->261928K(1571712K) eden 30456K->0K survivor 685K->461K tenured 261350K->261466K, 0.0370983 secs]
[GC 292391K->262019K(1571712K) eden 30463K->0K survivor 461K->552K tenured 261466K->261466K, 0.0322981 secs]
[GC 292466K->262083K(1571712K) eden 30447K->0K survivor 552K->616K tenured 261466K->261466K, 0.0321548 secs]
[GC 292547K->262114K(1571712K) eden 30463K->0K survivor 616K->595K tenured 261466K->261518K, 0.0345169 secs]
[GC 292578K->262307K(1571712K) eden 30463K->0K survivor 595K->759K tenured 261518K->261548K, 0.0344657 secs]
[GC 292771K->262234K(1571712K) eden 30463K->0K survivor 759K->456K tenured 261548K->261777K, 0.0365380 secs]
[GC 292682K->262215K(1571712K) eden 30448K->0K survivor 456K->437K tenured 261777K->261777K, 0.0260041 secs]
[GC 292679K->262285K(1571712K) eden 30464K->0K survivor 437K->507K tenured 261777K->261777K, 0.0280204 secs]
[GC 292749K->262330K(1571712K) eden 30463K->0K survivor 507K->553K tenured 261777K->261777K, 0.0300365 secs]
[GC 292794K->262326K(1571712K) eden 30463K->0K survivor 553K->548K tenured 261777K->261777K, 0.0310346 secs]
[GC 292790K->262433K(1571712K) eden 30463K->0K survivor 548K->656K tenured 261777K->261777K, 0.0323249 secs]
[GC 292896K->262440K(1571712K) eden 30462K->0K survivor 656K->560K tenured 261777K->261880K, 0.0339666 secs]
[GC 292904K->262406K(1571712K) eden 30463K->0K survivor 560K->526K tenured 261880K->261880K, 0.0308116 secs]
[GC 292856K->262455K(1571712K) eden 30450K->0K survivor 526K->574K tenured 261880K->261880K, 0.0314537 secs]
[GC 292919K->262543K(1571712K) eden 30463K->0K survivor 574K->662K tenured 261880K->261880K, 0.0325010 secs]
[GC 293007K->262607K(1571712K) eden 30464K->0K survivor 662K->633K tenured 261880K->261974K, 0.0358156 secs]
[GC 293071K->262655K(1571712K) eden 30463K->0K survivor 633K->589K tenured 261974K->262066K, 0.0344606 secs]
[GC 293119K->263055K(1571712K) eden 30463K->0K survivor 589K->953K tenured 262066K->262101K, 0.0328293 secs]
[GC 293519K->262702K(1571712K) eden 30463K->0K survivor 953K->181K tenured 262101K->262521K, 0.0370593 secs]
[GC 293166K->262728K(1571712K) eden 30464K->0K survivor 181K->207K tenured 262521K->262521K, 0.0207902 secs]
[GC 293192K->262788K(1571712K) eden 30463K->0K survivor 207K->267K tenured 262521K->262521K, 0.0225298 secs]
[GC 293252K->262811K(1571712K) eden 30463K->0K survivor 267K->290K tenured 262521K->262521K, 0.0242872 secs]
[GC 293275K->262884K(1571712K) eden 30463K->0K survivor 290K->363K tenured 262521K->262521K, 0.0245481 secs]
[GC 293348K->262902K(1571712K) eden 30463K->0K survivor 363K->380K tenured 262521K->262521K, 0.0262744 secs]
[GC 293366K->262877K(1571712K) eden 30463K->0K survivor 380K->355K tenured 262521K->262521K, 0.0275451 secs]
[GC 293336K->262937K(1571712K) eden 30459K->0K survivor 355K->415K tenured 262521K->262521K, 0.0282489 secs]
[GC 293401K->263020K(1571712K) eden 30463K->0K survivor 415K->499K tenured 262521K->262521K, 0.0305966 secs]
[GC 293470K->263006K(1571712K) eden 30449K->0K survivor 499K->484K tenured 262521K->262521K, 0.0307761 secs]
[GC 293470K->263072K(1571712K) eden 30463K->0K survivor 484K->551K tenured 262521K->262521K, 0.0312173 secs]
[GC 293521K->263076K(1571712K) eden 30449K->0K survivor 551K->555K tenured 262521K->262521K, 0.0317585 secs]
[GC 293540K->263155K(1571712K) eden 30464K->0K survivor 555K->633K tenured 262521K->262521K, 0.0323630 secs]
[GC 293613K->263155K(1571712K) eden 30458K->0K survivor 633K->544K tenured 262521K->262610K, 0.0346084 secs]
[GC 293619K->263225K(1571712K) eden 30463K->0K survivor 544K->614K tenured 262610K->262610K, 0.0327947 secs]
[GC 293354K->263436K(1571712K) eden 30128K->0K survivor 614K->730K tenured 262610K->262705K, 0.0350244 secs]
[GC 293900K->263312K(1571712K) eden 30463K->0K survivor 730K->447K tenured 262705K->262865K, 0.0334913 secs]
[GC 293776K->263249K(1571712K) eden 30463K->0K survivor 447K->383K tenured 262865K->262865K, 0.0286892 secs]
[GC 293713K->263370K(1571712K) eden 30463K->0K survivor 383K->505K tenured 262865K->262865K, 0.0302867 secs]
[GC 293834K->263412K(1571712K) eden 30463K->0K survivor 505K->546K tenured 262865K->262865K, 0.0316127 secs]
[GC 293876K->263495K(1571712K) eden 30464K->0K survivor 546K->629K tenured 262865K->262865K, 0.0332805 secs]
[GC 293959K->263534K(1571712K) eden 30463K->0K survivor 629K->607K tenured 262865K->262927K, 0.0324198 secs]
[GC 293998K->263520K(1571712K) eden 30464K->0K survivor 607K->545K tenured 262927K->262974K, 0.0319460 secs]
[GC 293984K->263543K(1571712K) eden 30464K->0K survivor 545K->569K tenured 262974K->262974K, 0.0319767 secs]
[GC 294007K->263604K(1571712K) eden 30464K->0K survivor 569K->629K tenured 262974K->262974K, 0.0331142 secs]
[GC 294068K->263635K(1571712K) eden 30463K->0K survivor 629K->585K tenured 262974K->263050K, 0.0347496 secs]
[GC 294099K->264058K(1571712K) eden 30463K->0K survivor 585K->946K tenured 263050K->263112K, 0.0351445 secs]
[GC 294522K->263707K(1571712K) eden 30463K->0K survivor 946K->189K tenured 263112K->263517K, 0.0366350 secs]
[GC 294158K->263698K(1571712K) eden 30451K->0K survivor 189K->180K tenured 263517K->263517K, 0.0210852 secs]
[GC 294162K->263786K(1571712K) eden 30463K->0K survivor 180K->268K tenured 263517K->263517K, 0.0227180 secs]
[GC 294249K->263751K(1571712K) eden 30462K->0K survivor 268K->233K tenured 263517K->263517K, 0.0239620 secs]
[GC 294215K->263845K(1571712K) eden 30463K->0K survivor 233K->327K tenured 263517K->263517K, 0.0250349 secs]
[GC 294309K->263831K(1571712K) eden 30463K->0K survivor 327K->314K tenured 263517K->263517K, 0.0268334 secs]
[GC 294295K->263960K(1571712K) eden 30464K->0K survivor 314K->442K tenured 263517K->263517K, 0.0276838 secs]
[GC 294416K->263900K(1571712K) eden 30456K->0K survivor 442K->382K tenured 263517K->263517K, 0.0284032 secs]
[GC 294364K->264006K(1571712K) eden 30463K->0K survivor 382K->488K tenured 263517K->263517K, 0.0309569 secs]
[GC 294470K->264033K(1571712K) eden 30463K->0K survivor 488K->515K tenured 263517K->263517K, 0.0304178 secs]
[GC 294497K->264456K(1571712K) eden 30463K->0K survivor 515K->938K tenured 263517K->263517K, 0.0326849 secs]
[GC 294920K->264088K(1571712K) eden 30464K->0K survivor 938K->168K tenured 263517K->263919K, 0.0368186 secs]
[GC 294552K->264138K(1571712K) eden 30463K->0K survivor 168K->218K tenured 263919K->263919K, 0.0208308 secs]
[GC 294602K->264204K(1571712K) eden 30463K->0K survivor 218K->284K tenured 263919K->263919K, 0.0231989 secs]
[GC 294668K->264206K(1571712K) eden 30463K->0K survivor 284K->286K tenured 263919K->263919K, 0.0238156 secs]
[GC 294670K->264253K(1571712K) eden 30463K->0K survivor 286K->333K tenured 263919K->263919K, 0.0255362 secs]
[GC 294717K->264204K(1571712K) eden 30463K->0K survivor 333K->284K tenured 263919K->263919K, 0.0253335 secs]
[GC 294668K->264321K(1571712K) eden 30463K->0K survivor 284K->401K tenured 263919K->263919K, 0.0281308 secs]
[GC 294785K->264353K(1571712K) eden 30463K->0K survivor 401K->434K tenured 263919K->263919K, 0.0284245 secs]
[GC 294817K->264487K(1571712K) eden 30463K->0K survivor 434K->567K tenured 263919K->263919K, 0.0307609 secs]
[GC 294951K->264437K(1571712K) eden 30463K->0K survivor 567K->517K tenured 263919K->263919K, 0.0306605 secs]
[GC 294901K->264426K(1571712K) eden 30463K->0K survivor 517K->507K tenured 263919K->263919K, 0.0305536 secs]
[GC 294885K->264477K(1571712K) eden 30458K->0K survivor 507K->557K tenured 263919K->263919K, 0.0317467 secs]
[GC 294941K->264547K(1571712K) eden 30463K->0K survivor 557K->627K tenured 263919K->263919K, 0.0348392 secs]
[GC 295010K->264596K(1571712K) eden 30463K->0K survivor 627K->588K tenured 263919K->264008K, 0.0358799 secs]
[GC 295060K->264618K(1571712K) eden 30464K->0K survivor 588K->575K tenured 264008K->264042K, 0.0342340 secs]
[GC 295082K->264674K(1571712K) eden 30463K->0K survivor 575K->631K tenured 264042K->264042K, 0.0330850 secs]
[GC 295138K->264671K(1571712K) eden 30463K->0K survivor 631K->547K tenured 264042K->264124K, 0.0344856 secs]
[GC 295135K->264732K(1571712K) eden 30463K->0K survivor 547K->608K tenured 264124K->264124K, 0.0332482 secs]
[GC 295196K->264757K(1571712K) eden 30463K->0K survivor 608K->597K tenured 264124K->264159K, 0.0338603 secs]
[GC 295221K->264888K(1571712K) eden 30463K->0K survivor 597K->702K tenured 264159K->264185K, 0.0342416 secs]
[GC 295349K->264759K(1571712K) eden 30461K->0K survivor 702K->424K tenured 264185K->264334K, 0.0355317 secs]
[GC 295216K->264807K(1571712K) eden 30456K->0K survivor 424K->472K tenured 264334K->264334K, 0.0299443 secs]
[GC 295271K->264838K(1571712K) eden 30463K->0K survivor 472K->503K tenured 264334K->264334K, 0.0315678 secs]
[GC 295300K->264847K(1571712K) eden 30461K->0K survivor 503K->512K tenured 264334K->264334K, 0.0319208 secs]
[GC 295311K->264979K(1571712K) eden 30463K->0K survivor 512K->645K tenured 264334K->264334K, 0.0338615 secs]
[GC 295443K->265041K(1571712K) eden 30463K->0K survivor 645K->609K tenured 264334K->264431K, 0.0368574 secs]
[GC 295505K->265422K(1571712K) eden 30463K->0K survivor 609K->935K tenured 264431K->264486K, 0.0341628 secs]
[GC 295885K->265021K(1571712K) eden 30463K->0K survivor 935K->130K tenured 264486K->264891K, 0.0367902 secs]
[GC 295485K->265089K(1571712K) eden 30464K->0K survivor 130K->198K tenured 264891K->264891K, 0.0206535 secs]
[GC 295542K->265120K(1571712K) eden 30453K->0K survivor 198K->229K tenured 264891K->264891K, 0.0224956 secs]
[GC 295584K->265168K(1571712K) eden 30464K->0K survivor 229K->276K tenured 264891K->264891K, 0.0244398 secs]
[GC 295632K->265239K(1571712K) eden 30463K->0K survivor 276K->348K tenured 264891K->264891K, 0.0247923 secs]
[GC 295703K->265253K(1571712K) eden 30463K->0K survivor 348K->361K tenured 264891K->264891K, 0.0263016 secs]
[GC 295716K->265193K(1571712K) eden 30463K->0K survivor 361K->301K tenured 264891K->264891K, 0.0267896 secs]
[GC 295657K->265297K(1571712K) eden 30463K->0K survivor 301K->406K tenured 264891K->264891K, 0.0279044 secs]
[GC 295761K->265371K(1571712K) eden 30463K->0K survivor 406K->480K tenured 264891K->264891K, 0.0297044 secs]
[GC 295774K->265388K(1571712K) eden 30402K->0K survivor 480K->496K tenured 264891K->264891K, 0.0300144 secs]
[GC 295852K->265422K(1571712K) eden 30463K->0K survivor 496K->530K tenured 264891K->264891K, 0.0310779 secs]
[GC 295886K->265450K(1571712K) eden 30464K->0K survivor 530K->559K tenured 264891K->264891K, 0.0315900 secs]
[GC 295914K->265503K(1571712K) eden 30463K->0K survivor 559K->612K tenured 264891K->264891K, 0.0337559 secs]
[GC 295967K->265487K(1571712K) eden 30463K->0K survivor 612K->550K tenured 264891K->264937K, 0.0355648 secs]
[GC 295951K->265574K(1571712K) eden 30463K->0K survivor 550K->637K tenured 264937K->264937K, 0.0346278 secs]
[GC 295708K->265784K(1571712K) eden 30133K->0K survivor 637K->775K tenured 264937K->265008K, 0.0362990 secs]
[GC 296248K->265659K(1571712K) eden 30464K->0K survivor 775K->442K tenured 265008K->265217K, 0.0366681 secs]
[GC 296123K->265670K(1571712K) eden 30464K->0K survivor 442K->453K tenured 265217K->265217K, 0.0289701 secs]
[GC 296131K->265662K(1571712K) eden 30461K->0K survivor 453K->445K tenured 265217K->265217K, 0.0297021 secs]
[GC 296126K->265743K(1571712K) eden 30464K->0K survivor 445K->525K tenured 265217K->265217K, 0.0311107 secs]
[GC 296207K->265783K(1571712K) eden 30463K->0K survivor 525K->565K tenured 265217K->265217K, 0.0323044 secs]
[GC 296247K->265802K(1571712K) eden 30463K->0K survivor 565K->585K tenured 265217K->265217K, 0.0326939 secs]
[GC 296266K->265827K(1571712K) eden 30463K->0K survivor 585K->549K tenured 265217K->265278K, 0.0349245 secs]
[GC 296291K->265876K(1571712K) eden 30463K->0K survivor 549K->598K tenured 265278K->265278K, 0.0343594 secs]
[GC 296334K->265899K(1571712K) eden 30457K->0K survivor 598K->594K tenured 265278K->265304K, 0.0352373 secs]
[GC 296363K->265941K(1571712K) eden 30464K->0K survivor 594K->616K tenured 265304K->265324K, 0.0347546 secs]
[GC 296405K->266036K(1571712K) eden 30463K->0K survivor 616K->667K tenured 265324K->265369K, 0.0351942 secs]
[GC 296498K->265985K(1571712K) eden 30461K->0K survivor 667K->524K tenured 265369K->265461K, 0.0352386 secs]
[GC 296449K->266080K(1571712K) eden 30463K->0K survivor 524K->619K tenured 265461K->265461K, 0.0327830 secs]
[GC 296544K->265977K(1571712K) eden 30464K->0K survivor 619K->461K tenured 265461K->265515K, 0.0332020 secs]
[GC 296441K->266077K(1571712K) eden 30463K->0K survivor 461K->562K tenured 265515K->265515K, 0.0329713 secs]
[GC 296536K->266066K(1571712K) eden 30459K->0K survivor 562K->551K tenured 265515K->265515K, 0.0339688 secs]
[GC 296459K->266119K(1571712K) eden 30393K->0K survivor 551K->604K tenured 265515K->265515K, 0.0341961 secs]
[GC 296576K->266065K(1571712K) eden 30457K->0K survivor 604K->513K tenured 265515K->265552K, 0.0335875 secs]
[GC 296529K->266124K(1571712K) eden 30463K->0K survivor 513K->571K tenured 265552K->265552K, 0.0340689 secs]
[GC 296588K->266196K(1571712K) eden 30463K->0K survivor 571K->644K tenured 265552K->265552K, 0.0349572 secs]
[GC 296660K->266242K(1571712K) eden 30463K->0K survivor 644K->607K tenured 265552K->265634K, 0.0372058 secs]
[GC 296706K->266304K(1571712K) eden 30463K->0K survivor 607K->608K tenured 265634K->265695K, 0.0358388 secs]
[GC 296741K->266278K(1571712K) eden 30437K->0K survivor 608K->527K tenured 265695K->265751K, 0.0356489 secs]
[GC 296742K->266362K(1571712K) eden 30463K->0K survivor 527K->610K tenured 265751K->265751K, 0.0337039 secs]
[GC 296826K->266371K(1571712K) eden 30463K->0K survivor 610K->574K tenured 265751K->265796K, 0.0356512 secs]
[GC 296831K->266349K(1571712K) eden 30460K->0K survivor 574K->553K tenured 265796K->265796K, 0.0339710 secs]
[GC 296813K->266414K(1571712K) eden 30463K->0K survivor 553K->618K tenured 265796K->265796K, 0.0355163 secs]
[GC 296878K->266513K(1571712K) eden 30463K->0K survivor 618K->650K tenured 265796K->265863K, 0.0366368 secs]
[GC 296977K->266532K(1571712K) eden 30463K->0K survivor 650K->586K tenured 265863K->265946K, 0.0370980 secs]
[GC 296996K->266628K(1571712K) eden 30463K->0K survivor 586K->671K tenured 265946K->265957K, 0.0337069 secs]
[GC 297092K->266620K(1571712K) eden 30463K->0K survivor 671K->524K tenured 265957K->266096K, 0.0364112 secs]
[GC 297084K->266657K(1571712K) eden 30463K->0K survivor 524K->561K tenured 266096K->266096K, 0.0316936 secs]
[GC 297115K->266648K(1571712K) eden 30457K->0K survivor 561K->552K tenured 266096K->266096K, 0.0333862 secs]
[GC 297112K->266737K(1571712K) eden 30463K->0K survivor 552K->641K tenured 266096K->266096K, 0.0340847 secs]
[GC 297201K->267144K(1571712K) eden 30464K->0K survivor 641K->935K tenured 266096K->266208K, 0.0389433 secs]
[GC 297608K->266796K(1571712K) eden 30464K->0K survivor 935K->185K tenured 266208K->266610K, 0.0383689 secs]
[GC 297260K->266825K(1571712K) eden 30463K->0K survivor 185K->214K tenured 266610K->266610K, 0.0209716 secs]
[GC 297289K->266863K(1571712K) eden 30463K->0K survivor 214K->252K tenured 266610K->266610K, 0.0233785 secs]
[GC 297327K->266885K(1571712K) eden 30463K->0K survivor 252K->274K tenured 266610K->266610K, 0.0242526 secs]
[GC 297349K->266914K(1571712K) eden 30463K->0K survivor 274K->303K tenured 266610K->266610K, 0.0251227 secs]
[GC 297378K->266878K(1571712K) eden 30463K->0K survivor 303K->267K tenured 266610K->266610K, 0.0258394 secs]
[GC 297341K->266925K(1571712K) eden 30462K->0K survivor 267K->314K tenured 266610K->266610K, 0.0271651 secs]
[GC 297389K->267027K(1571712K) eden 30464K->0K survivor 314K->416K tenured 266610K->266610K, 0.0295131 secs]
[GC 297478K->267133K(1571712K) eden 30450K->0K survivor 416K->522K tenured 266610K->266610K, 0.0304651 secs]
[GC 297593K->267049K(1571712K) eden 30460K->0K survivor 522K->438K tenured 266610K->266610K, 0.0296860 secs]
[GC 297511K->267042K(1571712K) eden 30462K->0K survivor 438K->431K tenured 266610K->266610K, 0.0318051 secs]
[GC 297506K->267155K(1571712K) eden 30464K->0K survivor 431K->544K tenured 266610K->266610K, 0.0325411 secs]
[GC 297619K->267180K(1571712K) eden 30463K->0K survivor 544K->569K tenured 266610K->266610K, 0.0344201 secs]
[GC 297641K->267227K(1571712K) eden 30461K->0K survivor 569K->616K tenured 266610K->266610K, 0.0342612 secs]
[GC 297691K->267315K(1571712K) eden 30463K->0K survivor 616K->656K tenured 266610K->266658K, 0.0387471 secs]
[GC 297779K->267363K(1571712K) eden 30463K->0K survivor 656K->585K tenured 266658K->266777K, 0.0384569 secs]
[GC 297827K->267394K(1571712K) eden 30463K->0K survivor 585K->589K tenured 266777K->266805K, 0.0358978 secs]
[GC 297858K->267612K(1571712K) eden 30463K->0K survivor 589K->776K tenured 266805K->266836K, 0.0373135 secs]
[GC 298076K->267587K(1571712K) eden 30463K->0K survivor 776K->528K tenured 266836K->267058K, 0.0385574 secs]
[GC 298048K->267624K(1571712K) eden 30461K->0K survivor 528K->565K tenured 267058K->267058K, 0.0295323 secs]
[GC 298083K->267655K(1571712K) eden 30458K->0K survivor 565K->596K tenured 267058K->267058K, 0.0312181 secs]
[GC 298119K->268099K(1571712K) eden 30463K->0K survivor 596K->978K tenured 267058K->267120K, 0.0333104 secs]
[GC 298563K->267753K(1571712K) eden 30464K->0K survivor 978K->191K tenured 267120K->267561K, 0.0364832 secs]
[GC 298217K->267767K(1571712K) eden 30463K->0K survivor 191K->206K tenured 267561K->267561K, 0.0210122 secs]
[GC 298231K->267831K(1571712K) eden 30463K->0K survivor 206K->270K tenured 267561K->267561K, 0.0226990 secs]
[GC 298295K->267863K(1571712K) eden 30463K->0K survivor 270K->301K tenured 267561K->267561K, 0.0240101 secs]
[GC 298327K->267884K(1571712K) eden 30464K->0K survivor 301K->323K tenured 267561K->267561K, 0.0249379 secs]
[GC 298348K->267832K(1571712K) eden 30463K->0K survivor 323K->271K tenured 267561K->267561K, 0.0254147 secs]
[GC 298296K->267954K(1571712K) eden 30464K->0K survivor 271K->393K tenured 267561K->267561K, 0.0272663 secs]
[GC 298418K->268006K(1571712K) eden 30463K->0K survivor 393K->444K tenured 267561K->267561K, 0.0284034 secs]
[GC 298470K->268055K(1571712K) eden 30463K->0K survivor 444K->494K tenured 267561K->267561K, 0.0297495 secs]
[GC 298503K->268047K(1571712K) eden 30448K->0K survivor 494K->486K tenured 267561K->267561K, 0.0308301 secs]
[GC 298456K->268078K(1571712K) eden 30409K->0K survivor 486K->517K tenured 267561K->267561K, 0.0293815 secs]
[GC 298541K->268065K(1571712K) eden 30463K->0K survivor 517K->503K tenured 267561K->267561K, 0.0322103 secs]
[GC 298529K->268193K(1571712K) eden 30463K->0K survivor 503K->632K tenured 267561K->267561K, 0.0340369 secs]
[GC 298654K->268172K(1571712K) eden 30460K->0K survivor 632K->520K tenured 267561K->267652K, 0.0346521 secs]
[GC 298636K->268362K(1571712K) eden 30464K->0K survivor 520K->710K tenured 267652K->267652K, 0.0333997 secs]
[GC 298826K->268312K(1571712K) eden 30464K->0K survivor 710K->511K tenured 267652K->267801K, 0.0351459 secs]
[GC 298776K->268302K(1571712K) eden 30464K->0K survivor 511K->501K tenured 267801K->267801K, 0.0291965 secs]
[GC 298766K->268364K(1571712K) eden 30463K->0K survivor 501K->563K tenured 267801K->267801K, 0.0313289 secs]
[GC 298824K->268335K(1571712K) eden 30460K->0K survivor 563K->534K tenured 267801K->267801K, 0.0328112 secs]
[GC 298798K->268386K(1571712K) eden 30463K->0K survivor 534K->585K tenured 267801K->267801K, 0.0341381 secs]
[GC 298836K->268431K(1571712K) eden 30449K->0K survivor 585K->611K tenured 267801K->267820K, 0.0346942 secs]
[GC 298895K->268547K(1571712K) eden 30463K->0K survivor 611K->681K tenured 267820K->267865K, 0.0362131 secs]
[GC 299008K->268493K(1571712K) eden 30461K->0K survivor 681K->500K tenured 267865K->267993K, 0.0351556 secs]
[GC 298957K->268604K(1571712K) eden 30463K->0K survivor 500K->610K tenured 267993K->267993K, 0.0324978 secs]
[GC 299068K->268628K(1571712K) eden 30463K->0K survivor 610K->575K tenured 267993K->268052K, 0.0341649 secs]
[GC 299092K->268758K(1571712K) eden 30464K->0K survivor 575K->705K tenured 268052K->268052K, 0.0339086 secs]
[GC 299222K->268683K(1571712K) eden 30463K->0K survivor 705K->474K tenured 268052K->268208K, 0.0360556 secs]
[GC 299131K->268662K(1571712K) eden 30448K->0K survivor 474K->454K tenured 268208K->268208K, 0.0308469 secs]
[GC 299126K->268732K(1571712K) eden 30463K->0K survivor 454K->524K tenured 268208K->268208K, 0.0319265 secs]
[GC 299193K->268744K(1571712K) eden 30460K->0K survivor 524K->536K tenured 268208K->268208K, 0.0330208 secs]
[GC 299208K->268849K(1571712K) eden 30463K->0K survivor 536K->641K tenured 268208K->268208K, 0.0346270 secs]
[GC 299313K->268891K(1571712K) eden 30463K->0K survivor 641K->585K tenured 268208K->268306K, 0.0352920 secs]
[GC 299355K->268907K(1571712K) eden 30463K->0K survivor 585K->546K tenured 268306K->268361K, 0.0344021 secs]
[GC 299355K->268928K(1571712K) eden 30448K->0K survivor 546K->567K tenured 268361K->268361K, 0.0332905 secs]
[GC 299392K->268979K(1571712K) eden 30463K->0K survivor 567K->618K tenured 268361K->268361K, 0.0341066 secs]
[GC 299443K->269030K(1571712K) eden 30463K->0K survivor 618K->605K tenured 268361K->268425K, 0.0354188 secs]
[GC 299494K->269062K(1571712K) eden 30464K->0K survivor 605K->606K tenured 268425K->268455K, 0.0342009 secs]
[GC 299526K->269099K(1571712K) eden 30464K->0K survivor 606K->601K tenured 268455K->268498K, 0.0344874 secs]
[GC 299563K->269115K(1571712K) eden 30463K->0K survivor 601K->573K tenured 268498K->268542K, 0.0346270 secs]
[GC 299579K->269135K(1571712K) eden 30463K->0K survivor 573K->593K tenured 268542K->268542K, 0.0336358 secs]
[GC 299599K->269195K(1571712K) eden 30463K->0K survivor 593K->620K tenured 268542K->268575K, 0.0359229 secs]
[GC 299659K->269251K(1571712K) eden 30464K->0K survivor 620K->619K tenured 268575K->268632K, 0.0354510 secs]
[GC 299715K->269271K(1571712K) eden 30463K->0K survivor 619K->568K tenured 268632K->268703K, 0.0349121 secs]
[GC 299735K->269304K(1571712K) eden 30463K->0K survivor 568K->600K tenured 268703K->268703K, 0.0330969 secs]
[GC 299768K->269254K(1571712K) eden 30463K->0K survivor 600K->491K tenured 268703K->268762K, 0.0348466 secs]
[GC 299718K->269367K(1571712K) eden 30464K->0K survivor 491K->605K tenured 268762K->268762K, 0.0337982 secs]
[GC 299816K->269381K(1571712K) eden 30448K->0K survivor 605K->589K tenured 268762K->268791K, 0.0347756 secs]
[GC 299845K->269454K(1571712K) eden 30463K->0K survivor 589K->630K tenured 268791K->268824K, 0.0359989 secs]
[GC 299918K->269495K(1571712K) eden 30463K->0K survivor 630K->598K tenured 268824K->268897K, 0.0349365 secs]
[GC 299954K->269449K(1571712K) eden 30459K->0K survivor 598K->505K tenured 268897K->268944K, 0.0352592 secs]
[GC 299913K->269476K(1571712K) eden 30463K->0K survivor 505K->532K tenured 268944K->268944K, 0.0338109 secs]
[GC 299940K->269596K(1571712K) eden 30463K->0K survivor 532K->652K tenured 268944K->268944K, 0.0346124 secs]
[GC 300060K->269636K(1571712K) eden 30463K->0K survivor 652K->595K tenured 268944K->269040K, 0.0363628 secs]
[GC 300100K->269718K(1571712K) eden 30463K->0K survivor 595K->653K tenured 269040K->269065K, 0.0345241 secs]
[GC 300182K->269756K(1571712K) eden 30463K->0K survivor 653K->595K tenured 269065K->269161K, 0.0366810 secs]
[GC 300216K->269722K(1571712K) eden 30459K->0K survivor 595K->535K tenured 269161K->269187K, 0.0328123 secs]
[GC 300186K->269784K(1571712K) eden 30463K->0K survivor 535K->597K tenured 269187K->269187K, 0.0320572 secs]
[GC 300248K->269829K(1571712K) eden 30463K->0K survivor 597K->584K tenured 269187K->269244K, 0.0356078 secs]
[GC 300285K->269838K(1571712K) eden 30455K->0K survivor 584K->550K tenured 269244K->269287K, 0.0335674 secs]
[GC 300302K->270270K(1571712K) eden 30464K->0K survivor 550K->983K tenured 269287K->269287K, 0.0348591 secs]
[GC 300734K->269908K(1571712K) eden 30463K->0K survivor 983K->172K tenured 269287K->269736K, 0.0386241 secs]
[GC 300372K->269930K(1571712K) eden 30464K->0K survivor 172K->193K tenured 269736K->269736K, 0.0209086 secs]
[GC 300392K->269958K(1571712K) eden 30462K->0K survivor 193K->221K tenured 269736K->269736K, 0.0230398 secs]
[GC 300422K->270037K(1571712K) eden 30463K->0K survivor 221K->300K tenured 269736K->269736K, 0.0251426 secs]
[GC 300501K->270062K(1571712K) eden 30463K->0K survivor 300K->325K tenured 269736K->269736K, 0.0256230 secs]
[GC 300526K->270146K(1571712K) eden 30464K->0K survivor 325K->409K tenured 269736K->269736K, 0.0241443 secs]
[GC 300610K->270118K(1571712K) eden 30463K->0K survivor 409K->382K tenured 269736K->269736K, 0.0273992 secs]
[GC 300582K->270149K(1571712K) eden 30463K->0K survivor 382K->412K tenured 269736K->269736K, 0.0283476 secs]
[GC 300613K->270164K(1571712K) eden 30463K->0K survivor 412K->427K tenured 269736K->269736K, 0.0294985 secs]
[GC 300628K->270232K(1571712K) eden 30463K->0K survivor 427K->495K tenured 269736K->269736K, 0.0300552 secs]
[GC 300696K->270667K(1571712K) eden 30464K->0K survivor 495K->930K tenured 269736K->269736K, 0.0327972 secs]
[GC 301131K->270324K(1571712K) eden 30464K->0K survivor 930K->191K tenured 269736K->270133K, 0.0361330 secs]
[GC 300788K->270350K(1571712K) eden 30463K->0K survivor 191K->217K tenured 270133K->270133K, 0.0215493 secs]
[GC 300803K->270371K(1571712K) eden 30453K->0K survivor 217K->238K tenured 270133K->270133K, 0.0232844 secs]
[GC 300819K->270363K(1571712K) eden 30448K->0K survivor 238K->230K tenured 270133K->270133K, 0.0245577 secs]
[GC 300800K->270416K(1571712K) eden 30437K->0K survivor 230K->283K tenured 270133K->270133K, 0.0255593 secs]
[GC 300880K->270406K(1571712K) eden 30464K->0K survivor 283K->272K tenured 270133K->270133K, 0.0260570 secs]
[GC 300870K->270527K(1571712K) eden 30463K->0K survivor 272K->393K tenured 270133K->270133K, 0.0279041 secs]
[GC 300991K->270568K(1571712K) eden 30463K->0K survivor 393K->435K tenured 270133K->270133K, 0.0292556 secs]
[GC 301032K->270689K(1571712K) eden 30463K->0K survivor 435K->556K tenured 270133K->270133K, 0.0299650 secs]
[GC 301153K->270554K(1571712K) eden 30463K->0K survivor 556K->421K tenured 270133K->270133K, 0.0281176 secs]
[GC 301009K->270604K(1571712K) eden 30454K->0K survivor 421K->470K tenured 270133K->270133K, 0.0315106 secs]
[GC 301068K->270666K(1571712K) eden 30463K->0K survivor 470K->532K tenured 270133K->270133K, 0.0321643 secs]
[GC 301130K->270734K(1571712K) eden 30463K->0K survivor 532K->601K tenured 270133K->270133K, 0.0335618 secs]
[GC 301198K->270773K(1571712K) eden 30464K->0K survivor 601K->592K tenured 270133K->270181K, 0.0359405 secs]
[GC 301237K->270817K(1571712K) eden 30463K->0K survivor 592K->598K tenured 270181K->270219K, 0.0354215 secs]
[GC 301277K->270773K(1571712K) eden 30459K->0K survivor 598K->520K tenured 270219K->270252K, 0.0333690 secs]
[GC 301237K->270795K(1571712K) eden 30463K->0K survivor 520K->542K tenured 270252K->270252K, 0.0331323 secs]
[GC 301257K->270850K(1571712K) eden 30462K->0K survivor 542K->597K tenured 270252K->270252K, 0.0347977 secs]
[GC 301314K->270970K(1571712K) eden 30463K->0K survivor 597K->666K tenured 270252K->270304K, 0.0361497 secs]
[GC 301434K->270983K(1571712K) eden 30463K->0K survivor 666K->549K tenured 270304K->270434K, 0.0368649 secs]
[GC 301447K->271018K(1571712K) eden 30464K->0K survivor 549K->584K tenured 270434K->270434K, 0.0339362 secs]
[GC 301472K->271001K(1571712K) eden 30453K->0K survivor 584K->526K tenured 270434K->270475K, 0.0340526 secs]
[GC 301465K->271101K(1571712K) eden 30463K->0K survivor 526K->625K tenured 270475K->270475K, 0.0340050 secs]
[GC 301565K->271102K(1571712K) eden 30463K->0K survivor 625K->565K tenured 270475K->270536K, 0.0363937 secs]
[GC 301566K->271168K(1571712K) eden 30464K->0K survivor 565K->631K tenured 270536K->270536K, 0.0350757 secs]
[GC 301620K->271162K(1571712K) eden 30452K->0K survivor 631K->570K tenured 270536K->270592K, 0.0358858 secs]
[GC 301626K->271198K(1571712K) eden 30463K->0K survivor 570K->605K tenured 270592K->270592K, 0.0335506 secs]
[GC 301662K->271246K(1571712K) eden 30464K->0K survivor 605K->614K tenured 270592K->270631K, 0.0355298 secs]
[GC 301710K->271284K(1571712K) eden 30463K->0K survivor 614K->597K tenured 270631K->270686K, 0.0355178 secs]
[GC 301745K->271275K(1571712K) eden 30460K->0K survivor 597K->557K tenured 270686K->270717K, 0.0335586 secs]
[GC 301739K->271363K(1571712K) eden 30463K->0K survivor 557K->645K tenured 270717K->270717K, 0.0341706 secs]
[GC 301685K->271440K(1571712K) eden 30321K->0K survivor 645K->620K tenured 270717K->270820K, 0.0378176 secs]
[GC 301904K->271442K(1571712K) eden 30463K->0K survivor 620K->576K tenured 270820K->270866K, 0.0349326 secs]
[GC 301906K->271453K(1571712K) eden 30463K->0K survivor 576K->556K tenured 270866K->270896K, 0.0345966 secs]
[GC 301916K->271432K(1571712K) eden 30462K->0K survivor 556K->535K tenured 270896K->270896K, 0.0340208 secs]
[GC 301896K->271548K(1571712K) eden 30464K->0K survivor 535K->651K tenured 270896K->270896K, 0.0355830 secs]
[GC 302012K->271621K(1571712K) eden 30463K->0K survivor 651K->637K tenured 270896K->270984K, 0.0370431 secs]
[GC 302085K->271660K(1571712K) eden 30463K->0K survivor 637K->582K tenured 270984K->271078K, 0.0354021 secs]
[GC 302124K->271653K(1571712K) eden 30463K->0K survivor 582K->550K tenured 271078K->271103K, 0.0343070 secs]
[GC 302117K->271691K(1571712K) eden 30463K->0K survivor 550K->587K tenured 271103K->271103K, 0.0325216 secs]
[GC 302155K->271738K(1571712K) eden 30464K->0K survivor 587K->615K tenured 271103K->271122K, 0.0348299 secs]
[GC 302202K->271772K(1571712K) eden 30463K->0K survivor 615K->580K tenured 271122K->271191K, 0.0346435 secs]
[GC 302236K->272180K(1571712K) eden 30463K->0K survivor 580K->933K tenured 271191K->271247K, 0.0350211 secs]
[GC 302644K->271820K(1571712K) eden 30463K->0K survivor 933K->174K tenured 271247K->271645K, 0.0361497 secs]
[GC 302284K->271864K(1571712K) eden 30464K->0K survivor 174K->219K tenured 271645K->271645K, 0.0214778 secs]
[GC 302328K->271878K(1571712K) eden 30463K->0K survivor 219K->232K tenured 271645K->271645K, 0.0227038 secs]
[GC 302342K->271919K(1571712K) eden 30463K->0K survivor 232K->273K tenured 271645K->271645K, 0.0236824 secs]
[GC 302381K->271889K(1571712K) eden 30462K->0K survivor 273K->243K tenured 271645K->271645K, 0.0245498 secs]
[GC 302353K->271948K(1571712K) eden 30463K->0K survivor 243K->302K tenured 271645K->271645K, 0.0265218 secs]
[GC 302412K->272018K(1571712K) eden 30463K->0K survivor 302K->372K tenured 271645K->271645K, 0.0275051 secs]
[GC 302482K->272075K(1571712K) eden 30463K->0K survivor 372K->430K tenured 271645K->271645K, 0.0287207 secs]
[GC 302539K->272105K(1571712K) eden 30463K->0K survivor 430K->459K tenured 271645K->271645K, 0.0295139 secs]
[GC 302561K->272071K(1571712K) eden 30456K->0K survivor 459K->425K tenured 271645K->271645K, 0.0293438 secs]
[GC 302535K->272136K(1571712K) eden 30463K->0K survivor 425K->491K tenured 271645K->271645K, 0.0309497 secs]
[GC 302600K->272180K(1571712K) eden 30464K->0K survivor 491K->534K tenured 271645K->271645K, 0.0328465 secs]
[GC 302644K->272211K(1571712K) eden 30463K->0K survivor 534K->566K tenured 271645K->271645K, 0.0322809 secs]
[GC 302675K->272283K(1571712K) eden 30464K->0K survivor 566K->638K tenured 271645K->271645K, 0.0353283 secs]
[GC 302741K->272238K(1571712K) eden 30457K->0K survivor 638K->506K tenured 271645K->271731K, 0.0362596 secs]
[GC 302702K->272721K(1571712K) eden 30463K->0K survivor 506K->989K tenured 271731K->271731K, 0.0356703 secs]
[GC 303185K->272350K(1571712K) eden 30463K->0K survivor 989K->158K tenured 271731K->272191K, 0.0384717 secs]
[GC 302814K->272378K(1571712K) eden 30464K->0K survivor 158K->187K tenured 272191K->272191K, 0.0206187 secs]
[GC 302842K->272373K(1571712K) eden 30463K->0K survivor 187K->181K tenured 272191K->272191K, 0.0210386 secs]
[GC 302823K->272642K(1571712K) eden 30450K->0K survivor 181K->450K tenured 272191K->272191K, 0.0239734 secs]
[GC 303106K->272386K(1571712K) eden 30463K->0K survivor 450K->194K tenured 272191K->272191K, 0.0235960 secs]
[GC 302850K->272480K(1571712K) eden 30463K->0K survivor 194K->288K tenured 272191K->272191K, 0.0252014 secs]
[GC 302943K->272545K(1571712K) eden 30463K->0K survivor 288K->353K tenured 272191K->272191K, 0.0256238 secs]
[GC 302986K->272591K(1571712K) eden 30441K->0K survivor 353K->400K tenured 272191K->272191K, 0.0270426 secs]
[GC 303055K->272529K(1571712K) eden 30463K->0K survivor 400K->337K tenured 272191K->272191K, 0.0275007 secs]
[GC 302986K->272527K(1571712K) eden 30456K->0K survivor 337K->336K tenured 272191K->272191K, 0.0284994 secs]
[GC 302976K->272585K(1571712K) eden 30449K->0K survivor 336K->394K tenured 272191K->272191K, 0.0301618 secs]
[GC 302991K->272731K(1571712K) eden 30406K->0K survivor 394K->540K tenured 272191K->272191K, 0.0317717 secs]
[GC 303195K->272691K(1571712K) eden 30463K->0K survivor 540K->499K tenured 272191K->272191K, 0.0311041 secs]
[GC 303142K->272675K(1571712K) eden 30451K->0K survivor 499K->483K tenured 272191K->272191K, 0.0324930 secs]
[GC 303139K->272743K(1571712K) eden 30463K->0K survivor 483K->552K tenured 272191K->272191K, 0.0336395 secs]
[GC 303207K->272791K(1571712K) eden 30464K->0K survivor 552K->600K tenured 272191K->272191K, 0.0349100 secs]
[GC 303255K->272849K(1571712K) eden 30463K->0K survivor 600K->632K tenured 272191K->272216K, 0.0365486 secs]
[GC 303313K->272906K(1571712K) eden 30463K->0K survivor 632K->609K tenured 272216K->272297K, 0.0362628 secs]
[GC 303370K->273294K(1571712K) eden 30463K->0K survivor 609K->945K tenured 272297K->272349K, 0.0362572 secs]
[GC 303758K->272927K(1571712K) eden 30463K->0K survivor 945K->164K tenured 272349K->272763K, 0.0371969 secs]
[GC 303391K->272961K(1571712K) eden 30463K->0K survivor 164K->198K tenured 272763K->272763K, 0.0212597 secs]
[GC 303425K->273015K(1571712K) eden 30464K->0K survivor 198K->251K tenured 272763K->272763K, 0.0231364 secs]
[GC 303479K->273046K(1571712K) eden 30464K->0K survivor 251K->283K tenured 272763K->272763K, 0.0245135 secs]
[GC 303510K->273065K(1571712K) eden 30463K->0K survivor 283K->302K tenured 272763K->272763K, 0.0256236 secs]
[GC 303529K->273029K(1571712K) eden 30463K->0K survivor 302K->266K tenured 272763K->272763K, 0.0267516 secs]
[GC 303493K->273162K(1571712K) eden 30464K->0K survivor 266K->399K tenured 272763K->272763K, 0.0263950 secs]
[GC 303626K->273188K(1571712K) eden 30463K->0K survivor 399K->425K tenured 272763K->272763K, 0.0305299 secs]
[GC 303652K->273212K(1571712K) eden 30464K->0K survivor 425K->449K tenured 272763K->272763K, 0.0308672 secs]
[GC 303676K->273245K(1571712K) eden 30463K->0K survivor 449K->482K tenured 272763K->272763K, 0.0313779 secs]
[GC 303694K->273212K(1571712K) eden 30449K->0K survivor 482K->449K tenured 272763K->272763K, 0.0320124 secs]
[GC 303676K->273326K(1571712K) eden 30463K->0K survivor 449K->563K tenured 272763K->272763K, 0.0337869 secs]
[GC 303762K->273278K(1571712K) eden 30436K->0K survivor 563K->515K tenured 272763K->272763K, 0.0340725 secs]
[GC 303742K->273386K(1571712K) eden 30463K->0K survivor 515K->623K tenured 272763K->272763K, 0.0348778 secs]
[GC 303850K->273406K(1571712K) eden 30464K->0K survivor 623K->559K tenured 272763K->272846K, 0.0355145 secs]
[GC 303870K->273415K(1571712K) eden 30463K->0K survivor 559K->568K tenured 272846K->272846K, 0.0346146 secs]
[GC 303877K->273449K(1571712K) eden 30462K->0K survivor 568K->602K tenured 272846K->272846K, 0.0343681 secs]
[GC 303910K->273455K(1571712K) eden 30461K->0K survivor 602K->576K tenured 272846K->272879K, 0.0377572 secs]
[GC 303919K->273578K(1571712K) eden 30464K->0K survivor 576K->648K tenured 272879K->272930K, 0.0392756 secs]
[GC 304042K->273656K(1571712K) eden 30463K->0K survivor 648K->638K tenured 272930K->273018K, 0.0386961 secs]
[GC 304120K->273649K(1571712K) eden 30463K->0K survivor 638K->549K tenured 273018K->273099K, 0.0342871 secs]
[GC 304113K->273722K(1571712K) eden 30463K->0K survivor 549K->623K tenured 273099K->273099K, 0.0341574 secs]
[GC 304186K->273883K(1571712K) eden 30464K->0K survivor 623K->721K tenured 273099K->273161K, 0.0378760 secs]
[GC 304347K->273927K(1571712K) eden 30463K->0K survivor 721K->605K tenured 273161K->273321K, 0.0386112 secs]
[GC 304391K->273975K(1571712K) eden 30463K->0K survivor 605K->597K tenured 273321K->273377K, 0.0331928 secs]
[GC 304439K->273996K(1571712K) eden 30464K->0K survivor 597K->566K tenured 273377K->273430K, 0.0312500 secs]
[GC 304460K->274053K(1571712K) eden 30464K->0K survivor 566K->623K tenured 273430K->273430K, 0.0297018 secs]
[GC 304517K->274050K(1571712K) eden 30463K->0K survivor 623K->558K tenured 273430K->273491K, 0.0323169 secs]
[GC 304514K->274058K(1571712K) eden 30463K->0K survivor 558K->566K tenured 273491K->273491K, 0.0304856 secs]
[GC 304522K->274126K(1571712K) eden 30463K->0K survivor 566K->634K tenured 273491K->273491K, 0.0316184 secs]
[GC 304590K->274191K(1571712K) eden 30464K->0K survivor 634K->633K tenured 273491K->273557K, 0.0353204 secs]
[GC 304655K->274233K(1571712K) eden 30463K->0K survivor 633K->573K tenured 273557K->273659K, 0.0343820 secs]
[GC 304697K->274615K(1571712K) eden 30463K->0K survivor 573K->955K tenured 273659K->273659K, 0.0319707 secs]
[GC 305079K->274278K(1571712K) eden 30464K->0K survivor 955K->196K tenured 273659K->274081K, 0.0363731 secs]
[GC 304741K->274321K(1571712K) eden 30463K->0K survivor 196K->239K tenured 274081K->274081K, 0.0212273 secs]
[GC 304785K->274353K(1571712K) eden 30464K->0K survivor 239K->271K tenured 274081K->274081K, 0.0231138 secs]
[GC 304817K->274379K(1571712K) eden 30464K->0K survivor 271K->297K tenured 274081K->274081K, 0.0245088 secs]
[GC 304843K->274415K(1571712K) eden 30463K->0K survivor 297K->333K tenured 274081K->274081K, 0.0254497 secs]
[GC 304866K->274399K(1571712K) eden 30450K->0K survivor 333K->317K tenured 274081K->274081K, 0.0261177 secs]
[GC 304863K->274500K(1571712K) eden 30463K->0K survivor 317K->419K tenured 274081K->274081K, 0.0276382 secs]
[GC 304964K->274508K(1571712K) eden 30463K->0K survivor 419K->426K tenured 274081K->274081K, 0.0284083 secs]
[GC 304972K->274567K(1571712K) eden 30463K->0K survivor 426K->485K tenured 274081K->274081K, 0.0304713 secs]
[GC 305031K->274616K(1571712K) eden 30464K->0K survivor 485K->534K tenured 274081K->274081K, 0.0312345 secs]
[GC 305080K->275015K(1571712K) eden 30464K->0K survivor 534K->933K tenured 274081K->274081K, 0.0331731 secs]
[GC 305472K->274587K(1571712K) eden 30457K->0K survivor 933K->104K tenured 274081K->274483K, 0.0371022 secs]
[GC 305051K->274712K(1571712K) eden 30463K->0K survivor 104K->228K tenured 274483K->274483K, 0.0218224 secs]
[GC 305176K->274758K(1571712K) eden 30463K->0K survivor 228K->275K tenured 274483K->274483K, 0.0229700 secs]
[GC 305222K->274777K(1571712K) eden 30463K->0K survivor 275K->294K tenured 274483K->274483K, 0.0240938 secs]
[GC 305240K->274742K(1571712K) eden 30462K->0K survivor 294K->259K tenured 274483K->274483K, 0.0253128 secs]
[GC 305206K->274852K(1571712K) eden 30463K->0K survivor 259K->369K tenured 274483K->274483K, 0.0262577 secs]
[GC 305316K->274791K(1571712K) eden 30463K->0K survivor 369K->307K tenured 274483K->274483K, 0.0267538 secs]
[GC 305255K->274891K(1571712K) eden 30463K->0K survivor 307K->407K tenured 274483K->274483K, 0.0291397 secs]
[GC 305342K->274910K(1571712K) eden 30451K->0K survivor 407K->427K tenured 274483K->274483K, 0.0306252 secs]
[GC 305374K->275040K(1571712K) eden 30463K->0K survivor 427K->557K tenured 274483K->274483K, 0.0309488 secs]
[GC 305501K->274939K(1571712K) eden 30460K->0K survivor 557K->456K tenured 274483K->274483K, 0.0316106 secs]
[GC 305398K->275021K(1571712K) eden 30459K->0K survivor 456K->537K tenured 274483K->274483K, 0.0321511 secs]
[GC 305484K->275091K(1571712K) eden 30463K->0K survivor 537K->608K tenured 274483K->274483K, 0.0345766 secs]
[GC 305555K->275151K(1571712K) eden 30463K->0K survivor 608K->621K tenured 274483K->274529K, 0.0355784 secs]
[GC 305615K->275183K(1571712K) eden 30463K->0K survivor 621K->573K tenured 274529K->274610K, 0.0352600 secs]
[GC 305647K->275210K(1571712K) eden 30463K->0K survivor 573K->600K tenured 274610K->274610K, 0.0329376 secs]
[GC 305674K->275218K(1571712K) eden 30463K->0K survivor 600K->558K tenured 274610K->274660K, 0.0353870 secs]
[GC 305676K->275195K(1571712K) eden 30458K->0K survivor 558K->535K tenured 274660K->274660K, 0.0330970 secs]
[GC 305653K->275252K(1571712K) eden 30457K->0K survivor 535K->592K tenured 274660K->274660K, 0.0335817 secs]
[GC 305716K->275360K(1571712K) eden 30464K->0K survivor 592K->671K tenured 274660K->274689K, 0.0375576 secs]
[GC 305824K->275378K(1571712K) eden 30463K->0K survivor 671K->560K tenured 274689K->274817K, 0.0375489 secs]
[GC 305842K->275474K(1571712K) eden 30464K->0K survivor 560K->656K tenured 274817K->274817K, 0.0336751 secs]
[GC 305938K->275465K(1571712K) eden 30464K->0K survivor 656K->563K tenured 274817K->274902K, 0.0355494 secs]
[GC 305929K->275502K(1571712K) eden 30464K->0K survivor 563K->599K tenured 274902K->274902K, 0.0323655 secs]
[GC 305962K->275497K(1571712K) eden 30460K->0K survivor 599K->532K tenured 274902K->274964K, 0.0353075 secs]
[GC 305961K->275582K(1571712K) eden 30463K->0K survivor 532K->617K tenured 274964K->274964K, 0.0337749 secs]
[GC 306046K->275989K(1571712K) eden 30463K->0K survivor 617K->932K tenured 274964K->275056K, 0.0373559 secs]
[GC 306453K->275641K(1571712K) eden 30464K->0K survivor 932K->186K tenured 275056K->275455K, 0.0374299 secs]
[GC 306105K->275655K(1571712K) eden 30463K->0K survivor 186K->200K tenured 275455K->275455K, 0.0212989 secs]
[GC 306119K->275718K(1571712K) eden 30463K->0K survivor 200K->262K tenured 275455K->275455K, 0.0234256 secs]
[GC 306182K->275749K(1571712K) eden 30464K->0K survivor 262K->293K tenured 275455K->275455K, 0.0250782 secs]
[GC 306213K->275771K(1571712K) eden 30463K->0K survivor 293K->315K tenured 275455K->275455K, 0.0248085 secs]
[GC 306225K->275756K(1571712K) eden 30454K->0K survivor 315K->300K tenured 275455K->275455K, 0.0263525 secs]
[GC 306220K->275837K(1571712K) eden 30463K->0K survivor 300K->382K tenured 275455K->275455K, 0.0280574 secs]
[GC 306301K->275863K(1571712K) eden 30464K->0K survivor 382K->407K tenured 275455K->275455K, 0.0291892 secs]
[GC 306324K->275868K(1571712K) eden 30460K->0K survivor 407K->412K tenured 275455K->275455K, 0.0302489 secs]
[GC 306332K->275962K(1571712K) eden 30463K->0K survivor 412K->506K tenured 275455K->275455K, 0.0309902 secs]
[GC 306426K->276379K(1571712K) eden 30463K->0K survivor 506K->923K tenured 275455K->275455K, 0.0339112 secs]
[GC 306843K->276034K(1571712K) eden 30464K->0K survivor 923K->188K tenured 275455K->275846K, 0.0365698 secs]
[GC 306498K->276073K(1571712K) eden 30464K->0K survivor 188K->227K tenured 275846K->275846K, 0.0220116 secs]
[GC 306537K->276119K(1571712K) eden 30464K->0K survivor 227K->273K tenured 275846K->275846K, 0.0229398 secs]
[GC 306583K->276139K(1571712K) eden 30463K->0K survivor 273K->293K tenured 275846K->275846K, 0.0245141 secs]
[GC 306603K->276192K(1571712K) eden 30463K->0K survivor 293K->346K tenured 275846K->275846K, 0.0259127 secs]
[GC 306653K->276120K(1571712K) eden 30460K->0K survivor 346K->274K tenured 275846K->275846K, 0.0267077 secs]
[GC 306584K->276194K(1571712K) eden 30464K->0K survivor 274K->347K tenured 275846K->275846K, 0.0273531 secs]
[GC 306658K->276276K(1571712K) eden 30463K->0K survivor 347K->430K tenured 275846K->275846K, 0.0286579 secs]
[GC 306740K->276341K(1571712K) eden 30463K->0K survivor 430K->495K tenured 275846K->275846K, 0.0305635 secs]
[GC 306805K->276383K(1571712K) eden 30463K->0K survivor 495K->537K tenured 275846K->275846K, 0.0319767 secs]
[GC 306847K->276765K(1571712K) eden 30463K->0K survivor 537K->919K tenured 275846K->275846K, 0.0333443 secs]
[GC 307229K->276426K(1571712K) eden 30463K->0K survivor 919K->194K tenured 275846K->276232K, 0.0375392 secs]
[GC 306890K->276435K(1571712K) eden 30463K->0K survivor 194K->203K tenured 276232K->276232K, 0.0209613 secs]
[GC 306894K->276453K(1571712K) eden 30458K->0K survivor 203K->221K tenured 276232K->276232K, 0.0236099 secs]
[GC 306917K->276535K(1571712K) eden 30463K->0K survivor 221K->303K tenured 276232K->276232K, 0.0246767 secs]
[GC 306999K->276550K(1571712K) eden 30464K->0K survivor 303K->318K tenured 276232K->276232K, 0.0262160 secs]
[GC 306995K->276551K(1571712K) eden 30445K->0K survivor 318K->319K tenured 276232K->276232K, 0.0269294 secs]
[GC 307015K->276619K(1571712K) eden 30464K->0K survivor 319K->387K tenured 276232K->276232K, 0.0281801 secs]
[GC 307083K->276667K(1571712K) eden 30463K->0K survivor 387K->435K tenured 276232K->276232K, 0.0291895 secs]
[GC 307131K->276698K(1571712K) eden 30463K->0K survivor 435K->466K tenured 276232K->276232K, 0.0317153 secs]
[GC 307162K->276734K(1571712K) eden 30463K->0K survivor 466K->502K tenured 276232K->276232K, 0.0326382 secs]
[GC 307198K->276748K(1571712K) eden 30463K->0K survivor 502K->516K tenured 276232K->276232K, 0.0323732 secs]
[GC 307208K->276738K(1571712K) eden 30459K->0K survivor 516K->506K tenured 276232K->276232K, 0.0332249 secs]
[GC 307202K->276827K(1571712K) eden 30463K->0K survivor 506K->595K tenured 276232K->276232K, 0.0337290 secs]
[GC 307288K->276824K(1571712K) eden 30461K->0K survivor 595K->565K tenured 276232K->276259K, 0.0332289 secs]
[GC 307288K->276893K(1571712K) eden 30464K->0K survivor 565K->634K tenured 276259K->276259K, 0.0355885 secs]
[GC 307357K->276930K(1571712K) eden 30463K->0K survivor 634K->611K tenured 276259K->276318K, 0.0361707 secs]
[GC 307394K->276954K(1571712K) eden 30463K->0K survivor 611K->545K tenured 276318K->276409K, 0.0347798 secs]
[GC 307418K->277001K(1571712K) eden 30464K->0K survivor 545K->591K tenured 276409K->276409K, 0.0329259 secs]
[GC 307465K->276988K(1571712K) eden 30464K->0K survivor 591K->550K tenured 276409K->276437K, 0.0346596 secs]
[GC 307452K->277075K(1571712K) eden 30463K->0K survivor 550K->637K tenured 276437K->276437K, 0.0360899 secs]
[GC 307539K->277115K(1571712K) eden 30463K->0K survivor 637K->609K tenured 276437K->276506K, 0.0368128 secs]
[GC 307579K->277137K(1571712K) eden 30464K->0K survivor 609K->554K tenured 276506K->276583K, 0.0360172 secs]
[GC 307600K->277117K(1571712K) eden 30463K->0K survivor 554K->534K tenured 276583K->276583K, 0.0345380 secs]
[GC 307578K->277188K(1571712K) eden 30461K->0K survivor 534K->605K tenured 276583K->276583K, 0.0353087 secs]
[GC 307652K->277262K(1571712K) eden 30463K->0K survivor 605K->649K tenured 276583K->276613K, 0.0366973 secs]
[GC 307712K->277227K(1571712K) eden 30449K->0K survivor 649K->528K tenured 276613K->276699K, 0.0363908 secs]
[GC 307691K->277376K(1571712K) eden 30463K->0K survivor 528K->677K tenured 276699K->276699K, 0.0333462 secs]
[GC 307840K->277366K(1571712K) eden 30463K->0K survivor 677K->550K tenured 276699K->276815K, 0.0366341 secs]
[GC 307804K->277329K(1571712K) eden 30438K->0K survivor 550K->514K tenured 276815K->276815K, 0.0328908 secs]
[GC 307793K->277440K(1571712K) eden 30464K->0K survivor 514K->624K tenured 276815K->276815K, 0.0339316 secs]
[GC 307904K->277479K(1571712K) eden 30464K->0K survivor 624K->605K tenured 276815K->276874K, 0.0353425 secs]
[GC 307943K->277886K(1571712K) eden 30463K->0K survivor 605K->973K tenured 276874K->276912K, 0.0358956 secs]
[GC 308350K->277536K(1571712K) eden 30464K->0K survivor 973K->182K tenured 276912K->277354K, 0.0388400 secs]
[GC 308000K->277561K(1571712K) eden 30463K->0K survivor 182K->207K tenured 277354K->277354K, 0.0211095 secs]
[GC 308023K->277565K(1571712K) eden 30462K->0K survivor 207K->211K tenured 277354K->277354K, 0.0226904 secs]
[GC 308029K->277623K(1571712K) eden 30464K->0K survivor 211K->269K tenured 277354K->277354K, 0.0245283 secs]
[GC 308087K->277667K(1571712K) eden 30464K->0K survivor 269K->313K tenured 277354K->277354K, 0.0263304 secs]
[GC 308131K->277615K(1571712K) eden 30463K->0K survivor 313K->261K tenured 277354K->277354K, 0.0268609 secs]
[GC 308074K->277706K(1571712K) eden 30458K->0K survivor 261K->352K tenured 277354K->277354K, 0.0273295 secs]
[GC 308170K->277757K(1571712K) eden 30463K->0K survivor 352K->403K tenured 277354K->277354K, 0.0298463 secs]
[GC 308221K->277771K(1571712K) eden 30463K->0K survivor 403K->417K tenured 277354K->277354K, 0.0315885 secs]
[GC 308235K->277874K(1571712K) eden 30463K->0K survivor 417K->520K tenured 277354K->277354K, 0.0323161 secs]
[GC 308338K->278264K(1571712K) eden 30463K->0K survivor 520K->910K tenured 277354K->277354K, 0.0330250 secs]
[GC 308728K->277897K(1571712K) eden 30463K->0K survivor 910K->167K tenured 277354K->277730K, 0.0372026 secs]
[GC 308361K->277932K(1571712K) eden 30463K->0K survivor 167K->202K tenured 277730K->277730K, 0.0214372 secs]
[GC 308396K->277989K(1571712K) eden 30463K->0K survivor 202K->259K tenured 277730K->277730K, 0.0236191 secs]
[GC 308453K->278022K(1571712K) eden 30463K->0K survivor 259K->292K tenured 277730K->277730K, 0.0246875 secs]
[GC 308484K->278000K(1571712K) eden 30461K->0K survivor 292K->270K tenured 277730K->277730K, 0.0257574 secs]
[GC 308456K->278057K(1571712K) eden 30456K->0K survivor 270K->327K tenured 277730K->277730K, 0.0265023 secs]
[GC 308521K->278141K(1571712K) eden 30463K->0K survivor 327K->410K tenured 277730K->277730K, 0.0282921 secs]
[GC 308605K->278172K(1571712K) eden 30464K->0K survivor 410K->442K tenured 277730K->277730K, 0.0293520 secs]
[GC 308636K->278289K(1571712K) eden 30463K->0K survivor 442K->559K tenured 277730K->277730K, 0.0305218 secs]
[GC 308753K->278158K(1571712K) eden 30463K->0K survivor 559K->428K tenured 277730K->277730K, 0.0315757 secs]
[GC 308622K->278234K(1571712K) eden 30464K->0K survivor 428K->503K tenured 277730K->277730K, 0.0322862 secs]
[GC 308698K->278309K(1571712K) eden 30463K->0K survivor 503K->579K tenured 277730K->277730K, 0.0327110 secs]
[GC 308773K->278313K(1571712K) eden 30464K->0K survivor 579K->555K tenured 277730K->277757K, 0.0350199 secs]
[GC 308777K->278368K(1571712K) eden 30463K->0K survivor 555K->611K tenured 277757K->277757K, 0.0345127 secs]
[GC 308832K->278414K(1571712K) eden 30464K->0K survivor 611K->597K tenured 277757K->277816K, 0.0368481 secs]
[GC 308878K->278813K(1571712K) eden 30463K->0K survivor 597K->962K tenured 277816K->277850K, 0.0353322 secs]
[GC 309277K->278449K(1571712K) eden 30464K->0K survivor 962K->163K tenured 277850K->278285K, 0.0388120 secs]
[GC 308906K->278478K(1571712K) eden 30457K->0K survivor 163K->193K tenured 278285K->278285K, 0.0212006 secs]
[GC 308942K->278534K(1571712K) eden 30463K->0K survivor 193K->248K tenured 278285K->278285K, 0.0235917 secs]
[GC 308997K->278563K(1571712K) eden 30463K->0K survivor 248K->278K tenured 278285K->278285K, 0.0247599 secs]
[GC 308968K->278641K(1571712K) eden 30404K->0K survivor 278K->355K tenured 278285K->278285K, 0.0257049 secs]
[GC 309105K->278642K(1571712K) eden 30463K->0K survivor 355K->357K tenured 278285K->278285K, 0.0263882 secs]
[GC 309106K->278651K(1571712K) eden 30463K->0K survivor 357K->366K tenured 278285K->278285K, 0.0281005 secs]
[GC 309115K->278693K(1571712K) eden 30463K->0K survivor 366K->408K tenured 278285K->278285K, 0.0287669 secs]
[GC 309157K->278743K(1571712K) eden 30463K->0K survivor 408K->458K tenured 278285K->278285K, 0.0311498 secs]
[GC 309205K->278734K(1571712K) eden 30461K->0K survivor 458K->448K tenured 278285K->278285K, 0.0302420 secs]
[GC 309198K->278854K(1571712K) eden 30463K->0K survivor 448K->569K tenured 278285K->278285K, 0.0324130 secs]
[GC 309318K->278846K(1571712K) eden 30463K->0K survivor 569K->561K tenured 278285K->278285K, 0.0336692 secs]
[GC 309310K->278883K(1571712K) eden 30463K->0K survivor 561K->598K tenured 278285K->278285K, 0.0348328 secs]
[GC 309347K->278930K(1571712K) eden 30464K->0K survivor 598K->620K tenured 278285K->278309K, 0.0362521 secs]
[GC 309394K->278964K(1571712K) eden 30464K->0K survivor 620K->599K tenured 278309K->278364K, 0.0366859 secs]
[GC 309427K->279370K(1571712K) eden 30463K->0K survivor 599K->975K tenured 278364K->278395K, 0.0361987 secs]
[GC 309834K->279020K(1571712K) eden 30463K->0K survivor 975K->184K tenured 278395K->278836K, 0.0397467 secs]
[GC 309484K->279050K(1571712K) eden 30463K->0K survivor 184K->213K tenured 278836K->278836K, 0.0211704 secs]
[GC 309514K->279081K(1571712K) eden 30464K->0K survivor 213K->244K tenured 278836K->278836K, 0.0234368 secs]
[GC 309545K->279104K(1571712K) eden 30464K->0K survivor 244K->268K tenured 278836K->278836K, 0.0249795 secs]
[GC 309568K->279142K(1571712K) eden 30464K->0K survivor 268K->305K tenured 278836K->278836K, 0.0259800 secs]
[GC 309605K->279098K(1571712K) eden 30463K->0K survivor 305K->262K tenured 278836K->278836K, 0.0265745 secs]
[GC 309562K->279193K(1571712K) eden 30463K->0K survivor 262K->357K tenured 278836K->278836K, 0.0286835 secs]
[GC 309657K->279260K(1571712K) eden 30463K->0K survivor 357K->424K tenured 278836K->278836K, 0.0299484 secs]
[GC 309692K->279286K(1571712K) eden 30431K->0K survivor 424K->449K tenured 278836K->278836K, 0.0302396 secs]
[GC 309750K->279307K(1571712K) eden 30464K->0K survivor 449K->470K tenured 278836K->278836K, 0.0320562 secs]
[GC 309769K->279257K(1571712K) eden 30461K->0K survivor 470K->421K tenured 278836K->278836K, 0.0315158 secs]
[GC 309707K->279324K(1571712K) eden 30450K->0K survivor 421K->488K tenured 278836K->278836K, 0.0326100 secs]
[GC 309739K->279360K(1571712K) eden 30414K->0K survivor 488K->524K tenured 278836K->278836K, 0.0329859 secs]
[GC 309824K->279462K(1571712K) eden 30463K->0K survivor 524K->625K tenured 278836K->278836K, 0.0363019 secs]
[GC 309926K->279505K(1571712K) eden 30463K->0K survivor 625K->584K tenured 278836K->278920K, 0.0372768 secs]
[GC 309969K->279893K(1571712K) eden 30463K->0K survivor 584K->940K tenured 278920K->278952K, 0.0361796 secs]
[GC 310357K->279547K(1571712K) eden 30464K->0K survivor 940K->182K tenured 278952K->279365K, 0.0382746 secs]
[GC 310011K->279554K(1571712K) eden 30464K->0K survivor 182K->188K tenured 279365K->279365K, 0.0211095 secs]
[GC 310018K->279756K(1571712K) eden 30463K->0K survivor 188K->390K tenured 279365K->279365K, 0.0220323 secs]
[GC 310220K->279851K(1571712K) eden 30463K->0K survivor 390K->485K tenured 279365K->279365K, 0.0241346 secs]
[GC 310315K->279610K(1571712K) eden 30463K->0K survivor 485K->245K tenured 279365K->279365K, 0.0244346 secs]
[GC 310074K->279643K(1571712K) eden 30463K->0K survivor 245K->278K tenured 279365K->279365K, 0.0257609 secs]
[GC 310107K->279636K(1571712K) eden 30463K->0K survivor 278K->270K tenured 279365K->279365K, 0.0258563 secs]
[GC 310100K->279943K(1571712K) eden 30463K->0K survivor 270K->578K tenured 279365K->279365K, 0.0283287 secs]
[GC 310407K->279705K(1571712K) eden 30463K->0K survivor 578K->315K tenured 279365K->279389K, 0.0284956 secs]
[GC 310169K->279761K(1571712K) eden 30463K->0K survivor 315K->371K tenured 279389K->279389K, 0.0293657 secs]
[GC 310225K->279808K(1571712K) eden 30463K->0K survivor 371K->418K tenured 279389K->279389K, 0.0300846 secs]
[GC 310272K->279927K(1571712K) eden 30464K->0K survivor 418K->537K tenured 279389K->279389K, 0.0315715 secs]
[GC 310391K->279852K(1571712K) eden 30464K->0K survivor 537K->462K tenured 279389K->279389K, 0.0321222 secs]
[GC 310316K->279866K(1571712K) eden 30463K->0K survivor 462K->476K tenured 279389K->279389K, 0.0321083 secs]
[GC 310330K->279907K(1571712K) eden 30463K->0K survivor 476K->517K tenured 279389K->279389K, 0.0333542 secs]
[GC 310371K->279975K(1571712K) eden 30463K->0K survivor 517K->585K tenured 279389K->279389K, 0.0350652 secs]
[GC 310439K->280037K(1571712K) eden 30464K->0K survivor 585K->629K tenured 279389K->279407K, 0.0369449 secs]
[GC 310501K->280079K(1571712K) eden 30463K->0K survivor 629K->610K tenured 279407K->279468K, 0.0354244 secs]
[GC 310543K->280461K(1571712K) eden 30463K->0K survivor 610K->943K tenured 279468K->279517K, 0.0359393 secs]
[GC 310925K->280119K(1571712K) eden 30463K->0K survivor 943K->190K tenured 279517K->279929K, 0.0390553 secs]
[GC 310583K->280128K(1571712K) eden 30463K->0K survivor 190K->198K tenured 279929K->279929K, 0.0215194 secs]
[GC 310592K->280185K(1571712K) eden 30464K->0K survivor 198K->255K tenured 279929K->279929K, 0.0234598 secs]
[GC 310649K->280223K(1571712K) eden 30463K->0K survivor 255K->294K tenured 279929K->279929K, 0.0249010 secs]
[GC 310687K->280238K(1571712K) eden 30463K->0K survivor 294K->308K tenured 279929K->279929K, 0.0255914 secs]
[GC 310702K->280280K(1571712K) eden 30463K->0K survivor 308K->350K tenured 279929K->279929K, 0.0278660 secs]
[GC 310744K->280306K(1571712K) eden 30463K->0K survivor 350K->377K tenured 279929K->279929K, 0.0277602 secs]
[GC 310757K->280338K(1571712K) eden 30450K->0K survivor 377K->408K tenured 279929K->279929K, 0.0295553 secs]
[GC 310791K->280351K(1571712K) eden 30453K->0K survivor 408K->421K tenured 279929K->279929K, 0.0308483 secs]
[GC 310815K->280413K(1571712K) eden 30463K->0K survivor 421K->483K tenured 279929K->279929K, 0.0306343 secs]
[GC 310877K->280449K(1571712K) eden 30463K->0K survivor 483K->520K tenured 279929K->279929K, 0.0321189 secs]
[GC 310913K->280394K(1571712K) eden 30463K->0K survivor 520K->465K tenured 279929K->279929K, 0.0328667 secs]
[GC 310858K->280486K(1571712K) eden 30463K->0K survivor 465K->557K tenured 279929K->279929K, 0.0338055 secs]
[GC 310950K->280553K(1571712K) eden 30463K->0K survivor 557K->623K tenured 279929K->279929K, 0.0356415 secs]
[GC 311017K->280623K(1571712K) eden 30463K->0K survivor 623K->610K tenured 279929K->280012K, 0.0349776 secs]
[GC 310982K->280582K(1571712K) eden 30358K->0K survivor 610K->482K tenured 280012K->280099K, 0.0352116 secs]
[GC 311046K->280640K(1571712K) eden 30463K->0K survivor 482K->540K tenured 280099K->280099K, 0.0336898 secs]
[GC 311065K->280624K(1571712K) eden 30424K->0K survivor 540K->524K tenured 280099K->280099K, 0.0336047 secs]
[GC 311088K->280718K(1571712K) eden 30464K->0K survivor 524K->619K tenured 280099K->280099K, 0.0354715 secs]
[GC 311160K->280728K(1571712K) eden 30441K->0K survivor 619K->572K tenured 280099K->280156K, 0.0369467 secs]
[GC 311192K->281157K(1571712K) eden 30463K->0K survivor 572K->1000K tenured 280156K->280156K, 0.0350363 secs]
[GC 311621K->280804K(1571712K) eden 30463K->0K survivor 1000K->176K tenured 280156K->280628K, 0.0402114 secs]
[GC 311268K->280783K(1571712K) eden 30463K->0K survivor 176K->155K tenured 280628K->280628K, 0.0221908 secs]
[GC 311247K->280846K(1571712K) eden 30463K->0K survivor 155K->218K tenured 280628K->280628K, 0.0246764 secs]
[GC 311296K->280919K(1571712K) eden 30450K->0K survivor 218K->291K tenured 280628K->280628K, 0.0262733 secs]
[GC 311378K->280938K(1571712K) eden 30459K->0K survivor 291K->310K tenured 280628K->280628K, 0.0267228 secs]
[GC 311402K->281020K(1571712K) eden 30463K->0K survivor 310K->392K tenured 280628K->280628K, 0.0296686 secs]
[GC 311484K->281108K(1571712K) eden 30463K->0K survivor 392K->480K tenured 280628K->280628K, 0.0304454 secs]
[GC 311572K->281253K(1571712K) eden 30463K->0K survivor 480K->625K tenured 280628K->280628K, 0.0323602 secs]
[GC 311717K->281284K(1571712K) eden 30463K->0K survivor 625K->580K tenured 280628K->280703K, 0.0345712 secs]
[GC 311748K->281406K(1571712K) eden 30463K->0K survivor 580K->664K tenured 280703K->280742K, 0.0324480 secs]
[GC 311870K->281346K(1571712K) eden 30463K->0K survivor 664K->475K tenured 280742K->280870K, 0.0325895 secs]
[GC 311795K->281327K(1571712K) eden 30448K->0K survivor 475K->457K tenured 280870K->280870K, 0.0284908 secs]
[GC 311741K->281390K(1571712K) eden 30413K->0K survivor 457K->520K tenured 280870K->280870K, 0.0311755 secs]
[GC 311853K->281375K(1571712K) eden 30462K->0K survivor 520K->504K tenured 280870K->280870K, 0.0304908 secs]
[GC 311839K->281484K(1571712K) eden 30463K->0K survivor 504K->613K tenured 280870K->280870K, 0.0337193 secs]
[GC 311942K->281492K(1571712K) eden 30457K->0K survivor 613K->519K tenured 280870K->280972K, 0.0353007 secs]
[GC 311955K->281569K(1571712K) eden 30463K->0K survivor 519K->596K tenured 280972K->280972K, 0.0319783 secs]
[GC 312033K->281585K(1571712K) eden 30464K->0K survivor 596K->497K tenured 280972K->281088K, 0.0346390 secs]
[GC 312043K->281534K(1571712K) eden 30457K->0K survivor 497K->445K tenured 281088K->281088K, 0.0315142 secs]
[GC 311998K->281651K(1571712K) eden 30463K->0K survivor 445K->563K tenured 281088K->281088K, 0.0325436 secs]
[GC 312115K->281708K(1571712K) eden 30463K->0K survivor 563K->620K tenured 281088K->281088K, 0.0348000 secs]
[GC 312172K->281730K(1571712K) eden 30464K->0K survivor 620K->550K tenured 281088K->281180K, 0.0353234 secs]
[GC 312192K->281713K(1571712K) eden 30462K->0K survivor 550K->532K tenured 281180K->281180K, 0.0329920 secs]
[GC 312177K->281792K(1571712K) eden 30463K->0K survivor 532K->612K tenured 281180K->281180K, 0.0352413 secs]
[GC 312256K->281833K(1571712K) eden 30464K->0K survivor 612K->584K tenured 281180K->281248K, 0.0363604 secs]
[GC 312297K->281885K(1571712K) eden 30464K->0K survivor 584K->614K tenured 281248K->281270K, 0.0360796 secs]
[GC 312349K->281916K(1571712K) eden 30463K->0K survivor 614K->576K tenured 281270K->281340K, 0.0359483 secs]
[GC 312267K->281932K(1571712K) eden 30350K->0K survivor 576K->534K tenured 281340K->281398K, 0.0353955 secs]
[GC 312396K->282001K(1571712K) eden 30463K->0K survivor 534K->603K tenured 281398K->281398K, 0.0345296 secs]
[GC 312465K->281920K(1571712K) eden 30463K->0K survivor 603K->492K tenured 281398K->281427K, 0.0344416 secs]
[GC 312383K->281980K(1571712K) eden 30463K->0K survivor 492K->553K tenured 281427K->281427K, 0.0344436 secs]
[GC 312444K->282098K(1571712K) eden 30463K->0K survivor 553K->671K tenured 281427K->281427K, 0.0356738 secs]
[GC 312562K->282174K(1571712K) eden 30463K->0K survivor 671K->618K tenured 281427K->281555K, 0.0399876 secs]
[GC 312638K->282213K(1571712K) eden 30463K->0K survivor 618K->596K tenured 281555K->281616K, 0.0342238 secs]
[GC 312677K->282197K(1571712K) eden 30463K->0K survivor 596K->554K tenured 281616K->281643K, 0.0350632 secs]
[GC 312661K->282148K(1571712K) eden 30463K->0K survivor 554K->505K tenured 281643K->281643K, 0.0329812 secs]
[GC 312610K->282221K(1571712K) eden 30461K->0K survivor 505K->577K tenured 281643K->281643K, 0.0343991 secs]
[GC 312685K->282306K(1571712K) eden 30464K->0K survivor 577K->643K tenured 281643K->281663K, 0.0353481 secs]
[GC 312770K->282729K(1571712K) eden 30463K->0K survivor 643K->991K tenured 281663K->281738K, 0.0385655 secs]
[GC 313193K->282368K(1571712K) eden 30463K->0K survivor 991K->173K tenured 281738K->282195K, 0.0396237 secs]
[GC 312832K->282403K(1571712K) eden 30464K->0K survivor 173K->208K tenured 282195K->282195K, 0.0220227 secs]
[GC 312867K->282443K(1571712K) eden 30463K->0K survivor 208K->248K tenured 282195K->282195K, 0.0234701 secs]
[GC 312907K->282494K(1571712K) eden 30463K->0K survivor 248K->298K tenured 282195K->282195K, 0.0250192 secs]
[GC 312958K->282506K(1571712K) eden 30463K->0K survivor 298K->310K tenured 282195K->282195K, 0.0256813 secs]
[GC 312970K->282603K(1571712K) eden 30464K->0K survivor 310K->407K tenured 282195K->282195K, 0.0264806 secs]
[GC 313067K->282581K(1571712K) eden 30464K->0K survivor 407K->386K tenured 282195K->282195K, 0.0282635 secs]
[GC 313045K->282611K(1571712K) eden 30463K->0K survivor 386K->415K tenured 282195K->282195K, 0.0288804 secs]
[GC 313071K->282622K(1571712K) eden 30459K->0K survivor 415K->426K tenured 282195K->282195K, 0.0311171 secs]
[GC 313086K->282701K(1571712K) eden 30463K->0K survivor 426K->505K tenured 282195K->282195K, 0.0325296 secs]
[GC 313165K->283122K(1571712K) eden 30464K->0K survivor 505K->926K tenured 282195K->282195K, 0.0339472 secs]
[GC 313586K->282755K(1571712K) eden 30463K->0K survivor 926K->166K tenured 282195K->282588K, 0.0372534 secs]
[GC 313219K->282801K(1571712K) eden 30463K->0K survivor 166K->213K tenured 282588K->282588K, 0.0217769 secs]
[GC 313265K->282865K(1571712K) eden 30463K->0K survivor 213K->276K tenured 282588K->282588K, 0.0236018 secs]
[GC 313329K->282867K(1571712K) eden 30463K->0K survivor 276K->278K tenured 282588K->282588K, 0.0245918 secs]
[GC 313331K->282911K(1571712K) eden 30464K->0K survivor 278K->323K tenured 282588K->282588K, 0.0256661 secs]
[GC 313375K->282854K(1571712K) eden 30463K->0K survivor 323K->266K tenured 282588K->282588K, 0.0262954 secs]
[GC 313318K->282961K(1571712K) eden 30463K->0K survivor 266K->373K tenured 282588K->282588K, 0.0279697 secs]
[GC 313425K->283001K(1571712K) eden 30463K->0K survivor 373K->413K tenured 282588K->282588K, 0.0292589 secs]
[GC 313452K->283046K(1571712K) eden 30450K->0K survivor 413K->458K tenured 282588K->282588K, 0.0306518 secs]
[GC 313510K->283116K(1571712K) eden 30463K->0K survivor 458K->528K tenured 282588K->282588K, 0.0314715 secs]
[GC 313580K->283506K(1571712K) eden 30463K->0K survivor 528K->918K tenured 282588K->282588K, 0.0334586 secs]
[GC 313970K->283139K(1571712K) eden 30464K->0K survivor 918K->166K tenured 282588K->282973K, 0.0369893 secs]
[GC 313603K->283174K(1571712K) eden 30463K->0K survivor 166K->200K tenured 282973K->282973K, 0.0215841 secs]
[GC 313638K->283229K(1571712K) eden 30464K->0K survivor 200K->255K tenured 282973K->282973K, 0.0236247 secs]
[GC 313693K->283261K(1571712K) eden 30464K->0K survivor 255K->288K tenured 282973K->282973K, 0.0252824 secs]
[GC 313723K->283255K(1571712K) eden 30461K->0K survivor 288K->281K tenured 282973K->282973K, 0.0261206 secs]
[GC 313707K->283277K(1571712K) eden 30452K->0K survivor 281K->303K tenured 282973K->282973K, 0.0270360 secs]
[GC 313741K->283379K(1571712K) eden 30463K->0K survivor 303K->406K tenured 282973K->282973K, 0.0286379 secs]
[GC 313843K->283407K(1571712K) eden 30463K->0K survivor 406K->434K tenured 282973K->282973K, 0.0314392 secs]
[GC 313871K->283431K(1571712K) eden 30463K->0K survivor 434K->458K tenured 282973K->282973K, 0.0308333 secs]
[GC 313895K->283465K(1571712K) eden 30463K->0K survivor 458K->491K tenured 282973K->282973K, 0.0316326 secs]
[GC 313927K->283446K(1571712K) eden 30462K->0K survivor 491K->472K tenured 282973K->282973K, 0.0322626 secs]
[GC 313910K->283545K(1571712K) eden 30463K->0K survivor 472K->572K tenured 282973K->282973K, 0.0336199 secs]
[GC 314009K->283566K(1571712K) eden 30464K->0K survivor 572K->592K tenured 282973K->282973K, 0.0346897 secs]
[GC 314015K->283572K(1571712K) eden 30449K->0K survivor 592K->572K tenured 282973K->283000K, 0.0370208 secs]
[GC 314036K->283653K(1571712K) eden 30463K->0K survivor 572K->653K tenured 283000K->283000K, 0.0354260 secs]
[GC 314117K->283707K(1571712K) eden 30463K->0K survivor 653K->615K tenured 283000K->283091K, 0.0384939 secs]
[GC 314171K->283723K(1571712K) eden 30464K->0K survivor 615K->578K tenured 283091K->283144K, 0.0359789 secs]
[GC 314187K->283756K(1571712K) eden 30463K->0K survivor 578K->581K tenured 283144K->283175K, 0.0344475 secs]
[GC 314220K->283804K(1571712K) eden 30464K->0K survivor 581K->599K tenured 283175K->283205K, 0.0354128 secs]
[GC 314266K->283759K(1571712K) eden 30461K->0K survivor 599K->525K tenured 283205K->283234K, 0.0354414 secs]
[GC 314223K->283848K(1571712K) eden 30464K->0K survivor 525K->614K tenured 283234K->283234K, 0.0349202 secs]
[GC 314304K->283829K(1571712K) eden 30455K->0K survivor 614K->556K tenured 283234K->283272K, 0.0362984 secs]
[GC 314292K->283840K(1571712K) eden 30463K->0K survivor 556K->567K tenured 283272K->283272K, 0.0361653 secs]
[GC 314304K->283935K(1571712K) eden 30463K->0K survivor 567K->662K tenured 283272K->283272K, 0.0367025 secs]
[GC 314390K->283947K(1571712K) eden 30454K->0K survivor 662K->566K tenured 283272K->283380K, 0.0377206 secs]
[GC 314411K->284076K(1571712K) eden 30463K->0K survivor 566K->695K tenured 283380K->283380K, 0.0358445 secs]
[GC 314540K->284114K(1571712K) eden 30463K->0K survivor 695K->585K tenured 283380K->283529K, 0.0374619 secs]
[GC 314578K->284095K(1571712K) eden 30463K->0K survivor 585K->540K tenured 283529K->283555K, 0.0341699 secs]
[GC 314556K->284082K(1571712K) eden 30460K->0K survivor 540K->527K tenured 283555K->283555K, 0.0339914 secs]
[GC 314546K->284182K(1571712K) eden 30464K->0K survivor 527K->626K tenured 283555K->283555K, 0.0354952 secs]
[GC 314646K->284198K(1571712K) eden 30463K->0K survivor 626K->574K tenured 283555K->283624K, 0.0372828 secs]
[GC 314662K->284621K(1571712K) eden 30464K->0K survivor 574K->996K tenured 283624K->283624K, 0.0353392 secs]
[GC 315085K->284258K(1571712K) eden 30463K->0K survivor 996K->168K tenured 283624K->284089K, 0.0396342 secs]
[GC 314722K->284278K(1571712K) eden 30463K->0K survivor 168K->188K tenured 284089K->284089K, 0.0216833 secs]
[GC 314735K->284319K(1571712K) eden 30457K->0K survivor 188K->230K tenured 284089K->284089K, 0.0236141 secs]
[GC 314783K->284381K(1571712K) eden 30464K->0K survivor 230K->292K tenured 284089K->284089K, 0.0252948 secs]
[GC 314845K->284406K(1571712K) eden 30463K->0K survivor 292K->316K tenured 284089K->284089K, 0.0263060 secs]
[GC 314870K->284489K(1571712K) eden 30464K->0K survivor 316K->400K tenured 284089K->284089K, 0.0266178 secs]
[GC 314953K->284460K(1571712K) eden 30463K->0K survivor 400K->370K tenured 284089K->284089K, 0.0281772 secs]
[GC 314924K->284492K(1571712K) eden 30463K->0K survivor 370K->403K tenured 284089K->284089K, 0.0292811 secs]
[GC 314956K->284557K(1571712K) eden 30463K->0K survivor 403K->467K tenured 284089K->284089K, 0.0326911 secs]
[GC 315021K->284569K(1571712K) eden 30463K->0K survivor 467K->479K tenured 284089K->284089K, 0.0315281 secs]
[GC 315033K->285003K(1571712K) eden 30463K->0K survivor 479K->914K tenured 284089K->284089K, 0.0342410 secs]
[GC 315467K->284659K(1571712K) eden 30463K->0K survivor 914K->188K tenured 284089K->284471K, 0.0381379 secs]
[GC 315119K->284611K(1571712K) eden 30459K->0K survivor 188K->139K tenured 284471K->284471K, 0.0215648 secs]
[GC 315064K->284682K(1571712K) eden 30453K->0K survivor 139K->210K tenured 284471K->284471K, 0.0235915 secs]
[GC 315146K->284762K(1571712K) eden 30464K->0K survivor 210K->291K tenured 284471K->284471K, 0.0251018 secs]
[GC 315226K->284814K(1571712K) eden 30463K->0K survivor 291K->342K tenured 284471K->284471K, 0.0259825 secs]
[GC 315271K->284736K(1571712K) eden 30457K->0K survivor 342K->265K tenured 284471K->284471K, 0.0268229 secs]
[GC 315200K->284863K(1571712K) eden 30463K->0K survivor 265K->392K tenured 284471K->284471K, 0.0278997 secs]
[GC 315327K->284883K(1571712K) eden 30464K->0K survivor 392K->412K tenured 284471K->284471K, 0.0295612 secs]
[GC 315347K->285012K(1571712K) eden 30463K->0K survivor 412K->540K tenured 284471K->284471K, 0.0321040 secs]
[GC 315476K->284939K(1571712K) eden 30463K->0K survivor 540K->468K tenured 284471K->284471K, 0.0315522 secs]
[GC 315403K->284949K(1571712K) eden 30463K->0K survivor 468K->478K tenured 284471K->284471K, 0.0319786 secs]
[GC 315413K->284983K(1571712K) eden 30463K->0K survivor 478K->512K tenured 284471K->284471K, 0.0335101 secs]
[GC 315447K->285036K(1571712K) eden 30464K->0K survivor 512K->565K tenured 284471K->284471K, 0.0349463 secs]
[GC 315500K->285095K(1571712K) eden 30463K->0K survivor 565K->624K tenured 284471K->284471K, 0.0357221 secs]
[GC 315559K->285053K(1571712K) eden 30463K->0K survivor 624K->499K tenured 284471K->284554K, 0.0374754 secs]
[GC 315464K->285147K(1571712K) eden 30411K->0K survivor 499K->592K tenured 284554K->284554K, 0.0351807 secs]
[GC 315611K->285195K(1571712K) eden 30463K->0K survivor 592K->609K tenured 284554K->284586K, 0.0363414 secs]
[GC 315659K->285224K(1571712K) eden 30464K->0K survivor 609K->589K tenured 284586K->284635K, 0.0371504 secs]
[GC 315671K->285245K(1571712K) eden 30446K->0K survivor 589K->579K tenured 284635K->284666K, 0.0356849 secs]
[GC 315709K->285301K(1571712K) eden 30464K->0K survivor 579K->605K tenured 284666K->284695K, 0.0362455 secs]
[GC 315765K->285336K(1571712K) eden 30463K->0K survivor 605K->575K tenured 284695K->284760K, 0.0355802 secs]
[GC 315800K->285374K(1571712K) eden 30463K->0K survivor 575K->614K tenured 284760K->284760K, 0.0348492 secs]
[GC 315838K->285312K(1571712K) eden 30463K->0K survivor 614K->511K tenured 284760K->284800K, 0.0341177 secs]
[GC 315776K->285416K(1571712K) eden 30463K->0K survivor 511K->615K tenured 284800K->284800K, 0.0357681 secs]
[GC 315880K->285484K(1571712K) eden 30464K->0K survivor 615K->625K tenured 284800K->284859K, 0.0379354 secs]
[GC 315908K->285500K(1571712K) eden 30423K->0K survivor 625K->588K tenured 284859K->284912K, 0.0371988 secs]
[GC 315964K->285533K(1571712K) eden 30463K->0K survivor 588K->582K tenured 284912K->284951K, 0.0348539 secs]
[GC 315997K->285558K(1571712K) eden 30464K->0K survivor 582K->550K tenured 284951K->285008K, 0.0357443 secs]
[GC 316022K->285609K(1571712K) eden 30463K->0K survivor 550K->601K tenured 285008K->285008K, 0.0345977 secs]
[GC 316073K->285649K(1571712K) eden 30464K->0K survivor 601K->612K tenured 285008K->285036K, 0.0364366 secs]
[GC 316113K->285670K(1571712K) eden 30463K->0K survivor 612K->564K tenured 285036K->285105K, 0.0369579 secs]
[GC 316134K->286098K(1571712K) eden 30464K->0K survivor 564K->993K tenured 285105K->285105K, 0.0357274 secs]
[GC 316562K->285742K(1571712K) eden 30463K->0K survivor 993K->179K tenured 285105K->285562K, 0.0406184 secs]
[GC 316206K->285776K(1571712K) eden 30463K->0K survivor 179K->213K tenured 285562K->285562K, 0.0216450 secs]
[GC 316240K->285811K(1571712K) eden 30464K->0K survivor 213K->248K tenured 285562K->285562K, 0.0237496 secs]
[GC 316275K->285835K(1571712K) eden 30463K->0K survivor 248K->272K tenured 285562K->285562K, 0.0250173 secs]
[GC 316299K->285866K(1571712K) eden 30463K->0K survivor 272K->303K tenured 285562K->285562K, 0.0258108 secs]
[GC 316330K->285849K(1571712K) eden 30463K->0K survivor 303K->286K tenured 285562K->285562K, 0.0277764 secs]
[GC 316313K->285975K(1571712K) eden 30464K->0K survivor 286K->412K tenured 285562K->285562K, 0.0281061 secs]
[GC 316439K->285953K(1571712K) eden 30463K->0K survivor 412K->390K tenured 285562K->285562K, 0.0292314 secs]
[GC 316417K->286017K(1571712K) eden 30463K->0K survivor 390K->454K tenured 285562K->285562K, 0.0317952 secs]
[GC 316481K->286030K(1571712K) eden 30463K->0K survivor 454K->467K tenured 285562K->285562K, 0.0316821 secs]
[GC 316494K->286466K(1571712K) eden 30463K->0K survivor 467K->903K tenured 285562K->285562K, 0.0338815 secs]
[GC 316930K->286122K(1571712K) eden 30463K->0K survivor 903K->189K tenured 285562K->285932K, 0.0381069 secs]
[GC 316586K->286134K(1571712K) eden 30463K->0K survivor 189K->202K tenured 285932K->285932K, 0.0219256 secs]
[GC 316598K->286188K(1571712K) eden 30463K->0K survivor 202K->255K tenured 285932K->285932K, 0.0234976 secs]
[GC 316652K->286227K(1571712K) eden 30463K->0K survivor 255K->295K tenured 285932K->285932K, 0.0255622 secs]
[GC 316691K->286280K(1571712K) eden 30463K->0K survivor 295K->348K tenured 285932K->285932K, 0.0267397 secs]
[GC 316737K->286251K(1571712K) eden 30457K->0K survivor 348K->319K tenured 285932K->285932K, 0.0269313 secs]
[GC 316715K->286331K(1571712K) eden 30463K->0K survivor 319K->399K tenured 285932K->285932K, 0.0283428 secs]
[GC 316795K->286352K(1571712K) eden 30464K->0K survivor 399K->420K tenured 285932K->285932K, 0.0299223 secs]
[GC 316816K->286481K(1571712K) eden 30463K->0K survivor 420K->548K tenured 285932K->285932K, 0.0319874 secs]
[GC 316942K->286384K(1571712K) eden 30461K->0K survivor 548K->452K tenured 285932K->285932K, 0.0314953 secs]
[GC 316847K->286396K(1571712K) eden 30463K->0K survivor 452K->464K tenured 285932K->285932K, 0.0320427 secs]
[GC 316860K->286448K(1571712K) eden 30463K->0K survivor 464K->516K tenured 285932K->285932K, 0.0338774 secs]
[GC 316907K->286479K(1571712K) eden 30458K->0K survivor 516K->547K tenured 285932K->285932K, 0.0340580 secs]
[GC 316943K->286557K(1571712K) eden 30463K->0K survivor 547K->625K tenured 285932K->285932K, 0.0351702 secs]
[GC 317021K->286618K(1571712K) eden 30463K->0K survivor 625K->601K tenured 285932K->286016K, 0.0373813 secs]
[GC 317082K->286998K(1571712K) eden 30463K->0K survivor 601K->949K tenured 286016K->286049K, 0.0367339 secs]
[GC 317462K->286639K(1571712K) eden 30464K->0K survivor 949K->168K tenured 286049K->286471K, 0.0401013 secs]
[GC 317103K->286671K(1571712K) eden 30464K->0K survivor 168K->200K tenured 286471K->286471K, 0.0218736 secs]
[GC 317135K->286711K(1571712K) eden 30463K->0K survivor 200K->240K tenured 286471K->286471K, 0.0236088 secs]
[GC 317175K->286748K(1571712K) eden 30464K->0K survivor 240K->277K tenured 286471K->286471K, 0.0251464 secs]
[GC 317212K->286752K(1571712K) eden 30464K->0K survivor 277K->281K tenured 286471K->286471K, 0.0259242 secs]
[GC 317216K->286819K(1571712K) eden 30463K->0K survivor 281K->348K tenured 286471K->286471K, 0.0271617 secs]
[GC 317268K->286789K(1571712K) eden 30448K->0K survivor 348K->318K tenured 286471K->286471K, 0.0283732 secs]
[GC 317253K->286873K(1571712K) eden 30463K->0K survivor 318K->402K tenured 286471K->286471K, 0.0304207 secs]
[GC 317337K->286923K(1571712K) eden 30463K->0K survivor 402K->451K tenured 286471K->286471K, 0.0304792 secs]
[GC 317387K->286995K(1571712K) eden 30464K->0K survivor 451K->524K tenured 286471K->286471K, 0.0324104 secs]
[GC 317459K->287034K(1571712K) eden 30463K->0K survivor 524K->563K tenured 286471K->286471K, 0.0335709 secs]
[GC 317498K->287025K(1571712K) eden 30463K->0K survivor 563K->554K tenured 286471K->286471K, 0.0342320 secs]
[GC 317489K->287062K(1571712K) eden 30463K->0K survivor 554K->590K tenured 286471K->286471K, 0.0353243 secs]
[GC 317523K->287099K(1571712K) eden 30461K->0K survivor 590K->604K tenured 286471K->286495K, 0.0362685 secs]
[GC 317563K->287142K(1571712K) eden 30463K->0K survivor 604K->594K tenured 286495K->286548K, 0.0368906 secs]
[GC 317606K->287548K(1571712K) eden 30463K->0K survivor 594K->970K tenured 286548K->286578K, 0.0364542 secs]
[GC 318006K->287142K(1571712K) eden 30457K->0K survivor 970K->127K tenured 286578K->287015K, 0.0403328 secs]
[GC 317606K->287229K(1571712K) eden 30463K->0K survivor 127K->213K tenured 287015K->287015K, 0.0218132 secs]
[GC 317691K->287210K(1571712K) eden 30461K->0K survivor 213K->195K tenured 287015K->287015K, 0.0233115 secs]
[GC 317674K->287284K(1571712K) eden 30463K->0K survivor 195K->269K tenured 287015K->287015K, 0.0252695 secs]
[GC 317748K->287321K(1571712K) eden 30464K->0K survivor 269K->306K tenured 287015K->287015K, 0.0259158 secs]
[GC 317785K->287310K(1571712K) eden 30463K->0K survivor 306K->295K tenured 287015K->287015K, 0.0279313 secs]
[GC 317774K->287373K(1571712K) eden 30463K->0K survivor 295K->358K tenured 287015K->287015K, 0.0278218 secs]
[GC 317837K->287440K(1571712K) eden 30464K->0K survivor 358K->425K tenured 287015K->287015K, 0.0288910 secs]
[GC 317904K->287461K(1571712K) eden 30464K->0K survivor 425K->446K tenured 287015K->287015K, 0.0311311 secs]
[GC 317918K->287430K(1571712K) eden 30456K->0K survivor 446K->415K tenured 287015K->287015K, 0.0297400 secs]
[GC 317887K->287469K(1571712K) eden 30457K->0K survivor 415K->454K tenured 287015K->287015K, 0.0321248 secs]
[GC 317933K->287534K(1571712K) eden 30463K->0K survivor 454K->519K tenured 287015K->287015K, 0.0334037 secs]
[GC 317998K->287578K(1571712K) eden 30464K->0K survivor 519K->563K tenured 287015K->287015K, 0.0338986 secs]
[GC 318042K->287641K(1571712K) eden 30463K->0K survivor 563K->626K tenured 287015K->287015K, 0.0363580 secs]
[GC 318105K->287685K(1571712K) eden 30464K->0K survivor 626K->585K tenured 287015K->287099K, 0.0377200 secs]
[GC 318149K->288072K(1571712K) eden 30463K->0K survivor 585K->941K tenured 287099K->287131K, 0.0359626 secs]
[GC 318536K->287727K(1571712K) eden 30464K->0K survivor 941K->182K tenured 287131K->287545K, 0.0393128 secs]
[GC 318191K->287748K(1571712K) eden 30463K->0K survivor 182K->203K tenured 287545K->287545K, 0.0216898 secs]
[GC 318201K->287756K(1571712K) eden 30452K->0K survivor 203K->211K tenured 287545K->287545K, 0.0240070 secs]
[GC 318220K->287819K(1571712K) eden 30463K->0K survivor 211K->274K tenured 287545K->287545K, 0.0249184 secs]
[GC 318283K->287831K(1571712K) eden 30463K->0K survivor 274K->286K tenured 287545K->287545K, 0.0261798 secs]
[GC 318287K->287821K(1571712K) eden 30456K->0K survivor 286K->276K tenured 287545K->287545K, 0.0267757 secs]
[GC 318282K->287824K(1571712K) eden 30461K->0K survivor 276K->279K tenured 287545K->287545K, 0.0280382 secs]
[GC 318288K->287908K(1571712K) eden 30463K->0K survivor 279K->363K tenured 287545K->287545K, 0.0292452 secs]
[GC 318372K->288182K(1571712K) eden 30463K->0K survivor 363K->637K tenured 287545K->287545K, 0.0307075 secs]
[GC 318646K->288067K(1571712K) eden 30463K->0K survivor 637K->446K tenured 287545K->287620K, 0.0321624 secs]
[GC 318478K->288402K(1571712K) eden 30411K->0K survivor 446K->782K tenured 287620K->287620K, 0.0307807 secs]
[GC 318866K->288028K(1571712K) eden 30464K->0K survivor 782K->172K tenured 287620K->287856K, 0.0316024 secs]
[GC 318491K->288262K(1571712K) eden 30463K->0K survivor 172K->406K tenured 287856K->287856K, 0.0209534 secs]
[GC 318545K->288096K(1571712K) eden 30283K->0K survivor 406K->240K tenured 287856K->287856K, 0.0211978 secs]
[GC 318441K->288241K(1571712K) eden 30344K->0K survivor 240K->385K tenured 287856K->287856K, 0.0240985 secs]
[GC 318702K->288042K(1571712K) eden 30460K->0K survivor 385K->186K tenured 287856K->287856K, 0.0243230 secs]
[GC 318506K->288162K(1571712K) eden 30464K->0K survivor 186K->306K tenured 287856K->287856K, 0.0269120 secs]
[GC 318626K->288223K(1571712K) eden 30463K->0K survivor 306K->367K tenured 287856K->287856K, 0.0274160 secs]
[GC 318687K->288605K(1571712K) eden 30464K->0K survivor 367K->749K tenured 287856K->287856K, 0.0294244 secs]
[GC 319069K->288249K(1571712K) eden 30463K->0K survivor 749K->175K tenured 287856K->288074K, 0.0324432 secs]
[GC 318705K->288213K(1571712K) eden 30456K->0K survivor 175K->139K tenured 288074K->288074K, 0.0215023 secs]
[GC 318677K->288327K(1571712K) eden 30463K->0K survivor 139K->253K tenured 288074K->288074K, 0.0241068 secs]
[GC 318788K->288291K(1571712K) eden 30461K->0K survivor 253K->217K tenured 288074K->288074K, 0.0250462 secs]
[GC 318755K->288419K(1571712K) eden 30463K->0K survivor 217K->345K tenured 288074K->288074K, 0.0252628 secs]
[GC 318883K->288433K(1571712K) eden 30463K->0K survivor 345K->359K tenured 288074K->288074K, 0.0279634 secs]
[GC 318897K->288464K(1571712K) eden 30463K->0K survivor 359K->390K tenured 288074K->288074K, 0.0281544 secs]
[GC 318928K->288509K(1571712K) eden 30463K->0K survivor 390K->435K tenured 288074K->288074K, 0.0306722 secs]
[GC 318973K->288525K(1571712K) eden 30464K->0K survivor 435K->451K tenured 288074K->288074K, 0.0305464 secs]
[GC 318989K->288549K(1571712K) eden 30464K->0K survivor 451K->475K tenured 288074K->288074K, 0.0314555 secs]
[GC 319013K->288570K(1571712K) eden 30463K->0K survivor 475K->496K tenured 288074K->288074K, 0.0319792 secs]
[GC 319034K->288538K(1571712K) eden 30463K->0K survivor 496K->464K tenured 288074K->288074K, 0.0330476 secs]
[GC 319002K->288652K(1571712K) eden 30464K->0K survivor 464K->578K tenured 288074K->288074K, 0.0356441 secs]
[GC 319116K->288696K(1571712K) eden 30464K->0K survivor 578K->596K tenured 288074K->288100K, 0.0367992 secs]
[GC 319160K->288768K(1571712K) eden 30463K->0K survivor 596K->610K tenured 288100K->288157K, 0.0366113 secs]
[GC 319232K->288805K(1571712K) eden 30464K->0K survivor 610K->560K tenured 288157K->288244K, 0.0360451 secs]
[GC 319269K->288791K(1571712K) eden 30463K->0K survivor 560K->546K tenured 288244K->288244K, 0.0342033 secs]
[GC 319254K->288782K(1571712K) eden 30462K->0K survivor 546K->537K tenured 288244K->288244K, 0.0349191 secs]
[GC 319246K->288858K(1571712K) eden 30463K->0K survivor 537K->614K tenured 288244K->288244K, 0.0366003 secs]
[GC 319322K->288870K(1571712K) eden 30463K->0K survivor 614K->569K tenured 288244K->288301K, 0.0366479 secs]
[GC 319334K->289301K(1571712K) eden 30463K->0K survivor 569K->1000K tenured 288301K->288301K, 0.0356072 secs]
[GC 319765K->288928K(1571712K) eden 30463K->0K survivor 1000K->155K tenured 288301K->288772K, 0.0418452 secs]
[GC 319392K->288973K(1571712K) eden 30464K->0K survivor 155K->200K tenured 288772K->288772K, 0.0214769 secs]
[GC 319437K->289010K(1571712K) eden 30463K->0K survivor 200K->237K tenured 288772K->288772K, 0.0237199 secs]
[GC 319474K->289043K(1571712K) eden 30463K->0K survivor 237K->271K tenured 288772K->288772K, 0.0241332 secs]
[GC 319507K->289092K(1571712K) eden 30463K->0K survivor 271K->319K tenured 288772K->288772K, 0.0260000 secs]
[GC 319551K->289023K(1571712K) eden 30459K->0K survivor 319K->251K tenured 288772K->288772K, 0.0261467 secs]
[GC 319487K->289096K(1571712K) eden 30463K->0K survivor 251K->323K tenured 288772K->288772K, 0.0281726 secs]
[GC 319554K->289136K(1571712K) eden 30458K->0K survivor 323K->364K tenured 288772K->288772K, 0.0305615 secs]
[GC 319595K->289192K(1571712K) eden 30459K->0K survivor 364K->419K tenured 288772K->288772K, 0.0316580 secs]
[GC 319656K->289421K(1571712K) eden 30463K->0K survivor 419K->648K tenured 288772K->288772K, 0.0337560 secs]
[GC 319885K->289288K(1571712K) eden 30464K->0K survivor 648K->440K tenured 288772K->288848K, 0.0367658 secs]
[GC 319752K->289386K(1571712K) eden 30463K->0K survivor 440K->538K tenured 288848K->288848K, 0.0330572 secs]
[GC 319850K->289468K(1571712K) eden 30463K->0K survivor 538K->619K tenured 288848K->288848K, 0.0348956 secs]
[GC 319927K->289550K(1571712K) eden 30459K->0K survivor 619K->630K tenured 288848K->288920K, 0.0364982 secs]
[GC 320014K->289617K(1571712K) eden 30463K->0K survivor 630K->642K tenured 288920K->288975K, 0.0355688 secs]
[GC 320081K->289638K(1571712K) eden 30464K->0K survivor 642K->542K tenured 288975K->289095K, 0.0350389 secs]
[GC 320102K->289649K(1571712K) eden 30464K->0K survivor 542K->554K tenured 289095K->289095K, 0.0309865 secs]
[GC 320105K->289658K(1571712K) eden 30455K->0K survivor 554K->563K tenured 289095K->289095K, 0.0323881 secs]
[GC 320122K->289739K(1571712K) eden 30464K->0K survivor 563K->644K tenured 289095K->289095K, 0.0336125 secs]
[GC 320200K->289724K(1571712K) eden 30461K->0K survivor 644K->520K tenured 289095K->289203K, 0.0358878 secs]
[GC 320188K->289808K(1571712K) eden 30463K->0K survivor 520K->604K tenured 289203K->289203K, 0.0331252 secs]
[GC 320267K->289792K(1571712K) eden 30459K->0K survivor 604K->532K tenured 289203K->289260K, 0.0349722 secs]
[GC 320256K->289857K(1571712K) eden 30463K->0K survivor 532K->596K tenured 289260K->289260K, 0.0336421 secs]
[GC 320321K->289880K(1571712K) eden 30463K->0K survivor 596K->515K tenured 289260K->289364K, 0.0362115 secs]
[GC 320340K->289879K(1571712K) eden 30460K->0K survivor 515K->515K tenured 289364K->289364K, 0.0330174 secs]
[GC 320343K->289988K(1571712K) eden 30463K->0K survivor 515K->624K tenured 289364K->289364K, 0.0354242 secs]
[GC 320452K->290011K(1571712K) eden 30463K->0K survivor 624K->567K tenured 289364K->289443K, 0.0367068 secs]
[GC 320475K->290441K(1571712K) eden 30464K->0K survivor 567K->998K tenured 289443K->289443K, 0.0351876 secs]
[GC 320905K->290089K(1571712K) eden 30464K->0K survivor 998K->188K tenured 289443K->289901K, 0.0381449 secs]
[GC 320553K->290124K(1571712K) eden 30463K->0K survivor 188K->223K tenured 289901K->289901K, 0.0219187 secs]
[GC 320582K->290137K(1571712K) eden 30458K->0K survivor 223K->236K tenured 289901K->289901K, 0.0236467 secs]
[GC 320601K->290202K(1571712K) eden 30463K->0K survivor 236K->301K tenured 289901K->289901K, 0.0256944 secs]
[GC 320666K->290225K(1571712K) eden 30463K->0K survivor 301K->324K tenured 289901K->289901K, 0.0266063 secs]
[GC 320689K->290234K(1571712K) eden 30463K->0K survivor 324K->333K tenured 289901K->289901K, 0.0274219 secs]
[GC 320698K->290341K(1571712K) eden 30464K->0K survivor 333K->440K tenured 289901K->289901K, 0.0301115 secs]
[GC 320803K->290316K(1571712K) eden 30461K->0K survivor 440K->415K tenured 289901K->289901K, 0.0296849 secs]
[GC 320780K->290382K(1571712K) eden 30463K->0K survivor 415K->481K tenured 289901K->289901K, 0.0318211 secs]
[GC 320846K->290423K(1571712K) eden 30463K->0K survivor 481K->521K tenured 289901K->289901K, 0.0322291 secs]
[GC 320887K->290830K(1571712K) eden 30463K->0K survivor 521K->929K tenured 289901K->289901K, 0.0339969 secs]
[GC 321294K->290483K(1571712K) eden 30463K->0K survivor 929K->186K tenured 289901K->290296K, 0.0382424 secs]
[GC 320939K->290440K(1571712K) eden 30456K->0K survivor 186K->144K tenured 290296K->290296K, 0.0219716 secs]
[GC 320901K->290525K(1571712K) eden 30460K->0K survivor 144K->229K tenured 290296K->290296K, 0.0239121 secs]
[GC 320989K->290574K(1571712K) eden 30463K->0K survivor 229K->278K tenured 290296K->290296K, 0.0250710 secs]
[GC 321038K->290603K(1571712K) eden 30463K->0K survivor 278K->306K tenured 290296K->290296K, 0.0277424 secs]
[GC 321067K->290568K(1571712K) eden 30463K->0K survivor 306K->271K tenured 290296K->290296K, 0.0267977 secs]
[GC 321032K->290585K(1571712K) eden 30463K->0K survivor 271K->288K tenured 290296K->290296K, 0.0278618 secs]
[GC 321043K->290691K(1571712K) eden 30458K->0K survivor 288K->395K tenured 290296K->290296K, 0.0298806 secs]
[GC 321155K->290777K(1571712K) eden 30463K->0K survivor 395K->481K tenured 290296K->290296K, 0.0315706 secs]
[GC 321241K->290800K(1571712K) eden 30464K->0K survivor 481K->504K tenured 290296K->290296K, 0.0318274 secs]
[GC 321264K->291218K(1571712K) eden 30464K->0K survivor 504K->921K tenured 290296K->290296K, 0.0346997 secs]
[GC 321682K->290852K(1571712K) eden 30463K->0K survivor 921K->168K tenured 290296K->290684K, 0.0384440 secs]
[GC 321316K->290914K(1571712K) eden 30463K->0K survivor 168K->230K tenured 290684K->290684K, 0.0222603 secs]
[GC 321378K->290962K(1571712K) eden 30464K->0K survivor 230K->278K tenured 290684K->290684K, 0.0246063 secs]
[GC 321426K->290982K(1571712K) eden 30463K->0K survivor 278K->298K tenured 290684K->290684K, 0.0258993 secs]
[GC 321446K->291037K(1571712K) eden 30463K->0K survivor 298K->352K tenured 290684K->290684K, 0.0267410 secs]
[GC 321500K->290957K(1571712K) eden 30463K->0K survivor 352K->272K tenured 290684K->290684K, 0.0282505 secs]
[GC 321421K->291090K(1571712K) eden 30463K->0K survivor 272K->406K tenured 290684K->290684K, 0.0294974 secs]
[GC 321554K->291112K(1571712K) eden 30463K->0K survivor 406K->428K tenured 290684K->290684K, 0.0301851 secs]
[GC 321576K->291241K(1571712K) eden 30463K->0K survivor 428K->557K tenured 290684K->290684K, 0.0314553 secs]
[GC 321705K->291170K(1571712K) eden 30463K->0K survivor 557K->486K tenured 290684K->290684K, 0.0321990 secs]
[GC 321634K->291121K(1571712K) eden 30463K->0K survivor 486K->436K tenured 290684K->290684K, 0.0326155 secs]
[GC 321585K->291213K(1571712K) eden 30463K->0K survivor 436K->529K tenured 290684K->290684K, 0.0339708 secs]
[GC 321677K->291267K(1571712K) eden 30463K->0K survivor 529K->583K tenured 290684K->290684K, 0.0352698 secs]
[GC 321729K->291300K(1571712K) eden 30462K->0K survivor 583K->589K tenured 290684K->290711K, 0.0363291 secs]
[GC 321764K->291366K(1571712K) eden 30464K->0K survivor 589K->634K tenured 290711K->290731K, 0.0374756 secs]
[GC 321827K->291308K(1571712K) eden 30460K->0K survivor 634K->504K tenured 290731K->290803K, 0.0358420 secs]
[GC 321772K->291424K(1571712K) eden 30463K->0K survivor 504K->620K tenured 290803K->290803K, 0.0354749 secs]
[GC 321888K->291452K(1571712K) eden 30463K->0K survivor 620K->597K tenured 290803K->290855K, 0.0362578 secs]
[GC 321915K->291449K(1571712K) eden 30463K->0K survivor 597K->561K tenured 290855K->290887K, 0.0358821 secs]
[GC 321913K->291528K(1571712K) eden 30463K->0K survivor 561K->641K tenured 290887K->290887K, 0.0362095 secs]
[GC 321992K->291562K(1571712K) eden 30464K->0K survivor 641K->576K tenured 290887K->290986K, 0.0378175 secs]
[GC 322026K->291601K(1571712K) eden 30464K->0K survivor 576K->573K tenured 290986K->291028K, 0.0349146 secs]
[GC 322065K->291538K(1571712K) eden 30463K->0K survivor 573K->510K tenured 291028K->291028K, 0.0351898 secs]
[GC 322002K->291641K(1571712K) eden 30463K->0K survivor 510K->613K tenured 291028K->291028K, 0.0361710 secs]
[GC 322105K->291709K(1571712K) eden 30464K->0K survivor 613K->619K tenured 291028K->291089K, 0.0390053 secs]
[GC 322173K->291778K(1571712K) eden 30463K->0K survivor 619K->633K tenured 291089K->291145K, 0.0376663 secs]
[GC 322242K->291757K(1571712K) eden 30463K->0K survivor 633K->518K tenured 291145K->291238K, 0.0362308 secs]
[GC 322221K->291797K(1571712K) eden 30463K->0K survivor 518K->559K tenured 291238K->291238K, 0.0341486 secs]
[GC 322261K->291839K(1571712K) eden 30463K->0K survivor 559K->600K tenured 291238K->291238K, 0.0347628 secs]
[GC 322303K->291836K(1571712K) eden 30464K->0K survivor 600K->569K tenured 291238K->291266K, 0.0363338 secs]
[GC 322300K->291917K(1571712K) eden 30463K->0K survivor 569K->650K tenured 291266K->291266K, 0.0353457 secs]
[GC 322381K->291941K(1571712K) eden 30463K->0K survivor 650K->575K tenured 291266K->291366K, 0.0384953 secs]
[GC 322405K->291896K(1571712K) eden 30463K->0K survivor 575K->529K tenured 291366K->291366K, 0.0350791 secs]
[GC 322360K->291988K(1571712K) eden 30463K->0K survivor 529K->621K tenured 291366K->291366K, 0.0357540 secs]
[GC 322452K->292040K(1571712K) eden 30464K->0K survivor 621K->627K tenured 291366K->291413K, 0.0373814 secs]
[GC 322504K->292089K(1571712K) eden 30463K->0K survivor 627K->613K tenured 291413K->291475K, 0.0395440 secs]
[GC 322553K->292101K(1571712K) eden 30463K->0K survivor 613K->574K tenured 291475K->291526K, 0.0361808 secs]
[GC 322565K->292202K(1571712K) eden 30464K->0K survivor 574K->675K tenured 291526K->291526K, 0.0353031 secs]
[GC 322666K->292178K(1571712K) eden 30463K->0K survivor 675K->535K tenured 291526K->291642K, 0.0383273 secs]
[GC 322642K->292210K(1571712K) eden 30463K->0K survivor 535K->568K tenured 291642K->291642K, 0.0338143 secs]
[GC 322674K->292265K(1571712K) eden 30463K->0K survivor 568K->623K tenured 291642K->291642K, 0.0356953 secs]
[GC 322723K->292222K(1571712K) eden 30457K->0K survivor 623K->520K tenured 291642K->291701K, 0.0364065 secs]
[GC 322686K->292711K(1571712K) eden 30463K->0K survivor 520K->1010K tenured 291701K->291701K, 0.0365202 secs]
[GC 323175K->292340K(1571712K) eden 30463K->0K survivor 1010K->161K tenured 291701K->292179K, 0.0407431 secs]
[GC 322804K->292387K(1571712K) eden 30463K->0K survivor 161K->208K tenured 292179K->292179K, 0.0218356 secs]
[GC 322851K->292447K(1571712K) eden 30463K->0K survivor 208K->267K tenured 292179K->292179K, 0.0249586 secs]
[GC 322911K->292449K(1571712K) eden 30464K->0K survivor 267K->270K tenured 292179K->292179K, 0.0259013 secs]
[GC 322913K->292491K(1571712K) eden 30463K->0K survivor 270K->312K tenured 292179K->292179K, 0.0258970 secs]
[GC 322955K->292436K(1571712K) eden 30463K->0K survivor 312K->256K tenured 292179K->292179K, 0.0276458 secs]
[GC 322900K->292539K(1571712K) eden 30464K->0K survivor 256K->359K tenured 292179K->292179K, 0.0279164 secs]
[GC 323003K->292597K(1571712K) eden 30463K->0K survivor 359K->418K tenured 292179K->292179K, 0.0296151 secs]
[GC 323061K->292648K(1571712K) eden 30463K->0K survivor 418K->468K tenured 292179K->292179K, 0.0315874 secs]
[GC 323112K->292693K(1571712K) eden 30463K->0K survivor 468K->513K tenured 292179K->292179K, 0.0322930 secs]
[GC 323157K->293082K(1571712K) eden 30463K->0K survivor 513K->902K tenured 292179K->292179K, 0.0336776 secs]
[GC 323546K->292741K(1571712K) eden 30463K->0K survivor 902K->190K tenured 292179K->292550K, 0.0390415 secs]
[GC 323205K->292767K(1571712K) eden 30463K->0K survivor 190K->216K tenured 292550K->292550K, 0.0221286 secs]
[GC 323223K->292760K(1571712K) eden 30456K->0K survivor 216K->210K tenured 292550K->292550K, 0.0240536 secs]
[GC 323224K->292846K(1571712K) eden 30463K->0K survivor 210K->295K tenured 292550K->292550K, 0.0253988 secs]
[GC 323310K->292858K(1571712K) eden 30463K->0K survivor 295K->308K tenured 292550K->292550K, 0.0257680 secs]
[GC 323322K->292820K(1571712K) eden 30463K->0K survivor 308K->270K tenured 292550K->292550K, 0.0269294 secs]
[GC 323284K->292929K(1571712K) eden 30463K->0K survivor 270K->378K tenured 292550K->292550K, 0.0288671 secs]
[GC 323393K->292989K(1571712K) eden 30463K->0K survivor 378K->439K tenured 292550K->292550K, 0.0299883 secs]
[GC 323453K->293002K(1571712K) eden 30463K->0K survivor 439K->451K tenured 292550K->292550K, 0.0315063 secs]
[GC 323466K->293034K(1571712K) eden 30463K->0K survivor 451K->484K tenured 292550K->292550K, 0.0318098 secs]
[GC 323492K->292984K(1571712K) eden 30457K->0K survivor 484K->434K tenured 292550K->292550K, 0.0323042 secs]
[GC 323436K->293027K(1571712K) eden 30451K->0K survivor 434K->477K tenured 292550K->292550K, 0.0329159 secs]
[GC 323491K->293127K(1571712K) eden 30463K->0K survivor 477K->576K tenured 292550K->292550K, 0.0348293 secs]
[GC 323591K->293176K(1571712K) eden 30463K->0K survivor 576K->599K tenured 292550K->292576K, 0.0367726 secs]
[GC 323640K->293190K(1571712K) eden 30464K->0K survivor 599K->555K tenured 292576K->292634K, 0.0371356 secs]
[GC 323654K->293225K(1571712K) eden 30463K->0K survivor 555K->590K tenured 292634K->292634K, 0.0349431 secs]
[GC 323689K->293248K(1571712K) eden 30463K->0K survivor 590K->581K tenured 292634K->292666K, 0.0371473 secs]
[GC 323712K->293294K(1571712K) eden 30463K->0K survivor 581K->575K tenured 292666K->292719K, 0.0365678 secs]
[GC 323758K->293353K(1571712K) eden 30463K->0K survivor 575K->634K tenured 292719K->292719K, 0.0373096 secs]
[GC 323817K->293383K(1571712K) eden 30464K->0K survivor 634K->604K tenured 292719K->292778K, 0.0381057 secs]
[GC 323847K->293406K(1571712K) eden 30464K->0K survivor 604K->561K tenured 292778K->292844K, 0.0361032 secs]
[GC 323870K->293419K(1571712K) eden 30463K->0K survivor 561K->574K tenured 292844K->292844K, 0.0349627 secs]
[GC 323870K->293412K(1571712K) eden 30450K->0K survivor 574K->567K tenured 292844K->292844K, 0.0352837 secs]
[GC 323876K->293504K(1571712K) eden 30463K->0K survivor 567K->659K tenured 292844K->292844K, 0.0366571 secs]
[GC 323968K->293554K(1571712K) eden 30463K->0K survivor 659K->603K tenured 292844K->292950K, 0.0402276 secs]
[GC 324003K->293523K(1571712K) eden 30449K->0K survivor 603K->523K tenured 292950K->292999K, 0.0367333 secs]
[GC 323987K->293667K(1571712K) eden 30463K->0K survivor 523K->668K tenured 292999K->292999K, 0.0352078 secs]
[GC 324124K->293616K(1571712K) eden 30456K->0K survivor 668K->505K tenured 292999K->293111K, 0.0374343 secs]
[GC 324080K->293675K(1571712K) eden 30464K->0K survivor 505K->564K tenured 293111K->293111K, 0.0341893 secs]
[GC 324139K->293729K(1571712K) eden 30464K->0K survivor 564K->617K tenured 293111K->293111K, 0.0347043 secs]
[GC 324193K->293742K(1571712K) eden 30464K->0K survivor 617K->575K tenured 293111K->293167K, 0.0364599 secs]
[GC 324206K->294174K(1571712K) eden 30464K->0K survivor 575K->1007K tenured 293167K->293167K, 0.0368736 secs]
[GC 324638K->293804K(1571712K) eden 30463K->0K survivor 1007K->161K tenured 293167K->293642K, 0.0408043 secs]
[GC 324268K->293849K(1571712K) eden 30463K->0K survivor 161K->206K tenured 293642K->293642K, 0.0219760 secs]
[GC 324313K->293909K(1571712K) eden 30464K->0K survivor 206K->267K tenured 293642K->293642K, 0.0253334 secs]
[GC 324373K->293910K(1571712K) eden 30463K->0K survivor 267K->268K tenured 293642K->293642K, 0.0249480 secs]
[GC 324374K->293953K(1571712K) eden 30463K->0K survivor 268K->310K tenured 293642K->293642K, 0.0262998 secs]
[GC 324417K->293894K(1571712K) eden 30463K->0K survivor 310K->251K tenured 293642K->293642K, 0.0272003 secs]
[GC 324358K->294016K(1571712K) eden 30463K->0K survivor 251K->373K tenured 293642K->293642K, 0.0292207 secs]
[GC 324479K->294016K(1571712K) eden 30462K->0K survivor 373K->373K tenured 293642K->293642K, 0.0297231 secs]
[GC 324480K->294173K(1571712K) eden 30463K->0K survivor 373K->530K tenured 293642K->293642K, 0.0318907 secs]
[GC 324637K->294032K(1571712K) eden 30463K->0K survivor 530K->389K tenured 293642K->293642K, 0.0316631 secs]
[GC 324496K->294114K(1571712K) eden 30463K->0K survivor 389K->471K tenured 293642K->293642K, 0.0319729 secs]
[GC 324574K->294078K(1571712K) eden 30460K->0K survivor 471K->435K tenured 293642K->293642K, 0.0340090 secs]
[GC 324542K->294194K(1571712K) eden 30464K->0K survivor 435K->551K tenured 293642K->293642K, 0.0348409 secs]
[GC 324658K->294250K(1571712K) eden 30463K->0K survivor 551K->607K tenured 293642K->293642K, 0.0340721 secs]
[GC 324714K->294291K(1571712K) eden 30464K->0K survivor 607K->602K tenured 293642K->293688K, 0.0370064 secs]
[GC 324755K->294305K(1571712K) eden 30463K->0K survivor 602K->581K tenured 293688K->293724K, 0.0363525 secs]
[GC 324769K->294349K(1571712K) eden 30463K->0K survivor 581K->594K tenured 293724K->293754K, 0.0366305 secs]
[GC 324813K->294376K(1571712K) eden 30464K->0K survivor 594K->574K tenured 293754K->293802K, 0.0351984 secs]
[GC 324840K->294361K(1571712K) eden 30464K->0K survivor 574K->558K tenured 293802K->293802K, 0.0364056 secs]
[GC 324825K->294451K(1571712K) eden 30463K->0K survivor 558K->649K tenured 293802K->293802K, 0.0376377 secs]
[GC 324915K->294485K(1571712K) eden 30463K->0K survivor 649K->600K tenured 293802K->293884K, 0.0377157 secs]
[GC 324948K->294522K(1571712K) eden 30463K->0K survivor 600K->598K tenured 293884K->293924K, 0.0368236 secs]
[GC 324986K->294459K(1571712K) eden 30463K->0K survivor 598K->497K tenured 293924K->293962K, 0.0370722 secs]
[GC 324922K->294514K(1571712K) eden 30462K->0K survivor 497K->552K tenured 293962K->293962K, 0.0349131 secs]
[GC 324973K->294578K(1571712K) eden 30459K->0K survivor 552K->616K tenured 293962K->293962K, 0.0373759 secs]
[GC 325042K->294700K(1571712K) eden 30463K->0K survivor 616K->680K tenured 293962K->294019K, 0.0378954 secs]
[GC 325164K->294678K(1571712K) eden 30464K->0K survivor 680K->513K tenured 294019K->294164K, 0.0386461 secs]
[GC 325142K->294718K(1571712K) eden 30463K->0K survivor 513K->553K tenured 294164K->294164K, 0.0337850 secs]
[GC 325182K->294735K(1571712K) eden 30463K->0K survivor 553K->571K tenured 294164K->294164K, 0.0357047 secs]
[GC 325199K->294786K(1571712K) eden 30463K->0K survivor 571K->622K tenured 294164K->294164K, 0.0358624 secs]
[GC 325250K->294815K(1571712K) eden 30463K->0K survivor 622K->592K tenured 294164K->294222K, 0.0378173 secs]
[GC 325279K->295237K(1571712K) eden 30463K->0K survivor 592K->977K tenured 294222K->294259K, 0.0364362 secs]
[GC 325701K->294872K(1571712K) eden 30463K->0K survivor 977K->169K tenured 294259K->294703K, 0.0401751 secs]
[GC 325336K->294912K(1571712K) eden 30464K->0K survivor 169K->209K tenured 294703K->294703K, 0.0220115 secs]
[GC 325376K->294945K(1571712K) eden 30464K->0K survivor 209K->241K tenured 294703K->294703K, 0.0240525 secs]
[GC 325407K->294918K(1571712K) eden 30462K->0K survivor 241K->215K tenured 294703K->294703K, 0.0251622 secs]
[GC 325382K->294994K(1571712K) eden 30464K->0K survivor 215K->291K tenured 294703K->294703K, 0.0261675 secs]
[GC 325458K->294948K(1571712K) eden 30464K->0K survivor 291K->245K tenured 294703K->294703K, 0.0270602 secs]
[GC 325397K->294983K(1571712K) eden 30449K->0K survivor 245K->280K tenured 294703K->294703K, 0.0279171 secs]
[GC 325447K->295082K(1571712K) eden 30463K->0K survivor 280K->379K tenured 294703K->294703K, 0.0297471 secs]
[GC 325546K->295158K(1571712K) eden 30464K->0K survivor 379K->455K tenured 294703K->294703K, 0.0318854 secs]
[GC 325591K->295133K(1571712K) eden 30433K->0K survivor 455K->430K tenured 294703K->294703K, 0.0315305 secs]
[GC 325597K->295597K(1571712K) eden 30463K->0K survivor 430K->894K tenured 294703K->294703K, 0.0334037 secs]
[GC 326061K->295231K(1571712K) eden 30463K->0K survivor 894K->166K tenured 294703K->295065K, 0.0375882 secs]
[GC 325695K->295292K(1571712K) eden 30463K->0K survivor 166K->227K tenured 295065K->295065K, 0.0218417 secs]
[GC 325756K->295339K(1571712K) eden 30463K->0K survivor 227K->274K tenured 295065K->295065K, 0.0241192 secs]
[GC 325794K->295299K(1571712K) eden 30455K->0K survivor 274K->233K tenured 295065K->295065K, 0.0253081 secs]
[GC 325763K->295412K(1571712K) eden 30464K->0K survivor 233K->346K tenured 295065K->295065K, 0.0262985 secs]
[GC 325855K->295352K(1571712K) eden 30443K->0K survivor 346K->287K tenured 295065K->295065K, 0.0271285 secs]
[GC 325816K->295466K(1571712K) eden 30463K->0K survivor 287K->401K tenured 295065K->295065K, 0.0289949 secs]
[GC 325930K->295496K(1571712K) eden 30463K->0K survivor 401K->430K tenured 295065K->295065K, 0.0301357 secs]
[GC 325959K->295613K(1571712K) eden 30463K->0K survivor 430K->548K tenured 295065K->295065K, 0.0310760 secs]
[GC 326077K->295537K(1571712K) eden 30464K->0K survivor 548K->472K tenured 295065K->295065K, 0.0316675 secs]
[GC 325986K->295515K(1571712K) eden 30448K->0K survivor 472K->450K tenured 295065K->295065K, 0.0327017 secs]
[GC 325979K->295632K(1571712K) eden 30463K->0K survivor 450K->567K tenured 295065K->295065K, 0.0332431 secs]
[GC 326096K->295633K(1571712K) eden 30463K->0K survivor 567K->568K tenured 295065K->295065K, 0.0341874 secs]
[GC 326097K->295687K(1571712K) eden 30464K->0K survivor 568K->622K tenured 295065K->295065K, 0.0364444 secs]
[GC 326151K->295732K(1571712K) eden 30464K->0K survivor 622K->621K tenured 295065K->295111K, 0.0363907 secs]
[GC 326189K->295670K(1571712K) eden 30456K->0K survivor 621K->487K tenured 295111K->295182K, 0.0367299 secs]
[GC 326130K->295709K(1571712K) eden 30460K->0K survivor 487K->527K tenured 295182K->295182K, 0.0346517 secs]
[GC 326173K->295802K(1571712K) eden 30463K->0K survivor 527K->620K tenured 295182K->295182K, 0.0369589 secs]
[GC 326266K->295847K(1571712K) eden 30464K->0K survivor 620K->614K tenured 295182K->295232K, 0.0386603 secs]
[GC 326311K->295877K(1571712K) eden 30464K->0K survivor 614K->583K tenured 295232K->295293K, 0.0390347 secs]
[GC 326194K->296081K(1571712K) eden 30317K->0K survivor 583K->759K tenured 295293K->295322K, 0.0365689 secs]
[GC 326545K->295952K(1571712K) eden 30463K->0K survivor 759K->436K tenured 295322K->295516K, 0.0394872 secs]
[GC 326409K->295943K(1571712K) eden 30456K->0K survivor 436K->427K tenured 295516K->295516K, 0.0308855 secs]
[GC 326407K->296012K(1571712K) eden 30463K->0K survivor 427K->496K tenured 295516K->295516K, 0.0325983 secs]
[GC 326474K->295978K(1571712K) eden 30461K->0K survivor 496K->462K tenured 295516K->295516K, 0.0332188 secs]
[GC 326442K->296057K(1571712K) eden 30463K->0K survivor 462K->541K tenured 295516K->295516K, 0.0348287 secs]
[GC 326521K->296040K(1571712K) eden 30464K->0K survivor 541K->524K tenured 295516K->295516K, 0.0355106 secs]
[GC 326504K->296164K(1571712K) eden 30463K->0K survivor 524K->648K tenured 295516K->295516K, 0.0349322 secs]
[GC 326628K->296139K(1571712K) eden 30463K->0K survivor 648K->534K tenured 295516K->295604K, 0.0380913 secs]
[GC 326603K->296212K(1571712K) eden 30464K->0K survivor 534K->608K tenured 295604K->295604K, 0.0364664 secs]
[GC 326676K->296217K(1571712K) eden 30464K->0K survivor 608K->571K tenured 295604K->295646K, 0.0364862 secs]
[GC 326681K->296652K(1571712K) eden 30463K->0K survivor 571K->1006K tenured 295646K->295646K, 0.0377426 secs]
[GC 327116K->296308K(1571712K) eden 30463K->0K survivor 1006K->188K tenured 295646K->296119K, 0.0423330 secs]
[GC 326772K->296333K(1571712K) eden 30463K->0K survivor 188K->213K tenured 296119K->296119K, 0.0219971 secs]
[GC 326796K->296306K(1571712K) eden 30463K->0K survivor 213K->186K tenured 296119K->296119K, 0.0241052 secs]
[GC 326770K->296413K(1571712K) eden 30463K->0K survivor 186K->293K tenured 296119K->296119K, 0.0256401 secs]
[GC 326877K->296464K(1571712K) eden 30463K->0K survivor 293K->344K tenured 296119K->296119K, 0.0269710 secs]
[GC 326928K->296384K(1571712K) eden 30464K->0K survivor 344K->264K tenured 296119K->296119K, 0.0271244 secs]
[GC 326848K->296514K(1571712K) eden 30464K->0K survivor 264K->394K tenured 296119K->296119K, 0.0290255 secs]
[GC 326978K->296545K(1571712K) eden 30463K->0K survivor 394K->425K tenured 296119K->296119K, 0.0315876 secs]
[GC 327009K->296662K(1571712K) eden 30464K->0K survivor 425K->542K tenured 296119K->296119K, 0.0320950 secs]
[GC 327125K->296540K(1571712K) eden 30462K->0K survivor 542K->420K tenured 296119K->296119K, 0.0322754 secs]
[GC 327000K->296576K(1571712K) eden 30459K->0K survivor 420K->456K tenured 296119K->296119K, 0.0324090 secs]
[GC 327036K->296605K(1571712K) eden 30459K->0K survivor 456K->485K tenured 296119K->296119K, 0.0313848 secs]
[GC 327069K->296671K(1571712K) eden 30463K->0K survivor 485K->551K tenured 296119K->296119K, 0.0350133 secs]
[GC 327135K->296735K(1571712K) eden 30464K->0K survivor 551K->615K tenured 296119K->296119K, 0.0358904 secs]
[GC 327199K->296795K(1571712K) eden 30464K->0K survivor 615K->628K tenured 296119K->296166K, 0.0365495 secs]
[GC 327259K->297176K(1571712K) eden 30463K->0K survivor 628K->940K tenured 296166K->296235K, 0.0372352 secs]
[GC 327628K->296783K(1571712K) eden 30451K->0K survivor 940K->186K tenured 296235K->296596K, 0.0388003 secs]
[GC 327247K->296846K(1571712K) eden 30463K->0K survivor 186K->249K tenured 296596K->296596K, 0.0246887 secs]
[GC 327309K->296831K(1571712K) eden 30462K->0K survivor 249K->234K tenured 296596K->296596K, 0.0265109 secs]
[GC 327272K->296861K(1571712K) eden 30440K->0K survivor 234K->264K tenured 296596K->296596K, 0.0275729 secs]
[GC 327235K->296930K(1571712K) eden 30373K->0K survivor 264K->333K tenured 296596K->296596K, 0.0281415 secs]
[GC 327394K->296992K(1571712K) eden 30463K->0K survivor 333K->395K tenured 296596K->296596K, 0.0302599 secs]
[GC 327456K->296997K(1571712K) eden 30464K->0K survivor 395K->400K tenured 296596K->296596K, 0.0308840 secs]
[GC 327461K->297045K(1571712K) eden 30463K->0K survivor 400K->448K tenured 296596K->296596K, 0.0317446 secs]
[GC 327509K->297074K(1571712K) eden 30463K->0K survivor 448K->477K tenured 296596K->296596K, 0.0333089 secs]
[GC 327532K->297033K(1571712K) eden 30457K->0K survivor 477K->436K tenured 296596K->296596K, 0.0329804 secs]
[GC 327497K->297078K(1571712K) eden 30463K->0K survivor 436K->481K tenured 296596K->296596K, 0.0350990 secs]
[GC 327542K->297201K(1571712K) eden 30463K->0K survivor 481K->604K tenured 296596K->296596K, 0.0332804 secs]
[GC 327665K->297260K(1571712K) eden 30463K->0K survivor 604K->611K tenured 296596K->296649K, 0.0361169 secs]
[GC 327724K->297209K(1571712K) eden 30463K->0K survivor 611K->518K tenured 296649K->296691K, 0.0371108 secs]
[GC 327673K->297281K(1571712K) eden 30463K->0K survivor 518K->590K tenured 296691K->296691K, 0.0341221 secs]
[GC 327716K->297172K(1571712K) eden 30435K->0K survivor 590K->447K tenured 296691K->296725K, 0.0352510 secs]
[GC 327636K->297343K(1571712K) eden 30464K->0K survivor 447K->618K tenured 296725K->296725K, 0.0337015 secs]
[GC 327807K->297279K(1571712K) eden 30464K->0K survivor 618K->474K tenured 296725K->296805K, 0.0370635 secs]
[GC 327743K->297367K(1571712K) eden 30463K->0K survivor 474K->561K tenured 296805K->296805K, 0.0345976 secs]
[GC 327831K->297378K(1571712K) eden 30464K->0K survivor 561K->573K tenured 296805K->296805K, 0.0354142 secs]
[GC 327842K->297372K(1571712K) eden 30463K->0K survivor 573K->567K tenured 296805K->296805K, 0.0356738 secs]
[GC 327836K->297419K(1571712K) eden 30464K->0K survivor 567K->614K tenured 296805K->296805K, 0.0362399 secs]
[GC 327868K->297428K(1571712K) eden 30448K->0K survivor 614K->573K tenured 296805K->296854K, 0.0377195 secs]
[GC 327892K->297861K(1571712K) eden 30463K->0K survivor 573K->1006K tenured 296854K->296854K, 0.0377346 secs]
[GC 328325K->297500K(1571712K) eden 30463K->0K survivor 1006K->173K tenured 296854K->297326K, 0.0440098 secs]
[GC 327962K->297481K(1571712K) eden 30462K->0K survivor 173K->154K tenured 297326K->297326K, 0.0226777 secs]
[GC 327945K->297582K(1571712K) eden 30463K->0K survivor 154K->255K tenured 297326K->297326K, 0.0245714 secs]
[GC 328046K->297599K(1571712K) eden 30463K->0K survivor 255K->272K tenured 297326K->297326K, 0.0259958 secs]
[GC 328063K->297635K(1571712K) eden 30463K->0K survivor 272K->308K tenured 297326K->297326K, 0.0268777 secs]
[GC 328099K->297624K(1571712K) eden 30463K->0K survivor 308K->297K tenured 297326K->297326K, 0.0285137 secs]
[GC 328088K->297687K(1571712K) eden 30464K->0K survivor 297K->360K tenured 297326K->297326K, 0.0287385 secs]
[GC 328138K->297714K(1571712K) eden 30450K->0K survivor 360K->387K tenured 297326K->297326K, 0.0306737 secs]
[GC 328178K->297777K(1571712K) eden 30464K->0K survivor 387K->450K tenured 297326K->297326K, 0.0321596 secs]
[GC 328241K->297794K(1571712K) eden 30463K->0K survivor 450K->467K tenured 297326K->297326K, 0.0322662 secs]
[GC 328253K->297783K(1571712K) eden 30458K->0K survivor 467K->456K tenured 297326K->297326K, 0.0328175 secs]
[GC 328244K->297825K(1571712K) eden 30460K->0K survivor 456K->498K tenured 297326K->297326K, 0.0345826 secs]
[GC 328289K->297895K(1571712K) eden 30463K->0K survivor 498K->568K tenured 297326K->297326K, 0.0343835 secs]
[GC 328353K->297910K(1571712K) eden 30457K->0K survivor 568K->583K tenured 297326K->297326K, 0.0368561 secs]
[GC 328374K->298003K(1571712K) eden 30463K->0K survivor 583K->654K tenured 297326K->297348K, 0.0374359 secs]
[GC 328467K->298390K(1571712K) eden 30463K->0K survivor 654K->946K tenured 297348K->297444K, 0.0398936 secs]
[GC 328854K->298045K(1571712K) eden 30463K->0K survivor 946K->183K tenured 297444K->297862K, 0.0397238 secs]
[GC 328509K->298068K(1571712K) eden 30463K->0K survivor 183K->206K tenured 297862K->297862K, 0.0224074 secs]
[GC 328532K->298097K(1571712K) eden 30464K->0K survivor 206K->234K tenured 297862K->297862K, 0.0243914 secs]
[GC 328561K->298140K(1571712K) eden 30464K->0K survivor 234K->277K tenured 297862K->297862K, 0.0247960 secs]
[GC 328604K->298148K(1571712K) eden 30463K->0K survivor 277K->285K tenured 297862K->297862K, 0.0265015 secs]
[GC 328611K->298191K(1571712K) eden 30463K->0K survivor 285K->328K tenured 297862K->297862K, 0.0275448 secs]
[GC 328655K->298214K(1571712K) eden 30463K->0K survivor 328K->351K tenured 297862K->297862K, 0.0290459 secs]
[GC 328678K->298265K(1571712K) eden 30463K->0K survivor 351K->403K tenured 297862K->297862K, 0.0306331 secs]
[GC 328728K->298231K(1571712K) eden 30462K->0K survivor 403K->368K tenured 297862K->297862K, 0.0304435 secs]
[GC 328689K->298278K(1571712K) eden 30458K->0K survivor 368K->415K tenured 297862K->297862K, 0.0321754 secs]
[GC 328740K->298308K(1571712K) eden 30462K->0K survivor 415K->445K tenured 297862K->297862K, 0.0320816 secs]
[GC 328772K->298282K(1571712K) eden 30463K->0K survivor 445K->420K tenured 297862K->297862K, 0.0326408 secs]
[GC 328746K->298395K(1571712K) eden 30463K->0K survivor 420K->532K tenured 297862K->297862K, 0.0352837 secs]
[GC 328859K->298436K(1571712K) eden 30463K->0K survivor 532K->574K tenured 297862K->297862K, 0.0370472 secs]
[GC 328900K->298448K(1571712K) eden 30463K->0K survivor 574K->586K tenured 297862K->297862K, 0.0367833 secs]
[GC 328912K->298542K(1571712K) eden 30463K->0K survivor 586K->655K tenured 297862K->297886K, 0.0392690 secs]
[GC 329006K->298510K(1571712K) eden 30463K->0K survivor 655K->541K tenured 297886K->297968K, 0.0387660 secs]
[GC 328974K->298552K(1571712K) eden 30464K->0K survivor 541K->583K tenured 297968K->297968K, 0.0372132 secs]
[GC 329016K->298571K(1571712K) eden 30463K->0K survivor 583K->554K tenured 297968K->298016K, 0.0384836 secs]
[GC 329020K->298640K(1571712K) eden 30448K->0K survivor 554K->624K tenured 298016K->298016K, 0.0398689 secs]
[GC 329104K->298681K(1571712K) eden 30463K->0K survivor 624K->610K tenured 298016K->298070K, 0.0405388 secs]
[GC 329145K->298728K(1571712K) eden 30463K->0K survivor 610K->598K tenured 298070K->298130K, 0.0411881 secs]
[GC 329192K->298988K(1571712K) eden 30463K->0K survivor 598K->817K tenured 298130K->298170K, 0.0402604 secs]
[GC 329452K->298962K(1571712K) eden 30463K->0K survivor 817K->540K tenured 298170K->298422K, 0.0419774 secs]
[GC 329426K->299026K(1571712K) eden 30463K->0K survivor 540K->603K tenured 298422K->298422K, 0.0311659 secs]
[GC 329489K->298979K(1571712K) eden 30462K->0K survivor 603K->501K tenured 298422K->298477K, 0.0335470 secs]
[GC 329443K->299075K(1571712K) eden 30463K->0K survivor 501K->597K tenured 298477K->298477K, 0.0316291 secs]
[GC 329538K->299026K(1571712K) eden 30463K->0K survivor 597K->488K tenured 298477K->298537K, 0.0344368 secs]
[GC 329490K->299051K(1571712K) eden 30463K->0K survivor 488K->513K tenured 298537K->298537K, 0.0312171 secs]
[GC 329515K->299142K(1571712K) eden 30463K->0K survivor 513K->604K tenured 298537K->298537K, 0.0338812 secs]
[GC 329606K->299218K(1571712K) eden 30463K->0K survivor 604K->617K tenured 298537K->298600K, 0.0362423 secs]
[GC 329682K->299241K(1571712K) eden 30463K->0K survivor 617K->531K tenured 298600K->298709K, 0.0363259 secs]
[GC 329705K->299657K(1571712K) eden 30463K->0K survivor 531K->948K tenured 298709K->298709K, 0.0337564 secs]
[GC 330121K->299292K(1571712K) eden 30463K->0K survivor 948K->167K tenured 298709K->299125K, 0.0377553 secs]
[GC 329756K->299358K(1571712K) eden 30463K->0K survivor 167K->233K tenured 299125K->299125K, 0.0223442 secs]
[GC 329822K->299375K(1571712K) eden 30463K->0K survivor 233K->250K tenured 299125K->299125K, 0.0239734 secs]
[GC 329839K->299512K(1571712K) eden 30463K->0K survivor 250K->387K tenured 299125K->299125K, 0.0266614 secs]
[GC 329968K->299392K(1571712K) eden 30456K->0K survivor 387K->267K tenured 299125K->299125K, 0.0265590 secs]
[GC 329856K->299393K(1571712K) eden 30463K->0K survivor 267K->268K tenured 299125K->299125K, 0.0274267 secs]
[GC 329857K->299493K(1571712K) eden 30463K->0K survivor 268K->368K tenured 299125K->299125K, 0.0290730 secs]
[GC 329942K->299482K(1571712K) eden 30449K->0K survivor 368K->357K tenured 299125K->299125K, 0.0293597 secs]
[GC 329946K->299621K(1571712K) eden 30463K->0K survivor 357K->496K tenured 299125K->299125K, 0.0321519 secs]
[GC 330085K->299665K(1571712K) eden 30463K->0K survivor 496K->540K tenured 299125K->299125K, 0.0331345 secs]
[GC 330129K->300044K(1571712K) eden 30463K->0K survivor 540K->919K tenured 299125K->299125K, 0.0353542 secs]
[GC 330505K->299668K(1571712K) eden 30460K->0K survivor 919K->154K tenured 299125K->299513K, 0.0384481 secs]
[GC 330132K->299724K(1571712K) eden 30464K->0K survivor 154K->210K tenured 299513K->299513K, 0.0228228 secs]
[GC 330187K->299764K(1571712K) eden 30463K->0K survivor 210K->250K tenured 299513K->299513K, 0.0248011 secs]
[GC 330228K->299800K(1571712K) eden 30464K->0K survivor 250K->287K tenured 299513K->299513K, 0.0264523 secs]
[GC 330257K->299785K(1571712K) eden 30456K->0K survivor 287K->271K tenured 299513K->299513K, 0.0269636 secs]
[GC 330248K->299783K(1571712K) eden 30463K->0K survivor 271K->269K tenured 299513K->299513K, 0.0278723 secs]
[GC 330238K->299825K(1571712K) eden 30455K->0K survivor 269K->311K tenured 299513K->299513K, 0.0287784 secs]
[GC 330289K->299931K(1571712K) eden 30464K->0K survivor 311K->417K tenured 299513K->299513K, 0.0309025 secs]
[GC 330385K->299944K(1571712K) eden 30454K->0K survivor 417K->430K tenured 299513K->299513K, 0.0320878 secs]
[GC 330408K->300006K(1571712K) eden 30464K->0K survivor 430K->492K tenured 299513K->299513K, 0.0330118 secs]
[GC 330466K->299968K(1571712K) eden 30460K->0K survivor 492K->454K tenured 299513K->299513K, 0.0333374 secs]
[GC 330432K->300063K(1571712K) eden 30463K->0K survivor 454K->549K tenured 299513K->299513K, 0.0345092 secs]
[GC 330527K->300116K(1571712K) eden 30463K->0K survivor 549K->603K tenured 299513K->299513K, 0.0358083 secs]
[GC 330580K->300154K(1571712K) eden 30464K->0K survivor 603K->595K tenured 299513K->299559K, 0.0383083 secs]
[GC 330618K->300182K(1571712K) eden 30464K->0K survivor 595K->585K tenured 299559K->299596K, 0.0379107 secs]
[GC 330646K->300222K(1571712K) eden 30463K->0K survivor 585K->586K tenured 299596K->299636K, 0.0359141 secs]
[GC 330680K->300183K(1571712K) eden 30457K->0K survivor 586K->500K tenured 299636K->299682K, 0.0357452 secs]
[GC 330638K->300225K(1571712K) eden 30455K->0K survivor 500K->542K tenured 299682K->299682K, 0.0348222 secs]
[GC 330689K->300321K(1571712K) eden 30463K->0K survivor 542K->638K tenured 299682K->299682K, 0.0362537 secs]
[GC 330781K->300327K(1571712K) eden 30460K->0K survivor 638K->578K tenured 299682K->299748K, 0.0382181 secs]
[GC 330791K->300441K(1571712K) eden 30463K->0K survivor 578K->669K tenured 299748K->299772K, 0.0372512 secs]
[GC 330905K->300479K(1571712K) eden 30463K->0K survivor 669K->584K tenured 299772K->299895K, 0.0396177 secs]
[GC 330943K->300470K(1571712K) eden 30463K->0K survivor 584K->550K tenured 299895K->299920K, 0.0346990 secs]
[GC 330934K->300504K(1571712K) eden 30463K->0K survivor 550K->584K tenured 299920K->299920K, 0.0342556 secs]
[GC 330968K->300549K(1571712K) eden 30463K->0K survivor 584K->609K tenured 299920K->299939K, 0.0356075 secs]
[GC 331013K->300582K(1571712K) eden 30463K->0K survivor 609K->606K tenured 299939K->299976K, 0.0349892 secs]
[GC 331046K->300989K(1571712K) eden 30463K->0K survivor 606K->971K tenured 299976K->300018K, 0.0370538 secs]
[GC 331453K->300638K(1571712K) eden 30463K->0K survivor 971K->182K tenured 300018K->300456K, 0.0393772 secs]
[GC 331102K->300653K(1571712K) eden 30463K->0K survivor 182K->196K tenured 300456K->300456K, 0.0227176 secs]
[GC 331113K->300671K(1571712K) eden 30460K->0K survivor 196K->214K tenured 300456K->300456K, 0.0240371 secs]
[GC 331126K->300696K(1571712K) eden 30454K->0K survivor 214K->240K tenured 300456K->300456K, 0.0258986 secs]
[GC 331160K->300763K(1571712K) eden 30463K->0K survivor 240K->307K tenured 300456K->300456K, 0.0272571 secs]
[GC 331227K->300707K(1571712K) eden 30463K->0K survivor 307K->250K tenured 300456K->300456K, 0.0271601 secs]
[GC 331171K->300829K(1571712K) eden 30464K->0K survivor 250K->373K tenured 300456K->300456K, 0.0297759 secs]
[GC 331287K->300827K(1571712K) eden 30457K->0K survivor 373K->371K tenured 300456K->300456K, 0.0303936 secs]
[GC 331291K->300918K(1571712K) eden 30464K->0K survivor 371K->462K tenured 300456K->300456K, 0.0327128 secs]
[GC 331382K->300951K(1571712K) eden 30463K->0K survivor 462K->494K tenured 300456K->300456K, 0.0338311 secs]
[GC 331415K->301365K(1571712K) eden 30463K->0K survivor 494K->908K tenured 300456K->300456K, 0.0355182 secs]
[GC 331829K->301020K(1571712K) eden 30464K->0K survivor 908K->186K tenured 300456K->300834K, 0.0384315 secs]
[GC 331484K->301058K(1571712K) eden 30463K->0K survivor 186K->224K tenured 300834K->300834K, 0.0227252 secs]
[GC 331522K->301103K(1571712K) eden 30464K->0K survivor 224K->268K tenured 300834K->300834K, 0.0249152 secs]
[GC 331567K->301121K(1571712K) eden 30463K->0K survivor 268K->286K tenured 300834K->300834K, 0.0261920 secs]
[GC 331585K->301173K(1571712K) eden 30464K->0K survivor 286K->339K tenured 300834K->300834K, 0.0275706 secs]
[GC 331637K->301092K(1571712K) eden 30463K->0K survivor 339K->257K tenured 300834K->300834K, 0.0283513 secs]
[GC 331556K->301109K(1571712K) eden 30463K->0K survivor 257K->275K tenured 300834K->300834K, 0.0287564 secs]
[GC 331573K->301232K(1571712K) eden 30463K->0K survivor 275K->398K tenured 300834K->300834K, 0.0313275 secs]
[GC 331696K->301316K(1571712K) eden 30464K->0K survivor 398K->481K tenured 300834K->300834K, 0.0329184 secs]
[GC 331780K->301358K(1571712K) eden 30463K->0K survivor 481K->523K tenured 300834K->300834K, 0.0323978 secs]
[GC 331822K->301739K(1571712K) eden 30463K->0K survivor 523K->905K tenured 300834K->300834K, 0.0356484 secs]
[GC 332203K->301374K(1571712K) eden 30463K->0K survivor 905K->166K tenured 300834K->301207K, 0.0387950 secs]
[GC 331838K->301407K(1571712K) eden 30463K->0K survivor 166K->199K tenured 301207K->301207K, 0.0228245 secs]
[GC 331871K->301464K(1571712K) eden 30463K->0K survivor 199K->256K tenured 301207K->301207K, 0.0246535 secs]
[GC 331919K->301439K(1571712K) eden 30454K->0K survivor 256K->231K tenured 301207K->301207K, 0.0253949 secs]
[GC 331901K->301530K(1571712K) eden 30462K->0K survivor 231K->322K tenured 301207K->301207K, 0.0273979 secs]
[GC 331987K->301491K(1571712K) eden 30456K->0K survivor 322K->283K tenured 301207K->301207K, 0.0275213 secs]
[GC 331955K->301601K(1571712K) eden 30463K->0K survivor 283K->393K tenured 301207K->301207K, 0.0289459 secs]
[GC 332065K->301645K(1571712K) eden 30463K->0K survivor 393K->437K tenured 301207K->301207K, 0.0333985 secs]
[GC 332105K->301613K(1571712K) eden 30459K->0K survivor 437K->405K tenured 301207K->301207K, 0.0317105 secs]
[GC 332077K->301682K(1571712K) eden 30463K->0K survivor 405K->474K tenured 301207K->301207K, 0.0332233 secs]
[GC 332146K->301733K(1571712K) eden 30463K->0K survivor 474K->525K tenured 301207K->301207K, 0.0338557 secs]
[GC 332196K->301678K(1571712K) eden 30463K->0K survivor 525K->470K tenured 301207K->301207K, 0.0356743 secs]
[GC 332142K->301770K(1571712K) eden 30464K->0K survivor 470K->562K tenured 301207K->301207K, 0.0363242 secs]
[GC 332234K->301837K(1571712K) eden 30463K->0K survivor 562K->629K tenured 301207K->301207K, 0.0368981 secs]
[GC 332301K->301908K(1571712K) eden 30463K->0K survivor 629K->616K tenured 301207K->301292K, 0.0394185 secs]
[GC 332323K->301931K(1571712K) eden 30414K->0K survivor 616K->550K tenured 301292K->301380K, 0.0382474 secs]
[GC 332395K->301925K(1571712K) eden 30463K->0K survivor 550K->545K tenured 301380K->301380K, 0.0340403 secs]
[GC 332389K->301965K(1571712K) eden 30463K->0K survivor 545K->585K tenured 301380K->301380K, 0.0382769 secs]
[GC 332427K->301953K(1571712K) eden 30462K->0K survivor 585K->545K tenured 301380K->301407K, 0.0388922 secs]
[GC 332417K->302030K(1571712K) eden 30463K->0K survivor 545K->622K tenured 301407K->301407K, 0.0372005 secs]
[GC 332494K->302066K(1571712K) eden 30463K->0K survivor 622K->593K tenured 301407K->301473K, 0.0464775 secs]
[GC 332530K->302052K(1571712K) eden 30463K->0K survivor 593K->548K tenured 301473K->301504K, 0.0395670 secs]
[GC 332508K->302087K(1571712K) eden 30455K->0K survivor 548K->583K tenured 301504K->301504K, 0.0372543 secs]
[GC 332545K->302138K(1571712K) eden 30457K->0K survivor 583K->588K tenured 301504K->301550K, 0.0379618 secs]
[GC 332602K->302213K(1571712K) eden 30463K->0K survivor 588K->636K tenured 301550K->301577K, 0.0386467 secs]
[GC 332677K->302238K(1571712K) eden 30463K->0K survivor 636K->577K tenured 301577K->301660K, 0.0396024 secs]
[GC 332702K->302319K(1571712K) eden 30463K->0K survivor 577K->623K tenured 301660K->301695K, 0.0360437 secs]
[GC 332783K->302287K(1571712K) eden 30463K->0K survivor 623K->539K tenured 301695K->301748K, 0.0362524 secs]
[GC 332751K->302318K(1571712K) eden 30463K->0K survivor 539K->569K tenured 301748K->301748K, 0.0345789 secs]
[GC 332782K->302378K(1571712K) eden 30464K->0K survivor 569K->629K tenured 301748K->301748K, 0.0355326 secs]
[GC 332842K->302389K(1571712K) eden 30463K->0K survivor 629K->560K tenured 301748K->301829K, 0.0379139 secs]
[GC 332853K->302823K(1571712K) eden 30463K->0K survivor 560K->994K tenured 301829K->301829K, 0.0406910 secs]
[GC 333287K->302477K(1571712K) eden 30463K->0K survivor 994K->183K tenured 301829K->302294K, 0.0463540 secs]
[GC 332941K->302513K(1571712K) eden 30464K->0K survivor 183K->219K tenured 302294K->302294K, 0.0228742 secs]
[GC 332977K->302555K(1571712K) eden 30463K->0K survivor 219K->260K tenured 302294K->302294K, 0.0273724 secs]
[GC 333018K->302574K(1571712K) eden 30463K->0K survivor 260K->279K tenured 302294K->302294K, 0.0261005 secs]
[GC 333038K->302625K(1571712K) eden 30463K->0K survivor 279K->330K tenured 302294K->302294K, 0.0269304 secs]
[GC 333077K->302563K(1571712K) eden 30452K->0K survivor 330K->269K tenured 302294K->302294K, 0.0278984 secs]
[GC 333027K->302559K(1571712K) eden 30463K->0K survivor 269K->264K tenured 302294K->302294K, 0.0291341 secs]
[GC 333023K->302677K(1571712K) eden 30463K->0K survivor 264K->383K tenured 302294K->302294K, 0.0329710 secs]
[GC 333141K->302745K(1571712K) eden 30463K->0K survivor 383K->451K tenured 302294K->302294K, 0.0323029 secs]
[GC 333209K->302807K(1571712K) eden 30463K->0K survivor 451K->513K tenured 302294K->302294K, 0.0331869 secs]
[GC 333271K->303189K(1571712K) eden 30464K->0K survivor 513K->895K tenured 302294K->302294K, 0.0354647 secs]
[GC 333650K->302775K(1571712K) eden 30460K->0K survivor 895K->118K tenured 302294K->302657K, 0.0385737 secs]
[GC 333239K->302856K(1571712K) eden 30464K->0K survivor 118K->198K tenured 302657K->302657K, 0.0224167 secs]
[GC 333320K->302911K(1571712K) eden 30463K->0K survivor 198K->254K tenured 302657K->302657K, 0.0252805 secs]
[GC 333375K->302934K(1571712K) eden 30464K->0K survivor 254K->276K tenured 302657K->302657K, 0.0266416 secs]
[GC 333398K->303004K(1571712K) eden 30463K->0K survivor 276K->346K tenured 302657K->302657K, 0.0271570 secs]
[GC 333468K->303019K(1571712K) eden 30463K->0K survivor 346K->361K tenured 302657K->302657K, 0.0336602 secs]
[GC 333483K->303049K(1571712K) eden 30463K->0K survivor 361K->391K tenured 302657K->302657K, 0.0298161 secs]
[GC 333513K->303094K(1571712K) eden 30463K->0K survivor 391K->436K tenured 302657K->302657K, 0.0312012 secs]
[GC 333558K->303109K(1571712K) eden 30463K->0K survivor 436K->452K tenured 302657K->302657K, 0.0335154 secs]
[GC 333573K->303137K(1571712K) eden 30463K->0K survivor 452K->479K tenured 302657K->302657K, 0.0340179 secs]
[GC 333601K->303155K(1571712K) eden 30463K->0K survivor 479K->497K tenured 302657K->302657K, 0.0332268 secs]
[GC 333619K->303174K(1571712K) eden 30463K->0K survivor 497K->516K tenured 302657K->302657K, 0.0352285 secs]
[GC 333638K->303171K(1571712K) eden 30463K->0K survivor 516K->514K tenured 302657K->302657K, 0.0353331 secs]
[GC 333624K->303233K(1571712K) eden 30452K->0K survivor 514K->575K tenured 302657K->302657K, 0.0374422 secs]
[GC 333697K->303354K(1571712K) eden 30463K->0K survivor 575K->696K tenured 302657K->302657K, 0.0376979 secs]
[GC 333818K->303393K(1571712K) eden 30464K->0K survivor 696K->564K tenured 302657K->302829K, 0.0401075 secs]
[GC 333857K->303378K(1571712K) eden 30463K->0K survivor 564K->549K tenured 302829K->302829K, 0.0345797 secs]
[GC 333842K->303411K(1571712K) eden 30463K->0K survivor 549K->581K tenured 302829K->302829K, 0.0405248 secs]
[GC 333862K->303402K(1571712K) eden 30451K->0K survivor 581K->546K tenured 302829K->302856K, 0.0367717 secs]
[GC 333866K->303482K(1571712K) eden 30464K->0K survivor 546K->626K tenured 302856K->302856K, 0.0357850 secs]
[GC 333946K->303887K(1571712K) eden 30463K->0K survivor 626K->966K tenured 302856K->302921K, 0.0404930 secs]
[GC 334351K->303514K(1571712K) eden 30463K->0K survivor 966K->155K tenured 302921K->303358K, 0.0409737 secs]
[GC 333978K->303490K(1571712K) eden 30463K->0K survivor 155K->132K tenured 303358K->303358K, 0.0222928 secs]
[GC 333954K->303614K(1571712K) eden 30463K->0K survivor 132K->255K tenured 303358K->303358K, 0.0250840 secs]
[GC 334054K->303592K(1571712K) eden 30440K->0K survivor 255K->233K tenured 303358K->303358K, 0.0262456 secs]
[GC 334056K->303663K(1571712K) eden 30464K->0K survivor 233K->304K tenured 303358K->303358K, 0.0277371 secs]
[GC 334127K->303671K(1571712K) eden 30463K->0K survivor 304K->312K tenured 303358K->303358K, 0.0276097 secs]
[GC 334133K->303704K(1571712K) eden 30462K->0K survivor 312K->345K tenured 303358K->303358K, 0.0353832 secs]
[GC 334168K->303760K(1571712K) eden 30463K->0K survivor 345K->401K tenured 303358K->303358K, 0.0306347 secs]
[GC 334224K->303813K(1571712K) eden 30463K->0K survivor 401K->454K tenured 303358K->303358K, 0.0321827 secs]
[GC 334277K->303869K(1571712K) eden 30464K->0K survivor 454K->510K tenured 303358K->303358K, 0.0346378 secs]
[GC 334333K->304258K(1571712K) eden 30464K->0K survivor 510K->899K tenured 303358K->303358K, 0.0361922 secs]
[GC 334706K->303838K(1571712K) eden 30447K->0K survivor 899K->110K tenured 303358K->303728K, 0.0392332 secs]
[GC 334272K->303875K(1571712K) eden 30434K->0K survivor 110K->147K tenured 303728K->303728K, 0.0219793 secs]
[GC 334339K->303972K(1571712K) eden 30463K->0K survivor 147K->244K tenured 303728K->303728K, 0.0244529 secs]
[GC 334436K->304015K(1571712K) eden 30463K->0K survivor 244K->287K tenured 303728K->303728K, 0.0266591 secs]
[GC 334479K->304025K(1571712K) eden 30463K->0K survivor 287K->296K tenured 303728K->303728K, 0.0304588 secs]
[GC 334489K->303986K(1571712K) eden 30463K->0K survivor 296K->258K tenured 303728K->303728K, 0.0277213 secs]
[GC 334450K->304091K(1571712K) eden 30463K->0K survivor 258K->363K tenured 303728K->303728K, 0.0295862 secs]
[GC 334547K->304086K(1571712K) eden 30455K->0K survivor 363K->358K tenured 303728K->303728K, 0.0311716 secs]
[GC 334550K->304162K(1571712K) eden 30463K->0K survivor 358K->433K tenured 303728K->303728K, 0.0331623 secs]
[GC 334626K->304195K(1571712K) eden 30463K->0K survivor 433K->466K tenured 303728K->303728K, 0.0342512 secs]
[GC 334659K->304207K(1571712K) eden 30464K->0K survivor 466K->478K tenured 303728K->303728K, 0.0336934 secs]
[GC 334671K->304225K(1571712K) eden 30463K->0K survivor 478K->496K tenured 303728K->303728K, 0.0338315 secs]
[GC 334689K->304266K(1571712K) eden 30463K->0K survivor 496K->538K tenured 303728K->303728K, 0.0347695 secs]
[GC 334729K->304302K(1571712K) eden 30463K->0K survivor 538K->574K tenured 303728K->303728K, 0.0382575 secs]
[GC 334766K->304397K(1571712K) eden 30464K->0K survivor 574K->669K tenured 303728K->303728K, 0.0415372 secs]
[GC 334839K->304355K(1571712K) eden 30441K->0K survivor 669K->515K tenured 303728K->303839K, 0.0457126 secs]
[GC 334818K->304412K(1571712K) eden 30463K->0K survivor 515K->572K tenured 303839K->303839K, 0.0351943 secs]
[GC 334876K->304452K(1571712K) eden 30464K->0K survivor 572K->613K tenured 303839K->303839K, 0.0377952 secs]
[GC 334916K->304504K(1571712K) eden 30463K->0K survivor 613K->615K tenured 303839K->303888K, 0.0418919 secs]
[GC 334968K->304517K(1571712K) eden 30463K->0K survivor 615K->571K tenured 303888K->303946K, 0.0388394 secs]
[GC 334981K->304555K(1571712K) eden 30463K->0K survivor 571K->609K tenured 303946K->303946K, 0.0385845 secs]
[GC 335018K->304540K(1571712K) eden 30463K->0K survivor 609K->532K tenured 303946K->304008K, 0.0442971 secs]
[GC 334993K->304559K(1571712K) eden 30453K->0K survivor 532K->551K tenured 304008K->304008K, 0.0374528 secs]
[GC 335017K->304610K(1571712K) eden 30457K->0K survivor 551K->601K tenured 304008K->304008K, 0.0376880 secs]
[GC 335074K->304700K(1571712K) eden 30464K->0K survivor 601K->651K tenured 304008K->304049K, 0.0493922 secs]
[GC 335164K->304725K(1571712K) eden 30463K->0K survivor 651K->591K tenured 304049K->304134K, 0.0396961 secs]
[GC 335189K->304808K(1571712K) eden 30463K->0K survivor 591K->651K tenured 304134K->304156K, 0.0378573 secs]
[GC 335272K->304776K(1571712K) eden 30463K->0K survivor 651K->537K tenured 304156K->304239K, 0.0414694 secs]
[GC 335240K->304806K(1571712K) eden 30463K->0K survivor 537K->567K tenured 304239K->304239K, 0.0378314 secs]
[GC 335270K->304867K(1571712K) eden 30463K->0K survivor 567K->628K tenured 304239K->304239K, 0.0428408 secs]
[GC 335331K->304878K(1571712K) eden 30463K->0K survivor 628K->563K tenured 304239K->304315K, 0.0404933 secs]
[GC 335342K->305313K(1571712K) eden 30463K->0K survivor 563K->997K tenured 304315K->304315K, 0.0383637 secs]
[GC 335777K->304966K(1571712K) eden 30463K->0K survivor 997K->183K tenured 304315K->304783K, 0.0412959 secs]
[GC 335430K->305002K(1571712K) eden 30463K->0K survivor 183K->219K tenured 304783K->304783K, 0.0221600 secs]
[GC 335466K->305044K(1571712K) eden 30463K->0K survivor 219K->261K tenured 304783K->304783K, 0.0246371 secs]
[GC 335508K->305062K(1571712K) eden 30463K->0K survivor 261K->279K tenured 304783K->304783K, 0.0263861 secs]
[GC 335526K->305114K(1571712K) eden 30463K->0K survivor 279K->331K tenured 304783K->304783K, 0.0268371 secs]
[GC 335566K->305053K(1571712K) eden 30451K->0K survivor 331K->270K tenured 304783K->304783K, 0.0280958 secs]
[GC 335517K->305163K(1571712K) eden 30463K->0K survivor 270K->380K tenured 304783K->304783K, 0.0289584 secs]
[GC 335627K->305186K(1571712K) eden 30463K->0K survivor 380K->403K tenured 304783K->304783K, 0.0371149 secs]
[GC 335646K->305200K(1571712K) eden 30459K->0K survivor 403K->417K tenured 304783K->304783K, 0.0355702 secs]
[GC 335664K->305240K(1571712K) eden 30463K->0K survivor 417K->457K tenured 304783K->304783K, 0.0350582 secs]
[GC 335704K->305186K(1571712K) eden 30463K->0K survivor 457K->402K tenured 304783K->304783K, 0.0352612 secs]
[GC 335650K->305318K(1571712K) eden 30463K->0K survivor 402K->535K tenured 304783K->304783K, 0.0395555 secs]
[GC 335782K->305327K(1571712K) eden 30463K->0K survivor 535K->544K tenured 304783K->304783K, 0.0358432 secs]
[GC 335791K->305372K(1571712K) eden 30463K->0K survivor 544K->588K tenured 304783K->304783K, 0.0378687 secs]
[GC 335835K->305358K(1571712K) eden 30463K->0K survivor 588K->554K tenured 304783K->304803K, 0.0385859 secs]
[GC 335822K->305419K(1571712K) eden 30463K->0K survivor 554K->616K tenured 304803K->304803K, 0.0372954 secs]
[GC 335877K->305397K(1571712K) eden 30457K->0K survivor 616K->535K tenured 304803K->304862K, 0.0423905 secs]
[GC 335861K->305495K(1571712K) eden 30463K->0K survivor 535K->633K tenured 304862K->304862K, 0.0376703 secs]
[GC 335956K->305482K(1571712K) eden 30460K->0K survivor 633K->543K tenured 304862K->304939K, 0.0404559 secs]
[GC 335946K->305570K(1571712K) eden 30463K->0K survivor 543K->631K tenured 304939K->304939K, 0.0387639 secs]
[GC 336034K->305593K(1571712K) eden 30463K->0K survivor 631K->597K tenured 304939K->304996K, 0.0393114 secs]
[GC 336057K->305601K(1571712K) eden 30463K->0K survivor 597K->578K tenured 304996K->305023K, 0.0393258 secs]
[GC 336065K->305654K(1571712K) eden 30463K->0K survivor 578K->596K tenured 305023K->305058K, 0.0394813 secs]
[GC 336118K->305693K(1571712K) eden 30463K->0K survivor 596K->595K tenured 305058K->305098K, 0.0385704 secs]
[GC 336152K->305730K(1571712K) eden 30458K->0K survivor 595K->604K tenured 305098K->305125K, 0.0397662 secs]
[GC 336194K->305749K(1571712K) eden 30463K->0K survivor 604K->592K tenured 305125K->305157K, 0.0392920 secs]
[GC 336213K->305845K(1571712K) eden 30463K->0K survivor 592K->670K tenured 305157K->305175K, 0.0368733 secs]
[GC 336309K->305813K(1571712K) eden 30463K->0K survivor 670K->529K tenured 305175K->305284K, 0.0394709 secs]
[GC 336277K->305839K(1571712K) eden 30463K->0K survivor 529K->554K tenured 305284K->305284K, 0.0346171 secs]
[GC 336303K->305897K(1571712K) eden 30463K->0K survivor 554K->613K tenured 305284K->305284K, 0.0379634 secs]
[GC 336361K->305913K(1571712K) eden 30463K->0K survivor 613K->589K tenured 305284K->305324K, 0.0386277 secs]
[GC 336377K->306347K(1571712K) eden 30464K->0K survivor 589K->988K tenured 305324K->305359K, 0.0385113 secs]
[GC 336811K->305999K(1571712K) eden 30463K->0K survivor 988K->181K tenured 305359K->305817K, 0.0408908 secs]
[GC 336463K->306035K(1571712K) eden 30464K->0K survivor 181K->217K tenured 305817K->305817K, 0.0256157 secs]
[GC 336499K->306076K(1571712K) eden 30463K->0K survivor 217K->258K tenured 305817K->305817K, 0.0269741 secs]
[GC 336540K->306095K(1571712K) eden 30463K->0K survivor 258K->277K tenured 305817K->305817K, 0.0257141 secs]
[GC 336559K->306145K(1571712K) eden 30464K->0K survivor 277K->327K tenured 305817K->305817K, 0.0271693 secs]
[GC 336609K->306129K(1571712K) eden 30463K->0K survivor 327K->311K tenured 305817K->305817K, 0.0310395 secs]
[GC 336593K->306193K(1571712K) eden 30463K->0K survivor 311K->376K tenured 305817K->305817K, 0.0299037 secs]
[GC 336656K->306206K(1571712K) eden 30462K->0K survivor 376K->388K tenured 305817K->305817K, 0.0313378 secs]
[GC 336664K->306180K(1571712K) eden 30458K->0K survivor 388K->362K tenured 305817K->305817K, 0.0327005 secs]
[GC 336644K->306269K(1571712K) eden 30463K->0K survivor 362K->451K tenured 305817K->305817K, 0.0378736 secs]
[GC 336718K->306249K(1571712K) eden 30449K->0K survivor 451K->431K tenured 305817K->305817K, 0.0328316 secs]
[GC 336713K->306344K(1571712K) eden 30463K->0K survivor 431K->526K tenured 305817K->305817K, 0.0366587 secs]
[GC 336808K->306352K(1571712K) eden 30463K->0K survivor 526K->534K tenured 305817K->305817K, 0.0357098 secs]
[GC 336815K->306339K(1571712K) eden 30462K->0K survivor 534K->521K tenured 305817K->305817K, 0.0413817 secs]
[GC 336801K->306356K(1571712K) eden 30461K->0K survivor 521K->538K tenured 305817K->305817K, 0.0379441 secs]
[GC 336820K->306444K(1571712K) eden 30463K->0K survivor 538K->626K tenured 305817K->305817K, 0.0381745 secs]
[GC 336908K->306478K(1571712K) eden 30464K->0K survivor 626K->583K tenured 305817K->305895K, 0.0396120 secs]
[GC 336942K->306519K(1571712K) eden 30463K->0K survivor 583K->594K tenured 305895K->305925K, 0.0386145 secs]
[GC 336983K->306571K(1571712K) eden 30463K->0K survivor 594K->600K tenured 305925K->305971K, 0.0410804 secs]
[GC 337035K->306585K(1571712K) eden 30463K->0K survivor 600K->584K tenured 305971K->306000K, 0.0385789 secs]
[GC 337049K->306621K(1571712K) eden 30463K->0K survivor 584K->593K tenured 306000K->306027K, 0.0418181 secs]
[GC 337085K->306606K(1571712K) eden 30463K->0K survivor 593K->553K tenured 306027K->306053K, 0.0390998 secs]
[GC 337059K->306620K(1571712K) eden 30453K->0K survivor 553K->567K tenured 306053K->306053K, 0.0378259 secs]
[GC 337083K->306686K(1571712K) eden 30462K->0K survivor 567K->633K tenured 306053K->306053K, 0.0443361 secs]
[GC 337150K->306766K(1571712K) eden 30463K->0K survivor 633K->639K tenured 306053K->306126K, 0.0423699 secs]
[GC 337230K->306790K(1571712K) eden 30463K->0K survivor 639K->585K tenured 306126K->306204K, 0.0400667 secs]
[GC 337254K->306873K(1571712K) eden 30464K->0K survivor 585K->643K tenured 306204K->306229K, 0.0374118 secs]
[GC 337337K->306841K(1571712K) eden 30463K->0K survivor 643K->531K tenured 306229K->306309K, 0.0365950 secs]
[GC 337305K->306870K(1571712K) eden 30464K->0K survivor 531K->561K tenured 306309K->306309K, 0.0420349 secs]
[GC 337334K->306925K(1571712K) eden 30463K->0K survivor 561K->616K tenured 306309K->306309K, 0.0376821 secs]
[GC 337389K->306943K(1571712K) eden 30464K->0K survivor 616K->560K tenured 306309K->306382K, 0.0398882 secs]
[GC 337407K->307377K(1571712K) eden 30463K->0K survivor 560K->994K tenured 306382K->306382K, 0.0387353 secs]
[GC 337841K->307030K(1571712K) eden 30464K->0K survivor 994K->183K tenured 306382K->306847K, 0.0431749 secs]
[GC 337494K->307067K(1571712K) eden 30463K->0K survivor 183K->220K tenured 306847K->306847K, 0.0231521 secs]
[GC 337525K->307082K(1571712K) eden 30457K->0K survivor 220K->235K tenured 306847K->306847K, 0.0246421 secs]
[GC 337546K->307125K(1571712K) eden 30463K->0K survivor 235K->278K tenured 306847K->306847K, 0.0255570 secs]
[GC 337589K->307177K(1571712K) eden 30463K->0K survivor 278K->329K tenured 306847K->306847K, 0.0278858 secs]
[GC 337641K->307095K(1571712K) eden 30463K->0K survivor 329K->248K tenured 306847K->306847K, 0.0283272 secs]
[GC 337559K->307225K(1571712K) eden 30464K->0K survivor 248K->378K tenured 306847K->306847K, 0.0300579 secs]
[GC 337689K->307248K(1571712K) eden 30464K->0K survivor 378K->401K tenured 306847K->306847K, 0.0392725 secs]
[GC 337710K->307246K(1571712K) eden 30461K->0K survivor 401K->398K tenured 306847K->306847K, 0.0367437 secs]
[GC 337710K->307301K(1571712K) eden 30463K->0K survivor 398K->454K tenured 306847K->306847K, 0.0326855 secs]
[GC 337765K->307308K(1571712K) eden 30464K->0K survivor 454K->461K tenured 306847K->306847K, 0.0332732 secs]
[GC 337772K->307378K(1571712K) eden 30463K->0K survivor 461K->531K tenured 306847K->306847K, 0.0344549 secs]
[GC 337842K->307387K(1571712K) eden 30464K->0K survivor 531K->539K tenured 306847K->306847K, 0.0354720 secs]
[GC 337840K->307375K(1571712K) eden 30453K->0K survivor 539K->527K tenured 306847K->306847K, 0.0354477 secs]
[GC 337838K->307391K(1571712K) eden 30463K->0K survivor 527K->544K tenured 306847K->306847K, 0.0361830 secs]
[GC 337855K->307479K(1571712K) eden 30464K->0K survivor 544K->632K tenured 306847K->306847K, 0.0449081 secs]
[GC 337943K->307514K(1571712K) eden 30464K->0K survivor 632K->588K tenured 306847K->306925K, 0.0396111 secs]
[GC 337978K->307530K(1571712K) eden 30464K->0K survivor 588K->574K tenured 306925K->306956K, 0.0388920 secs]
[GC 337994K->307585K(1571712K) eden 30463K->0K survivor 574K->629K tenured 306956K->306956K, 0.0371918 secs]
[GC 338047K->307562K(1571712K) eden 30461K->0K survivor 629K->530K tenured 306956K->307031K, 0.0401859 secs]
[GC 338026K->308021K(1571712K) eden 30463K->0K survivor 530K->990K tenured 307031K->307031K, 0.0400773 secs]
[GC 338485K->307665K(1571712K) eden 30464K->0K survivor 990K->222K tenured 307031K->307443K, 0.0444269 secs]
[GC 338129K->307714K(1571712K) eden 30464K->0K survivor 222K->271K tenured 307443K->307443K, 0.0257318 secs]
[GC 338178K->307744K(1571712K) eden 30463K->0K survivor 271K->301K tenured 307443K->307443K, 0.0253366 secs]
[GC 338197K->307703K(1571712K) eden 30453K->0K survivor 301K->260K tenured 307443K->307443K, 0.0269888 secs]
[GC 338167K->307754K(1571712K) eden 30463K->0K survivor 260K->311K tenured 307443K->307443K, 0.0273680 secs]
[GC 338218K->307751K(1571712K) eden 30463K->0K survivor 311K->308K tenured 307443K->307443K, 0.0318447 secs]
[GC 338215K->307686K(1571712K) eden 30463K->0K survivor 308K->243K tenured 307443K->307443K, 0.0291377 secs]
[GC 338150K->308042K(1571712K) eden 30464K->0K survivor 243K->599K tenured 307443K->307443K, 0.0313626 secs]
[GC 338506K->307808K(1571712K) eden 30463K->0K survivor 599K->313K tenured 307443K->307495K, 0.0324496 secs]
[GC 338272K->307849K(1571712K) eden 30463K->0K survivor 313K->354K tenured 307495K->307495K, 0.0305543 secs]
[GC 338313K->307885K(1571712K) eden 30463K->0K survivor 354K->390K tenured 307495K->307495K, 0.0347793 secs]
[GC 338349K->307929K(1571712K) eden 30464K->0K survivor 390K->433K tenured 307495K->307495K, 0.0332706 secs]
[GC 338391K->307920K(1571712K) eden 30462K->0K survivor 433K->424K tenured 307495K->307495K, 0.0370528 secs]
[GC 338384K->308041K(1571712K) eden 30463K->0K survivor 424K->545K tenured 307495K->307495K, 0.0383021 secs]
[GC 338505K->308017K(1571712K) eden 30463K->0K survivor 545K->521K tenured 307495K->307495K, 0.0358989 secs]
[GC 338481K->308043K(1571712K) eden 30463K->0K survivor 521K->548K tenured 307495K->307495K, 0.0367459 secs]
[GC 338507K->308108K(1571712K) eden 30464K->0K survivor 548K->613K tenured 307495K->307495K, 0.0376485 secs]
[GC 338572K->308056K(1571712K) eden 30463K->0K survivor 613K->519K tenured 307495K->307536K, 0.0400699 secs]
[GC 338520K->308547K(1571712K) eden 30464K->0K survivor 519K->1011K tenured 307536K->307536K, 0.0399408 secs]
[GC 339011K->308201K(1571712K) eden 30464K->0K survivor 1011K->183K tenured 307536K->308017K, 0.0482479 secs]
[GC 338657K->308151K(1571712K) eden 30456K->0K survivor 183K->134K tenured 308017K->308017K, 0.0239583 secs]
[GC 338615K->308261K(1571712K) eden 30463K->0K survivor 134K->244K tenured 308017K->308017K, 0.0253551 secs]
[GC 338725K->308299K(1571712K) eden 30463K->0K survivor 244K->282K tenured 308017K->308017K, 0.0258534 secs]
[GC 338763K->308350K(1571712K) eden 30463K->0K survivor 282K->332K tenured 308017K->308017K, 0.0279955 secs]
[GC 338809K->308303K(1571712K) eden 30458K->0K survivor 332K->286K tenured 308017K->308017K, 0.0287447 secs]
[GC 338767K->308396K(1571712K) eden 30463K->0K survivor 286K->379K tenured 308017K->308017K, 0.0298491 secs]
[GC 338860K->308414K(1571712K) eden 30463K->0K survivor 379K->397K tenured 308017K->308017K, 0.0314153 secs]
[GC 338878K->308542K(1571712K) eden 30463K->0K survivor 397K->524K tenured 308017K->308017K, 0.0325833 secs]
[GC 339005K->308410K(1571712K) eden 30463K->0K survivor 524K->392K tenured 308017K->308017K, 0.0325999 secs]
[GC 338874K->308480K(1571712K) eden 30463K->0K survivor 392K->463K tenured 308017K->308017K, 0.0385764 secs]
[GC 338944K->308554K(1571712K) eden 30463K->0K survivor 463K->537K tenured 308017K->308017K, 0.0343226 secs]
[GC 339018K->308551K(1571712K) eden 30463K->0K survivor 537K->533K tenured 308017K->308017K, 0.0364705 secs]
[GC 339015K->308609K(1571712K) eden 30463K->0K survivor 533K->592K tenured 308017K->308017K, 0.0375031 secs]
[GC 339073K->308626K(1571712K) eden 30463K->0K survivor 592K->589K tenured 308017K->308037K, 0.0370897 secs]
[GC 339090K->308635K(1571712K) eden 30464K->0K survivor 589K->573K tenured 308037K->308061K, 0.0426641 secs]
[GC 339099K->308676K(1571712K) eden 30463K->0K survivor 573K->614K tenured 308061K->308061K, 0.0382434 secs]
[GC 339140K->308722K(1571712K) eden 30463K->0K survivor 614K->595K tenured 308061K->308127K, 0.0451534 secs]
[GC 339186K->308755K(1571712K) eden 30463K->0K survivor 595K->581K tenured 308127K->308173K, 0.0453483 secs]
[GC 339219K->308774K(1571712K) eden 30464K->0K survivor 581K->570K tenured 308173K->308203K, 0.0387266 secs]
[GC 339238K->309201K(1571712K) eden 30463K->0K survivor 570K->997K tenured 308203K->308203K, 0.0396085 secs]
[GC 339665K->308833K(1571712K) eden 30464K->0K survivor 997K->162K tenured 308203K->308670K, 0.0459598 secs]
[GC 339268K->308806K(1571712K) eden 30434K->0K survivor 162K->135K tenured 308670K->308670K, 0.0227719 secs]
[GC 339270K->308896K(1571712K) eden 30463K->0K survivor 135K->225K tenured 308670K->308670K, 0.0250904 secs]
[GC 339360K->308911K(1571712K) eden 30463K->0K survivor 225K->240K tenured 308670K->308670K, 0.0262374 secs]
[GC 339370K->308929K(1571712K) eden 30458K->0K survivor 240K->258K tenured 308670K->308670K, 0.0288426 secs]
[GC 339392K->308896K(1571712K) eden 30463K->0K survivor 258K->225K tenured 308670K->308670K, 0.0301514 secs]
[GC 339357K->308931K(1571712K) eden 30461K->0K survivor 225K->260K tenured 308670K->308670K, 0.0292132 secs]
[GC 339395K->309043K(1571712K) eden 30464K->0K survivor 260K->372K tenured 308670K->308670K, 0.0407988 secs]
[GC 339503K->309079K(1571712K) eden 30460K->0K survivor 372K->408K tenured 308670K->308670K, 0.0338412 secs]
[GC 339543K->309305K(1571712K) eden 30464K->0K survivor 408K->634K tenured 308670K->308670K, 0.0351037 secs]
[GC 339757K->309186K(1571712K) eden 30452K->0K survivor 634K->440K tenured 308670K->308745K, 0.0385991 secs]
[GC 339649K->309251K(1571712K) eden 30463K->0K survivor 440K->506K tenured 308745K->308745K, 0.0338709 secs]
[GC 339715K->309326K(1571712K) eden 30463K->0K survivor 506K->580K tenured 308745K->308745K, 0.0426116 secs]
[GC 339784K->309415K(1571712K) eden 30458K->0K survivor 580K->644K tenured 308745K->308771K, 0.0390852 secs]
[GC 339879K->309498K(1571712K) eden 30464K->0K survivor 644K->636K tenured 308771K->308862K, 0.0399059 secs]
[GC 339962K->309456K(1571712K) eden 30463K->0K survivor 636K->478K tenured 308862K->308978K, 0.0443216 secs]
[GC 339920K->309946K(1571712K) eden 30463K->0K survivor 478K->967K tenured 308978K->308978K, 0.0331797 secs]
[GC 340410K->309603K(1571712K) eden 30463K->0K survivor 967K->189K tenured 308978K->309413K, 0.0421705 secs]
[GC 340067K->309633K(1571712K) eden 30463K->0K survivor 189K->220K tenured 309413K->309413K, 0.0238874 secs]
[GC 340097K->309604K(1571712K) eden 30463K->0K survivor 220K->191K tenured 309413K->309413K, 0.0250545 secs]
[GC 340068K->309797K(1571712K) eden 30463K->0K survivor 191K->384K tenured 309413K->309413K, 0.0272565 secs]
[GC 340261K->309658K(1571712K) eden 30463K->0K survivor 384K->245K tenured 309413K->309413K, 0.0271150 secs]
[GC 340118K->309689K(1571712K) eden 30460K->0K survivor 245K->276K tenured 309413K->309413K, 0.0308978 secs]
[GC 340153K->309798K(1571712K) eden 30463K->0K survivor 276K->384K tenured 309413K->309413K, 0.0298863 secs]
[GC 340262K->309842K(1571712K) eden 30463K->0K survivor 384K->428K tenured 309413K->309413K, 0.0312233 secs]
[GC 340306K->309879K(1571712K) eden 30463K->0K survivor 428K->466K tenured 309413K->309413K, 0.0345412 secs]
[GC 340343K->309923K(1571712K) eden 30463K->0K survivor 466K->510K tenured 309413K->309413K, 0.0339946 secs]
[GC 340387K->309936K(1571712K) eden 30464K->0K survivor 510K->523K tenured 309413K->309413K, 0.0351478 secs]
[GC 340400K->309898K(1571712K) eden 30463K->0K survivor 523K->485K tenured 309413K->309413K, 0.0361940 secs]
[GC 340362K->310031K(1571712K) eden 30463K->0K survivor 485K->618K tenured 309413K->309413K, 0.0375024 secs]
[GC 340495K->310023K(1571712K) eden 30463K->0K survivor 618K->562K tenured 309413K->309460K, 0.0389953 secs]
[GC 340487K->310084K(1571712K) eden 30463K->0K survivor 562K->624K tenured 309460K->309460K, 0.0374461 secs]
[GC 340540K->310061K(1571712K) eden 30455K->0K survivor 624K->522K tenured 309460K->309538K, 0.0396596 secs]
[GC 340525K->310127K(1571712K) eden 30464K->0K survivor 522K->589K tenured 309538K->309538K, 0.0370653 secs]
[GC 340591K->310200K(1571712K) eden 30463K->0K survivor 589K->619K tenured 309538K->309581K, 0.0373937 secs]
[GC 340664K->310218K(1571712K) eden 30463K->0K survivor 619K->573K tenured 309581K->309644K, 0.0381610 secs]
[GC 340682K->310262K(1571712K) eden 30463K->0K survivor 573K->617K tenured 309644K->309644K, 0.0354747 secs]
[GC 340726K->310301K(1571712K) eden 30463K->0K survivor 617K->599K tenured 309644K->309702K, 0.0390429 secs]
[GC 340765K->310355K(1571712K) eden 30463K->0K survivor 599K->616K tenured 309702K->309738K, 0.0366736 secs]
[GC 340819K->310369K(1571712K) eden 30463K->0K survivor 616K->576K tenured 309738K->309792K, 0.0390517 secs]
[GC 340821K->310372K(1571712K) eden 30452K->0K survivor 576K->548K tenured 309792K->309823K, 0.0396915 secs]
[GC 340836K->310446K(1571712K) eden 30463K->0K survivor 548K->622K tenured 309823K->309823K, 0.0359237 secs]
[GC 340910K->310463K(1571712K) eden 30463K->0K survivor 622K->579K tenured 309823K->309883K, 0.0413258 secs]
[GC 340927K->310488K(1571712K) eden 30464K->0K survivor 579K->564K tenured 309883K->309923K, 0.0434268 secs]
[GC 340952K->310510K(1571712K) eden 30464K->0K survivor 564K->586K tenured 309923K->309923K, 0.0364668 secs]
[GC 340973K->310467K(1571712K) eden 30463K->0K survivor 586K->498K tenured 309923K->309968K, 0.0360078 secs]
[GC 340931K->310589K(1571712K) eden 30463K->0K survivor 498K->621K tenured 309968K->309968K, 0.0362100 secs]
[GC 341053K->310645K(1571712K) eden 30464K->0K survivor 621K->612K tenured 309968K->310033K, 0.0392505 secs]
[GC 341107K->310650K(1571712K) eden 30461K->0K survivor 612K->566K tenured 310033K->310084K, 0.0361616 secs]
[GC 341114K->311100K(1571712K) eden 30463K->0K survivor 566K->1015K tenured 310084K->310084K, 0.0374829 secs]
[GC 341564K->310746K(1571712K) eden 30463K->0K survivor 1015K->186K tenured 310084K->310560K, 0.0441783 secs]
[GC 341206K->310725K(1571712K) eden 30460K->0K survivor 186K->164K tenured 310560K->310560K, 0.0250209 secs]
[GC 341189K->310823K(1571712K) eden 30464K->0K survivor 164K->262K tenured 310560K->310560K, 0.0258620 secs]
[GC 341279K->310797K(1571712K) eden 30456K->0K survivor 262K->237K tenured 310560K->310560K, 0.0259302 secs]
[GC 341261K->310879K(1571712K) eden 30463K->0K survivor 237K->319K tenured 310560K->310560K, 0.0323400 secs]
[GC 341343K->310864K(1571712K) eden 30463K->0K survivor 319K->304K tenured 310560K->310560K, 0.0296688 secs]
[GC 341326K->310875K(1571712K) eden 30462K->0K survivor 304K->315K tenured 310560K->310560K, 0.0306358 secs]
[GC 341336K->310924K(1571712K) eden 30460K->0K survivor 315K->364K tenured 310560K->310560K, 0.0340414 secs]
[GC 341388K->311024K(1571712K) eden 30464K->0K survivor 364K->464K tenured 310560K->310560K, 0.0331443 secs]
[GC 341488K->311047K(1571712K) eden 30463K->0K survivor 464K->487K tenured 310560K->310560K, 0.0404800 secs]
[GC 341511K->311129K(1571712K) eden 30464K->0K survivor 487K->569K tenured 310560K->310560K, 0.0342252 secs]
[GC 341593K->311102K(1571712K) eden 30463K->0K survivor 569K->542K tenured 310560K->310560K, 0.0364073 secs]
[GC 341566K->311153K(1571712K) eden 30464K->0K survivor 542K->593K tenured 310560K->310560K, 0.0374216 secs]
[GC 341617K->311198K(1571712K) eden 30463K->0K survivor 593K->611K tenured 310560K->310586K, 0.0388294 secs]
[GC 341661K->311176K(1571712K) eden 30463K->0K survivor 611K->526K tenured 310586K->310650K, 0.0403442 secs]
[GC 341606K->311248K(1571712K) eden 30429K->0K survivor 526K->598K tenured 310650K->310650K, 0.0378374 secs]
[GC 341712K->311206K(1571712K) eden 30463K->0K survivor 598K->524K tenured 310650K->310682K, 0.0378393 secs]
[GC 341670K->311326K(1571712K) eden 30463K->0K survivor 524K->643K tenured 310682K->310682K, 0.0381292 secs]
[GC 341784K->311316K(1571712K) eden 30458K->0K survivor 643K->556K tenured 310682K->310759K, 0.0437462 secs]
[GC 341780K->311488K(1571712K) eden 30463K->0K survivor 556K->728K tenured 310759K->310759K, 0.0426414 secs]
[GC 341939K->311385K(1571712K) eden 30451K->0K survivor 728K->452K tenured 310759K->310933K, 0.0415710 secs]
[GC 341849K->311427K(1571712K) eden 30463K->0K survivor 452K->493K tenured 310933K->310933K, 0.0372774 secs]
[GC 341891K->311463K(1571712K) eden 30463K->0K survivor 493K->529K tenured 310933K->310933K, 0.0361196 secs]
[GC 341927K->311527K(1571712K) eden 30463K->0K survivor 529K->594K tenured 310933K->310933K, 0.0361661 secs]
[GC 341991K->311585K(1571712K) eden 30463K->0K survivor 594K->627K tenured 310933K->310957K, 0.0382356 secs]
[GC 342049K->311626K(1571712K) eden 30463K->0K survivor 627K->610K tenured 310957K->311015K, 0.0379285 secs]
[GC 342089K->312007K(1571712K) eden 30463K->0K survivor 610K->954K tenured 311015K->311052K, 0.0416883 secs]
[GC 342471K->311638K(1571712K) eden 30463K->0K survivor 954K->160K tenured 311052K->311478K, 0.0446264 secs]
[GC 342094K->311629K(1571712K) eden 30456K->0K survivor 160K->151K tenured 311478K->311478K, 0.0224451 secs]
[GC 342092K->311704K(1571712K) eden 30463K->0K survivor 151K->226K tenured 311478K->311478K, 0.0244935 secs]
[GC 342165K->311736K(1571712K) eden 30460K->0K survivor 226K->257K tenured 311478K->311478K, 0.0304014 secs]
[GC 342200K->311796K(1571712K) eden 30463K->0K survivor 257K->317K tenured 311478K->311478K, 0.0280642 secs]
[GC 342258K->311757K(1571712K) eden 30462K->0K survivor 317K->278K tenured 311478K->311478K, 0.0278648 secs]
[GC 342216K->311781K(1571712K) eden 30459K->0K survivor 278K->302K tenured 311478K->311478K, 0.0297563 secs]
[GC 342245K->311890K(1571712K) eden 30464K->0K survivor 302K->411K tenured 311478K->311478K, 0.0308307 secs]
[GC 342353K->311905K(1571712K) eden 30463K->0K survivor 411K->426K tenured 311478K->311478K, 0.0327222 secs]
[GC 342369K->311957K(1571712K) eden 30463K->0K survivor 426K->478K tenured 311478K->311478K, 0.0410187 secs]
[GC 342420K->311995K(1571712K) eden 30463K->0K survivor 478K->517K tenured 311478K->311478K, 0.0338152 secs]
[GC 342459K->312020K(1571712K) eden 30463K->0K survivor 517K->541K tenured 311478K->311478K, 0.0359292 secs]
[GC 342484K->312069K(1571712K) eden 30463K->0K survivor 541K->591K tenured 311478K->311478K, 0.0364913 secs]
[GC 342533K->312043K(1571712K) eden 30463K->0K survivor 591K->540K tenured 311478K->311503K, 0.0371787 secs]
[GC 342507K->312133K(1571712K) eden 30463K->0K survivor 540K->630K tenured 311503K->311503K, 0.0384570 secs]
[GC 342495K->312598K(1571712K) eden 30361K->0K survivor 630K->1001K tenured 311503K->311597K, 0.0456609 secs]
[GC 343062K->312203K(1571712K) eden 30463K->0K survivor 1001K->180K tenured 311597K->312023K, 0.0407179 secs]
[GC 342667K->312233K(1571712K) eden 30463K->0K survivor 180K->210K tenured 312023K->312023K, 0.0258233 secs]
[GC 342697K->312281K(1571712K) eden 30463K->0K survivor 210K->258K tenured 312023K->312023K, 0.0259381 secs]
[GC 342732K->312268K(1571712K) eden 30451K->0K survivor 258K->245K tenured 312023K->312023K, 0.0272142 secs]
[GC 342732K->312328K(1571712K) eden 30463K->0K survivor 245K->304K tenured 312023K->312023K, 0.0269285 secs]
[GC 342792K->312311K(1571712K) eden 30463K->0K survivor 304K->288K tenured 312023K->312023K, 0.0293694 secs]
[GC 342775K->312437K(1571712K) eden 30463K->0K survivor 288K->414K tenured 312023K->312023K, 0.0297292 secs]
[GC 342901K->312415K(1571712K) eden 30463K->0K survivor 414K->391K tenured 312023K->312023K, 0.0314654 secs]
[GC 342879K->312483K(1571712K) eden 30463K->0K survivor 391K->459K tenured 312023K->312023K, 0.0327613 secs]
[GC 342947K->312501K(1571712K) eden 30464K->0K survivor 459K->478K tenured 312023K->312023K, 0.0330996 secs]
[GC 342965K->312922K(1571712K) eden 30463K->0K survivor 478K->899K tenured 312023K->312023K, 0.0353883 secs]
[GC 343386K->312578K(1571712K) eden 30463K->0K survivor 899K->187K tenured 312023K->312390K, 0.0407416 secs]
[GC 343042K->312602K(1571712K) eden 30463K->0K survivor 187K->211K tenured 312390K->312390K, 0.0235029 secs]
[GC 343066K->312645K(1571712K) eden 30463K->0K survivor 211K->254K tenured 312390K->312390K, 0.0252269 secs]
[GC 343097K->312640K(1571712K) eden 30451K->0K survivor 254K->249K tenured 312390K->312390K, 0.0330468 secs]
[GC 343101K->312691K(1571712K) eden 30461K->0K survivor 249K->300K tenured 312390K->312390K, 0.0272370 secs]
[GC 343155K->312714K(1571712K) eden 30463K->0K survivor 300K->323K tenured 312390K->312390K, 0.0286044 secs]
[GC 343173K->312703K(1571712K) eden 30459K->0K survivor 323K->312K tenured 312390K->312390K, 0.0298409 secs]
[GC 343167K->312813K(1571712K) eden 30464K->0K survivor 312K->422K tenured 312390K->312390K, 0.0306859 secs]
[GC 343277K->312930K(1571712K) eden 30463K->0K survivor 422K->539K tenured 312390K->312390K, 0.0329685 secs]
[GC 343394K->312852K(1571712K) eden 30463K->0K survivor 539K->462K tenured 312390K->312390K, 0.0376414 secs]
[GC 343313K->312815K(1571712K) eden 30460K->0K survivor 462K->425K tenured 312390K->312390K, 0.0395817 secs]
[GC 343279K->312904K(1571712K) eden 30463K->0K survivor 425K->513K tenured 312390K->312390K, 0.0337106 secs]
[GC 343368K->312945K(1571712K) eden 30463K->0K survivor 513K->554K tenured 312390K->312390K, 0.0394034 secs]
[GC 343406K->312960K(1571712K) eden 30460K->0K survivor 554K->570K tenured 312390K->312390K, 0.0409449 secs]
[GC 343424K->313061K(1571712K) eden 30464K->0K survivor 570K->671K tenured 312390K->312390K, 0.0368516 secs]
[GC 343525K->313442K(1571712K) eden 30463K->0K survivor 671K->937K tenured 312390K->312505K, 0.0416603 secs]
[GC 343906K->313081K(1571712K) eden 30463K->0K survivor 937K->217K tenured 312505K->312863K, 0.0458123 secs]
[GC 343545K->313132K(1571712K) eden 30463K->0K survivor 217K->268K tenured 312863K->312863K, 0.0259268 secs]
[GC 343596K->313178K(1571712K) eden 30464K->0K survivor 268K->314K tenured 312863K->312863K, 0.0298789 secs]
[GC 343642K->313195K(1571712K) eden 30463K->0K survivor 314K->331K tenured 312863K->312863K, 0.0306621 secs]
[GC 343657K->313173K(1571712K) eden 30462K->0K survivor 331K->309K tenured 312863K->312863K, 0.0285466 secs]
[GC 343637K->313267K(1571712K) eden 30463K->0K survivor 309K->403K tenured 312863K->312863K, 0.0312535 secs]
[GC 343731K->313213K(1571712K) eden 30463K->0K survivor 403K->349K tenured 312863K->312863K, 0.0306773 secs]
[GC 343677K->313307K(1571712K) eden 30464K->0K survivor 349K->443K tenured 312863K->312863K, 0.0352624 secs]
[GC 343771K->313376K(1571712K) eden 30464K->0K survivor 443K->513K tenured 312863K->312863K, 0.0363492 secs]
[GC 343840K->313448K(1571712K) eden 30463K->0K survivor 513K->584K tenured 312863K->312863K, 0.0364291 secs]
[GC 343874K->313470K(1571712K) eden 30425K->0K survivor 584K->555K tenured 312863K->312915K, 0.0400621 secs]
[GC 343934K->313467K(1571712K) eden 30464K->0K survivor 555K->551K tenured 312915K->312915K, 0.0380871 secs]
[GC 343931K->313486K(1571712K) eden 30463K->0K survivor 551K->571K tenured 312915K->312915K, 0.0363516 secs]
[GC 343950K->313480K(1571712K) eden 30463K->0K survivor 571K->564K tenured 312915K->312915K, 0.0400694 secs]
[GC 343944K->313568K(1571712K) eden 30463K->0K survivor 564K->653K tenured 312915K->312915K, 0.0378291 secs]
[GC 344032K->313990K(1571712K) eden 30463K->0K survivor 653K->958K tenured 312915K->313031K, 0.0435381 secs]
[GC 344454K->313627K(1571712K) eden 30463K->0K survivor 958K->168K tenured 313031K->313458K, 0.0494486 secs]
[GC 344091K->313667K(1571712K) eden 30463K->0K survivor 168K->209K tenured 313458K->313458K, 0.0236949 secs]
[GC 344131K->313700K(1571712K) eden 30463K->0K survivor 209K->241K tenured 313458K->313458K, 0.0250008 secs]
[GC 344156K->313659K(1571712K) eden 30456K->0K survivor 241K->200K tenured 313458K->313458K, 0.0266887 secs]
[GC 344119K->313683K(1571712K) eden 30460K->0K survivor 200K->224K tenured 313458K->313458K, 0.0276634 secs]
[GC 344147K->313740K(1571712K) eden 30463K->0K survivor 224K->281K tenured 313458K->313458K, 0.0299850 secs]
[GC 344197K->313742K(1571712K) eden 30457K->0K survivor 281K->283K tenured 313458K->313458K, 0.0348928 secs]
[GC 344206K->313864K(1571712K) eden 30463K->0K survivor 283K->406K tenured 313458K->313458K, 0.0333118 secs]
[GC 344314K->313888K(1571712K) eden 30449K->0K survivor 406K->429K tenured 313458K->313458K, 0.0325152 secs]
[GC 344352K->313907K(1571712K) eden 30463K->0K survivor 429K->449K tenured 313458K->313458K, 0.0330620 secs]
[GC 344371K->313914K(1571712K) eden 30463K->0K survivor 449K->455K tenured 313458K->313458K, 0.0332499 secs]
[GC 344378K->313971K(1571712K) eden 30463K->0K survivor 455K->513K tenured 313458K->313458K, 0.0356178 secs]
[GC 344435K->313998K(1571712K) eden 30463K->0K survivor 513K->540K tenured 313458K->313458K, 0.0360132 secs]
[GC 344460K->313995K(1571712K) eden 30461K->0K survivor 540K->536K tenured 313458K->313458K, 0.0376745 secs]
[GC 344452K->314038K(1571712K) eden 30457K->0K survivor 536K->579K tenured 313458K->313458K, 0.0436705 secs]
[GC 344502K->314102K(1571712K) eden 30463K->0K survivor 579K->622K tenured 313458K->313479K, 0.0382552 secs]
[GC 344566K->314066K(1571712K) eden 30463K->0K survivor 622K->528K tenured 313479K->313538K, 0.0399375 secs]
[GC 344530K->314198K(1571712K) eden 30463K->0K survivor 528K->660K tenured 313538K->313538K, 0.0467693 secs]
[GC 344662K->314237K(1571712K) eden 30463K->0K survivor 660K->597K tenured 313538K->313640K, 0.0405726 secs]
[GC 344693K->314204K(1571712K) eden 30455K->0K survivor 597K->534K tenured 313640K->313670K, 0.0380305 secs]
[GC 344668K->314284K(1571712K) eden 30463K->0K survivor 534K->613K tenured 313670K->313670K, 0.0387423 secs]
[GC 344745K->314238K(1571712K) eden 30461K->0K survivor 613K->513K tenured 313670K->313724K, 0.0393470 secs]
[GC 344702K->314363K(1571712K) eden 30463K->0K survivor 513K->638K tenured 313724K->313724K, 0.0391386 secs]
[GC 344827K->314373K(1571712K) eden 30464K->0K survivor 638K->572K tenured 313724K->313801K, 0.0405636 secs]
[GC 344837K->314414K(1571712K) eden 30463K->0K survivor 572K->612K tenured 313801K->313801K, 0.0385572 secs]
[GC 344878K->314442K(1571712K) eden 30463K->0K survivor 612K->596K tenured 313801K->313845K, 0.0411217 secs]
[GC 344906K->314451K(1571712K) eden 30464K->0K survivor 596K->574K tenured 313845K->313877K, 0.0409200 secs]
[GC 344907K->314436K(1571712K) eden 30455K->0K survivor 574K->559K tenured 313877K->313877K, 0.0376186 secs]
[GC 344900K->314543K(1571712K) eden 30464K->0K survivor 559K->666K tenured 313877K->313877K, 0.0418491 secs]
[GC 345007K->314576K(1571712K) eden 30463K->0K survivor 666K->581K tenured 313877K->313995K, 0.0483483 secs]
[GC 345040K->314602K(1571712K) eden 30464K->0K survivor 581K->578K tenured 313995K->314024K, 0.0389766 secs]
[GC 344775K->315066K(1571712K) eden 30172K->0K survivor 578K->1013K tenured 314024K->314053K, 0.0496194 secs]
[GC 345530K->314669K(1571712K) eden 30463K->0K survivor 1013K->174K tenured 314053K->314494K, 0.0444077 secs]
[GC 345133K->314696K(1571712K) eden 30463K->0K survivor 174K->202K tenured 314494K->314494K, 0.0223859 secs]
[GC 345160K->314733K(1571712K) eden 30464K->0K survivor 202K->239K tenured 314494K->314494K, 0.0249613 secs]
[GC 345197K->314757K(1571712K) eden 30463K->0K survivor 239K->263K tenured 314494K->314494K, 0.0269549 secs]
[GC 345205K->314744K(1571712K) eden 30448K->0K survivor 263K->249K tenured 314494K->314494K, 0.0280000 secs]
[GC 345207K->314768K(1571712K) eden 30463K->0K survivor 249K->274K tenured 314494K->314494K, 0.0291367 secs]
[GC 345232K->314892K(1571712K) eden 30463K->0K survivor 274K->398K tenured 314494K->314494K, 0.0305489 secs]
[GC 345356K->314869K(1571712K) eden 30463K->0K survivor 398K->375K tenured 314494K->314494K, 0.0312446 secs]
[GC 345320K->314891K(1571712K) eden 30450K->0K survivor 375K->397K tenured 314494K->314494K, 0.0381200 secs]
[GC 345355K->314883K(1571712K) eden 30463K->0K survivor 397K->389K tenured 314494K->314494K, 0.0327958 secs]
[GC 345347K->315380K(1571712K) eden 30463K->0K survivor 389K->886K tenured 314494K->314494K, 0.0358599 secs]
[GC 345844K->315034K(1571712K) eden 30464K->0K survivor 886K->186K tenured 314494K->314847K, 0.0413664 secs]
[GC 345498K->315073K(1571712K) eden 30463K->0K survivor 186K->225K tenured 314847K->314847K, 0.0245569 secs]
[GC 345536K->315069K(1571712K) eden 30463K->0K survivor 225K->221K tenured 314847K->314847K, 0.0252272 secs]
[GC 345533K->315137K(1571712K) eden 30464K->0K survivor 221K->289K tenured 314847K->314847K, 0.0280293 secs]
[GC 345601K->315190K(1571712K) eden 30463K->0K survivor 289K->342K tenured 314847K->314847K, 0.0284631 secs]
[GC 345654K->315184K(1571712K) eden 30464K->0K survivor 342K->336K tenured 314847K->314847K, 0.0297702 secs]
[GC 345648K->315239K(1571712K) eden 30463K->0K survivor 336K->392K tenured 314847K->314847K, 0.0309417 secs]
[GC 345703K->315198K(1571712K) eden 30463K->0K survivor 392K->350K tenured 314847K->314847K, 0.0315618 secs]
[GC 345662K->315388K(1571712K) eden 30464K->0K survivor 350K->540K tenured 314847K->314847K, 0.0333518 secs]
[GC 345847K->315253K(1571712K) eden 30458K->0K survivor 540K->405K tenured 314847K->314847K, 0.0349256 secs]
[GC 345712K->315288K(1571712K) eden 30458K->0K survivor 405K->440K tenured 314847K->314847K, 0.0353836 secs]
[GC 345743K->315332K(1571712K) eden 30455K->0K survivor 440K->484K tenured 314847K->314847K, 0.0357961 secs]
[GC 345790K->315356K(1571712K) eden 30458K->0K survivor 484K->508K tenured 314847K->314847K, 0.0358110 secs]
[GC 345811K->315432K(1571712K) eden 30455K->0K survivor 508K->584K tenured 314847K->314847K, 0.0370018 secs]
[GC 345896K->315504K(1571712K) eden 30464K->0K survivor 584K->635K tenured 314847K->314868K, 0.0394805 secs]
[GC 345968K->315901K(1571712K) eden 30463K->0K survivor 635K->971K tenured 314868K->314930K, 0.0439957 secs]
[GC 346364K->315460K(1571712K) eden 30463K->0K survivor 971K->137K tenured 314930K->315323K, 0.0413012 secs]
[GC 345924K->315571K(1571712K) eden 30463K->0K survivor 137K->248K tenured 315323K->315323K, 0.0260539 secs]
[GC 346035K->315614K(1571712K) eden 30463K->0K survivor 248K->291K tenured 315323K->315323K, 0.0280021 secs]
[GC 346078K->315643K(1571712K) eden 30463K->0K survivor 291K->320K tenured 315323K->315323K, 0.0278035 secs]
[GC 345960K->315847K(1571712K) eden 30317K->0K survivor 320K->524K tenured 315323K->315323K, 0.0304636 secs]
[GC 346311K->315717K(1571712K) eden 30463K->0K survivor 524K->394K tenured 315323K->315323K, 0.0367166 secs]
[GC 346181K->315733K(1571712K) eden 30463K->0K survivor 394K->410K tenured 315323K->315323K, 0.0314280 secs]
[GC 346197K->315776K(1571712K) eden 30464K->0K survivor 410K->453K tenured 315323K->315323K, 0.0320057 secs]
[GC 346240K->315787K(1571712K) eden 30463K->0K survivor 453K->464K tenured 315323K->315323K, 0.0364004 secs]
[GC 346251K->315819K(1571712K) eden 30464K->0K survivor 464K->496K tenured 315323K->315323K, 0.0372746 secs]
[GC 346283K->315801K(1571712K) eden 30463K->0K survivor 496K->478K tenured 315323K->315323K, 0.0359048 secs]
[GC 346265K->315925K(1571712K) eden 30463K->0K survivor 478K->602K tenured 315323K->315323K, 0.0369855 secs]
[GC 346380K->315876K(1571712K) eden 30455K->0K survivor 602K->501K tenured 315323K->315374K, 0.0389539 secs]
[GC 346340K->315964K(1571712K) eden 30463K->0K survivor 501K->589K tenured 315374K->315374K, 0.0376719 secs]
[GC 346421K->315917K(1571712K) eden 30457K->0K survivor 589K->519K tenured 315374K->315398K, 0.0413999 secs]
[GC 346381K->316410K(1571712K) eden 30463K->0K survivor 519K->1012K tenured 315398K->315398K, 0.0383448 secs]
[GC 346874K->316064K(1571712K) eden 30463K->0K survivor 1012K->185K tenured 315398K->315879K, 0.0447595 secs]
[GC 346500K->316028K(1571712K) eden 30435K->0K survivor 185K->149K tenured 315879K->315879K, 0.0235564 secs]
[GC 346492K->316127K(1571712K) eden 30464K->0K survivor 149K->248K tenured 315879K->315879K, 0.0262747 secs]
[GC 346591K->316167K(1571712K) eden 30463K->0K survivor 248K->288K tenured 315879K->315879K, 0.0271138 secs]
[GC 346631K->316217K(1571712K) eden 30463K->0K survivor 288K->338K tenured 315879K->315879K, 0.0295278 secs]
[GC 346676K->316142K(1571712K) eden 30458K->0K survivor 338K->263K tenured 315879K->315879K, 0.0328670 secs]
[GC 346606K->316265K(1571712K) eden 30463K->0K survivor 263K->386K tenured 315879K->315879K, 0.0294694 secs]
[GC 346727K->316275K(1571712K) eden 30461K->0K survivor 386K->396K tenured 315879K->315879K, 0.0306217 secs]
[GC 346739K->316412K(1571712K) eden 30464K->0K survivor 396K->533K tenured 315879K->315879K, 0.0371051 secs]
[GC 346875K->316325K(1571712K) eden 30463K->0K survivor 533K->446K tenured 315879K->315879K, 0.0334508 secs]
[GC 346789K->316352K(1571712K) eden 30463K->0K survivor 446K->473K tenured 315879K->315879K, 0.0336612 secs]
[GC 346811K->316418K(1571712K) eden 30459K->0K survivor 473K->539K tenured 315879K->315879K, 0.0343470 secs]
[GC 346882K->316428K(1571712K) eden 30463K->0K survivor 539K->549K tenured 315879K->315879K, 0.0364831 secs]
[GC 346885K->316420K(1571712K) eden 30457K->0K survivor 549K->541K tenured 315879K->315879K, 0.0432775 secs]
[GC 346884K->316523K(1571712K) eden 30463K->0K survivor 541K->644K tenured 315879K->315879K, 0.0380179 secs]
[GC 346982K->316464K(1571712K) eden 30458K->0K survivor 644K->504K tenured 315879K->315960K, 0.0460877 secs]
[GC 346928K->316555K(1571712K) eden 30463K->0K survivor 504K->595K tenured 315960K->315960K, 0.0370374 secs]
[GC 347019K->316589K(1571712K) eden 30463K->0K survivor 595K->597K tenured 315960K->315991K, 0.0380623 secs]
[GC 347052K->316576K(1571712K) eden 30462K->0K survivor 597K->536K tenured 315991K->316039K, 0.0408551 secs]
[GC 347040K->316658K(1571712K) eden 30464K->0K survivor 536K->618K tenured 316039K->316039K, 0.0373342 secs]
[GC 347108K->317120K(1571712K) eden 30449K->0K survivor 618K->1021K tenured 316039K->316099K, 0.0404400 secs]
[GC 347584K->316721K(1571712K) eden 30463K->0K survivor 1021K->171K tenured 316099K->316549K, 0.0461012 secs]
[GC 347162K->316688K(1571712K) eden 30440K->0K survivor 171K->139K tenured 316549K->316549K, 0.0231536 secs]
[GC 347152K->316782K(1571712K) eden 30463K->0K survivor 139K->232K tenured 316549K->316549K, 0.0254772 secs]
[GC 347246K->316804K(1571712K) eden 30463K->0K survivor 232K->254K tenured 316549K->316549K, 0.0275413 secs]
[GC 347268K->316832K(1571712K) eden 30463K->0K survivor 254K->282K tenured 316549K->316549K, 0.0280890 secs]
[GC 347296K->316815K(1571712K) eden 30463K->0K survivor 282K->265K tenured 316549K->316549K, 0.0296174 secs]
[GC 347279K->316939K(1571712K) eden 30463K->0K survivor 265K->390K tenured 316549K->316549K, 0.0295736 secs]
[GC 347388K->316872K(1571712K) eden 30449K->0K survivor 390K->322K tenured 316549K->316549K, 0.0312374 secs]
[GC 347336K->316978K(1571712K) eden 30463K->0K survivor 322K->428K tenured 316549K->316549K, 0.0322589 secs]
[GC 347438K->316999K(1571712K) eden 30459K->0K survivor 428K->449K tenured 316549K->316549K, 0.0326912 secs]
[GC 347463K->317426K(1571712K) eden 30463K->0K survivor 449K->876K tenured 316549K->316549K, 0.0362796 secs]
[GC 347884K->317033K(1571712K) eden 30457K->0K survivor 876K->139K tenured 316549K->316894K, 0.0398293 secs]
[GC 347497K->317119K(1571712K) eden 30464K->0K survivor 139K->225K tenured 316894K->316894K, 0.0230511 secs]
[GC 347583K->317162K(1571712K) eden 30463K->0K survivor 225K->268K tenured 316894K->316894K, 0.0250554 secs]
[GC 347626K->317182K(1571712K) eden 30463K->0K survivor 268K->287K tenured 316894K->316894K, 0.0265234 secs]
[GC 347646K->317234K(1571712K) eden 30463K->0K survivor 287K->340K tenured 316894K->316894K, 0.0291639 secs]
[GC 347698K->317219K(1571712K) eden 30463K->0K survivor 340K->325K tenured 316894K->316894K, 0.0318247 secs]
[GC 347683K->317286K(1571712K) eden 30464K->0K survivor 325K->392K tenured 316894K->316894K, 0.0300019 secs]
[GC 347750K->317314K(1571712K) eden 30463K->0K survivor 392K->420K tenured 316894K->316894K, 0.0345631 secs]
[GC 347778K->317431K(1571712K) eden 30463K->0K survivor 420K->537K tenured 316894K->316894K, 0.0322233 secs]
[GC 347887K->317309K(1571712K) eden 30455K->0K survivor 537K->415K tenured 316894K->316894K, 0.0328155 secs]
[GC 347767K->317331K(1571712K) eden 30458K->0K survivor 415K->437K tenured 316894K->316894K, 0.0415696 secs]
[GC 347795K->317447K(1571712K) eden 30464K->0K survivor 437K->552K tenured 316894K->316894K, 0.0341019 secs]
[GC 347911K->317444K(1571712K) eden 30463K->0K survivor 552K->550K tenured 316894K->316894K, 0.0377939 secs]
[GC 347908K->317505K(1571712K) eden 30463K->0K survivor 550K->611K tenured 316894K->316894K, 0.0388042 secs]
[GC 347966K->317515K(1571712K) eden 30461K->0K survivor 611K->575K tenured 316894K->316939K, 0.0401076 secs]
[GC 347978K->317533K(1571712K) eden 30463K->0K survivor 575K->593K tenured 316939K->316939K, 0.0385199 secs]
[GC 347994K->317512K(1571712K) eden 30461K->0K survivor 593K->536K tenured 316939K->316976K, 0.0390221 secs]
[GC 347976K->317623K(1571712K) eden 30464K->0K survivor 536K->647K tenured 316976K->316976K, 0.0391717 secs]
[GC 348087K->317653K(1571712K) eden 30463K->0K survivor 647K->596K tenured 316976K->317056K, 0.0426901 secs]
[GC 348117K->317689K(1571712K) eden 30463K->0K survivor 596K->601K tenured 317056K->317087K, 0.0452047 secs]
[GC 347931K->318143K(1571712K) eden 30242K->0K survivor 601K->1027K tenured 317087K->317116K, 0.0402534 secs]
[GC 348607K->317746K(1571712K) eden 30463K->0K survivor 1027K->173K tenured 317116K->317572K, 0.0466211 secs]
[GC 348206K->317701K(1571712K) eden 30460K->0K survivor 173K->128K tenured 317572K->317572K, 0.0286323 secs]
[GC 348165K->317808K(1571712K) eden 30463K->0K survivor 128K->235K tenured 317572K->317572K, 0.0256554 secs]
[GC 348272K->317830K(1571712K) eden 30463K->0K survivor 235K->257K tenured 317572K->317572K, 0.0259973 secs]
[GC 348294K->317859K(1571712K) eden 30463K->0K survivor 257K->286K tenured 317572K->317572K, 0.0352018 secs]
[GC 348323K->317840K(1571712K) eden 30463K->0K survivor 286K->267K tenured 317572K->317572K, 0.0326956 secs]
[GC 348302K->317855K(1571712K) eden 30462K->0K survivor 267K->282K tenured 317572K->317572K, 0.0331582 secs]
[GC 348319K->317956K(1571712K) eden 30463K->0K survivor 282K->383K tenured 317572K->317572K, 0.0303198 secs]
[GC 348399K->318042K(1571712K) eden 30443K->0K survivor 383K->469K tenured 317572K->317572K, 0.0330849 secs]
[GC 348481K->317948K(1571712K) eden 30439K->0K survivor 469K->375K tenured 317572K->317572K, 0.0342023 secs]
[GC 348408K->317953K(1571712K) eden 30459K->0K survivor 375K->380K tenured 317572K->317572K, 0.0335400 secs]
[GC 348417K->318057K(1571712K) eden 30464K->0K survivor 380K->484K tenured 317572K->317572K, 0.0354825 secs]
[GC 348521K->318102K(1571712K) eden 30463K->0K survivor 484K->529K tenured 317572K->317572K, 0.0420685 secs]
[GC 348566K->318135K(1571712K) eden 30463K->0K survivor 529K->562K tenured 317572K->317572K, 0.0376311 secs]
[GC 348599K->318179K(1571712K) eden 30463K->0K survivor 562K->606K tenured 317572K->317572K, 0.0398873 secs]
[GC 348643K->318189K(1571712K) eden 30463K->0K survivor 606K->569K tenured 317572K->317619K, 0.0395877 secs]
[GC 348653K->318151K(1571712K) eden 30463K->0K survivor 569K->531K tenured 317619K->317619K, 0.0368911 secs]
[GC 348615K->318256K(1571712K) eden 30463K->0K survivor 531K->636K tenured 317619K->317619K, 0.0397109 secs]
[GC 348720K->318301K(1571712K) eden 30464K->0K survivor 636K->581K tenured 317619K->317720K, 0.0424602 secs]
[GC 348765K->318331K(1571712K) eden 30464K->0K survivor 581K->586K tenured 317720K->317745K, 0.0387686 secs]
[GC 348795K->318365K(1571712K) eden 30463K->0K survivor 586K->593K tenured 317745K->317772K, 0.0465611 secs]
[GC 348827K->318316K(1571712K) eden 30462K->0K survivor 593K->520K tenured 317772K->317795K, 0.0383838 secs]
[GC 348780K->318397K(1571712K) eden 30463K->0K survivor 520K->601K tenured 317795K->317795K, 0.0383140 secs]
[GC 348861K->318440K(1571712K) eden 30464K->0K survivor 601K->617K tenured 317795K->317822K, 0.0398367 secs]
[GC 348904K->318505K(1571712K) eden 30463K->0K survivor 617K->612K tenured 317822K->317893K, 0.0422310 secs]
[GC 348942K->318583K(1571712K) eden 30436K->0K survivor 612K->649K tenured 317893K->317933K, 0.0415933 secs]
[GC 349047K->318551K(1571712K) eden 30463K->0K survivor 649K->499K tenured 317933K->318051K, 0.0430251 secs]
[GC 349015K->318589K(1571712K) eden 30463K->0K survivor 499K->537K tenured 318051K->318051K, 0.0370991 secs]
[GC 349053K->318606K(1571712K) eden 30464K->0K survivor 537K->555K tenured 318051K->318051K, 0.0378343 secs]
[GC 349063K->318625K(1571712K) eden 30456K->0K survivor 555K->574K tenured 318051K->318051K, 0.0383872 secs]
[GC 349089K->318683K(1571712K) eden 30464K->0K survivor 574K->632K tenured 318051K->318051K, 0.0397147 secs]
[GC 349147K->319104K(1571712K) eden 30463K->0K survivor 632K->994K tenured 318051K->318110K, 0.0435802 secs]
[GC 349568K->318750K(1571712K) eden 30463K->0K survivor 994K->175K tenured 318110K->318575K, 0.0461227 secs]
[GC 349214K->318775K(1571712K) eden 30464K->0K survivor 175K->200K tenured 318575K->318575K, 0.0236360 secs]
[GC 349233K->318746K(1571712K) eden 30457K->0K survivor 200K->170K tenured 318575K->318575K, 0.0249882 secs]
[GC 349207K->318778K(1571712K) eden 30460K->0K survivor 170K->202K tenured 318575K->318575K, 0.0263829 secs]
[GC 349242K->318869K(1571712K) eden 30464K->0K survivor 202K->293K tenured 318575K->318575K, 0.0288304 secs]
[GC 349333K->318807K(1571712K) eden 30463K->0K survivor 293K->231K tenured 318575K->318575K, 0.0288370 secs]
[GC 349271K->318923K(1571712K) eden 30463K->0K survivor 231K->347K tenured 318575K->318575K, 0.0295187 secs]
[GC 349373K->318935K(1571712K) eden 30450K->0K survivor 347K->359K tenured 318575K->318575K, 0.0315724 secs]
[GC 349399K->319074K(1571712K) eden 30463K->0K survivor 359K->498K tenured 318575K->318575K, 0.0329735 secs]
[GC 349538K->318993K(1571712K) eden 30463K->0K survivor 498K->418K tenured 318575K->318575K, 0.0352557 secs]
[GC 349457K->319012K(1571712K) eden 30464K->0K survivor 418K->436K tenured 318575K->318575K, 0.0336956 secs]
[GC 349476K->319036K(1571712K) eden 30463K->0K survivor 436K->461K tenured 318575K->318575K, 0.0350550 secs]
[GC 349491K->319028K(1571712K) eden 30454K->0K survivor 461K->452K tenured 318575K->318575K, 0.0349800 secs]
[GC 349492K->319122K(1571712K) eden 30464K->0K survivor 452K->546K tenured 318575K->318575K, 0.0373486 secs]
[GC 349586K->319166K(1571712K) eden 30463K->0K survivor 546K->590K tenured 318575K->318575K, 0.0374745 secs]
[GC 349629K->319093K(1571712K) eden 30463K->0K survivor 590K->498K tenured 318575K->318595K, 0.0382493 secs]
[GC 349557K->319195K(1571712K) eden 30464K->0K survivor 498K->599K tenured 318595K->318595K, 0.0387777 secs]
[GC 349659K->319222K(1571712K) eden 30463K->0K survivor 599K->571K tenured 318595K->318650K, 0.0399098 secs]
[GC 349686K->319418K(1571712K) eden 30463K->0K survivor 571K->767K tenured 318650K->318650K, 0.0397762 secs]
[GC 349882K->319505K(1571712K) eden 30463K->0K survivor 767K->639K tenured 318650K->318866K, 0.0438930 secs]
[GC 349969K->319274K(1571712K) eden 30463K->0K survivor 639K->335K tenured 318866K->318938K, 0.0345359 secs]
[GC 349738K->319318K(1571712K) eden 30463K->0K survivor 335K->380K tenured 318938K->318938K, 0.0338780 secs]
[GC 349782K->319494K(1571712K) eden 30463K->0K survivor 380K->556K tenured 318938K->318938K, 0.0330326 secs]
[GC 349958K->319585K(1571712K) eden 30463K->0K survivor 556K->647K tenured 318938K->318938K, 0.0324594 secs]
[GC 350042K->319335K(1571712K) eden 30456K->0K survivor 647K->293K tenured 318938K->319041K, 0.0355059 secs]
[GC 349799K->319404K(1571712K) eden 30463K->0K survivor 293K->362K tenured 319041K->319041K, 0.0304272 secs]
[GC 349865K->319375K(1571712K) eden 30460K->0K survivor 362K->333K tenured 319041K->319041K, 0.0324537 secs]
[GC 349839K->319467K(1571712K) eden 30463K->0K survivor 333K->425K tenured 319041K->319041K, 0.0328574 secs]
[GC 349930K->319492K(1571712K) eden 30463K->0K survivor 425K->450K tenured 319041K->319041K, 0.0347193 secs]
[GC 349956K->319538K(1571712K) eden 30463K->0K survivor 450K->496K tenured 319041K->319041K, 0.0369013 secs]
[GC 350002K->319482K(1571712K) eden 30463K->0K survivor 496K->440K tenured 319041K->319041K, 0.0361172 secs]
[GC 349946K->319575K(1571712K) eden 30463K->0K survivor 440K->533K tenured 319041K->319041K, 0.0369618 secs]
[GC 350039K->319615K(1571712K) eden 30463K->0K survivor 533K->573K tenured 319041K->319041K, 0.0386764 secs]
[GC 350079K->319715K(1571712K) eden 30463K->0K survivor 573K->673K tenured 319041K->319041K, 0.0456955 secs]
[GC 350179K->319752K(1571712K) eden 30463K->0K survivor 673K->579K tenured 319041K->319173K, 0.0424098 secs]
[GC 350196K->319682K(1571712K) eden 30443K->0K survivor 579K->488K tenured 319173K->319193K, 0.0371023 secs]
[GC 350146K->319775K(1571712K) eden 30463K->0K survivor 488K->581K tenured 319193K->319193K, 0.0370539 secs]
[GC 350239K->319813K(1571712K) eden 30463K->0K survivor 581K->605K tenured 319193K->319208K, 0.0395555 secs]
[GC 350277K->319847K(1571712K) eden 30463K->0K survivor 605K->595K tenured 319208K->319251K, 0.0397625 secs]
[GC 350311K->320253K(1571712K) eden 30463K->0K survivor 595K->981K tenured 319251K->319272K, 0.0390335 secs]
[GC 350717K->319901K(1571712K) eden 30463K->0K survivor 981K->178K tenured 319272K->319722K, 0.0446104 secs]
[GC 350365K->319927K(1571712K) eden 30464K->0K survivor 178K->204K tenured 319722K->319722K, 0.0233302 secs]
[GC 350391K->319958K(1571712K) eden 30463K->0K survivor 204K->236K tenured 319722K->319722K, 0.0253911 secs]
[GC 350422K->319979K(1571712K) eden 30463K->0K survivor 236K->257K tenured 319722K->319722K, 0.0266822 secs]
[GC 350431K->319956K(1571712K) eden 30451K->0K survivor 257K->233K tenured 319722K->319722K, 0.0283355 secs]
[GC 350420K->319971K(1571712K) eden 30463K->0K survivor 233K->248K tenured 319722K->319722K, 0.0287428 secs]
[GC 350429K->320018K(1571712K) eden 30457K->0K survivor 248K->296K tenured 319722K->319722K, 0.0300679 secs]
[GC 350482K->320118K(1571712K) eden 30463K->0K survivor 296K->395K tenured 319722K->319722K, 0.0316678 secs]
[GC 350582K->320238K(1571712K) eden 30464K->0K survivor 395K->515K tenured 319722K->319722K, 0.0332137 secs]
[GC 350699K->320148K(1571712K) eden 30461K->0K survivor 515K->425K tenured 319722K->319722K, 0.0336194 secs]
[GC 350607K->320144K(1571712K) eden 30459K->0K survivor 425K->421K tenured 319722K->319722K, 0.0332817 secs]
[GC 350608K->320205K(1571712K) eden 30464K->0K survivor 421K->482K tenured 319722K->319722K, 0.0413925 secs]
[GC 350662K->320188K(1571712K) eden 30457K->0K survivor 482K->465K tenured 319722K->319722K, 0.0366688 secs]
[GC 350643K->320248K(1571712K) eden 30455K->0K survivor 465K->526K tenured 319722K->319722K, 0.0378382 secs]
[GC 350694K->320281K(1571712K) eden 30445K->0K survivor 526K->558K tenured 319722K->319722K, 0.0378537 secs]
[GC 350745K->320734K(1571712K) eden 30463K->0K survivor 558K->1011K tenured 319722K->319722K, 0.0417926 secs]
[GC 351198K->320363K(1571712K) eden 30463K->0K survivor 1011K->200K tenured 319722K->320162K, 0.0448260 secs]
[GC 350827K->320397K(1571712K) eden 30464K->0K survivor 200K->234K tenured 320162K->320162K, 0.0249983 secs]
[GC 350861K->320437K(1571712K) eden 30463K->0K survivor 234K->274K tenured 320162K->320162K, 0.0279013 secs]
[GC 350901K->320465K(1571712K) eden 30464K->0K survivor 274K->302K tenured 320162K->320162K, 0.0295281 secs]
[GC 350660K->320666K(1571712K) eden 30195K->0K survivor 302K->503K tenured 320162K->320162K, 0.0380785 secs]
[GC 351130K->320522K(1571712K) eden 30464K->0K survivor 503K->359K tenured 320162K->320162K, 0.0306332 secs]
[GC 350986K->320545K(1571712K) eden 30464K->0K survivor 359K->382K tenured 320162K->320162K, 0.0319503 secs]
[GC 351002K->320552K(1571712K) eden 30457K->0K survivor 382K->389K tenured 320162K->320162K, 0.0331310 secs]
[GC 351016K->320598K(1571712K) eden 30463K->0K survivor 389K->435K tenured 320162K->320162K, 0.0386359 secs]
[GC 351062K->320625K(1571712K) eden 30463K->0K survivor 435K->462K tenured 320162K->320162K, 0.0349311 secs]
[GC 351089K->320606K(1571712K) eden 30463K->0K survivor 462K->443K tenured 320162K->320162K, 0.0366438 secs]
[GC 351069K->320614K(1571712K) eden 30462K->0K survivor 443K->451K tenured 320162K->320162K, 0.0365867 secs]
[GC 351070K->320693K(1571712K) eden 30456K->0K survivor 451K->530K tenured 320162K->320162K, 0.0393139 secs]
[GC 351154K->320758K(1571712K) eden 30461K->0K survivor 530K->595K tenured 320162K->320162K, 0.0411406 secs]
[GC 351222K->320980K(1571712K) eden 30464K->0K survivor 595K->770K tenured 320162K->320210K, 0.0429646 secs]
[GC 351440K->320861K(1571712K) eden 30459K->0K survivor 770K->434K tenured 320210K->320427K, 0.0441434 secs]
[GC 351325K->320923K(1571712K) eden 30463K->0K survivor 434K->496K tenured 320427K->320427K, 0.0354594 secs]
[GC 351387K->321146K(1571712K) eden 30463K->0K survivor 496K->718K tenured 320427K->320427K, 0.0363846 secs]
[GC 351610K->321135K(1571712K) eden 30463K->0K survivor 718K->547K tenured 320427K->320587K, 0.0406336 secs]
[GC 351599K->321182K(1571712K) eden 30463K->0K survivor 547K->595K tenured 320587K->320587K, 0.0340082 secs]
[GC 351646K->321216K(1571712K) eden 30463K->0K survivor 595K->563K tenured 320587K->320653K, 0.0346434 secs]
[GC 351680K->321622K(1571712K) eden 30463K->0K survivor 563K->969K tenured 320653K->320653K, 0.0336208 secs]
[GC 352043K->321220K(1571712K) eden 30420K->0K survivor 969K->131K tenured 320653K->321088K, 0.0455465 secs]
[GC 351684K->321279K(1571712K) eden 30464K->0K survivor 131K->191K tenured 321088K->321088K, 0.0284130 secs]
[GC 351743K->321330K(1571712K) eden 30463K->0K survivor 191K->241K tenured 321088K->321088K, 0.0251222 secs]
[GC 351794K->321381K(1571712K) eden 30463K->0K survivor 241K->293K tenured 321088K->321088K, 0.0281613 secs]
[GC 351845K->321405K(1571712K) eden 30463K->0K survivor 293K->317K tenured 321088K->321088K, 0.0285064 secs]
[GC 351869K->321488K(1571712K) eden 30463K->0K survivor 317K->399K tenured 321088K->321088K, 0.0296612 secs]
[GC 351945K->321397K(1571712K) eden 30457K->0K survivor 399K->309K tenured 321088K->321088K, 0.0296783 secs]
[GC 351861K->321511K(1571712K) eden 30464K->0K survivor 309K->423K tenured 321088K->321088K, 0.0325941 secs]
[GC 351975K->321558K(1571712K) eden 30463K->0K survivor 423K->470K tenured 321088K->321088K, 0.0327485 secs]
[GC 351996K->321532K(1571712K) eden 30438K->0K survivor 470K->443K tenured 321088K->321088K, 0.0381653 secs]
[GC 351963K->321577K(1571712K) eden 30431K->0K survivor 443K->488K tenured 321088K->321088K, 0.0354866 secs]
[GC 352041K->321566K(1571712K) eden 30464K->0K survivor 488K->478K tenured 321088K->321088K, 0.0357841 secs]
[GC 352030K->321687K(1571712K) eden 30464K->0K survivor 478K->599K tenured 321088K->321088K, 0.0373969 secs]
[GC 352151K->321729K(1571712K) eden 30464K->0K survivor 599K->592K tenured 321088K->321136K, 0.0414116 secs]
[GC 352193K->321851K(1571712K) eden 30463K->0K survivor 592K->677K tenured 321136K->321174K, 0.0385372 secs]
[GC 352315K->321800K(1571712K) eden 30464K->0K survivor 677K->511K tenured 321174K->321289K, 0.0411107 secs]
[GC 352261K->321730K(1571712K) eden 30460K->0K survivor 511K->440K tenured 321289K->321289K, 0.0342843 secs]
[GC 352194K->321848K(1571712K) eden 30463K->0K survivor 440K->559K tenured 321289K->321289K, 0.0357894 secs]
[GC 352306K->321866K(1571712K) eden 30457K->0K survivor 559K->577K tenured 321289K->321289K, 0.0368980 secs]
[GC 352330K->321928K(1571712K) eden 30463K->0K survivor 577K->614K tenured 321289K->321314K, 0.0383468 secs]
[GC 352392K->321971K(1571712K) eden 30463K->0K survivor 614K->596K tenured 321314K->321374K, 0.0393877 secs]
[GC 352428K->321958K(1571712K) eden 30457K->0K survivor 596K->546K tenured 321374K->321411K, 0.0433326 secs]
[GC 352422K->321944K(1571712K) eden 30463K->0K survivor 546K->533K tenured 321411K->321411K, 0.0386899 secs]
[GC 352408K->322075K(1571712K) eden 30464K->0K survivor 533K->664K tenured 321411K->321411K, 0.0405935 secs]
[GC 352539K->322115K(1571712K) eden 30463K->0K survivor 664K->589K tenured 321411K->321525K, 0.0431561 secs]
[GC 352575K->322081K(1571712K) eden 30460K->0K survivor 589K->531K tenured 321525K->321550K, 0.0369607 secs]
[GC 352539K->322151K(1571712K) eden 30457K->0K survivor 531K->600K tenured 321550K->321550K, 0.0407430 secs]
[GC 352615K->322166K(1571712K) eden 30463K->0K survivor 600K->572K tenured 321550K->321594K, 0.0388066 secs]
[GC 352630K->322240K(1571712K) eden 30463K->0K survivor 572K->646K tenured 321594K->321594K, 0.0367136 secs]
[GC 352704K->322257K(1571712K) eden 30463K->0K survivor 646K->589K tenured 321594K->321668K, 0.0444565 secs]
[GC 352721K->322303K(1571712K) eden 30463K->0K survivor 589K->606K tenured 321668K->321697K, 0.0422231 secs]
[GC 352767K->322342K(1571712K) eden 30463K->0K survivor 606K->589K tenured 321697K->321753K, 0.0392185 secs]
[GC 352806K->322348K(1571712K) eden 30464K->0K survivor 589K->560K tenured 321753K->321788K, 0.0383477 secs]
[GC 352809K->322363K(1571712K) eden 30460K->0K survivor 560K->574K tenured 321788K->321788K, 0.0368586 secs]
[GC 352826K->322439K(1571712K) eden 30463K->0K survivor 574K->650K tenured 321788K->321788K, 0.0385513 secs]
[GC 352900K->322465K(1571712K) eden 30461K->0K survivor 650K->594K tenured 321788K->321871K, 0.0449477 secs]
[GC 352929K->322502K(1571712K) eden 30463K->0K survivor 594K->601K tenured 321871K->321901K, 0.0470416 secs]
[GC 352966K->322541K(1571712K) eden 30463K->0K survivor 601K->611K tenured 321901K->321929K, 0.0404940 secs]
[GC 352997K->322502K(1571712K) eden 30456K->0K survivor 611K->533K tenured 321929K->321968K, 0.0374168 secs]
[GC 352966K->322593K(1571712K) eden 30464K->0K survivor 533K->625K tenured 321968K->321968K, 0.0373265 secs]
[GC 353057K->322633K(1571712K) eden 30464K->0K survivor 625K->592K tenured 321968K->322041K, 0.0432356 secs]
[GC 353097K->322679K(1571712K) eden 30464K->0K survivor 592K->604K tenured 322041K->322075K, 0.0390026 secs]
[GC 353143K->322752K(1571712K) eden 30463K->0K survivor 604K->627K tenured 322075K->322124K, 0.0392993 secs]
[GC 353216K->322789K(1571712K) eden 30464K->0K survivor 627K->570K tenured 322124K->322219K, 0.0377918 secs]
[GC 353253K->322776K(1571712K) eden 30463K->0K survivor 570K->556K tenured 322219K->322219K, 0.0348219 secs]
[GC 353240K->322811K(1571712K) eden 30463K->0K survivor 556K->592K tenured 322219K->322219K, 0.0377585 secs]
[GC 353275K->322849K(1571712K) eden 30464K->0K survivor 592K->604K tenured 322219K->322244K, 0.0423542 secs]
[GC 353313K->322865K(1571712K) eden 30463K->0K survivor 604K->590K tenured 322244K->322275K, 0.0392260 secs]
[GC 353322K->322854K(1571712K) eden 30456K->0K survivor 590K->542K tenured 322275K->322311K, 0.0461462 secs]
[GC 353317K->322892K(1571712K) eden 30463K->0K survivor 542K->581K tenured 322311K->322311K, 0.0410866 secs]
[GC 353355K->322900K(1571712K) eden 30462K->0K survivor 581K->557K tenured 322311K->322342K, 0.0391995 secs]
[GC 353364K->323017K(1571712K) eden 30463K->0K survivor 557K->674K tenured 322342K->322342K, 0.0399523 secs]
[GC 353481K->323047K(1571712K) eden 30463K->0K survivor 674K->596K tenured 322342K->322451K, 0.0435210 secs]
[GC 353511K->323053K(1571712K) eden 30463K->0K survivor 596K->575K tenured 322451K->322478K, 0.0375558 secs]
[GC 353517K->323078K(1571712K) eden 30463K->0K survivor 575K->600K tenured 322478K->322478K, 0.0365578 secs]
[GC 353542K->323121K(1571712K) eden 30463K->0K survivor 600K->615K tenured 322478K->322505K, 0.0397100 secs]
[GC 353564K->323108K(1571712K) eden 30442K->0K survivor 615K->559K tenured 322505K->322549K, 0.0398068 secs]
[GC 353570K->323190K(1571712K) eden 30461K->0K survivor 559K->641K tenured 322549K->322549K, 0.0390047 secs]
[GC 353654K->323270K(1571712K) eden 30464K->0K survivor 641K->655K tenured 322549K->322615K, 0.0410157 secs]
[GC 353734K->323658K(1571712K) eden 30464K->0K survivor 655K->949K tenured 322615K->322708K, 0.0423076 secs]
[GC 354122K->323288K(1571712K) eden 30463K->0K survivor 949K->158K tenured 322708K->323130K, 0.0477438 secs]
[GC 353752K->323357K(1571712K) eden 30463K->0K survivor 158K->227K tenured 323130K->323130K, 0.0256390 secs]
[GC 353821K->323388K(1571712K) eden 30463K->0K survivor 227K->258K tenured 323130K->323130K, 0.0255413 secs]
[GC 353852K->323505K(1571712K) eden 30464K->0K survivor 258K->375K tenured 323130K->323130K, 0.0272739 secs]
[GC 353969K->323429K(1571712K) eden 30464K->0K survivor 375K->299K tenured 323130K->323130K, 0.0285132 secs]
[GC 353886K->323425K(1571712K) eden 30457K->0K survivor 299K->295K tenured 323130K->323130K, 0.0288095 secs]
[GC 353888K->323430K(1571712K) eden 30463K->0K survivor 295K->300K tenured 323130K->323130K, 0.0302126 secs]
[GC 353894K->323521K(1571712K) eden 30463K->0K survivor 300K->391K tenured 323130K->323130K, 0.0309725 secs]
[GC 353985K->323587K(1571712K) eden 30463K->0K survivor 391K->457K tenured 323130K->323130K, 0.0379001 secs]
[GC 353991K->323577K(1571712K) eden 30403K->0K survivor 457K->446K tenured 323130K->323130K, 0.0334831 secs]
[GC 354041K->324031K(1571712K) eden 30463K->0K survivor 446K->901K tenured 323130K->323130K, 0.0387096 secs]
[GC 354495K->323673K(1571712K) eden 30464K->0K survivor 901K->171K tenured 323130K->323502K, 0.0430293 secs]
[GC 354137K->323708K(1571712K) eden 30464K->0K survivor 171K->205K tenured 323502K->323502K, 0.0230619 secs]
[GC 354172K->323750K(1571712K) eden 30463K->0K survivor 205K->248K tenured 323502K->323502K, 0.0255661 secs]
[GC 354214K->323787K(1571712K) eden 30464K->0K survivor 248K->284K tenured 323502K->323502K, 0.0272093 secs]
[GC 354251K->323838K(1571712K) eden 30463K->0K survivor 284K->336K tenured 323502K->323502K, 0.0295525 secs]
[GC 354298K->323836K(1571712K) eden 30459K->0K survivor 336K->334K tenured 323502K->323502K, 0.0301190 secs]
[GC 354300K->323876K(1571712K) eden 30463K->0K survivor 334K->374K tenured 323502K->323502K, 0.0303359 secs]
[GC 354340K->323848K(1571712K) eden 30463K->0K survivor 374K->346K tenured 323502K->323502K, 0.0378925 secs]
[GC 354312K->323936K(1571712K) eden 30463K->0K survivor 346K->434K tenured 323502K->323502K, 0.0364539 secs]
[GC 354399K->323929K(1571712K) eden 30462K->0K survivor 434K->427K tenured 323502K->323502K, 0.0326228 secs]
[GC 354393K->323989K(1571712K) eden 30463K->0K survivor 427K->487K tenured 323502K->323502K, 0.0386602 secs]
[GC 354453K->324082K(1571712K) eden 30463K->0K survivor 487K->580K tenured 323502K->323502K, 0.0343623 secs]
[GC 354546K->324081K(1571712K) eden 30463K->0K survivor 580K->554K tenured 323502K->323527K, 0.0425439 secs]
[GC 354545K->324126K(1571712K) eden 30463K->0K survivor 554K->599K tenured 323527K->323527K, 0.0435804 secs]
[GC 354590K->324158K(1571712K) eden 30464K->0K survivor 599K->576K tenured 323527K->323582K, 0.0383657 secs]
[GC 354622K->324565K(1571712K) eden 30463K->0K survivor 576K->951K tenured 323582K->323614K, 0.0534437 secs]
[GC 355029K->324215K(1571712K) eden 30464K->0K survivor 951K->183K tenured 323614K->324032K, 0.0562087 secs]
[GC 354679K->324243K(1571712K) eden 30463K->0K survivor 183K->211K tenured 324032K->324032K, 0.0233466 secs]
[GC 354706K->324229K(1571712K) eden 30463K->0K survivor 211K->196K tenured 324032K->324032K, 0.0282079 secs]
[GC 354693K->324300K(1571712K) eden 30463K->0K survivor 196K->268K tenured 324032K->324032K, 0.0276869 secs]
[GC 354764K->324330K(1571712K) eden 30464K->0K survivor 268K->298K tenured 324032K->324032K, 0.0276115 secs]
[GC 354794K->324289K(1571712K) eden 30463K->0K survivor 298K->257K tenured 324032K->324032K, 0.0286588 secs]
[GC 354753K->324336K(1571712K) eden 30463K->0K survivor 257K->304K tenured 324032K->324032K, 0.0343594 secs]
[GC 354800K->324439K(1571712K) eden 30463K->0K survivor 304K->406K tenured 324032K->324032K, 0.0316321 secs]
[GC 354903K->324569K(1571712K) eden 30463K->0K survivor 406K->537K tenured 324032K->324032K, 0.0335177 secs]
[GC 355033K->324516K(1571712K) eden 30463K->0K survivor 537K->484K tenured 324032K->324032K, 0.0355453 secs]
[GC 354980K->324505K(1571712K) eden 30463K->0K survivor 484K->472K tenured 324032K->324032K, 0.0343323 secs]
[GC 354969K->324562K(1571712K) eden 30463K->0K survivor 472K->529K tenured 324032K->324032K, 0.0358975 secs]
[GC 355025K->324604K(1571712K) eden 30463K->0K survivor 529K->571K tenured 324032K->324032K, 0.0397724 secs]
[GC 355068K->324658K(1571712K) eden 30464K->0K survivor 571K->626K tenured 324032K->324032K, 0.0464128 secs]
[GC 355116K->324673K(1571712K) eden 30457K->0K survivor 626K->558K tenured 324032K->324115K, 0.0431298 secs]
[GC 355137K->325078K(1571712K) eden 30463K->0K survivor 558K->963K tenured 324115K->324115K, 0.0487531 secs]
[GC 355542K->324706K(1571712K) eden 30464K->0K survivor 963K->154K tenured 324115K->324552K, 0.0425495 secs]
[GC 355170K->324751K(1571712K) eden 30463K->0K survivor 154K->198K tenured 324552K->324552K, 0.0236331 secs]
[GC 355215K->324798K(1571712K) eden 30464K->0K survivor 198K->246K tenured 324552K->324552K, 0.0262762 secs]
[GC 355262K->324828K(1571712K) eden 30463K->0K survivor 246K->276K tenured 324552K->324552K, 0.0314945 secs]
[GC 355292K->324863K(1571712K) eden 30463K->0K survivor 276K->311K tenured 324552K->324552K, 0.0284110 secs]
[GC 355327K->324878K(1571712K) eden 30464K->0K survivor 311K->326K tenured 324552K->324552K, 0.0296510 secs]
[GC 355341K->324835K(1571712K) eden 30462K->0K survivor 326K->283K tenured 324552K->324552K, 0.0296188 secs]
[GC 355299K->324957K(1571712K) eden 30463K->0K survivor 283K->404K tenured 324552K->324552K, 0.0319180 secs]
[GC 355410K->324985K(1571712K) eden 30453K->0K survivor 404K->433K tenured 324552K->324552K, 0.0387910 secs]
[GC 355449K->325021K(1571712K) eden 30464K->0K survivor 433K->469K tenured 324552K->324552K, 0.0335194 secs]
[GC 355485K->325059K(1571712K) eden 30464K->0K survivor 469K->506K tenured 324552K->324552K, 0.0355123 secs]
[GC 355523K->325083K(1571712K) eden 30464K->0K survivor 506K->530K tenured 324552K->324552K, 0.0368232 secs]
[GC 355547K->325132K(1571712K) eden 30463K->0K survivor 530K->579K tenured 324552K->324552K, 0.0388643 secs]
[GC 355596K->325167K(1571712K) eden 30463K->0K survivor 579K->591K tenured 324552K->324575K, 0.0381444 secs]
[GC 355631K->325195K(1571712K) eden 30463K->0K survivor 591K->602K tenured 324575K->324593K, 0.0382285 secs]
[GC 355389K->325659K(1571712K) eden 30193K->0K survivor 602K->1032K tenured 324593K->324626K, 0.0563267 secs]
[GC 356123K->325264K(1571712K) eden 30463K->0K survivor 1032K->179K tenured 324626K->325085K, 0.0478837 secs]
[GC 355728K->325293K(1571712K) eden 30464K->0K survivor 179K->207K tenured 325085K->325085K, 0.0234167 secs]
[GC 355757K->325339K(1571712K) eden 30464K->0K survivor 207K->254K tenured 325085K->325085K, 0.0254147 secs]
[GC 355803K->325352K(1571712K) eden 30463K->0K survivor 254K->266K tenured 325085K->325085K, 0.0274036 secs]
[GC 355816K->325385K(1571712K) eden 30464K->0K survivor 266K->299K tenured 325085K->325085K, 0.0305321 secs]
[GC 355849K->325369K(1571712K) eden 30463K->0K survivor 299K->283K tenured 325085K->325085K, 0.0306003 secs]
[GC 355822K->325377K(1571712K) eden 30453K->0K survivor 283K->292K tenured 325085K->325085K, 0.0301895 secs]
[GC 355837K->325435K(1571712K) eden 30460K->0K survivor 292K->350K tenured 325085K->325085K, 0.0327520 secs]
[GC 355899K->325513K(1571712K) eden 30463K->0K survivor 350K->427K tenured 325085K->325085K, 0.0413233 secs]
[GC 355977K->325531K(1571712K) eden 30463K->0K survivor 427K->445K tenured 325085K->325085K, 0.0338511 secs]
[GC 355988K->325483K(1571712K) eden 30456K->0K survivor 445K->398K tenured 325085K->325085K, 0.0356480 secs]
[GC 355947K->325581K(1571712K) eden 30464K->0K survivor 398K->495K tenured 325085K->325085K, 0.0363234 secs]
[GC 356045K->325653K(1571712K) eden 30463K->0K survivor 495K->568K tenured 325085K->325085K, 0.0457135 secs]
[GC 356117K->325697K(1571712K) eden 30463K->0K survivor 568K->611K tenured 325085K->325085K, 0.0450966 secs]
[GC 356161K->325716K(1571712K) eden 30463K->0K survivor 611K->581K tenured 325085K->325135K, 0.0445095 secs]
[GC 356180K->325769K(1571712K) eden 30463K->0K survivor 581K->601K tenured 325135K->325168K, 0.0390143 secs]
[GC 356232K->325694K(1571712K) eden 30462K->0K survivor 601K->495K tenured 325168K->325198K, 0.0386350 secs]
[GC 356158K->325822K(1571712K) eden 30463K->0K survivor 495K->623K tenured 325198K->325198K, 0.0439798 secs]
[GC 356286K->325851K(1571712K) eden 30463K->0K survivor 623K->583K tenured 325198K->325267K, 0.0403779 secs]
[GC 356315K->325968K(1571712K) eden 30464K->0K survivor 583K->669K tenured 325267K->325298K, 0.0408739 secs]
[GC 356429K->325846K(1571712K) eden 30460K->0K survivor 669K->450K tenured 325298K->325395K, 0.0426131 secs]
[GC 356303K->325885K(1571712K) eden 30456K->0K survivor 450K->489K tenured 325395K->325395K, 0.0353154 secs]
[GC 356349K->325985K(1571712K) eden 30463K->0K survivor 489K->589K tenured 325395K->325395K, 0.0380985 secs]
[GC 356449K->325986K(1571712K) eden 30463K->0K survivor 589K->557K tenured 325395K->325428K, 0.0402301 secs]
[GC 356446K->326028K(1571712K) eden 30460K->0K survivor 557K->599K tenured 325428K->325428K, 0.0397203 secs]
[GC 356492K->326084K(1571712K) eden 30463K->0K survivor 599K->613K tenured 325428K->325471K, 0.0380433 secs]
[GC 356541K->326041K(1571712K) eden 30457K->0K survivor 613K->501K tenured 325471K->325539K, 0.0380513 secs]
[GC 356504K->326117K(1571712K) eden 30463K->0K survivor 501K->577K tenured 325539K->325539K, 0.0366341 secs]
[GC 356581K->326152K(1571712K) eden 30463K->0K survivor 577K->563K tenured 325539K->325589K, 0.0402246 secs]
[GC 356616K->326195K(1571712K) eden 30463K->0K survivor 563K->606K tenured 325589K->325589K, 0.0396151 secs]
[GC 356655K->326165K(1571712K) eden 30459K->0K survivor 606K->544K tenured 325589K->325620K, 0.0421674 secs]
[GC 356290K->326429K(1571712K) eden 30125K->0K survivor 544K->808K tenured 325620K->325620K, 0.0380828 secs]
[GC 356893K->326299K(1571712K) eden 30463K->0K survivor 808K->430K tenured 325620K->325868K, 0.0424925 secs]
[GC 356763K->326314K(1571712K) eden 30463K->0K survivor 430K->446K tenured 325868K->325868K, 0.0391185 secs]
[GC 356778K->326359K(1571712K) eden 30463K->0K survivor 446K->490K tenured 325868K->325868K, 0.0350776 secs]
[GC 356815K->326329K(1571712K) eden 30456K->0K survivor 490K->460K tenured 325868K->325868K, 0.0365491 secs]
[GC 356793K->326402K(1571712K) eden 30463K->0K survivor 460K->533K tenured 325868K->325868K, 0.0411284 secs]
[GC 356866K->326385K(1571712K) eden 30463K->0K survivor 533K->516K tenured 325868K->325868K, 0.0380514 secs]
[GC 356849K->326509K(1571712K) eden 30464K->0K survivor 516K->640K tenured 325868K->325868K, 0.0371721 secs]
[GC 356973K->326483K(1571712K) eden 30464K->0K survivor 640K->527K tenured 325868K->325955K, 0.0420126 secs]
[GC 356946K->326533K(1571712K) eden 30463K->0K survivor 527K->577K tenured 325955K->325955K, 0.0388233 secs]
[GC 356997K->326560K(1571712K) eden 30464K->0K survivor 577K->581K tenured 325955K->325979K, 0.0391132 secs]
[GC 357024K->326995K(1571712K) eden 30463K->0K survivor 581K->998K tenured 325979K->325997K, 0.0396952 secs]
[GC 357459K->326649K(1571712K) eden 30463K->0K survivor 998K->186K tenured 325997K->326463K, 0.0510460 secs]
[GC 357113K->326629K(1571712K) eden 30463K->0K survivor 186K->166K tenured 326463K->326463K, 0.0236245 secs]
[GC 357093K->326712K(1571712K) eden 30464K->0K survivor 166K->249K tenured 326463K->326463K, 0.0269294 secs]
[GC 357176K->326752K(1571712K) eden 30464K->0K survivor 249K->289K tenured 326463K->326463K, 0.0278997 secs]
[GC 357216K->326803K(1571712K) eden 30464K->0K survivor 289K->340K tenured 326463K->326463K, 0.0285227 secs]
[GC 357267K->326722K(1571712K) eden 30463K->0K survivor 340K->259K tenured 326463K->326463K, 0.0295237 secs]
[GC 357186K->326852K(1571712K) eden 30463K->0K survivor 259K->389K tenured 326463K->326463K, 0.0320830 secs]
[GC 357316K->326871K(1571712K) eden 30464K->0K survivor 389K->408K tenured 326463K->326463K, 0.0326289 secs]
[GC 357335K->327000K(1571712K) eden 30463K->0K survivor 408K->536K tenured 326463K->326463K, 0.0341801 secs]
[GC 357464K->326927K(1571712K) eden 30463K->0K survivor 536K->464K tenured 326463K->326463K, 0.0339656 secs]
[GC 357391K->326937K(1571712K) eden 30463K->0K survivor 464K->474K tenured 326463K->326463K, 0.0352736 secs]
[GC 357401K->326969K(1571712K) eden 30463K->0K survivor 474K->506K tenured 326463K->326463K, 0.0366747 secs]
[GC 357433K->327007K(1571712K) eden 30463K->0K survivor 506K->544K tenured 326463K->326463K, 0.0365472 secs]
[GC 357471K->327068K(1571712K) eden 30464K->0K survivor 544K->605K tenured 326463K->326463K, 0.0385458 secs]
[GC 357532K->327112K(1571712K) eden 30463K->0K survivor 605K->603K tenured 326463K->326509K, 0.0393164 secs]
[GC 357576K->327510K(1571712K) eden 30463K->0K survivor 603K->965K tenured 326509K->326545K, 0.0421684 secs]
[GC 357974K->327142K(1571712K) eden 30463K->0K survivor 965K->209K tenured 326545K->326933K, 0.0437248 secs]
[GC 357606K->327179K(1571712K) eden 30463K->0K survivor 209K->246K tenured 326933K->326933K, 0.0270190 secs]
[GC 357643K->327221K(1571712K) eden 30464K->0K survivor 246K->288K tenured 326933K->326933K, 0.0280064 secs]
[GC 357685K->327250K(1571712K) eden 30464K->0K survivor 288K->317K tenured 326933K->326933K, 0.0314100 secs]
[GC 357577K->327454K(1571712K) eden 30326K->0K survivor 317K->521K tenured 326933K->326933K, 0.0303670 secs]
[GC 357911K->327234K(1571712K) eden 30456K->0K survivor 521K->301K tenured 326933K->326933K, 0.0303029 secs]
[GC 357698K->327339K(1571712K) eden 30463K->0K survivor 301K->406K tenured 326933K->326933K, 0.0333272 secs]
[GC 357803K->327381K(1571712K) eden 30464K->0K survivor 406K->448K tenured 326933K->326933K, 0.0351945 secs]
[GC 357845K->327392K(1571712K) eden 30463K->0K survivor 448K->459K tenured 326933K->326933K, 0.0382080 secs]
[GC 357856K->327424K(1571712K) eden 30463K->0K survivor 459K->491K tenured 326933K->326933K, 0.0349323 secs]
[GC 357888K->327406K(1571712K) eden 30463K->0K survivor 491K->473K tenured 326933K->326933K, 0.0394412 secs]
[GC 357870K->327530K(1571712K) eden 30463K->0K survivor 473K->597K tenured 326933K->326933K, 0.0379155 secs]
[GC 357994K->327505K(1571712K) eden 30463K->0K survivor 597K->521K tenured 326933K->326984K, 0.0397560 secs]
[GC 357969K->327566K(1571712K) eden 30463K->0K survivor 521K->582K tenured 326984K->326984K, 0.0402233 secs]
[GC 358030K->327579K(1571712K) eden 30464K->0K survivor 582K->571K tenured 326984K->327007K, 0.0392432 secs]
[GC 358043K->328013K(1571712K) eden 30463K->0K survivor 571K->1005K tenured 327007K->327007K, 0.0409728 secs]
[GC 358477K->327667K(1571712K) eden 30463K->0K survivor 1005K->185K tenured 327007K->327482K, 0.0457468 secs]
[GC 358131K->327705K(1571712K) eden 30464K->0K survivor 185K->222K tenured 327482K->327482K, 0.0264445 secs]
[GC 358169K->327728K(1571712K) eden 30463K->0K survivor 222K->246K tenured 327482K->327482K, 0.0253130 secs]
[GC 358187K->327722K(1571712K) eden 30458K->0K survivor 246K->239K tenured 327482K->327482K, 0.0267575 secs]
[GC 358186K->327819K(1571712K) eden 30464K->0K survivor 239K->337K tenured 327482K->327482K, 0.0280379 secs]
[GC 358276K->327802K(1571712K) eden 30457K->0K survivor 337K->320K tenured 327482K->327482K, 0.0293325 secs]
[GC 358266K->327865K(1571712K) eden 30463K->0K survivor 320K->383K tenured 327482K->327482K, 0.0340979 secs]
[GC 358328K->327854K(1571712K) eden 30462K->0K survivor 383K->372K tenured 327482K->327482K, 0.0363724 secs]
[GC 358318K->328011K(1571712K) eden 30464K->0K survivor 372K->529K tenured 327482K->327482K, 0.0337993 secs]
[GC 358475K->327933K(1571712K) eden 30464K->0K survivor 529K->451K tenured 327482K->327482K, 0.0341510 secs]
[GC 358397K->327952K(1571712K) eden 30464K->0K survivor 451K->469K tenured 327482K->327482K, 0.0352372 secs]
[GC 358416K->328026K(1571712K) eden 30463K->0K survivor 469K->544K tenured 327482K->327482K, 0.0358982 secs]
[GC 358490K->328022K(1571712K) eden 30464K->0K survivor 544K->540K tenured 327482K->327482K, 0.0393518 secs]
[GC 358486K->328082K(1571712K) eden 30463K->0K survivor 540K->600K tenured 327482K->327482K, 0.0426904 secs]
[GC 358543K->328058K(1571712K) eden 30461K->0K survivor 600K->531K tenured 327482K->327527K, 0.0393694 secs]
[GC 358522K->328108K(1571712K) eden 30463K->0K survivor 531K->581K tenured 327527K->327527K, 0.0417161 secs]
[GC 358571K->328092K(1571712K) eden 30463K->0K survivor 581K->529K tenured 327527K->327563K, 0.0390994 secs]
[GC 358556K->328197K(1571712K) eden 30463K->0K survivor 529K->634K tenured 327563K->327563K, 0.0390397 secs]
[GC 358661K->328225K(1571712K) eden 30463K->0K survivor 634K->584K tenured 327563K->327641K, 0.0410745 secs]
[GC 358683K->328240K(1571712K) eden 30458K->0K survivor 584K->569K tenured 327641K->327671K, 0.0433039 secs]
[GC 358704K->328678K(1571712K) eden 30463K->0K survivor 569K->1007K tenured 327671K->327671K, 0.0394231 secs]
[GC 359142K->328310K(1571712K) eden 30463K->0K survivor 1007K->164K tenured 327671K->328145K, 0.0489825 secs]
[GC 358774K->328346K(1571712K) eden 30464K->0K survivor 164K->200K tenured 328145K->328145K, 0.0235986 secs]
[GC 358809K->328373K(1571712K) eden 30463K->0K survivor 200K->227K tenured 328145K->328145K, 0.0272880 secs]
[GC 358837K->328331K(1571712K) eden 30463K->0K survivor 227K->186K tenured 328145K->328145K, 0.0311514 secs]
[GC 358788K->328380K(1571712K) eden 30456K->0K survivor 186K->234K tenured 328145K->328145K, 0.0285693 secs]
[GC 358844K->328371K(1571712K) eden 30463K->0K survivor 234K->225K tenured 328145K->328145K, 0.0321349 secs]
[GC 358824K->328407K(1571712K) eden 30452K->0K survivor 225K->261K tenured 328145K->328145K, 0.0324768 secs]
[GC 358864K->328478K(1571712K) eden 30457K->0K survivor 261K->332K tenured 328145K->328145K, 0.0322445 secs]
[GC 358937K->328530K(1571712K) eden 30458K->0K survivor 332K->384K tenured 328145K->328145K, 0.0349794 secs]
[GC 358988K->328586K(1571712K) eden 30458K->0K survivor 384K->440K tenured 328145K->328145K, 0.0348425 secs]
[GC 359049K->329016K(1571712K) eden 30463K->0K survivor 440K->870K tenured 328145K->328145K, 0.0369044 secs]
[GC 359480K->328647K(1571712K) eden 30464K->0K survivor 870K->161K tenured 328145K->328485K, 0.0435904 secs]
[GC 359111K->328679K(1571712K) eden 30464K->0K survivor 161K->194K tenured 328485K->328485K, 0.0244247 secs]
[GC 359143K->328731K(1571712K) eden 30464K->0K survivor 194K->246K tenured 328485K->328485K, 0.0261645 secs]
[GC 359195K->328762K(1571712K) eden 30464K->0K survivor 246K->277K tenured 328485K->328485K, 0.0279447 secs]
[GC 359210K->328738K(1571712K) eden 30448K->0K survivor 277K->253K tenured 328485K->328485K, 0.0285113 secs]
[GC 359202K->328742K(1571712K) eden 30463K->0K survivor 253K->257K tenured 328485K->328485K, 0.0294533 secs]
[GC 359206K->328874K(1571712K) eden 30464K->0K survivor 257K->388K tenured 328485K->328485K, 0.0329571 secs]
[GC 359338K->328911K(1571712K) eden 30463K->0K survivor 388K->426K tenured 328485K->328485K, 0.0319159 secs]
[GC 359375K->328923K(1571712K) eden 30463K->0K survivor 426K->437K tenured 328485K->328485K, 0.0336789 secs]
[GC 359387K->328954K(1571712K) eden 30463K->0K survivor 437K->469K tenured 328485K->328485K, 0.0347134 secs]
[GC 359416K->328935K(1571712K) eden 30461K->0K survivor 469K->450K tenured 328485K->328485K, 0.0361363 secs]
[GC 359399K->328986K(1571712K) eden 30463K->0K survivor 450K->501K tenured 328485K->328485K, 0.0369758 secs]
[GC 359450K->329042K(1571712K) eden 30464K->0K survivor 501K->556K tenured 328485K->328485K, 0.0367751 secs]
[GC 359506K->329094K(1571712K) eden 30463K->0K survivor 556K->609K tenured 328485K->328485K, 0.0392833 secs]
[GC 359533K->329074K(1571712K) eden 30439K->0K survivor 609K->543K tenured 328485K->328530K, 0.0398127 secs]
[GC 359538K->329138K(1571712K) eden 30463K->0K survivor 543K->608K tenured 328530K->328530K, 0.0365551 secs]
[GC 359589K->329134K(1571712K) eden 30451K->0K survivor 608K->568K tenured 328530K->328566K, 0.0405706 secs]
[GC 359598K->329191K(1571712K) eden 30463K->0K survivor 568K->624K tenured 328566K->328566K, 0.0394483 secs]
[GC 359655K->329240K(1571712K) eden 30463K->0K survivor 624K->592K tenured 328566K->328647K, 0.0416509 secs]
[GC 359704K->329267K(1571712K) eden 30464K->0K survivor 592K->590K tenured 328647K->328676K, 0.0417088 secs]
[GC 359731K->329688K(1571712K) eden 30463K->0K survivor 590K->983K tenured 328676K->328705K, 0.0424029 secs]
[GC 360143K->329262K(1571712K) eden 30454K->0K survivor 983K->105K tenured 328705K->329156K, 0.0506693 secs]
[GC 359726K->329355K(1571712K) eden 30463K->0K survivor 105K->199K tenured 329156K->329156K, 0.0249262 secs]
[GC 359819K->329384K(1571712K) eden 30463K->0K survivor 199K->228K tenured 329156K->329156K, 0.0266867 secs]
[GC 359848K->329405K(1571712K) eden 30463K->0K survivor 228K->249K tenured 329156K->329156K, 0.0286806 secs]
[GC 359869K->329365K(1571712K) eden 30463K->0K survivor 249K->208K tenured 329156K->329156K, 0.0284387 secs]
[GC 359829K->329392K(1571712K) eden 30464K->0K survivor 208K->235K tenured 329156K->329156K, 0.0314881 secs]
[GC 359856K->329500K(1571712K) eden 30463K->0K survivor 235K->344K tenured 329156K->329156K, 0.0314518 secs]
[GC 359959K->329474K(1571712K) eden 30458K->0K survivor 344K->317K tenured 329156K->329156K, 0.0325429 secs]
[GC 359938K->329650K(1571712K) eden 30463K->0K survivor 317K->494K tenured 329156K->329156K, 0.0349051 secs]
[GC 360102K->329528K(1571712K) eden 30451K->0K survivor 494K->371K tenured 329156K->329156K, 0.0349950 secs]
[GC 359992K->329587K(1571712K) eden 30464K->0K survivor 371K->430K tenured 329156K->329156K, 0.0357086 secs]
[GC 360051K->329611K(1571712K) eden 30463K->0K survivor 430K->455K tenured 329156K->329156K, 0.0356664 secs]
[GC 360075K->329661K(1571712K) eden 30463K->0K survivor 455K->504K tenured 329156K->329156K, 0.0369060 secs]
[GC 360125K->329714K(1571712K) eden 30463K->0K survivor 504K->558K tenured 329156K->329156K, 0.0385658 secs]
[GC 360178K->329737K(1571712K) eden 30463K->0K survivor 558K->580K tenured 329156K->329156K, 0.0401432 secs]
[GC 360201K->329806K(1571712K) eden 30463K->0K survivor 580K->627K tenured 329156K->329179K, 0.0417006 secs]
[GC 360270K->329819K(1571712K) eden 30463K->0K survivor 627K->586K tenured 329179K->329233K, 0.0416471 secs]
[GC 360283K->329848K(1571712K) eden 30464K->0K survivor 586K->588K tenured 329233K->329260K, 0.0425588 secs]
[GC 360312K->329892K(1571712K) eden 30463K->0K survivor 588K->590K tenured 329260K->329301K, 0.0405313 secs]
[GC 360356K->329907K(1571712K) eden 30464K->0K survivor 590K->581K tenured 329301K->329326K, 0.0415782 secs]
[GC 360364K->329882K(1571712K) eden 30457K->0K survivor 581K->529K tenured 329326K->329353K, 0.0426176 secs]
[GC 360346K->329951K(1571712K) eden 30463K->0K survivor 529K->598K tenured 329353K->329353K, 0.0390821 secs]
[GC 360415K->329914K(1571712K) eden 30463K->0K survivor 598K->538K tenured 329353K->329376K, 0.0431844 secs]
[GC 360378K->330031K(1571712K) eden 30464K->0K survivor 538K->655K tenured 329376K->329376K, 0.0481564 secs]
[GC 360495K->330074K(1571712K) eden 30464K->0K survivor 655K->602K tenured 329376K->329471K, 0.0441698 secs]
[GC 360538K->330146K(1571712K) eden 30463K->0K survivor 602K->633K tenured 329471K->329513K, 0.0431556 secs]
[GC 360610K->330184K(1571712K) eden 30463K->0K survivor 633K->606K tenured 329513K->329577K, 0.0394666 secs]
[GC 360648K->330167K(1571712K) eden 30463K->0K survivor 606K->536K tenured 329577K->329630K, 0.0390139 secs]
[GC 360631K->330183K(1571712K) eden 30463K->0K survivor 536K->552K tenured 329630K->329630K, 0.0388014 secs]
[GC 360647K->330231K(1571712K) eden 30464K->0K survivor 552K->600K tenured 329630K->329630K, 0.0401779 secs]
[GC 360692K->330198K(1571712K) eden 30460K->0K survivor 600K->541K tenured 329630K->329657K, 0.0404645 secs]
[GC 360662K->330675K(1571712K) eden 30463K->0K survivor 541K->1017K tenured 329657K->329657K, 0.0412493 secs]
[GC 361139K->330324K(1571712K) eden 30463K->0K survivor 1017K->177K tenured 329657K->330146K, 0.0494948 secs]
[GC 360788K->330343K(1571712K) eden 30464K->0K survivor 177K->196K tenured 330146K->330146K, 0.0261322 secs]
[GC 360807K->330376K(1571712K) eden 30463K->0K survivor 196K->229K tenured 330146K->330146K, 0.0265201 secs]
[GC 360840K->330413K(1571712K) eden 30463K->0K survivor 229K->266K tenured 330146K->330146K, 0.0290089 secs]
[GC 360877K->330461K(1571712K) eden 30463K->0K survivor 266K->315K tenured 330146K->330146K, 0.0283255 secs]
[GC 360925K->330442K(1571712K) eden 30464K->0K survivor 315K->295K tenured 330146K->330146K, 0.0297769 secs]
[GC 360906K->330504K(1571712K) eden 30464K->0K survivor 295K->357K tenured 330146K->330146K, 0.0344104 secs]
[GC 360968K->330523K(1571712K) eden 30463K->0K survivor 357K->376K tenured 330146K->330146K, 0.0347036 secs]
[GC 360987K->330545K(1571712K) eden 30463K->0K survivor 376K->398K tenured 330146K->330146K, 0.0353470 secs]
[GC 361009K->330573K(1571712K) eden 30463K->0K survivor 398K->426K tenured 330146K->330146K, 0.0344880 secs]
[GC 361037K->330577K(1571712K) eden 30463K->0K survivor 426K->430K tenured 330146K->330146K, 0.0362050 secs]
[GC 361041K->330601K(1571712K) eden 30463K->0K survivor 430K->454K tenured 330146K->330146K, 0.0405748 secs]
[GC 361057K->330593K(1571712K) eden 30456K->0K survivor 454K->446K tenured 330146K->330146K, 0.0369578 secs]
[GC 361057K->330695K(1571712K) eden 30463K->0K survivor 446K->548K tenured 330146K->330146K, 0.0396897 secs]
[GC 361046K->330707K(1571712K) eden 30350K->0K survivor 548K->560K tenured 330146K->330146K, 0.0401535 secs]
[GC 361171K->330738K(1571712K) eden 30463K->0K survivor 560K->591K tenured 330146K->330146K, 0.0526804 secs]
[GC 361202K->330770K(1571712K) eden 30464K->0K survivor 591K->604K tenured 330146K->330166K, 0.0403979 secs]
[GC 361234K->330816K(1571712K) eden 30463K->0K survivor 604K->595K tenured 330166K->330220K, 0.0413765 secs]
[GC 361280K->330852K(1571712K) eden 30463K->0K survivor 595K->604K tenured 330220K->330248K, 0.0424514 secs]
[GC 361316K->330876K(1571712K) eden 30464K->0K survivor 604K->585K tenured 330248K->330290K, 0.0413751 secs]
[GC 361339K->330859K(1571712K) eden 30463K->0K survivor 585K->541K tenured 330290K->330318K, 0.0405280 secs]
[GC 361323K->330894K(1571712K) eden 30463K->0K survivor 541K->575K tenured 330318K->330318K, 0.0408292 secs]
[GC 361358K->330901K(1571712K) eden 30463K->0K survivor 575K->582K tenured 330318K->330318K, 0.0405360 secs]
[GC 361364K->330943K(1571712K) eden 30463K->0K survivor 582K->599K tenured 330318K->330344K, 0.0477581 secs]
[GC 361407K->331051K(1571712K) eden 30463K->0K survivor 599K->651K tenured 330344K->330400K, 0.0432033 secs]
[GC 361515K->331065K(1571712K) eden 30464K->0K survivor 651K->574K tenured 330400K->330490K, 0.0458220 secs]
[GC 361529K->331156K(1571712K) eden 30463K->0K survivor 574K->665K tenured 330490K->330490K, 0.0388884 secs]
[GC 361620K->331128K(1571712K) eden 30463K->0K survivor 665K->521K tenured 330490K->330606K, 0.0458216 secs]
[GC 361592K->331149K(1571712K) eden 30463K->0K survivor 521K->542K tenured 330606K->330606K, 0.0366828 secs]
[GC 361613K->331217K(1571712K) eden 30464K->0K survivor 542K->610K tenured 330606K->330606K, 0.0389183 secs]
[GC 361653K->331232K(1571712K) eden 30435K->0K survivor 610K->588K tenured 330606K->330643K, 0.0407560 secs]
[GC 361696K->331654K(1571712K) eden 30463K->0K survivor 588K->979K tenured 330643K->330674K, 0.0432754 secs]
[GC 362118K->331282K(1571712K) eden 30464K->0K survivor 979K->156K tenured 330674K->331126K, 0.0492602 secs]
[GC 361745K->331280K(1571712K) eden 30462K->0K survivor 156K->154K tenured 331126K->331126K, 0.0248558 secs]
[GC 361744K->331360K(1571712K) eden 30463K->0K survivor 154K->234K tenured 331126K->331126K, 0.0266077 secs]
[GC 361824K->331401K(1571712K) eden 30463K->0K survivor 234K->275K tenured 331126K->331126K, 0.0274994 secs]
[GC 361864K->331359K(1571712K) eden 30463K->0K survivor 275K->233K tenured 331126K->331126K, 0.0285046 secs]
[GC 361813K->331426K(1571712K) eden 30454K->0K survivor 233K->299K tenured 331126K->331126K, 0.0298179 secs]
[GC 361890K->331473K(1571712K) eden 30464K->0K survivor 299K->347K tenured 331126K->331126K, 0.0320665 secs]
[GC 361937K->331511K(1571712K) eden 30463K->0K survivor 347K->385K tenured 331126K->331126K, 0.0331378 secs]
[GC 361975K->331540K(1571712K) eden 30463K->0K survivor 385K->414K tenured 331126K->331126K, 0.0342530 secs]
[GC 362004K->331570K(1571712K) eden 30464K->0K survivor 414K->444K tenured 331126K->331126K, 0.0344278 secs]
[GC 362034K->331605K(1571712K) eden 30463K->0K survivor 444K->478K tenured 331126K->331126K, 0.0375847 secs]
[GC 362069K->331537K(1571712K) eden 30464K->0K survivor 478K->411K tenured 331126K->331126K, 0.0363778 secs]
[GC 362001K->331586K(1571712K) eden 30463K->0K survivor 411K->459K tenured 331126K->331126K, 0.0381470 secs]
[GC 362050K->331685K(1571712K) eden 30463K->0K survivor 459K->559K tenured 331126K->331126K, 0.0400209 secs]
[GC 362149K->331763K(1571712K) eden 30463K->0K survivor 559K->637K tenured 331126K->331126K, 0.0395757 secs]
[GC 362227K->331801K(1571712K) eden 30463K->0K survivor 637K->598K tenured 331126K->331202K, 0.0428822 secs]
[GC 362265K->331781K(1571712K) eden 30463K->0K survivor 598K->550K tenured 331202K->331231K, 0.0433820 secs]
[GC 362245K->331793K(1571712K) eden 30463K->0K survivor 550K->562K tenured 331231K->331231K, 0.0418793 secs]
[GC 362257K->331836K(1571712K) eden 30463K->0K survivor 562K->605K tenured 331231K->331231K, 0.0474276 secs]
[GC 362300K->331860K(1571712K) eden 30463K->0K survivor 605K->582K tenured 331231K->331277K, 0.0420417 secs]
[GC 362324K->332277K(1571712K) eden 30463K->0K survivor 582K->972K tenured 331277K->331305K, 0.0412889 secs]
[GC 362741K->331924K(1571712K) eden 30463K->0K survivor 972K->219K tenured 331305K->331705K, 0.0462454 secs]
[GC 362388K->331955K(1571712K) eden 30464K->0K survivor 219K->249K tenured 331705K->331705K, 0.0286492 secs]
[GC 362418K->331988K(1571712K) eden 30463K->0K survivor 249K->283K tenured 331705K->331705K, 0.0284893 secs]
[GC 362451K->331922K(1571712K) eden 30462K->0K survivor 283K->217K tenured 331705K->331705K, 0.0288764 secs]
[GC 362386K->332002K(1571712K) eden 30464K->0K survivor 217K->297K tenured 331705K->331705K, 0.0313111 secs]
[GC 362466K->331964K(1571712K) eden 30463K->0K survivor 297K->258K tenured 331705K->331705K, 0.0314092 secs]
[GC 362428K->332026K(1571712K) eden 30463K->0K survivor 258K->321K tenured 331705K->331705K, 0.0331656 secs]
[GC 362490K->332116K(1571712K) eden 30463K->0K survivor 321K->410K tenured 331705K->331705K, 0.0325925 secs]
[GC 362570K->332325K(1571712K) eden 30454K->0K survivor 410K->620K tenured 331705K->331705K, 0.0335282 secs]
[GC 362577K->332175K(1571712K) eden 30251K->0K survivor 620K->422K tenured 331705K->331753K, 0.0350498 secs]
[GC 362630K->332383K(1571712K) eden 30454K->0K survivor 422K->630K tenured 331753K->331753K, 0.0478484 secs]
[GC 362847K->332190K(1571712K) eden 30463K->0K survivor 630K->369K tenured 331753K->331821K, 0.0354469 secs]
[GC 362654K->332213K(1571712K) eden 30464K->0K survivor 369K->392K tenured 331821K->331821K, 0.0339810 secs]
[GC 362677K->332218K(1571712K) eden 30464K->0K survivor 392K->397K tenured 331821K->331821K, 0.0338426 secs]
[GC 362656K->332154K(1571712K) eden 30438K->0K survivor 397K->332K tenured 331821K->331821K, 0.0350378 secs]
[GC 362618K->332248K(1571712K) eden 30464K->0K survivor 332K->427K tenured 331821K->331821K, 0.0364751 secs]
[GC 362712K->332329K(1571712K) eden 30463K->0K survivor 427K->507K tenured 331821K->331821K, 0.0376263 secs]
[GC 362793K->332369K(1571712K) eden 30463K->0K survivor 507K->548K tenured 331821K->331821K, 0.0387912 secs]
[GC 362833K->332750K(1571712K) eden 30463K->0K survivor 548K->929K tenured 331821K->331821K, 0.0406998 secs]
[GC 363196K->332346K(1571712K) eden 30445K->0K survivor 929K->124K tenured 331821K->332221K, 0.0529216 secs]
[GC 362810K->332411K(1571712K) eden 30463K->0K survivor 124K->189K tenured 332221K->332221K, 0.0247456 secs]
[GC 362875K->332464K(1571712K) eden 30463K->0K survivor 189K->242K tenured 332221K->332221K, 0.0269992 secs]
[GC 362928K->332459K(1571712K) eden 30463K->0K survivor 242K->237K tenured 332221K->332221K, 0.0283206 secs]
[GC 362923K->332555K(1571712K) eden 30463K->0K survivor 237K->333K tenured 332221K->332221K, 0.0311283 secs]
[GC 363019K->332565K(1571712K) eden 30464K->0K survivor 333K->344K tenured 332221K->332221K, 0.0310000 secs]
[GC 363029K->332591K(1571712K) eden 30464K->0K survivor 344K->369K tenured 332221K->332221K, 0.0315463 secs]
[GC 363046K->332582K(1571712K) eden 30455K->0K survivor 369K->360K tenured 332221K->332221K, 0.0362738 secs]
[GC 363046K->332656K(1571712K) eden 30464K->0K survivor 360K->434K tenured 332221K->332221K, 0.0412074 secs]
[GC 363120K->332685K(1571712K) eden 30464K->0K survivor 434K->463K tenured 332221K->332221K, 0.0383930 secs]
[GC 363142K->332642K(1571712K) eden 30456K->0K survivor 463K->420K tenured 332221K->332221K, 0.0394687 secs]
[GC 363106K->332722K(1571712K) eden 30463K->0K survivor 420K->500K tenured 332221K->332221K, 0.0388474 secs]
[GC 363186K->332766K(1571712K) eden 30463K->0K survivor 500K->544K tenured 332221K->332221K, 0.0399545 secs]
[GC 363227K->332764K(1571712K) eden 30461K->0K survivor 544K->542K tenured 332221K->332221K, 0.0391350 secs]
[GC 363228K->332824K(1571712K) eden 30463K->0K survivor 542K->602K tenured 332221K->332221K, 0.0407939 secs]
[GC 363288K->332919K(1571712K) eden 30464K->0K survivor 602K->653K tenured 332221K->332265K, 0.0426904 secs]
[GC 363383K->332881K(1571712K) eden 30463K->0K survivor 653K->499K tenured 332265K->332382K, 0.0492061 secs]
[GC 363345K->332908K(1571712K) eden 30463K->0K survivor 499K->525K tenured 332382K->332382K, 0.0378829 secs]
[GC 363372K->332961K(1571712K) eden 30463K->0K survivor 525K->579K tenured 332382K->332382K, 0.0401303 secs]
[GC 363425K->332972K(1571712K) eden 30463K->0K survivor 579K->563K tenured 332382K->332408K, 0.0406650 secs]
[GC 363436K->333404K(1571712K) eden 30463K->0K survivor 563K->995K tenured 332408K->332408K, 0.0461506 secs]
[GC 363868K->333031K(1571712K) eden 30463K->0K survivor 995K->203K tenured 332408K->332827K, 0.0482681 secs]
[GC 363492K->332994K(1571712K) eden 30461K->0K survivor 203K->166K tenured 332827K->332827K, 0.0262799 secs]
[GC 363458K->333099K(1571712K) eden 30464K->0K survivor 166K->271K tenured 332827K->332827K, 0.0283529 secs]
[GC 363560K->333090K(1571712K) eden 30461K->0K survivor 271K->263K tenured 332827K->332827K, 0.0298866 secs]
[GC 363544K->333121K(1571712K) eden 30454K->0K survivor 263K->293K tenured 332827K->332827K, 0.0307281 secs]
[GC 363585K->333106K(1571712K) eden 30463K->0K survivor 293K->279K tenured 332827K->332827K, 0.0353439 secs]
[GC 363570K->333204K(1571712K) eden 30464K->0K survivor 279K->377K tenured 332827K->332827K, 0.0371165 secs]
[GC 363657K->333212K(1571712K) eden 30452K->0K survivor 377K->384K tenured 332827K->332827K, 0.0399589 secs]
[GC 363676K->333260K(1571712K) eden 30463K->0K survivor 384K->432K tenured 332827K->332827K, 0.0407872 secs]
[GC 363715K->333237K(1571712K) eden 30455K->0K survivor 432K->410K tenured 332827K->332827K, 0.0358199 secs]
[GC 363701K->333324K(1571712K) eden 30463K->0K survivor 410K->497K tenured 332827K->332827K, 0.0427642 secs]
[GC 363784K->333312K(1571712K) eden 30459K->0K survivor 497K->484K tenured 332827K->332827K, 0.0377483 secs]
[GC 363776K->333365K(1571712K) eden 30464K->0K survivor 484K->537K tenured 332827K->332827K, 0.0393247 secs]
[GC 363829K->333401K(1571712K) eden 30463K->0K survivor 537K->573K tenured 332827K->332827K, 0.0415513 secs]
[GC 363864K->333414K(1571712K) eden 30463K->0K survivor 573K->587K tenured 332827K->332827K, 0.0427629 secs]
[GC 363878K->333508K(1571712K) eden 30464K->0K survivor 587K->629K tenured 332827K->332879K, 0.0475936 secs]
[GC 363970K->333428K(1571712K) eden 30461K->0K survivor 629K->478K tenured 332879K->332949K, 0.0425219 secs]
[GC 363892K->333514K(1571712K) eden 30463K->0K survivor 478K->565K tenured 332949K->332949K, 0.0435152 secs]
[GC 363978K->333547K(1571712K) eden 30463K->0K survivor 565K->597K tenured 332949K->332949K, 0.0502430 secs]
[GC 364011K->333658K(1571712K) eden 30463K->0K survivor 597K->682K tenured 332949K->332975K, 0.0435757 secs]
[GC 364122K->333621K(1571712K) eden 30463K->0K survivor 682K->524K tenured 332975K->333096K, 0.0459407 secs]
[GC 364085K->333691K(1571712K) eden 30464K->0K survivor 524K->594K tenured 333096K->333096K, 0.0432193 secs]
[GC 364154K->333816K(1571712K) eden 30463K->0K survivor 594K->694K tenured 333096K->333121K, 0.0440847 secs]
[GC 364269K->333888K(1571712K) eden 30453K->0K survivor 694K->636K tenured 333121K->333251K, 0.0472820 secs]
[GC 364352K->333959K(1571712K) eden 30463K->0K survivor 636K->640K tenured 333251K->333319K, 0.0477823 secs]
[GC 364414K->333947K(1571712K) eden 30454K->0K survivor 640K->563K tenured 333319K->333383K, 0.0397136 secs]
[GC 364411K->334027K(1571712K) eden 30463K->0K survivor 563K->643K tenured 333383K->333383K, 0.0375719 secs]
[GC 364491K->334037K(1571712K) eden 30464K->0K survivor 643K->539K tenured 333383K->333498K, 0.0388870 secs]
[GC 364490K->334009K(1571712K) eden 30452K->0K survivor 539K->511K tenured 333498K->333498K, 0.0371210 secs]
[GC 364432K->334071K(1571712K) eden 30422K->0K survivor 511K->573K tenured 333498K->333498K, 0.0378288 secs]
[GC 364535K->334171K(1571712K) eden 30463K->0K survivor 573K->673K tenured 333498K->333498K, 0.0398174 secs]
[GC 364635K->334189K(1571712K) eden 30463K->0K survivor 673K->593K tenured 333498K->333596K, 0.0497606 secs]
[GC 364653K->334612K(1571712K) eden 30463K->0K survivor 593K->949K tenured 333596K->333662K, 0.0455229 secs]
[GC 365076K->334251K(1571712K) eden 30463K->0K survivor 949K->172K tenured 333662K->334079K, 0.0414026 secs]
[GC 364707K->334227K(1571712K) eden 30456K->0K survivor 172K->147K tenured 334079K->334079K, 0.0245386 secs]
[GC 364687K->334268K(1571712K) eden 30460K->0K survivor 147K->189K tenured 334079K->334079K, 0.0257632 secs]
[GC 364732K->334369K(1571712K) eden 30463K->0K survivor 189K->290K tenured 334079K->334079K, 0.0291202 secs]
[GC 364833K->334395K(1571712K) eden 30464K->0K survivor 290K->315K tenured 334079K->334079K, 0.0345240 secs]
[GC 364859K->334477K(1571712K) eden 30464K->0K survivor 315K->398K tenured 334079K->334079K, 0.0344224 secs]
[GC 364941K->334446K(1571712K) eden 30463K->0K survivor 398K->367K tenured 334079K->334079K, 0.0328655 secs]
[GC 364910K->334475K(1571712K) eden 30464K->0K survivor 367K->396K tenured 334079K->334079K, 0.0327934 secs]
[GC 364938K->334477K(1571712K) eden 30463K->0K survivor 396K->398K tenured 334079K->334079K, 0.0364998 secs]
[GC 364941K->334553K(1571712K) eden 30463K->0K survivor 398K->474K tenured 334079K->334079K, 0.0364407 secs]
[GC 365017K->334987K(1571712K) eden 30463K->0K survivor 474K->908K tenured 334079K->334079K, 0.0380705 secs]
[GC 365451K->334641K(1571712K) eden 30463K->0K survivor 908K->186K tenured 334079K->334455K, 0.0421024 secs]
[GC 365105K->334670K(1571712K) eden 30464K->0K survivor 186K->214K tenured 334455K->334455K, 0.0248638 secs]
[GC 365134K->334711K(1571712K) eden 30464K->0K survivor 214K->255K tenured 334455K->334455K, 0.0270249 secs]
[GC 365175K->334833K(1571712K) eden 30463K->0K survivor 255K->377K tenured 334455K->334455K, 0.0327453 secs]
[GC 365297K->334781K(1571712K) eden 30463K->0K survivor 377K->325K tenured 334455K->334455K, 0.0290818 secs]
[GC 365245K->334770K(1571712K) eden 30463K->0K survivor 325K->314K tenured 334455K->334455K, 0.0306605 secs]
[GC 365234K->334830K(1571712K) eden 30464K->0K survivor 314K->374K tenured 334455K->334455K, 0.0327570 secs]
[GC 365294K->334875K(1571712K) eden 30463K->0K survivor 374K->419K tenured 334455K->334455K, 0.0362012 secs]
[GC 365339K->334934K(1571712K) eden 30464K->0K survivor 419K->478K tenured 334455K->334455K, 0.0358205 secs]
[GC 365381K->334901K(1571712K) eden 30447K->0K survivor 478K->445K tenured 334455K->334455K, 0.0365701 secs]
[GC 365365K->335355K(1571712K) eden 30464K->0K survivor 445K->899K tenured 334455K->334455K, 0.0387378 secs]
[GC 365819K->335012K(1571712K) eden 30463K->0K survivor 899K->185K tenured 334455K->334826K, 0.0448976 secs]
[GC 365476K->335031K(1571712K) eden 30463K->0K survivor 185K->204K tenured 334826K->334826K, 0.0243726 secs]
[GC 365495K->335094K(1571712K) eden 30463K->0K survivor 204K->267K tenured 334826K->334826K, 0.0266170 secs]
[GC 365558K->335106K(1571712K) eden 30464K->0K survivor 267K->280K tenured 334826K->334826K, 0.0285005 secs]
[GC 365570K->335141K(1571712K) eden 30463K->0K survivor 280K->315K tenured 334826K->334826K, 0.0297472 secs]
[GC 365605K->335099K(1571712K) eden 30463K->0K survivor 315K->273K tenured 334826K->334826K, 0.0309925 secs]
[GC 365563K->335222K(1571712K) eden 30463K->0K survivor 273K->396K tenured 334826K->334826K, 0.0393063 secs]
[GC 365686K->335235K(1571712K) eden 30464K->0K survivor 396K->408K tenured 334826K->334826K, 0.0333281 secs]
[GC 365699K->335288K(1571712K) eden 30463K->0K survivor 408K->462K tenured 334826K->334826K, 0.0356724 secs]
[GC 365752K->335307K(1571712K) eden 30463K->0K survivor 462K->481K tenured 334826K->334826K, 0.0368101 secs]
[GC 365771K->335317K(1571712K) eden 30464K->0K survivor 481K->491K tenured 334826K->334826K, 0.0384675 secs]
[GC 365781K->335364K(1571712K) eden 30464K->0K survivor 491K->537K tenured 334826K->334826K, 0.0386225 secs]
[GC 365801K->335361K(1571712K) eden 30437K->0K survivor 537K->534K tenured 334826K->334826K, 0.0393867 secs]
[GC 365815K->335400K(1571712K) eden 30454K->0K survivor 534K->574K tenured 334826K->334826K, 0.0409542 secs]
[GC 365859K->335425K(1571712K) eden 30458K->0K survivor 574K->599K tenured 334826K->334826K, 0.0423823 secs]
[GC 365591K->335683K(1571712K) eden 30165K->0K survivor 599K->831K tenured 334826K->334851K, 0.0433232 secs]
[GC 366146K->335554K(1571712K) eden 30463K->0K survivor 831K->412K tenured 334851K->335142K, 0.0449055 secs]
[GC 366018K->335562K(1571712K) eden 30463K->0K survivor 412K->420K tenured 335142K->335142K, 0.0376407 secs]
[GC 366017K->335569K(1571712K) eden 30454K->0K survivor 420K->427K tenured 335142K->335142K, 0.0358865 secs]
[GC 366033K->335650K(1571712K) eden 30463K->0K survivor 427K->508K tenured 335142K->335142K, 0.0375135 secs]
[GC 366110K->335656K(1571712K) eden 30459K->0K survivor 508K->513K tenured 335142K->335142K, 0.0376013 secs]
[GC 366120K->335760K(1571712K) eden 30464K->0K survivor 513K->618K tenured 335142K->335142K, 0.0389469 secs]
[GC 366224K->335749K(1571712K) eden 30463K->0K survivor 618K->551K tenured 335142K->335197K, 0.0411838 secs]
[GC 366213K->335783K(1571712K) eden 30463K->0K survivor 551K->586K tenured 335197K->335197K, 0.0393622 secs]
[GC 366246K->335811K(1571712K) eden 30462K->0K survivor 586K->588K tenured 335197K->335222K, 0.0413997 secs]
[GC 366275K->335859K(1571712K) eden 30463K->0K survivor 588K->618K tenured 335222K->335241K, 0.0416647 secs]
[GC 366323K->336265K(1571712K) eden 30463K->0K survivor 618K->957K tenured 335241K->335308K, 0.0428054 secs]
[GC 366729K->335914K(1571712K) eden 30463K->0K survivor 957K->180K tenured 335308K->335734K, 0.0446664 secs]
[GC 366378K->335939K(1571712K) eden 30463K->0K survivor 180K->204K tenured 335734K->335734K, 0.0252266 secs]
[GC 366395K->335940K(1571712K) eden 30456K->0K survivor 204K->206K tenured 335734K->335734K, 0.0265702 secs]
[GC 366404K->335998K(1571712K) eden 30463K->0K survivor 206K->263K tenured 335734K->335734K, 0.0324122 secs]
[GC 366462K->336041K(1571712K) eden 30463K->0K survivor 263K->307K tenured 335734K->335734K, 0.0294886 secs]
[GC 366505K->335982K(1571712K) eden 30463K->0K survivor 307K->247K tenured 335734K->335734K, 0.0309561 secs]
[GC 366446K->336087K(1571712K) eden 30464K->0K survivor 247K->353K tenured 335734K->335734K, 0.0324190 secs]
[GC 366536K->336072K(1571712K) eden 30448K->0K survivor 353K->337K tenured 335734K->335734K, 0.0334866 secs]
[GC 366536K->336193K(1571712K) eden 30464K->0K survivor 337K->459K tenured 335734K->335734K, 0.0364178 secs]
[GC 366657K->336238K(1571712K) eden 30463K->0K survivor 459K->503K tenured 335734K->335734K, 0.0366038 secs]
[GC 366702K->336627K(1571712K) eden 30463K->0K survivor 503K->893K tenured 335734K->335734K, 0.0390009 secs]
[GC 367091K->336284K(1571712K) eden 30463K->0K survivor 893K->188K tenured 335734K->336096K, 0.0553746 secs]
[GC 366748K->336309K(1571712K) eden 30464K->0K survivor 188K->213K tenured 336096K->336096K, 0.0255117 secs]
[GC 366765K->336279K(1571712K) eden 30456K->0K survivor 213K->183K tenured 336096K->336096K, 0.0276133 secs]
[GC 366743K->336386K(1571712K) eden 30463K->0K survivor 183K->290K tenured 336096K->336096K, 0.0289946 secs]
[GC 366850K->336397K(1571712K) eden 30464K->0K survivor 290K->301K tenured 336096K->336096K, 0.0303787 secs]
[GC 366861K->336359K(1571712K) eden 30463K->0K survivor 301K->263K tenured 336096K->336096K, 0.0316953 secs]
[GC 366819K->336440K(1571712K) eden 30460K->0K survivor 263K->344K tenured 336096K->336096K, 0.0318401 secs]
[GC 366904K->336526K(1571712K) eden 30464K->0K survivor 344K->430K tenured 336096K->336096K, 0.0344083 secs]
[GC 366990K->336537K(1571712K) eden 30463K->0K survivor 430K->441K tenured 336096K->336096K, 0.0361032 secs]
[GC 367001K->336569K(1571712K) eden 30464K->0K survivor 441K->473K tenured 336096K->336096K, 0.0373790 secs]
[GC 367028K->336567K(1571712K) eden 30458K->0K survivor 473K->471K tenured 336096K->336096K, 0.0382246 secs]
[GC 367031K->336602K(1571712K) eden 30464K->0K survivor 471K->506K tenured 336096K->336096K, 0.0438367 secs]
[GC 367066K->336660K(1571712K) eden 30463K->0K survivor 506K->564K tenured 336096K->336096K, 0.0399226 secs]
[GC 367124K->336709K(1571712K) eden 30464K->0K survivor 564K->613K tenured 336096K->336096K, 0.0400884 secs]
[GC 367159K->336691K(1571712K) eden 30450K->0K survivor 613K->550K tenured 336096K->336141K, 0.0404117 secs]
[GC 367155K->336755K(1571712K) eden 30463K->0K survivor 550K->614K tenured 336141K->336141K, 0.0409032 secs]
[GC 367219K->336792K(1571712K) eden 30463K->0K survivor 614K->583K tenured 336141K->336209K, 0.0433276 secs]
[GC 367256K->336830K(1571712K) eden 30463K->0K survivor 583K->570K tenured 336209K->336260K, 0.0419810 secs]
[GC 367289K->336839K(1571712K) eden 30458K->0K survivor 570K->579K tenured 336260K->336260K, 0.0462765 secs]
[GC 367303K->336905K(1571712K) eden 30463K->0K survivor 579K->615K tenured 336260K->336289K, 0.0425889 secs]
[GC 367363K->336863K(1571712K) eden 30458K->0K survivor 615K->518K tenured 336289K->336345K, 0.0420477 secs]
[GC 367327K->336914K(1571712K) eden 30463K->0K survivor 518K->569K tenured 336345K->336345K, 0.0427348 secs]
[GC 367378K->336987K(1571712K) eden 30463K->0K survivor 569K->641K tenured 336345K->336345K, 0.0409634 secs]
[GC 367451K->337023K(1571712K) eden 30464K->0K survivor 641K->598K tenured 336345K->336424K, 0.0445573 secs]
[GC 367487K->337069K(1571712K) eden 30463K->0K survivor 598K->616K tenured 336424K->336453K, 0.0447591 secs]
[GC 367531K->337021K(1571712K) eden 30461K->0K survivor 616K->514K tenured 336453K->336507K, 0.0420820 secs]
[GC 367485K->337175K(1571712K) eden 30464K->0K survivor 514K->668K tenured 336507K->336507K, 0.0393275 secs]
[GC 367639K->337142K(1571712K) eden 30464K->0K survivor 668K->523K tenured 336507K->336619K, 0.0530852 secs]
[GC 367598K->337122K(1571712K) eden 30456K->0K survivor 523K->502K tenured 336619K->336619K, 0.0383549 secs]
[GC 367586K->337229K(1571712K) eden 30463K->0K survivor 502K->610K tenured 336619K->336619K, 0.0399891 secs]
[GC 367693K->337241K(1571712K) eden 30463K->0K survivor 610K->581K tenured 336619K->336659K, 0.0411361 secs]
[GC 367704K->337676K(1571712K) eden 30463K->0K survivor 581K->979K tenured 336659K->336696K, 0.0429841 secs]
[GC 368140K->337326K(1571712K) eden 30464K->0K survivor 979K->180K tenured 336696K->337146K, 0.0452806 secs]
[GC 367790K->337361K(1571712K) eden 30463K->0K survivor 180K->215K tenured 337146K->337146K, 0.0244898 secs]
[GC 367825K->337400K(1571712K) eden 30463K->0K survivor 215K->254K tenured 337146K->337146K, 0.0265563 secs]
[GC 367864K->337418K(1571712K) eden 30463K->0K survivor 254K->272K tenured 337146K->337146K, 0.0283788 secs]
[GC 367882K->337469K(1571712K) eden 30464K->0K survivor 272K->323K tenured 337146K->337146K, 0.0301865 secs]
[GC 367933K->337463K(1571712K) eden 30463K->0K survivor 323K->317K tenured 337146K->337146K, 0.0306174 secs]
[GC 367927K->337425K(1571712K) eden 30463K->0K survivor 317K->279K tenured 337146K->337146K, 0.0319763 secs]
[GC 367889K->337517K(1571712K) eden 30463K->0K survivor 279K->371K tenured 337146K->337146K, 0.0336582 secs]
[GC 367981K->337582K(1571712K) eden 30463K->0K survivor 371K->436K tenured 337146K->337146K, 0.0350341 secs]
[GC 368040K->337579K(1571712K) eden 30457K->0K survivor 436K->433K tenured 337146K->337146K, 0.0357196 secs]
[GC 368043K->338027K(1571712K) eden 30464K->0K survivor 433K->881K tenured 337146K->337146K, 0.0417422 secs]
[GC 368491K->337669K(1571712K) eden 30464K->0K survivor 881K->172K tenured 337146K->337497K, 0.0409555 secs]
[GC 368133K->337703K(1571712K) eden 30463K->0K survivor 172K->206K tenured 337497K->337497K, 0.0250615 secs]
[GC 368167K->337747K(1571712K) eden 30463K->0K survivor 206K->250K tenured 337497K->337497K, 0.0272929 secs]
[GC 368211K->337785K(1571712K) eden 30464K->0K survivor 250K->288K tenured 337497K->337497K, 0.0309548 secs]
[GC 368249K->337836K(1571712K) eden 30464K->0K survivor 288K->338K tenured 337497K->337497K, 0.0294244 secs]
[GC 368298K->337834K(1571712K) eden 30462K->0K survivor 338K->337K tenured 337497K->337497K, 0.0315541 secs]
[GC 368298K->337875K(1571712K) eden 30463K->0K survivor 337K->377K tenured 337497K->337497K, 0.0365175 secs]
[GC 368339K->337909K(1571712K) eden 30463K->0K survivor 377K->412K tenured 337497K->337497K, 0.0335827 secs]
[GC 368373K->337937K(1571712K) eden 30463K->0K survivor 412K->439K tenured 337497K->337497K, 0.0345567 secs]
[GC 368397K->337918K(1571712K) eden 30460K->0K survivor 439K->420K tenured 337497K->337497K, 0.0358444 secs]
[GC 368382K->337989K(1571712K) eden 30463K->0K survivor 420K->491K tenured 337497K->337497K, 0.0371687 secs]
[GC 368453K->338011K(1571712K) eden 30464K->0K survivor 491K->514K tenured 337497K->337497K, 0.0386015 secs]
[GC 368475K->338056K(1571712K) eden 30463K->0K survivor 514K->558K tenured 337497K->337497K, 0.0396880 secs]
[GC 368520K->338101K(1571712K) eden 30463K->0K survivor 558K->603K tenured 337497K->337497K, 0.0402236 secs]
[GC 368565K->338118K(1571712K) eden 30464K->0K survivor 603K->576K tenured 337497K->337541K, 0.0425719 secs]
[GC 368582K->338212K(1571712K) eden 30463K->0K survivor 576K->633K tenured 337541K->337578K, 0.0402889 secs]
[GC 368676K->338182K(1571712K) eden 30464K->0K survivor 633K->516K tenured 337578K->337665K, 0.0421633 secs]
[GC 368646K->338206K(1571712K) eden 30463K->0K survivor 516K->541K tenured 337665K->337665K, 0.0392246 secs]
[GC 368670K->338265K(1571712K) eden 30463K->0K survivor 541K->600K tenured 337665K->337665K, 0.0399033 secs]
[GC 368725K->338210K(1571712K) eden 30460K->0K survivor 600K->521K tenured 337665K->337689K, 0.0410885 secs]
[GC 368674K->338701K(1571712K) eden 30463K->0K survivor 521K->1012K tenured 337689K->337689K, 0.0426467 secs]
[GC 369165K->338351K(1571712K) eden 30463K->0K survivor 1012K->176K tenured 337689K->338175K, 0.0459575 secs]
[GC 368814K->338384K(1571712K) eden 30462K->0K survivor 176K->208K tenured 338175K->338175K, 0.0242202 secs]
[GC 368847K->338424K(1571712K) eden 30463K->0K survivor 208K->249K tenured 338175K->338175K, 0.0262606 secs]
[GC 368888K->338541K(1571712K) eden 30463K->0K survivor 249K->366K tenured 338175K->338175K, 0.0290318 secs]
[GC 369005K->338464K(1571712K) eden 30463K->0K survivor 366K->289K tenured 338175K->338175K, 0.0298280 secs]
[GC 368928K->338485K(1571712K) eden 30463K->0K survivor 289K->310K tenured 338175K->338175K, 0.0300164 secs]
[GC 368949K->338517K(1571712K) eden 30463K->0K survivor 310K->342K tenured 338175K->338175K, 0.0309782 secs]
[GC 368981K->338558K(1571712K) eden 30464K->0K survivor 342K->383K tenured 338175K->338175K, 0.0328805 secs]
[GC 369011K->338577K(1571712K) eden 30452K->0K survivor 383K->401K tenured 338175K->338175K, 0.0348333 secs]
[GC 369041K->338678K(1571712K) eden 30463K->0K survivor 401K->503K tenured 338175K->338175K, 0.0336479 secs]
[GC 369142K->339059K(1571712K) eden 30464K->0K survivor 503K->884K tenured 338175K->338175K, 0.0381594 secs]
[GC 369523K->338699K(1571712K) eden 30464K->0K survivor 884K->168K tenured 338175K->338531K, 0.0419517 secs]
[GC 369163K->338718K(1571712K) eden 30463K->0K survivor 168K->187K tenured 338531K->338531K, 0.0246806 secs]
[GC 369178K->338742K(1571712K) eden 30459K->0K survivor 187K->210K tenured 338531K->338531K, 0.0262188 secs]
[GC 369206K->338810K(1571712K) eden 30464K->0K survivor 210K->279K tenured 338531K->338531K, 0.0278796 secs]
[GC 369274K->338859K(1571712K) eden 30463K->0K survivor 279K->328K tenured 338531K->338531K, 0.0291452 secs]
[GC 369323K->338881K(1571712K) eden 30463K->0K survivor 328K->349K tenured 338531K->338531K, 0.0310637 secs]
[GC 369344K->338876K(1571712K) eden 30463K->0K survivor 349K->345K tenured 338531K->338531K, 0.0316006 secs]
[GC 369340K->338929K(1571712K) eden 30463K->0K survivor 345K->398K tenured 338531K->338531K, 0.0330358 secs]
[GC 369391K->338908K(1571712K) eden 30461K->0K survivor 398K->377K tenured 338531K->338531K, 0.0350901 secs]
[GC 369372K->338985K(1571712K) eden 30464K->0K survivor 377K->454K tenured 338531K->338531K, 0.0360778 secs]
[GC 369449K->339003K(1571712K) eden 30463K->0K survivor 454K->471K tenured 338531K->338531K, 0.0369793 secs]
[GC 369467K->339023K(1571712K) eden 30464K->0K survivor 471K->492K tenured 338531K->338531K, 0.0371446 secs]
[GC 369487K->339070K(1571712K) eden 30463K->0K survivor 492K->538K tenured 338531K->338531K, 0.0386548 secs]
[GC 369534K->339109K(1571712K) eden 30463K->0K survivor 538K->577K tenured 338531K->338531K, 0.0397120 secs]
[GC 369573K->339122K(1571712K) eden 30463K->0K survivor 577K->566K tenured 338531K->338555K, 0.0413317 secs]
[GC 369586K->339217K(1571712K) eden 30464K->0K survivor 566K->662K tenured 338555K->338555K, 0.0405953 secs]
[GC 369681K->339180K(1571712K) eden 30463K->0K survivor 662K->489K tenured 338555K->338690K, 0.0428468 secs]
[GC 369644K->339235K(1571712K) eden 30463K->0K survivor 489K->544K tenured 338690K->338690K, 0.0377398 secs]
[GC 369699K->339278K(1571712K) eden 30463K->0K survivor 544K->588K tenured 338690K->338690K, 0.0395312 secs]
[GC 369742K->339313K(1571712K) eden 30463K->0K survivor 588K->599K tenured 338690K->338714K, 0.0420338 secs]
[GC 369777K->339366K(1571712K) eden 30463K->0K survivor 599K->624K tenured 338714K->338741K, 0.0416654 secs]
[GC 369830K->339344K(1571712K) eden 30463K->0K survivor 624K->542K tenured 338741K->338802K, 0.0416294 secs]
[GC 369794K->339390K(1571712K) eden 30449K->0K survivor 542K->587K tenured 338802K->338802K, 0.0407540 secs]
[GC 369854K->339447K(1571712K) eden 30463K->0K survivor 587K->601K tenured 338802K->338845K, 0.0424221 secs]
[GC 369911K->339563K(1571712K) eden 30463K->0K survivor 601K->663K tenured 338845K->338900K, 0.0413344 secs]
[GC 370027K->339485K(1571712K) eden 30463K->0K survivor 663K->496K tenured 338900K->338988K, 0.0412266 secs]
[GC 369949K->339507K(1571712K) eden 30463K->0K survivor 496K->518K tenured 338988K->338988K, 0.0374824 secs]
[GC 369962K->339488K(1571712K) eden 30455K->0K survivor 518K->499K tenured 338988K->338988K, 0.0385821 secs]
[GC 369951K->339519K(1571712K) eden 30462K->0K survivor 499K->530K tenured 338988K->338988K, 0.0395344 secs]
[GC 369983K->339637K(1571712K) eden 30464K->0K survivor 530K->648K tenured 338988K->338988K, 0.0420248 secs]
[GC 370101K->339696K(1571712K) eden 30463K->0K survivor 648K->633K tenured 338988K->339063K, 0.0437678 secs]
[GC 370160K->340076K(1571712K) eden 30463K->0K survivor 633K->941K tenured 339063K->339135K, 0.0437030 secs]
[GC 370540K->339716K(1571712K) eden 30463K->0K survivor 941K->219K tenured 339135K->339497K, 0.0437808 secs]
[GC 370180K->339750K(1571712K) eden 30463K->0K survivor 219K->252K tenured 339497K->339497K, 0.0271682 secs]
[GC 370202K->339746K(1571712K) eden 30452K->0K survivor 252K->248K tenured 339497K->339497K, 0.0277155 secs]
[GC 370210K->339825K(1571712K) eden 30463K->0K survivor 248K->328K tenured 339497K->339497K, 0.0308420 secs]
[GC 370285K->339772K(1571712K) eden 30459K->0K survivor 328K->275K tenured 339497K->339497K, 0.0310237 secs]
[GC 370236K->339894K(1571712K) eden 30463K->0K survivor 275K->397K tenured 339497K->339497K, 0.0325713 secs]
[GC 370358K->339899K(1571712K) eden 30463K->0K survivor 397K->402K tenured 339497K->339497K, 0.0353132 secs]
[GC 370363K->339941K(1571712K) eden 30464K->0K survivor 402K->443K tenured 339497K->339497K, 0.0352897 secs]
[GC 370394K->339919K(1571712K) eden 30453K->0K survivor 443K->421K tenured 339497K->339497K, 0.0361137 secs]
[GC 370379K->339938K(1571712K) eden 30460K->0K survivor 421K->441K tenured 339497K->339497K, 0.0367154 secs]
[GC 370387K->339975K(1571712K) eden 30449K->0K survivor 441K->478K tenured 339497K->339497K, 0.0379056 secs]
[GC 370439K->340049K(1571712K) eden 30463K->0K survivor 478K->552K tenured 339497K->339497K, 0.0392247 secs]
[GC 370502K->340031K(1571712K) eden 30452K->0K survivor 552K->534K tenured 339497K->339497K, 0.0400449 secs]
[GC 370495K->340122K(1571712K) eden 30463K->0K survivor 534K->624K tenured 339497K->339497K, 0.0420127 secs]
[GC 370586K->340143K(1571712K) eden 30463K->0K survivor 624K->593K tenured 339497K->339550K, 0.0418979 secs]
[GC 370607K->340225K(1571712K) eden 30463K->0K survivor 593K->651K tenured 339550K->339574K, 0.0416986 secs]
[GC 370689K->340192K(1571712K) eden 30463K->0K survivor 651K->536K tenured 339574K->339655K, 0.0428087 secs]
[GC 370656K->340255K(1571712K) eden 30463K->0K survivor 536K->599K tenured 339655K->339655K, 0.0400219 secs]
[GC 370716K->340248K(1571712K) eden 30460K->0K survivor 599K->542K tenured 339655K->339706K, 0.0420087 secs]
[GC 370712K->340316K(1571712K) eden 30463K->0K survivor 542K->610K tenured 339706K->339706K, 0.0414776 secs]
[GC 370780K->340369K(1571712K) eden 30463K->0K survivor 610K->612K tenured 339706K->339756K, 0.0425693 secs]
[GC 370833K->340363K(1571712K) eden 30463K->0K survivor 612K->547K tenured 339756K->339816K, 0.0418821 secs]
[GC 370826K->340334K(1571712K) eden 30463K->0K survivor 547K->518K tenured 339816K->339816K, 0.0388200 secs]
[GC 370792K->340423K(1571712K) eden 30457K->0K survivor 518K->607K tenured 339816K->339816K, 0.0409097 secs]
[GC 370887K->340565K(1571712K) eden 30463K->0K survivor 607K->706K tenured 339816K->339858K, 0.0431913 secs]
[GC 371029K->340486K(1571712K) eden 30463K->0K survivor 706K->488K tenured 339858K->339998K, 0.0435538 secs]
[GC 370941K->340465K(1571712K) eden 30454K->0K survivor 488K->466K tenured 339998K->339998K, 0.0376576 secs]
[GC 370929K->340581K(1571712K) eden 30464K->0K survivor 466K->582K tenured 339998K->339998K, 0.0397857 secs]
[GC 371045K->340580K(1571712K) eden 30463K->0K survivor 582K->546K tenured 339998K->340034K, 0.0402330 secs]
[GC 371044K->340630K(1571712K) eden 30463K->0K survivor 546K->596K tenured 340034K->340034K, 0.0403155 secs]
[GC 371094K->340676K(1571712K) eden 30463K->0K survivor 596K->621K tenured 340034K->340055K, 0.0414397 secs]
[GC 371129K->340618K(1571712K) eden 30452K->0K survivor 621K->513K tenured 340055K->340104K, 0.0412443 secs]
[GC 371082K->340709K(1571712K) eden 30463K->0K survivor 513K->605K tenured 340104K->340104K, 0.0400969 secs]
[GC 371173K->340742K(1571712K) eden 30463K->0K survivor 605K->602K tenured 340104K->340140K, 0.0417787 secs]
[GC 371206K->340779K(1571712K) eden 30464K->0K survivor 602K->590K tenured 340140K->340188K, 0.0431346 secs]
[GC 371243K->340812K(1571712K) eden 30463K->0K survivor 590K->593K tenured 340188K->340219K, 0.0420986 secs]
[GC 370803K->341018K(1571712K) eden 29990K->0K survivor 593K->769K tenured 340219K->340248K, 0.0421645 secs]
[GC 371474K->340797K(1571712K) eden 30456K->0K survivor 769K->334K tenured 340248K->340463K, 0.0432721 secs]
[GC 371261K->340903K(1571712K) eden 30463K->0K survivor 334K->439K tenured 340463K->340463K, 0.0350362 secs]
[GC 371367K->340945K(1571712K) eden 30464K->0K survivor 439K->482K tenured 340463K->340463K, 0.0367615 secs]
[GC 371409K->340956K(1571712K) eden 30463K->0K survivor 482K->493K tenured 340463K->340463K, 0.0376370 secs]
[GC 371420K->340988K(1571712K) eden 30463K->0K survivor 493K->525K tenured 340463K->340463K, 0.0390350 secs]
[GC 371452K->340970K(1571712K) eden 30463K->0K survivor 525K->506K tenured 340463K->340463K, 0.0406972 secs]
[GC 371433K->341032K(1571712K) eden 30463K->0K survivor 506K->569K tenured 340463K->340463K, 0.0395531 secs]
[GC 371496K->341080K(1571712K) eden 30463K->0K survivor 569K->617K tenured 340463K->340463K, 0.0413992 secs]
[GC 371533K->341079K(1571712K) eden 30453K->0K survivor 617K->530K tenured 340463K->340548K, 0.0439729 secs]
[GC 371543K->341119K(1571712K) eden 30463K->0K survivor 530K->570K tenured 340548K->340548K, 0.0407564 secs]
[GC 371583K->341129K(1571712K) eden 30463K->0K survivor 570K->581K tenured 340548K->340548K, 0.0413381 secs]
[GC 371593K->341186K(1571712K) eden 30463K->0K survivor 581K->614K tenured 340548K->340571K, 0.0432695 secs]
[GC 371650K->341212K(1571712K) eden 30463K->0K survivor 614K->590K tenured 340571K->340622K, 0.0441077 secs]
[GC 371664K->341212K(1571712K) eden 30451K->0K survivor 590K->561K tenured 340622K->340651K, 0.0424262 secs]
[GC 371662K->341260K(1571712K) eden 30449K->0K survivor 561K->609K tenured 340651K->340651K, 0.0411933 secs]
[GC 371724K->341315K(1571712K) eden 30464K->0K survivor 609K->612K tenured 340651K->340703K, 0.0437742 secs]
[GC 371779K->341279K(1571712K) eden 30463K->0K survivor 612K->529K tenured 340703K->340750K, 0.0447292 secs]
[GC 371743K->341409K(1571712K) eden 30463K->0K survivor 529K->659K tenured 340750K->340750K, 0.0424579 secs]
[GC 371873K->341448K(1571712K) eden 30464K->0K survivor 659K->598K tenured 340750K->340849K, 0.0442326 secs]
[GC 371912K->341459K(1571712K) eden 30463K->0K survivor 598K->586K tenured 340849K->340872K, 0.0417328 secs]
[GC 371918K->341434K(1571712K) eden 30459K->0K survivor 586K->532K tenured 340872K->340901K, 0.0423264 secs]
[GC 371885K->341457K(1571712K) eden 30451K->0K survivor 532K->555K tenured 340901K->340901K, 0.0414346 secs]
[GC 371921K->341571K(1571712K) eden 30463K->0K survivor 555K->669K tenured 340901K->340901K, 0.0425307 secs]
[GC 372035K->341580K(1571712K) eden 30463K->0K survivor 669K->558K tenured 340901K->341021K, 0.0448641 secs]
[GC 372044K->341630K(1571712K) eden 30463K->0K survivor 558K->608K tenured 341021K->341021K, 0.0423022 secs]
[GC 372094K->341648K(1571712K) eden 30463K->0K survivor 608K->586K tenured 341021K->341061K, 0.0417921 secs]
[GC 372112K->341678K(1571712K) eden 30463K->0K survivor 586K->587K tenured 341061K->341091K, 0.0406272 secs]
[GC 372142K->341700K(1571712K) eden 30463K->0K survivor 587K->572K tenured 341091K->341128K, 0.0420115 secs]
[GC 372164K->341748K(1571712K) eden 30463K->0K survivor 572K->620K tenured 341128K->341128K, 0.0397492 secs]
[GC 372212K->341783K(1571712K) eden 30463K->0K survivor 620K->604K tenured 341128K->341179K, 0.0435833 secs]
[GC 372247K->341803K(1571712K) eden 30464K->0K survivor 604K->594K tenured 341179K->341208K, 0.0415118 secs]
[GC 372267K->342231K(1571712K) eden 30463K->0K survivor 594K->993K tenured 341208K->341237K, 0.0424552 secs]
[GC 372695K->341865K(1571712K) eden 30463K->0K survivor 993K->166K tenured 341237K->341698K, 0.0476302 secs]
[GC 372329K->341902K(1571712K) eden 30463K->0K survivor 166K->204K tenured 341698K->341698K, 0.0251908 secs]
[GC 372366K->341934K(1571712K) eden 30463K->0K survivor 204K->235K tenured 341698K->341698K, 0.0269133 secs]
[GC 372391K->341897K(1571712K) eden 30457K->0K survivor 235K->199K tenured 341698K->341698K, 0.0278362 secs]
[GC 372361K->341981K(1571712K) eden 30463K->0K survivor 199K->282K tenured 341698K->341698K, 0.0296418 secs]
[GC 372445K->341932K(1571712K) eden 30463K->0K survivor 282K->233K tenured 341698K->341698K, 0.0308256 secs]
[GC 372396K->342047K(1571712K) eden 30463K->0K survivor 233K->348K tenured 341698K->341698K, 0.0317796 secs]
[GC 372511K->342071K(1571712K) eden 30463K->0K survivor 348K->372K tenured 341698K->341698K, 0.0342991 secs]
[GC 372535K->342200K(1571712K) eden 30463K->0K survivor 372K->501K tenured 341698K->341698K, 0.0354108 secs]
[GC 372664K->342145K(1571712K) eden 30464K->0K survivor 501K->446K tenured 341698K->341698K, 0.0359698 secs]
[GC 372608K->342106K(1571712K) eden 30463K->0K survivor 446K->407K tenured 341698K->341698K, 0.0361140 secs]
[GC 372570K->342165K(1571712K) eden 30464K->0K survivor 407K->466K tenured 341698K->341698K, 0.0373001 secs]
[GC 372629K->342201K(1571712K) eden 30463K->0K survivor 466K->502K tenured 341698K->341698K, 0.0379103 secs]
[GC 372665K->342250K(1571712K) eden 30463K->0K survivor 502K->552K tenured 341698K->341698K, 0.0406920 secs]
[GC 372714K->342309K(1571712K) eden 30463K->0K survivor 552K->610K tenured 341698K->341698K, 0.0395839 secs]
[GC 372773K->342688K(1571712K) eden 30463K->0K survivor 610K->942K tenured 341698K->341745K, 0.0446617 secs]
[GC 373152K->342316K(1571712K) eden 30464K->0K survivor 942K->195K tenured 341745K->342120K, 0.0447564 secs]
[GC 372780K->342368K(1571712K) eden 30464K->0K survivor 195K->247K tenured 342120K->342120K, 0.0273359 secs]
[GC 372832K->342402K(1571712K) eden 30463K->0K survivor 247K->281K tenured 342120K->342120K, 0.0287748 secs]
[GC 372866K->342429K(1571712K) eden 30463K->0K survivor 281K->308K tenured 342120K->342120K, 0.0307833 secs]
[GC 372893K->342467K(1571712K) eden 30464K->0K survivor 308K->346K tenured 342120K->342120K, 0.0318922 secs]
[GC 372931K->342472K(1571712K) eden 30463K->0K survivor 346K->351K tenured 342120K->342120K, 0.0336701 secs]
[GC 372936K->342518K(1571712K) eden 30463K->0K survivor 351K->397K tenured 342120K->342120K, 0.0341787 secs]
[GC 372982K->342556K(1571712K) eden 30464K->0K survivor 397K->435K tenured 342120K->342120K, 0.0362091 secs]
[GC 373011K->342544K(1571712K) eden 30454K->0K survivor 435K->424K tenured 342120K->342120K, 0.0369002 secs]
[GC 373008K->342614K(1571712K) eden 30464K->0K survivor 424K->494K tenured 342120K->342120K, 0.0356222 secs]
[GC 373078K->342711K(1571712K) eden 30463K->0K survivor 494K->590K tenured 342120K->342120K, 0.0387517 secs]
[GC 373175K->342695K(1571712K) eden 30463K->0K survivor 590K->529K tenured 342120K->342166K, 0.0400391 secs]
[GC 373159K->342710K(1571712K) eden 30463K->0K survivor 529K->544K tenured 342166K->342166K, 0.0385624 secs]
[GC 373174K->342760K(1571712K) eden 30463K->0K survivor 544K->594K tenured 342166K->342166K, 0.0408535 secs]
[GC 373224K->342784K(1571712K) eden 30463K->0K survivor 594K->596K tenured 342166K->342187K, 0.0418988 secs]
[GC 373248K->343203K(1571712K) eden 30463K->0K survivor 596K->970K tenured 342187K->342232K, 0.0436160 secs]
[GC 373667K->342854K(1571712K) eden 30463K->0K survivor 970K->178K tenured 342232K->342675K, 0.0455145 secs]
[GC 373318K->342874K(1571712K) eden 30463K->0K survivor 178K->199K tenured 342675K->342675K, 0.0241477 secs]
[GC 373338K->342908K(1571712K) eden 30464K->0K survivor 199K->232K tenured 342675K->342675K, 0.0270558 secs]
[GC 373369K->342863K(1571712K) eden 30460K->0K survivor 232K->188K tenured 342675K->342675K, 0.0283539 secs]
[GC 373327K->342993K(1571712K) eden 30464K->0K survivor 188K->318K tenured 342675K->342675K, 0.0293916 secs]
[GC 373454K->342935K(1571712K) eden 30460K->0K survivor 318K->259K tenured 342675K->342675K, 0.0311401 secs]
[GC 373399K->343038K(1571712K) eden 30464K->0K survivor 259K->362K tenured 342675K->342675K, 0.0324004 secs]
[GC 373490K->343033K(1571712K) eden 30451K->0K survivor 362K->358K tenured 342675K->342675K, 0.0341739 secs]
[GC 373496K->343031K(1571712K) eden 30462K->0K survivor 358K->355K tenured 342675K->342675K, 0.0345269 secs]
[GC 373495K->343109K(1571712K) eden 30463K->0K survivor 355K->434K tenured 342675K->342675K, 0.0368393 secs]
[GC 373573K->343055K(1571712K) eden 30463K->0K survivor 434K->380K tenured 342675K->342675K, 0.0372873 secs]
[GC 373519K->343184K(1571712K) eden 30464K->0K survivor 380K->508K tenured 342675K->342675K, 0.0369146 secs]
[GC 373648K->343189K(1571712K) eden 30463K->0K survivor 508K->514K tenured 342675K->342675K, 0.0386027 secs]
[GC 373640K->343183K(1571712K) eden 30450K->0K survivor 514K->507K tenured 342675K->342675K, 0.0402242 secs]
[GC 373638K->343198K(1571712K) eden 30455K->0K survivor 507K->523K tenured 342675K->342675K, 0.0397222 secs]
[GC 373662K->343278K(1571712K) eden 30463K->0K survivor 523K->602K tenured 342675K->342675K, 0.0410366 secs]
[GC 373742K->343310K(1571712K) eden 30463K->0K survivor 602K->592K tenured 342675K->342718K, 0.0425037 secs]
[GC 373749K->343289K(1571712K) eden 30439K->0K survivor 592K->538K tenured 342718K->342750K, 0.0427112 secs]
[GC 373753K->343376K(1571712K) eden 30463K->0K survivor 538K->625K tenured 342750K->342750K, 0.0417429 secs]
[GC 373840K->343407K(1571712K) eden 30463K->0K survivor 625K->585K tenured 342750K->342822K, 0.0436932 secs]
[GC 373871K->343811K(1571712K) eden 30464K->0K survivor 585K->960K tenured 342822K->342850K, 0.0430774 secs]
[GC 374275K->343453K(1571712K) eden 30464K->0K survivor 960K->212K tenured 342850K->343240K, 0.0457006 secs]
[GC 373916K->343411K(1571712K) eden 30463K->0K survivor 212K->170K tenured 343240K->343240K, 0.0265216 secs]
[GC 373872K->343458K(1571712K) eden 30460K->0K survivor 170K->217K tenured 343240K->343240K, 0.0288840 secs]
[GC 373852K->343618K(1571712K) eden 30394K->0K survivor 217K->377K tenured 343240K->343240K, 0.0311775 secs]
[GC 374082K->343576K(1571712K) eden 30463K->0K survivor 377K->336K tenured 343240K->343240K, 0.0318985 secs]
[GC 374040K->343583K(1571712K) eden 30463K->0K survivor 336K->342K tenured 343240K->343240K, 0.0324216 secs]
[GC 374047K->343594K(1571712K) eden 30463K->0K survivor 342K->353K tenured 343240K->343240K, 0.0340540 secs]
[GC 374014K->343630K(1571712K) eden 30419K->0K survivor 353K->389K tenured 343240K->343240K, 0.0350943 secs]
[GC 374094K->343732K(1571712K) eden 30463K->0K survivor 389K->492K tenured 343240K->343240K, 0.0372317 secs]
[GC 374196K->343776K(1571712K) eden 30464K->0K survivor 492K->535K tenured 343240K->343240K, 0.0382953 secs]
[GC 374240K->344164K(1571712K) eden 30463K->0K survivor 535K->923K tenured 343240K->343240K, 0.0395468 secs]
[GC 374628K->343819K(1571712K) eden 30463K->0K survivor 923K->183K tenured 343240K->343636K, 0.0440989 secs]
[GC 374283K->343841K(1571712K) eden 30464K->0K survivor 183K->205K tenured 343636K->343636K, 0.0242809 secs]
[GC 374305K->343823K(1571712K) eden 30463K->0K survivor 205K->187K tenured 343636K->343636K, 0.0261619 secs]
[GC 374275K->343874K(1571712K) eden 30451K->0K survivor 187K->237K tenured 343636K->343636K, 0.0267332 secs]
[GC 374338K->343928K(1571712K) eden 30463K->0K survivor 237K->291K tenured 343636K->343636K, 0.0294056 secs]
[GC 374392K->343965K(1571712K) eden 30464K->0K survivor 291K->329K tenured 343636K->343636K, 0.0311516 secs]
[GC 374425K->343957K(1571712K) eden 30459K->0K survivor 329K->321K tenured 343636K->343636K, 0.0325616 secs]
[GC 374421K->344041K(1571712K) eden 30463K->0K survivor 321K->405K tenured 343636K->343636K, 0.0346065 secs]
[GC 374505K->344056K(1571712K) eden 30463K->0K survivor 405K->420K tenured 343636K->343636K, 0.0355681 secs]
[GC 374520K->344079K(1571712K) eden 30463K->0K survivor 420K->443K tenured 343636K->343636K, 0.0358406 secs]
[GC 374530K->344056K(1571712K) eden 30451K->0K survivor 443K->420K tenured 343636K->343636K, 0.0370141 secs]
[GC 374520K->344062K(1571712K) eden 30463K->0K survivor 420K->426K tenured 343636K->343636K, 0.0378228 secs]
[GC 374526K->344172K(1571712K) eden 30464K->0K survivor 426K->536K tenured 343636K->343636K, 0.0391325 secs]
[GC 374636K->344214K(1571712K) eden 30463K->0K survivor 536K->578K tenured 343636K->343636K, 0.0407525 secs]
[GC 374678K->344226K(1571712K) eden 30464K->0K survivor 578K->565K tenured 343636K->343660K, 0.0412219 secs]
[GC 374690K->344320K(1571712K) eden 30463K->0K survivor 565K->659K tenured 343660K->343660K, 0.0405133 secs]
[GC 374784K->344289K(1571712K) eden 30463K->0K survivor 659K->496K tenured 343660K->343792K, 0.0442366 secs]
[GC 374742K->344285K(1571712K) eden 30452K->0K survivor 496K->492K tenured 343792K->343792K, 0.0390090 secs]
[GC 374749K->344366K(1571712K) eden 30463K->0K survivor 492K->574K tenured 343792K->343792K, 0.0412462 secs]
[GC 374830K->344383K(1571712K) eden 30464K->0K survivor 574K->590K tenured 343792K->343792K, 0.0406405 secs]
[GC 374847K->344801K(1571712K) eden 30464K->0K survivor 590K->982K tenured 343792K->343818K, 0.0434394 secs]
[GC 375265K->344449K(1571712K) eden 30464K->0K survivor 982K->221K tenured 343818K->344227K, 0.0457565 secs]
[GC 374913K->344479K(1571712K) eden 30463K->0K survivor 221K->252K tenured 344227K->344227K, 0.0269321 secs]
[GC 374943K->344513K(1571712K) eden 30464K->0K survivor 252K->286K tenured 344227K->344227K, 0.0272779 secs]
[GC 374977K->344522K(1571712K) eden 30464K->0K survivor 286K->294K tenured 344227K->344227K, 0.0289609 secs]
[GC 374986K->344536K(1571712K) eden 30464K->0K survivor 294K->309K tenured 344227K->344227K, 0.0317162 secs]
[GC 375000K->344491K(1571712K) eden 30463K->0K survivor 309K->264K tenured 344227K->344227K, 0.0314542 secs]
[GC 374955K->344593K(1571712K) eden 30463K->0K survivor 264K->366K tenured 344227K->344227K, 0.0339409 secs]
[GC 375057K->344627K(1571712K) eden 30464K->0K survivor 366K->400K tenured 344227K->344227K, 0.0358608 secs]
[GC 375091K->344653K(1571712K) eden 30463K->0K survivor 400K->426K tenured 344227K->344227K, 0.0357260 secs]
[GC 375117K->344680K(1571712K) eden 30464K->0K survivor 426K->453K tenured 344227K->344227K, 0.0368511 secs]
[GC 375144K->344714K(1571712K) eden 30463K->0K survivor 453K->486K tenured 344227K->344227K, 0.0382419 secs]
[GC 375178K->344645K(1571712K) eden 30463K->0K survivor 486K->418K tenured 344227K->344227K, 0.0379588 secs]
[GC 375109K->344764K(1571712K) eden 30463K->0K survivor 418K->537K tenured 344227K->344227K, 0.0401172 secs]
[GC 375228K->344815K(1571712K) eden 30463K->0K survivor 537K->588K tenured 344227K->344227K, 0.0415430 secs]
[GC 375279K->344844K(1571712K) eden 30464K->0K survivor 588K->567K tenured 344227K->344276K, 0.0423257 secs]
[GC 375308K->345266K(1571712K) eden 30464K->0K survivor 567K->989K tenured 344276K->344276K, 0.0422359 secs]
[GC 375730K->344902K(1571712K) eden 30463K->0K survivor 989K->171K tenured 344276K->344730K, 0.0480064 secs]
[GC 375366K->344943K(1571712K) eden 30463K->0K survivor 171K->212K tenured 344730K->344730K, 0.0247216 secs]
[GC 375402K->344935K(1571712K) eden 30459K->0K survivor 212K->204K tenured 344730K->344730K, 0.0266136 secs]
[GC 375399K->344992K(1571712K) eden 30463K->0K survivor 204K->261K tenured 344730K->344730K, 0.0283561 secs]
[GC 375456K->345028K(1571712K) eden 30463K->0K survivor 261K->297K tenured 344730K->344730K, 0.0297097 secs]
[GC 375492K->345015K(1571712K) eden 30463K->0K survivor 297K->284K tenured 344730K->344730K, 0.0317798 secs]
[GC 375479K->345074K(1571712K) eden 30463K->0K survivor 284K->343K tenured 344730K->344730K, 0.0317759 secs]
[GC 375525K->345095K(1571712K) eden 30450K->0K survivor 343K->365K tenured 344730K->344730K, 0.0335483 secs]
[GC 375473K->345226K(1571712K) eden 30377K->0K survivor 365K->495K tenured 344730K->344730K, 0.0356878 secs]
[GC 375687K->345134K(1571712K) eden 30460K->0K survivor 495K->403K tenured 344730K->344730K, 0.0355881 secs]
[GC 375598K->345188K(1571712K) eden 30464K->0K survivor 403K->457K tenured 344730K->344730K, 0.0361756 secs]
[GC 375652K->345246K(1571712K) eden 30464K->0K survivor 457K->515K tenured 344730K->344730K, 0.0382779 secs]
[GC 375710K->345286K(1571712K) eden 30464K->0K survivor 515K->555K tenured 344730K->344730K, 0.0390713 secs]
[GC 375750K->345338K(1571712K) eden 30463K->0K survivor 555K->607K tenured 344730K->344730K, 0.0403057 secs]
[GC 375802K->345377K(1571712K) eden 30463K->0K survivor 607K->596K tenured 344730K->344780K, 0.0422564 secs]
[GC 375841K->345757K(1571712K) eden 30463K->0K survivor 596K->942K tenured 344780K->344814K, 0.0414581 secs]
[GC 376216K->345337K(1571712K) eden 30458K->0K survivor 942K->156K tenured 344814K->345180K, 0.0443583 secs]
[GC 375801K->345410K(1571712K) eden 30464K->0K survivor 156K->229K tenured 345180K->345180K, 0.0268106 secs]
[GC 375874K->345396K(1571712K) eden 30464K->0K survivor 229K->216K tenured 345180K->345180K, 0.0287645 secs]
[GC 375860K->345494K(1571712K) eden 30463K->0K survivor 216K->313K tenured 345180K->345180K, 0.0306111 secs]
[GC 375958K->345543K(1571712K) eden 30463K->0K survivor 313K->362K tenured 345180K->345180K, 0.0312313 secs]
[GC 376007K->345562K(1571712K) eden 30464K->0K survivor 362K->381K tenured 345180K->345180K, 0.0324623 secs]
[GC 376026K->345562K(1571712K) eden 30464K->0K survivor 381K->381K tenured 345180K->345180K, 0.0334756 secs]
[GC 376026K->345600K(1571712K) eden 30464K->0K survivor 381K->419K tenured 345180K->345180K, 0.0349475 secs]
[GC 376062K->345595K(1571712K) eden 30461K->0K survivor 419K->415K tenured 345180K->345180K, 0.0367024 secs]
[GC 376059K->345653K(1571712K) eden 30463K->0K survivor 415K->472K tenured 345180K->345180K, 0.0374697 secs]
[GC 376117K->345660K(1571712K) eden 30463K->0K survivor 472K->480K tenured 345180K->345180K, 0.0376322 secs]
[GC 376124K->345688K(1571712K) eden 30464K->0K survivor 480K->508K tenured 345180K->345180K, 0.0393432 secs]
[GC 376152K->345727K(1571712K) eden 30463K->0K survivor 508K->546K tenured 345180K->345180K, 0.0400869 secs]
[GC 376191K->345771K(1571712K) eden 30464K->0K survivor 546K->591K tenured 345180K->345180K, 0.0410173 secs]
[GC 376235K->345782K(1571712K) eden 30464K->0K survivor 591K->550K tenured 345180K->345232K, 0.0418134 secs]
[GC 376239K->345762K(1571712K) eden 30456K->0K survivor 550K->530K tenured 345232K->345232K, 0.0405665 secs]
[GC 376226K->345824K(1571712K) eden 30464K->0K survivor 530K->591K tenured 345232K->345232K, 0.0415822 secs]
[GC 376261K->345853K(1571712K) eden 30437K->0K survivor 591K->598K tenured 345232K->345255K, 0.0435049 secs]
[GC 376304K->345846K(1571712K) eden 30451K->0K survivor 598K->542K tenured 345255K->345303K, 0.0434970 secs]
[GC 376293K->345869K(1571712K) eden 30447K->0K survivor 542K->565K tenured 345303K->345303K, 0.0427246 secs]
[GC 376333K->346337K(1571712K) eden 30463K->0K survivor 565K->1034K tenured 345303K->345303K, 0.0558768 secs]
[GC 376783K->345924K(1571712K) eden 30445K->0K survivor 1034K->151K tenured 345303K->345773K, 0.0495511 secs]
[GC 376388K->346006K(1571712K) eden 30463K->0K survivor 151K->233K tenured 345773K->345773K, 0.0267878 secs]
[GC 376470K->346186K(1571712K) eden 30464K->0K survivor 233K->413K tenured 345773K->345773K, 0.0277224 secs]
[GC 376650K->346272K(1571712K) eden 30464K->0K survivor 413K->499K tenured 345773K->345773K, 0.0299215 secs]
[GC 376736K->346029K(1571712K) eden 30463K->0K survivor 499K->255K tenured 345773K->345773K, 0.0303380 secs]
[GC 376493K->346078K(1571712K) eden 30463K->0K survivor 255K->304K tenured 345773K->345773K, 0.0317103 secs]
[GC 376542K->346258K(1571712K) eden 30463K->0K survivor 304K->484K tenured 345773K->345773K, 0.0321697 secs]
[GC 376722K->346344K(1571712K) eden 30463K->0K survivor 484K->571K tenured 345773K->345773K, 0.0340209 secs]
[GC 376808K->346104K(1571712K) eden 30464K->0K survivor 571K->331K tenured 345773K->345773K, 0.0341011 secs]
[GC 376568K->346173K(1571712K) eden 30463K->0K survivor 331K->399K tenured 345773K->345773K, 0.0356165 secs]
[GC 376637K->346209K(1571712K) eden 30463K->0K survivor 399K->435K tenured 345773K->345773K, 0.0384156 secs]
[GC 376673K->346221K(1571712K) eden 30463K->0K survivor 435K->448K tenured 345773K->345773K, 0.0376968 secs]
[GC 376685K->346254K(1571712K) eden 30463K->0K survivor 448K->480K tenured 345773K->345773K, 0.0387110 secs]
[GC 376712K->346212K(1571712K) eden 30458K->0K survivor 480K->438K tenured 345773K->345773K, 0.0386136 secs]
[GC 376663K->346257K(1571712K) eden 30451K->0K survivor 438K->483K tenured 345773K->345773K, 0.0385987 secs]
[GC 376721K->346344K(1571712K) eden 30464K->0K survivor 483K->570K tenured 345773K->345773K, 0.0415289 secs]
[GC 376808K->346394K(1571712K) eden 30464K->0K survivor 570K->620K tenured 345773K->345773K, 0.0432842 secs]
[GC 376858K->346406K(1571712K) eden 30463K->0K survivor 620K->588K tenured 345773K->345818K, 0.0433857 secs]
[GC 376870K->346443K(1571712K) eden 30463K->0K survivor 588K->605K tenured 345818K->345838K, 0.0418867 secs]
[GC 376907K->346465K(1571712K) eden 30464K->0K survivor 605K->585K tenured 345838K->345880K, 0.0423891 secs]
[GC 376929K->346514K(1571712K) eden 30463K->0K survivor 585K->613K tenured 345880K->345900K, 0.0417568 secs]
[GC 376978K->346550K(1571712K) eden 30463K->0K survivor 613K->610K tenured 345900K->345939K, 0.0444551 secs]
[GC 377014K->346570K(1571712K) eden 30464K->0K survivor 610K->590K tenured 345939K->345979K, 0.0428581 secs]
[GC 377034K->346997K(1571712K) eden 30464K->0K survivor 590K->985K tenured 345979K->346012K, 0.0422522 secs]
[GC 377461K->346632K(1571712K) eden 30463K->0K survivor 985K->168K tenured 346012K->346464K, 0.0458326 secs]
[GC 377096K->346670K(1571712K) eden 30463K->0K survivor 168K->205K tenured 346464K->346464K, 0.0248156 secs]
[GC 377134K->346701K(1571712K) eden 30464K->0K survivor 205K->236K tenured 346464K->346464K, 0.0267353 secs]
[GC 377165K->346717K(1571712K) eden 30464K->0K survivor 236K->253K tenured 346464K->346464K, 0.0284064 secs]
[GC 377181K->346752K(1571712K) eden 30464K->0K survivor 253K->287K tenured 346464K->346464K, 0.0306819 secs]
[GC 377216K->346701K(1571712K) eden 30464K->0K survivor 287K->237K tenured 346464K->346464K, 0.0299263 secs]
[GC 377165K->346817K(1571712K) eden 30463K->0K survivor 237K->353K tenured 346464K->346464K, 0.0332668 secs]
[GC 377281K->346842K(1571712K) eden 30464K->0K survivor 353K->378K tenured 346464K->346464K, 0.0337287 secs]
[GC 377306K->346971K(1571712K) eden 30464K->0K survivor 378K->507K tenured 346464K->346464K, 0.0355710 secs]
[GC 377435K->346917K(1571712K) eden 30463K->0K survivor 507K->452K tenured 346464K->346464K, 0.0365549 secs]
[GC 377381K->346904K(1571712K) eden 30463K->0K survivor 452K->440K tenured 346464K->346464K, 0.0368555 secs]
[GC 377368K->346937K(1571712K) eden 30463K->0K survivor 440K->472K tenured 346464K->346464K, 0.0377464 secs]
[GC 377401K->346974K(1571712K) eden 30463K->0K survivor 472K->510K tenured 346464K->346464K, 0.0395669 secs]
[GC 377438K->347025K(1571712K) eden 30463K->0K survivor 510K->560K tenured 346464K->346464K, 0.0400108 secs]
[GC 377489K->347083K(1571712K) eden 30463K->0K survivor 560K->618K tenured 346464K->346464K, 0.0409643 secs]
[GC 377547K->347462K(1571712K) eden 30463K->0K survivor 618K->950K tenured 346464K->346512K, 0.0441727 secs]
[GC 377926K->347091K(1571712K) eden 30463K->0K survivor 950K->197K tenured 346512K->346894K, 0.0453755 secs]
[GC 377542K->347099K(1571712K) eden 30451K->0K survivor 197K->204K tenured 346894K->346894K, 0.0271057 secs]
[GC 377561K->347103K(1571712K) eden 30462K->0K survivor 204K->209K tenured 346894K->346894K, 0.0278183 secs]
[GC 377567K->347188K(1571712K) eden 30463K->0K survivor 209K->294K tenured 346894K->346894K, 0.0303718 secs]
[GC 377492K->347390K(1571712K) eden 30303K->0K survivor 294K->495K tenured 346894K->346894K, 0.0319086 secs]
[GC 377854K->347245K(1571712K) eden 30463K->0K survivor 495K->350K tenured 346894K->346894K, 0.0323531 secs]
[GC 377709K->347266K(1571712K) eden 30463K->0K survivor 350K->372K tenured 346894K->346894K, 0.0339062 secs]
[GC 377730K->347296K(1571712K) eden 30463K->0K survivor 372K->402K tenured 346894K->346894K, 0.0346930 secs]
[GC 377760K->347317K(1571712K) eden 30463K->0K survivor 402K->423K tenured 346894K->346894K, 0.0364967 secs]
[GC 377781K->347342K(1571712K) eden 30463K->0K survivor 423K->448K tenured 346894K->346894K, 0.0364951 secs]
[GC 377806K->347323K(1571712K) eden 30463K->0K survivor 448K->428K tenured 346894K->346894K, 0.0382600 secs]
[GC 377785K->347339K(1571712K) eden 30462K->0K survivor 428K->444K tenured 346894K->346894K, 0.0380813 secs]
[GC 377803K->347416K(1571712K) eden 30463K->0K survivor 444K->522K tenured 346894K->346894K, 0.0394369 secs]
[GC 377880K->347542K(1571712K) eden 30463K->0K survivor 522K->647K tenured 346894K->346894K, 0.0416784 secs]
[GC 378006K->347485K(1571712K) eden 30463K->0K survivor 647K->507K tenured 346894K->346978K, 0.0423332 secs]
[GC 377949K->347469K(1571712K) eden 30464K->0K survivor 507K->491K tenured 346978K->346978K, 0.0399907 secs]
[GC 377933K->347493K(1571712K) eden 30463K->0K survivor 491K->515K tenured 346978K->346978K, 0.0402290 secs]
[GC 377946K->347529K(1571712K) eden 30453K->0K survivor 515K->551K tenured 346978K->346978K, 0.0419301 secs]
[GC 377993K->347589K(1571712K) eden 30464K->0K survivor 551K->611K tenured 346978K->346978K, 0.0441916 secs]
[GC 378053K->347633K(1571712K) eden 30463K->0K survivor 611K->599K tenured 346978K->347033K, 0.0471269 secs]
[GC 378084K->347684K(1571712K) eden 30451K->0K survivor 599K->606K tenured 347033K->347078K, 0.0443694 secs]
[GC 378148K->347731K(1571712K) eden 30463K->0K survivor 606K->608K tenured 347078K->347122K, 0.0465418 secs]
[GC 378195K->347994K(1571712K) eden 30464K->0K survivor 608K->820K tenured 347122K->347174K, 0.0460737 secs]
[GC 378444K->347900K(1571712K) eden 30450K->0K survivor 820K->473K tenured 347174K->347426K, 0.0472580 secs]
[GC 378364K->348006K(1571712K) eden 30463K->0K survivor 473K->579K tenured 347426K->347426K, 0.0345982 secs]
[GC 378456K->347978K(1571712K) eden 30449K->0K survivor 579K->492K tenured 347426K->347486K, 0.0381700 secs]
[GC 378442K->348066K(1571712K) eden 30463K->0K survivor 492K->579K tenured 347486K->347486K, 0.0354388 secs]
[GC 378530K->348053K(1571712K) eden 30463K->0K survivor 579K->505K tenured 347486K->347547K, 0.0389831 secs]
[GC 378516K->348180K(1571712K) eden 30463K->0K survivor 505K->632K tenured 347547K->347547K, 0.0364992 secs]
[GC 378644K->348139K(1571712K) eden 30463K->0K survivor 632K->494K tenured 347547K->347644K, 0.0384367 secs]
[GC 378603K->348198K(1571712K) eden 30463K->0K survivor 494K->554K tenured 347644K->347644K, 0.0367487 secs]
[GC 378662K->348216K(1571712K) eden 30463K->0K survivor 554K->572K tenured 347644K->347644K, 0.0375081 secs]
[GC 378680K->348651K(1571712K) eden 30463K->0K survivor 572K->1006K tenured 347644K->347644K, 0.0390792 secs]
[GC 379115K->348305K(1571712K) eden 30464K->0K survivor 1006K->186K tenured 347644K->348119K, 0.0444849 secs]
[GC 378769K->348335K(1571712K) eden 30463K->0K survivor 186K->215K tenured 348119K->348119K, 0.0250606 secs]
[GC 378799K->348376K(1571712K) eden 30463K->0K survivor 215K->257K tenured 348119K->348119K, 0.0265685 secs]
[GC 378840K->348499K(1571712K) eden 30464K->0K survivor 257K->379K tenured 348119K->348119K, 0.0288168 secs]
[GC 378963K->348447K(1571712K) eden 30464K->0K survivor 379K->327K tenured 348119K->348119K, 0.0292177 secs]
[GC 378909K->348427K(1571712K) eden 30462K->0K survivor 327K->307K tenured 348119K->348119K, 0.0305877 secs]
[GC 378891K->348495K(1571712K) eden 30463K->0K survivor 307K->376K tenured 348119K->348119K, 0.0327376 secs]
[GC 378959K->348540K(1571712K) eden 30463K->0K survivor 376K->421K tenured 348119K->348119K, 0.0334900 secs]
[GC 379004K->348599K(1571712K) eden 30463K->0K survivor 421K->480K tenured 348119K->348119K, 0.0362069 secs]
[GC 379061K->348631K(1571712K) eden 30461K->0K survivor 480K->512K tenured 348119K->348119K, 0.0358213 secs]
[GC 379095K->349021K(1571712K) eden 30463K->0K survivor 512K->902K tenured 348119K->348119K, 0.0379371 secs]
[GC 379485K->348678K(1571712K) eden 30463K->0K survivor 902K->186K tenured 348119K->348492K, 0.0423869 secs]
[GC 379142K->348696K(1571712K) eden 30463K->0K survivor 186K->203K tenured 348492K->348492K, 0.0336247 secs]
[GC 379160K->348758K(1571712K) eden 30463K->0K survivor 203K->266K tenured 348492K->348492K, 0.0269477 secs]
[GC 379218K->348704K(1571712K) eden 30460K->0K survivor 266K->212K tenured 348492K->348492K, 0.0284956 secs]
[GC 379168K->348803K(1571712K) eden 30463K->0K survivor 212K->311K tenured 348492K->348492K, 0.0302908 secs]
[GC 379262K->348802K(1571712K) eden 30458K->0K survivor 311K->310K tenured 348492K->348492K, 0.0311024 secs]
[GC 379266K->348884K(1571712K) eden 30463K->0K survivor 310K->392K tenured 348492K->348492K, 0.0329826 secs]
[GC 379348K->348896K(1571712K) eden 30464K->0K survivor 392K->404K tenured 348492K->348492K, 0.0337156 secs]
[GC 379357K->348890K(1571712K) eden 30460K->0K survivor 404K->398K tenured 348492K->348492K, 0.0356475 secs]
[GC 379354K->348966K(1571712K) eden 30463K->0K survivor 398K->474K tenured 348492K->348492K, 0.0368612 secs]
[GC 379424K->348921K(1571712K) eden 30457K->0K survivor 474K->428K tenured 348492K->348492K, 0.0370884 secs]
[GC 379384K->348949K(1571712K) eden 30463K->0K survivor 428K->457K tenured 348492K->348492K, 0.0381625 secs]
[GC 379413K->349062K(1571712K) eden 30463K->0K survivor 457K->570K tenured 348492K->348492K, 0.0395129 secs]
[GC 379526K->349110K(1571712K) eden 30463K->0K survivor 570K->617K tenured 348492K->348492K, 0.0407627 secs]
[GC 379570K->349082K(1571712K) eden 30460K->0K survivor 617K->546K tenured 348492K->348536K, 0.0418994 secs]
[GC 379546K->349171K(1571712K) eden 30464K->0K survivor 546K->635K tenured 348536K->348536K, 0.0403086 secs]
[GC 379635K->349192K(1571712K) eden 30463K->0K survivor 635K->582K tenured 348536K->348610K, 0.0426867 secs]
[GC 379656K->349212K(1571712K) eden 30463K->0K survivor 582K->558K tenured 348610K->348653K, 0.0408774 secs]
[GC 379676K->349263K(1571712K) eden 30463K->0K survivor 558K->609K tenured 348653K->348653K, 0.0405878 secs]
[GC 379727K->349310K(1571712K) eden 30463K->0K survivor 609K->593K tenured 348653K->348717K, 0.0437095 secs]
[GC 379774K->349328K(1571712K) eden 30463K->0K survivor 593K->588K tenured 348717K->348739K, 0.0416724 secs]
[GC 379792K->349422K(1571712K) eden 30464K->0K survivor 588K->655K tenured 348739K->348767K, 0.0406002 secs]
[GC 379880K->349325K(1571712K) eden 30457K->0K survivor 655K->467K tenured 348767K->348857K, 0.0404873 secs]
[GC 379789K->349427K(1571712K) eden 30463K->0K survivor 467K->569K tenured 348857K->348857K, 0.0405670 secs]
[GC 379891K->349479K(1571712K) eden 30464K->0K survivor 569K->622K tenured 348857K->348857K, 0.0409601 secs]
[GC 379943K->349492K(1571712K) eden 30464K->0K survivor 622K->554K tenured 348857K->348938K, 0.0443204 secs]
[GC 379956K->349924K(1571712K) eden 30463K->0K survivor 554K->986K tenured 348938K->348938K, 0.0407633 secs]
[GC 380385K->349501K(1571712K) eden 30460K->0K survivor 986K->107K tenured 348938K->349394K, 0.0452580 secs]
[GC 379965K->349603K(1571712K) eden 30464K->0K survivor 107K->209K tenured 349394K->349394K, 0.0256676 secs]
[GC 380067K->349576K(1571712K) eden 30463K->0K survivor 209K->182K tenured 349394K->349394K, 0.0269784 secs]
[GC 380040K->349766K(1571712K) eden 30463K->0K survivor 182K->372K tenured 349394K->349394K, 0.0288030 secs]
[GC 380230K->349714K(1571712K) eden 30463K->0K survivor 372K->320K tenured 349394K->349394K, 0.0298434 secs]
[GC 380177K->349650K(1571712K) eden 30462K->0K survivor 320K->256K tenured 349394K->349394K, 0.0308907 secs]
[GC 380102K->349722K(1571712K) eden 30452K->0K survivor 256K->328K tenured 349394K->349394K, 0.0325912 secs]
[GC 380156K->349750K(1571712K) eden 30434K->0K survivor 328K->356K tenured 349394K->349394K, 0.0336247 secs]
[GC 380214K->349853K(1571712K) eden 30464K->0K survivor 356K->459K tenured 349394K->349394K, 0.0358244 secs]
[GC 380317K->349896K(1571712K) eden 30463K->0K survivor 459K->502K tenured 349394K->349394K, 0.0366497 secs]
[GC 380360K->350284K(1571712K) eden 30463K->0K survivor 502K->890K tenured 349394K->349394K, 0.0390173 secs]
[GC 380748K->349941K(1571712K) eden 30464K->0K survivor 890K->184K tenured 349394K->349756K, 0.0421456 secs]
[GC 380405K->349962K(1571712K) eden 30464K->0K survivor 184K->206K tenured 349756K->349756K, 0.0247081 secs]
[GC 380426K->349993K(1571712K) eden 30463K->0K survivor 206K->236K tenured 349756K->349756K, 0.0277965 secs]
[GC 380452K->349987K(1571712K) eden 30459K->0K survivor 236K->230K tenured 349756K->349756K, 0.0280444 secs]
[GC 380451K->350049K(1571712K) eden 30463K->0K survivor 230K->293K tenured 349756K->349756K, 0.0294147 secs]
[GC 380513K->350087K(1571712K) eden 30463K->0K survivor 293K->331K tenured 349756K->349756K, 0.0312577 secs]
[GC 380551K->350036K(1571712K) eden 30463K->0K survivor 331K->280K tenured 349756K->349756K, 0.0322183 secs]
[GC 380500K->350150K(1571712K) eden 30463K->0K survivor 280K->394K tenured 349756K->349756K, 0.0347078 secs]
[GC 380614K->350202K(1571712K) eden 30463K->0K survivor 394K->446K tenured 349756K->349756K, 0.0354650 secs]
[GC 380666K->350217K(1571712K) eden 30463K->0K survivor 446K->461K tenured 349756K->349756K, 0.0365568 secs]
[GC 380681K->350253K(1571712K) eden 30463K->0K survivor 461K->496K tenured 349756K->349756K, 0.0364791 secs]
[GC 380717K->350278K(1571712K) eden 30463K->0K survivor 496K->522K tenured 349756K->349756K, 0.0371912 secs]
[GC 380742K->350328K(1571712K) eden 30464K->0K survivor 522K->571K tenured 349756K->349756K, 0.0390501 secs]
[GC 380790K->350305K(1571712K) eden 30461K->0K survivor 571K->549K tenured 349756K->349756K, 0.0403327 secs]
[GC 380769K->350392K(1571712K) eden 30463K->0K survivor 549K->635K tenured 349756K->349756K, 0.0412240 secs]
[GC 380748K->350856K(1571712K) eden 30356K->0K survivor 635K->1022K tenured 349756K->349834K, 0.0448185 secs]
[GC 381320K->350461K(1571712K) eden 30463K->0K survivor 1022K->179K tenured 349834K->350281K, 0.0457131 secs]
[GC 380925K->350492K(1571712K) eden 30463K->0K survivor 179K->210K tenured 350281K->350281K, 0.0256313 secs]
[GC 380956K->350538K(1571712K) eden 30463K->0K survivor 210K->257K tenured 350281K->350281K, 0.0271698 secs]
[GC 380997K->350542K(1571712K) eden 30458K->0K survivor 257K->260K tenured 350281K->350281K, 0.0286635 secs]
[GC 381006K->350586K(1571712K) eden 30464K->0K survivor 260K->304K tenured 350281K->350281K, 0.0303135 secs]
[GC 381049K->350569K(1571712K) eden 30463K->0K survivor 304K->287K tenured 350281K->350281K, 0.0327026 secs]
[GC 381027K->350617K(1571712K) eden 30457K->0K survivor 287K->335K tenured 350281K->350281K, 0.0327385 secs]
[GC 381081K->350672K(1571712K) eden 30463K->0K survivor 335K->390K tenured 350281K->350281K, 0.0340664 secs]
[GC 381136K->350720K(1571712K) eden 30463K->0K survivor 390K->438K tenured 350281K->350281K, 0.0366784 secs]
[GC 381184K->350741K(1571712K) eden 30464K->0K survivor 438K->460K tenured 350281K->350281K, 0.0363747 secs]
[GC 381205K->350824K(1571712K) eden 30463K->0K survivor 460K->542K tenured 350281K->350281K, 0.0367741 secs]
[GC 381288K->350793K(1571712K) eden 30464K->0K survivor 542K->511K tenured 350281K->350281K, 0.0384515 secs]
[GC 381257K->350855K(1571712K) eden 30463K->0K survivor 511K->573K tenured 350281K->350281K, 0.0388388 secs]
[GC 381319K->350879K(1571712K) eden 30463K->0K survivor 573K->597K tenured 350281K->350281K, 0.0414610 secs]
[GC 381312K->350857K(1571712K) eden 30432K->0K survivor 597K->553K tenured 350281K->350303K, 0.0422994 secs]
[GC 381321K->350970K(1571712K) eden 30464K->0K survivor 553K->666K tenured 350303K->350303K, 0.0419865 secs]
[GC 381434K->350890K(1571712K) eden 30463K->0K survivor 666K->493K tenured 350303K->350396K, 0.0434996 secs]
[GC 381354K->351018K(1571712K) eden 30463K->0K survivor 493K->622K tenured 350396K->350396K, 0.0419651 secs]
[GC 381482K->351039K(1571712K) eden 30464K->0K survivor 622K->572K tenured 350396K->350466K, 0.0425022 secs]
[GC 381503K->351166K(1571712K) eden 30464K->0K survivor 572K->700K tenured 350466K->350466K, 0.0411464 secs]
[GC 381614K->351063K(1571712K) eden 30448K->0K survivor 700K->471K tenured 350466K->350592K, 0.0427456 secs]
[GC 381519K->351097K(1571712K) eden 30456K->0K survivor 471K->505K tenured 350592K->350592K, 0.0385049 secs]
[GC 381515K->351109K(1571712K) eden 30417K->0K survivor 505K->517K tenured 350592K->350592K, 0.0389200 secs]
[GC 381561K->351132K(1571712K) eden 30452K->0K survivor 517K->539K tenured 350592K->350592K, 0.0387054 secs]
[GC 381593K->351224K(1571712K) eden 30461K->0K survivor 539K->631K tenured 350592K->350592K, 0.0420079 secs]
[GC 381687K->351279K(1571712K) eden 30463K->0K survivor 631K->626K tenured 350592K->350652K, 0.0429416 secs]
[GC 381743K->351676K(1571712K) eden 30464K->0K survivor 626K->970K tenured 350652K->350706K, 0.0422640 secs]
[GC 382140K->351235K(1571712K) eden 30463K->0K survivor 970K->136K tenured 350706K->351099K, 0.0452812 secs]
[GC 381699K->351346K(1571712K) eden 30463K->0K survivor 136K->247K tenured 351099K->351099K, 0.0273272 secs]
[GC 381810K->351388K(1571712K) eden 30464K->0K survivor 247K->289K tenured 351099K->351099K, 0.0290104 secs]
[GC 381852K->351417K(1571712K) eden 30463K->0K survivor 289K->318K tenured 351099K->351099K, 0.0304283 secs]
[GC 381736K->351621K(1571712K) eden 30318K->0K survivor 318K->522K tenured 351099K->351099K, 0.0315196 secs]
[GC 382085K->351491K(1571712K) eden 30463K->0K survivor 522K->392K tenured 351099K->351099K, 0.0318082 secs]
[GC 381945K->351458K(1571712K) eden 30454K->0K survivor 392K->359K tenured 351099K->351099K, 0.0333058 secs]
[GC 381922K->351536K(1571712K) eden 30464K->0K survivor 359K->437K tenured 351099K->351099K, 0.0365618 secs]
[GC 382000K->351582K(1571712K) eden 30464K->0K survivor 437K->483K tenured 351099K->351099K, 0.0369043 secs]
[GC 382033K->351576K(1571712K) eden 30450K->0K survivor 483K->476K tenured 351099K->351099K, 0.0367762 secs]
[GC 382040K->351695K(1571712K) eden 30463K->0K survivor 476K->596K tenured 351099K->351099K, 0.0387266 secs]
[GC 382159K->351684K(1571712K) eden 30463K->0K survivor 596K->533K tenured 351099K->351150K, 0.0404838 secs]
[GC 382148K->351701K(1571712K) eden 30463K->0K survivor 533K->551K tenured 351150K->351150K, 0.0395494 secs]
[GC 382165K->351755K(1571712K) eden 30463K->0K survivor 551K->604K tenured 351150K->351150K, 0.0404809 secs]
[GC 382219K->351768K(1571712K) eden 30463K->0K survivor 604K->576K tenured 351150K->351191K, 0.0424433 secs]
[GC 382232K->352199K(1571712K) eden 30463K->0K survivor 576K->974K tenured 351191K->351225K, 0.0428048 secs]
[GC 382663K->351828K(1571712K) eden 30463K->0K survivor 974K->158K tenured 351225K->351669K, 0.0451014 secs]
[GC 382292K->351873K(1571712K) eden 30463K->0K survivor 158K->203K tenured 351669K->351669K, 0.0244667 secs]
[GC 382337K->351931K(1571712K) eden 30463K->0K survivor 203K->261K tenured 351669K->351669K, 0.0273934 secs]
[GC 382395K->351932K(1571712K) eden 30464K->0K survivor 261K->262K tenured 351669K->351669K, 0.0284652 secs]
[GC 382382K->351906K(1571712K) eden 30449K->0K survivor 262K->237K tenured 351669K->351669K, 0.0282907 secs]
[GC 382370K->351980K(1571712K) eden 30463K->0K survivor 237K->310K tenured 351669K->351669K, 0.0301393 secs]
[GC 382437K->351988K(1571712K) eden 30457K->0K survivor 310K->318K tenured 351669K->351669K, 0.0319488 secs]
[GC 382452K->352074K(1571712K) eden 30463K->0K survivor 318K->404K tenured 351669K->351669K, 0.0328884 secs]
[GC 382538K->352189K(1571712K) eden 30463K->0K survivor 404K->520K tenured 351669K->351669K, 0.0355320 secs]
[GC 382653K->352115K(1571712K) eden 30463K->0K survivor 520K->446K tenured 351669K->351669K, 0.0378291 secs]
[GC 382579K->352126K(1571712K) eden 30463K->0K survivor 446K->457K tenured 351669K->351669K, 0.0358549 secs]
[GC 382590K->352156K(1571712K) eden 30463K->0K survivor 457K->487K tenured 351669K->351669K, 0.0387066 secs]
[GC 382620K->352192K(1571712K) eden 30463K->0K survivor 487K->522K tenured 351669K->351669K, 0.0396195 secs]
[GC 382652K->352239K(1571712K) eden 30460K->0K survivor 522K->570K tenured 351669K->351669K, 0.0408328 secs]
[GC 382703K->352293K(1571712K) eden 30463K->0K survivor 570K->623K tenured 351669K->351669K, 0.0406459 secs]
[GC 382757K->352691K(1571712K) eden 30464K->0K survivor 623K->942K tenured 351669K->351748K, 0.0437958 secs]
[GC 383154K->352251K(1571712K) eden 30463K->0K survivor 942K->133K tenured 351748K->352118K, 0.0447683 secs]
[GC 382715K->352373K(1571712K) eden 30463K->0K survivor 133K->255K tenured 352118K->352118K, 0.0273391 secs]
[GC 382830K->352382K(1571712K) eden 30457K->0K survivor 255K->264K tenured 352118K->352118K, 0.0297351 secs]
[GC 382846K->352435K(1571712K) eden 30463K->0K survivor 264K->317K tenured 352118K->352118K, 0.0313597 secs]
[GC 382899K->352472K(1571712K) eden 30463K->0K survivor 317K->354K tenured 352118K->352118K, 0.0318803 secs]
[GC 382936K->352481K(1571712K) eden 30464K->0K survivor 354K->363K tenured 352118K->352118K, 0.0329251 secs]
[GC 382945K->352523K(1571712K) eden 30464K->0K survivor 363K->405K tenured 352118K->352118K, 0.0336786 secs]
[GC 382987K->352561K(1571712K) eden 30463K->0K survivor 405K->442K tenured 352118K->352118K, 0.0364450 secs]
[GC 383024K->352604K(1571712K) eden 30463K->0K survivor 442K->486K tenured 352118K->352118K, 0.0369953 secs]
[GC 383068K->352620K(1571712K) eden 30463K->0K survivor 486K->502K tenured 352118K->352118K, 0.0383615 secs]
[GC 383084K->352715K(1571712K) eden 30464K->0K survivor 502K->597K tenured 352118K->352118K, 0.0392558 secs]
[GC 383175K->352620K(1571712K) eden 30459K->0K survivor 597K->453K tenured 352118K->352166K, 0.0403758 secs]
[GC 383084K->352716K(1571712K) eden 30463K->0K survivor 453K->549K tenured 352166K->352166K, 0.0391871 secs]
[GC 383180K->352767K(1571712K) eden 30463K->0K survivor 549K->600K tenured 352166K->352166K, 0.0415799 secs]
[GC 383231K->352791K(1571712K) eden 30464K->0K survivor 600K->584K tenured 352166K->352206K, 0.0413574 secs]
[GC 383255K->353210K(1571712K) eden 30463K->0K survivor 584K->972K tenured 352206K->352238K, 0.0430970 secs]
[GC 383674K->352861K(1571712K) eden 30463K->0K survivor 972K->179K tenured 352238K->352682K, 0.0455703 secs]
[GC 383325K->352881K(1571712K) eden 30463K->0K survivor 179K->199K tenured 352682K->352682K, 0.0252220 secs]
[GC 383336K->352890K(1571712K) eden 30455K->0K survivor 199K->208K tenured 352682K->352682K, 0.0265453 secs]
[GC 383354K->352952K(1571712K) eden 30463K->0K survivor 208K->270K tenured 352682K->352682K, 0.0286658 secs]
[GC 383416K->353002K(1571712K) eden 30463K->0K survivor 270K->320K tenured 352682K->352682K, 0.0301863 secs]
[GC 383466K->352993K(1571712K) eden 30463K->0K survivor 320K->311K tenured 352682K->352682K, 0.0316620 secs]
[GC 383425K->353024K(1571712K) eden 30431K->0K survivor 311K->342K tenured 352682K->352682K, 0.0331132 secs]
[GC 383488K->353069K(1571712K) eden 30463K->0K survivor 342K->386K tenured 352682K->352682K, 0.0345248 secs]
[GC 383533K->353183K(1571712K) eden 30463K->0K survivor 386K->501K tenured 352682K->352682K, 0.0361777 secs]
[GC 383647K->353118K(1571712K) eden 30463K->0K survivor 501K->435K tenured 352682K->352682K, 0.0365993 secs]
[GC 383582K->353120K(1571712K) eden 30463K->0K survivor 435K->438K tenured 352682K->352682K, 0.0357512 secs]
[GC 383584K->353193K(1571712K) eden 30463K->0K survivor 438K->511K tenured 352682K->352682K, 0.0377907 secs]
[GC 383657K->353210K(1571712K) eden 30463K->0K survivor 511K->528K tenured 352682K->352682K, 0.0387728 secs]
[GC 383674K->353253K(1571712K) eden 30463K->0K survivor 528K->571K tenured 352682K->352682K, 0.0408403 secs]
[GC 383717K->353290K(1571712K) eden 30464K->0K survivor 571K->608K tenured 352682K->352682K, 0.0413657 secs]
[GC 383754K->353297K(1571712K) eden 30463K->0K survivor 608K->572K tenured 352682K->352724K, 0.0431810 secs]
[GC 383761K->353366K(1571712K) eden 30464K->0K survivor 572K->641K tenured 352724K->352724K, 0.0403230 secs]
[GC 383824K->353315K(1571712K) eden 30458K->0K survivor 641K->486K tenured 352724K->352829K, 0.0434032 secs]
[GC 383779K->353417K(1571712K) eden 30463K->0K survivor 486K->588K tenured 352829K->352829K, 0.0408008 secs]
[GC 383881K->353444K(1571712K) eden 30463K->0K survivor 588K->587K tenured 352829K->352857K, 0.0420599 secs]
[GC 383908K->353478K(1571712K) eden 30463K->0K survivor 587K->594K tenured 352857K->352883K, 0.0424240 secs]
[GC 383942K->353497K(1571712K) eden 30463K->0K survivor 594K->589K tenured 352883K->352908K, 0.0411609 secs]
[GC 383961K->353518K(1571712K) eden 30463K->0K survivor 589K->577K tenured 352908K->352941K, 0.0457830 secs]
[GC 383982K->353565K(1571712K) eden 30463K->0K survivor 577K->586K tenured 352941K->352978K, 0.0426703 secs]
[GC 384029K->353609K(1571712K) eden 30463K->0K survivor 586K->604K tenured 352978K->353005K, 0.0422504 secs]
[GC 384073K->353626K(1571712K) eden 30463K->0K survivor 604K->591K tenured 353005K->353034K, 0.0426024 secs]
[GC 384090K->353720K(1571712K) eden 30463K->0K survivor 591K->668K tenured 353034K->353052K, 0.0417900 secs]
[GC 384184K->353691K(1571712K) eden 30463K->0K survivor 668K->521K tenured 353052K->353169K, 0.0433395 secs]
[GC 384148K->353684K(1571712K) eden 30457K->0K survivor 521K->515K tenured 353169K->353169K, 0.0386587 secs]
[GC 384138K->353738K(1571712K) eden 30453K->0K survivor 515K->568K tenured 353169K->353169K, 0.0408236 secs]
[GC 384202K->353779K(1571712K) eden 30463K->0K survivor 568K->610K tenured 353169K->353169K, 0.0431103 secs]
[GC 384243K->354213K(1571712K) eden 30463K->0K survivor 610K->990K tenured 353169K->353223K, 0.0443264 secs]
[GC 384677K->353862K(1571712K) eden 30463K->0K survivor 990K->177K tenured 353223K->353685K, 0.0474533 secs]
[GC 384326K->353896K(1571712K) eden 30463K->0K survivor 177K->211K tenured 353685K->353685K, 0.0250747 secs]
[GC 384360K->353933K(1571712K) eden 30464K->0K survivor 211K->248K tenured 353685K->353685K, 0.0279527 secs]
[GC 384393K->353893K(1571712K) eden 30459K->0K survivor 248K->207K tenured 353685K->353685K, 0.0282588 secs]
[GC 384357K->353952K(1571712K) eden 30464K->0K survivor 207K->267K tenured 353685K->353685K, 0.0297575 secs]
[GC 384416K->353994K(1571712K) eden 30463K->0K survivor 267K->309K tenured 353685K->353685K, 0.0312154 secs]
[GC 384458K->354043K(1571712K) eden 30463K->0K survivor 309K->358K tenured 353685K->353685K, 0.0328816 secs]
[GC 384507K->354075K(1571712K) eden 30463K->0K survivor 358K->390K tenured 353685K->353685K, 0.0346804 secs]
[GC 384539K->354085K(1571712K) eden 30464K->0K survivor 390K->399K tenured 353685K->353685K, 0.0343249 secs]
[GC 384549K->354113K(1571712K) eden 30464K->0K survivor 399K->428K tenured 353685K->353685K, 0.0343158 secs]
[GC 384577K->354060K(1571712K) eden 30463K->0K survivor 428K->375K tenured 353685K->353685K, 0.0366887 secs]
[GC 384524K->354079K(1571712K) eden 30463K->0K survivor 375K->393K tenured 353685K->353685K, 0.0372877 secs]
[GC 384543K->354214K(1571712K) eden 30463K->0K survivor 393K->528K tenured 353685K->353685K, 0.0392973 secs]
[GC 384678K->354248K(1571712K) eden 30463K->0K survivor 528K->563K tenured 353685K->353685K, 0.0405954 secs]
[GC 384712K->354277K(1571712K) eden 30463K->0K survivor 563K->591K tenured 353685K->353685K, 0.0426105 secs]
[GC 384630K->354741K(1571712K) eden 30353K->0K survivor 591K->1036K tenured 353685K->353705K, 0.0516731 secs]
[GC 385205K->354346K(1571712K) eden 30464K->0K survivor 1036K->179K tenured 353705K->354166K, 0.0479658 secs]
[GC 384810K->354375K(1571712K) eden 30463K->0K survivor 179K->208K tenured 354166K->354166K, 0.0257228 secs]
[GC 384839K->354423K(1571712K) eden 30463K->0K survivor 208K->257K tenured 354166K->354166K, 0.0277334 secs]
[GC 384887K->354436K(1571712K) eden 30463K->0K survivor 257K->270K tenured 354166K->354166K, 0.0293320 secs]
[GC 384900K->354469K(1571712K) eden 30463K->0K survivor 270K->302K tenured 354166K->354166K, 0.0304942 secs]
[GC 384933K->354452K(1571712K) eden 30463K->0K survivor 302K->286K tenured 354166K->354166K, 0.0342478 secs]
[GC 384916K->354511K(1571712K) eden 30463K->0K survivor 286K->344K tenured 354166K->354166K, 0.0326565 secs]
[GC 384975K->354555K(1571712K) eden 30463K->0K survivor 344K->388K tenured 354166K->354166K, 0.0341967 secs]
[GC 385019K->354604K(1571712K) eden 30463K->0K survivor 388K->437K tenured 354166K->354166K, 0.0357510 secs]
[GC 385068K->354617K(1571712K) eden 30463K->0K survivor 437K->450K tenured 354166K->354166K, 0.0367848 secs]
[GC 385081K->354562K(1571712K) eden 30463K->0K survivor 450K->395K tenured 354166K->354166K, 0.0370989 secs]
[GC 385026K->354668K(1571712K) eden 30463K->0K survivor 395K->501K tenured 354166K->354166K, 0.0384964 secs]
[GC 385132K->354707K(1571712K) eden 30464K->0K survivor 501K->540K tenured 354166K->354166K, 0.0386370 secs]
[GC 385169K->354702K(1571712K) eden 30462K->0K survivor 540K->535K tenured 354166K->354166K, 0.0410230 secs]
[GC 385165K->354809K(1571712K) eden 30463K->0K survivor 535K->642K tenured 354166K->354166K, 0.0414239 secs]
[GC 385273K->355197K(1571712K) eden 30463K->0K survivor 642K->946K tenured 354166K->354250K, 0.0446054 secs]
[GC 385661K->354848K(1571712K) eden 30463K->0K survivor 946K->230K tenured 354250K->354618K, 0.0443756 secs]
[GC 385312K->354867K(1571712K) eden 30463K->0K survivor 230K->249K tenured 354618K->354618K, 0.0276227 secs]
[GC 385331K->354893K(1571712K) eden 30463K->0K survivor 249K->275K tenured 354618K->354618K, 0.0289617 secs]
[GC 385357K->354934K(1571712K) eden 30464K->0K survivor 275K->316K tenured 354618K->354618K, 0.0308936 secs]
[GC 385398K->354944K(1571712K) eden 30463K->0K survivor 316K->326K tenured 354618K->354618K, 0.0318883 secs]
[GC 385397K->354922K(1571712K) eden 30452K->0K survivor 326K->304K tenured 354618K->354618K, 0.0329119 secs]
[GC 385386K->355015K(1571712K) eden 30463K->0K survivor 304K->397K tenured 354618K->354618K, 0.0327657 secs]
[GC 385479K->355050K(1571712K) eden 30463K->0K survivor 397K->432K tenured 354618K->354618K, 0.0357599 secs]
[GC 385514K->355064K(1571712K) eden 30463K->0K survivor 432K->446K tenured 354618K->354618K, 0.0365261 secs]
[GC 385528K->355020K(1571712K) eden 30464K->0K survivor 446K->401K tenured 354618K->354618K, 0.0370223 secs]
[GC 385484K->355095K(1571712K) eden 30464K->0K survivor 401K->476K tenured 354618K->354618K, 0.0382963 secs]
[GC 385559K->355199K(1571712K) eden 30464K->0K survivor 476K->581K tenured 354618K->354618K, 0.0378130 secs]
[GC 385663K->355199K(1571712K) eden 30464K->0K survivor 581K->529K tenured 354618K->354670K, 0.0416586 secs]
[GC 385663K->355242K(1571712K) eden 30463K->0K survivor 529K->572K tenured 354670K->354670K, 0.0421636 secs]
[GC 385706K->355275K(1571712K) eden 30463K->0K survivor 572K->605K tenured 354670K->354670K, 0.0423192 secs]
[GC 385739K->355680K(1571712K) eden 30463K->0K survivor 605K->969K tenured 354670K->354711K, 0.0435501 secs]
[GC 386144K->355331K(1571712K) eden 30463K->0K survivor 969K->182K tenured 354711K->355149K, 0.0474244 secs]
[GC 385795K->355356K(1571712K) eden 30463K->0K survivor 182K->207K tenured 355149K->355149K, 0.0252339 secs]
[GC 385820K->355391K(1571712K) eden 30463K->0K survivor 207K->242K tenured 355149K->355149K, 0.0273381 secs]
[GC 385848K->355365K(1571712K) eden 30457K->0K survivor 242K->216K tenured 355149K->355149K, 0.0290903 secs]
[GC 385816K->355414K(1571712K) eden 30450K->0K survivor 216K->264K tenured 355149K->355149K, 0.0309601 secs]
[GC 385878K->355400K(1571712K) eden 30463K->0K survivor 264K->251K tenured 355149K->355149K, 0.0312577 secs]
[GC 385864K->355517K(1571712K) eden 30463K->0K survivor 251K->368K tenured 355149K->355149K, 0.0328441 secs]
[GC 385977K->355515K(1571712K) eden 30459K->0K survivor 368K->365K tenured 355149K->355149K, 0.0343103 secs]
[GC 385979K->355676K(1571712K) eden 30463K->0K survivor 365K->527K tenured 355149K->355149K, 0.0362405 secs]
[GC 386140K->355622K(1571712K) eden 30463K->0K survivor 527K->473K tenured 355149K->355149K, 0.0371365 secs]
[GC 386086K->355610K(1571712K) eden 30463K->0K survivor 473K->460K tenured 355149K->355149K, 0.0378912 secs]
[GC 386059K->355621K(1571712K) eden 30449K->0K survivor 460K->471K tenured 355149K->355149K, 0.0386310 secs]
[GC 386085K->355708K(1571712K) eden 30464K->0K survivor 471K->559K tenured 355149K->355149K, 0.0401749 secs]
[GC 386172K->355761K(1571712K) eden 30464K->0K survivor 559K->611K tenured 355149K->355149K, 0.0415318 secs]
[GC 386225K->355800K(1571712K) eden 30464K->0K survivor 611K->605K tenured 355149K->355194K, 0.0426584 secs]
[GC 386264K->356180K(1571712K) eden 30463K->0K survivor 605K->950K tenured 355194K->355229K, 0.0429010 secs]
[GC 386644K->355818K(1571712K) eden 30463K->0K survivor 950K->216K tenured 355229K->355601K, 0.0461327 secs]
[GC 386273K->355806K(1571712K) eden 30455K->0K survivor 216K->204K tenured 355601K->355601K, 0.0278984 secs]
[GC 386270K->355882K(1571712K) eden 30464K->0K survivor 204K->281K tenured 355601K->355601K, 0.0297237 secs]
[GC 386346K->355919K(1571712K) eden 30463K->0K survivor 281K->317K tenured 355601K->355601K, 0.0310175 secs]
[GC 386383K->355923K(1571712K) eden 30463K->0K survivor 317K->321K tenured 355601K->355601K, 0.0317922 secs]
[GC 386387K->355988K(1571712K) eden 30463K->0K survivor 321K->386K tenured 355601K->355601K, 0.0323703 secs]
[GC 386449K->355963K(1571712K) eden 30461K->0K survivor 386K->362K tenured 355601K->355601K, 0.0341171 secs]
[GC 386427K->356036K(1571712K) eden 30463K->0K survivor 362K->434K tenured 355601K->355601K, 0.0360377 secs]
[GC 386500K->356064K(1571712K) eden 30463K->0K survivor 434K->462K tenured 355601K->355601K, 0.0372222 secs]
[GC 386528K->356081K(1571712K) eden 30463K->0K survivor 462K->479K tenured 355601K->355601K, 0.0389498 secs]
[GC 386545K->356064K(1571712K) eden 30463K->0K survivor 479K->462K tenured 355601K->355601K, 0.0405608 secs]
[GC 386528K->356117K(1571712K) eden 30464K->0K survivor 462K->516K tenured 355601K->355601K, 0.0397082 secs]
[GC 386581K->356101K(1571712K) eden 30463K->0K survivor 516K->499K tenured 355601K->355601K, 0.0414545 secs]
[GC 386565K->356196K(1571712K) eden 30463K->0K survivor 499K->594K tenured 355601K->355601K, 0.0433994 secs]
[GC 386660K->356214K(1571712K) eden 30463K->0K survivor 594K->559K tenured 355601K->355654K, 0.0442702 secs]
[GC 386678K->356220K(1571712K) eden 30464K->0K survivor 559K->565K tenured 355654K->355654K, 0.0404636 secs]
[GC 386684K->356255K(1571712K) eden 30463K->0K survivor 565K->600K tenured 355654K->355654K, 0.0432755 secs]
[GC 386719K->356299K(1571712K) eden 30463K->0K survivor 600K->604K tenured 355654K->355695K, 0.0441040 secs]
[GC 386763K->356351K(1571712K) eden 30464K->0K survivor 604K->623K tenured 355695K->355727K, 0.0440996 secs]
[GC 386815K->356380K(1571712K) eden 30463K->0K survivor 623K->577K tenured 355727K->355803K, 0.0460247 secs]
[GC 386844K->356398K(1571712K) eden 30463K->0K survivor 577K->573K tenured 355803K->355825K, 0.0424637 secs]
[GC 386862K->356358K(1571712K) eden 30463K->0K survivor 573K->532K tenured 355825K->355825K, 0.0430002 secs]
[GC 386822K->356491K(1571712K) eden 30464K->0K survivor 532K->665K tenured 355825K->355825K, 0.0430874 secs]
[GC 386955K->356528K(1571712K) eden 30464K->0K survivor 665K->581K tenured 355825K->355946K, 0.0455939 secs]
[GC 386992K->356539K(1571712K) eden 30463K->0K survivor 581K->570K tenured 355946K->355969K, 0.0417506 secs]
[GC 387003K->356570K(1571712K) eden 30463K->0K survivor 570K->601K tenured 355969K->355969K, 0.0409958 secs]
[GC 387034K->356576K(1571712K) eden 30463K->0K survivor 601K->579K tenured 355969K->355997K, 0.0434942 secs]
[GC 387040K->356602K(1571712K) eden 30463K->0K survivor 579K->582K tenured 355997K->356020K, 0.0428568 secs]
[GC 387066K->356657K(1571712K) eden 30463K->0K survivor 582K->613K tenured 356020K->356044K, 0.0428790 secs]
[GC 387121K->356705K(1571712K) eden 30464K->0K survivor 613K->624K tenured 356044K->356081K, 0.0440284 secs]
[GC 387110K->356719K(1571712K) eden 30404K->0K survivor 624K->586K tenured 356081K->356133K, 0.0436371 secs]
[GC 387183K->356751K(1571712K) eden 30464K->0K survivor 586K->600K tenured 356133K->356151K, 0.0429069 secs]
[GC 387215K->356788K(1571712K) eden 30463K->0K survivor 600K->608K tenured 356151K->356179K, 0.0450399 secs]
[GC 387252K->356803K(1571712K) eden 30463K->0K survivor 608K->588K tenured 356179K->356214K, 0.0409279 secs]
[GC 387259K->356852K(1571712K) eden 30456K->0K survivor 588K->587K tenured 356214K->356264K, 0.0421165 secs]
[GC 387315K->356877K(1571712K) eden 30463K->0K survivor 587K->584K tenured 356264K->356292K, 0.0432528 secs]
[GC 387341K->357297K(1571712K) eden 30463K->0K survivor 584K->976K tenured 356292K->356321K, 0.0433300 secs]
[GC 387761K->356943K(1571712K) eden 30463K->0K survivor 976K->173K tenured 356321K->356770K, 0.0465779 secs]
[GC 387407K->356965K(1571712K) eden 30463K->0K survivor 173K->194K tenured 356770K->356770K, 0.0258958 secs]
[GC 387429K->356993K(1571712K) eden 30464K->0K survivor 194K->222K tenured 356770K->356770K, 0.0270232 secs]
[GC 387457K->357015K(1571712K) eden 30463K->0K survivor 222K->245K tenured 356770K->356770K, 0.0285293 secs]
[GC 387479K->357054K(1571712K) eden 30463K->0K survivor 245K->284K tenured 356770K->356770K, 0.0308245 secs]
[GC 387518K->356992K(1571712K) eden 30463K->0K survivor 284K->221K tenured 356770K->356770K, 0.0307144 secs]
[GC 387456K->357108K(1571712K) eden 30463K->0K survivor 221K->337K tenured 356770K->356770K, 0.0327744 secs]
[GC 387571K->357143K(1571712K) eden 30463K->0K survivor 337K->373K tenured 356770K->356770K, 0.0340212 secs]
[GC 387607K->357257K(1571712K) eden 30463K->0K survivor 373K->487K tenured 356770K->356770K, 0.0352388 secs]
[GC 387721K->357181K(1571712K) eden 30464K->0K survivor 487K->410K tenured 356770K->356770K, 0.0356308 secs]
[GC 387645K->357190K(1571712K) eden 30463K->0K survivor 410K->419K tenured 356770K->356770K, 0.0363582 secs]
[GC 387600K->357190K(1571712K) eden 30410K->0K survivor 419K->419K tenured 356770K->356770K, 0.0376034 secs]
[GC 387654K->357256K(1571712K) eden 30463K->0K survivor 419K->486K tenured 356770K->356770K, 0.0397669 secs]
[GC 387720K->357298K(1571712K) eden 30464K->0K survivor 486K->528K tenured 356770K->356770K, 0.0414134 secs]
[GC 387762K->357342K(1571712K) eden 30463K->0K survivor 528K->571K tenured 356770K->356770K, 0.0415996 secs]
[GC 387806K->357323K(1571712K) eden 30464K->0K survivor 571K->552K tenured 356770K->356770K, 0.0419230 secs]
[GC 387787K->357365K(1571712K) eden 30463K->0K survivor 552K->595K tenured 356770K->356770K, 0.0433652 secs]
[GC 387829K->357409K(1571712K) eden 30463K->0K survivor 595K->619K tenured 356770K->356789K, 0.0435289 secs]
[GC 387873K->357462K(1571712K) eden 30464K->0K survivor 619K->619K tenured 356789K->356842K, 0.0435519 secs]
[GC 387926K->357492K(1571712K) eden 30464K->0K survivor 619K->581K tenured 356842K->356910K, 0.0450132 secs]
[GC 387956K->357514K(1571712K) eden 30463K->0K survivor 581K->579K tenured 356910K->356935K, 0.0429378 secs]
[GC 387978K->357524K(1571712K) eden 30463K->0K survivor 579K->560K tenured 356935K->356963K, 0.0427415 secs]
[GC 387988K->357573K(1571712K) eden 30464K->0K survivor 560K->609K tenured 356963K->356963K, 0.0420469 secs]
[GC 388037K->357607K(1571712K) eden 30463K->0K survivor 609K->589K tenured 356963K->357017K, 0.0436675 secs]
[GC 388071K->357653K(1571712K) eden 30464K->0K survivor 589K->603K tenured 357017K->357050K, 0.0439597 secs]
[GC 388117K->357663K(1571712K) eden 30464K->0K survivor 603K->584K tenured 357050K->357078K, 0.0421741 secs]
[GC 388127K->357758K(1571712K) eden 30464K->0K survivor 584K->656K tenured 357078K->357102K, 0.0433906 secs]
[GC 388222K->357725K(1571712K) eden 30464K->0K survivor 656K->505K tenured 357102K->357219K, 0.0430854 secs]
[GC 388189K->357752K(1571712K) eden 30463K->0K survivor 505K->533K tenured 357219K->357219K, 0.0393048 secs]
[GC 388215K->357800K(1571712K) eden 30463K->0K survivor 533K->581K tenured 357219K->357219K, 0.0386043 secs]
[GC 388261K->357771K(1571712K) eden 30461K->0K survivor 581K->531K tenured 357219K->357239K, 0.0416642 secs]
[GC 388235K->358253K(1571712K) eden 30464K->0K survivor 531K->1013K tenured 357239K->357239K, 0.0433793 secs]
[GC 388717K->357882K(1571712K) eden 30463K->0K survivor 1013K->156K tenured 357239K->357725K, 0.0485794 secs]
[GC 388346K->357937K(1571712K) eden 30463K->0K survivor 156K->211K tenured 357725K->357725K, 0.0251308 secs]
[GC 388401K->357955K(1571712K) eden 30463K->0K survivor 211K->229K tenured 357725K->357725K, 0.0268599 secs]
[GC 388419K->357985K(1571712K) eden 30463K->0K survivor 229K->259K tenured 357725K->357725K, 0.0286030 secs]
[GC 388449K->358002K(1571712K) eden 30463K->0K survivor 259K->276K tenured 357725K->357725K, 0.0298746 secs]
[GC 388466K->357964K(1571712K) eden 30463K->0K survivor 276K->238K tenured 357725K->357725K, 0.0313059 secs]
[GC 388428K->358065K(1571712K) eden 30463K->0K survivor 238K->339K tenured 357725K->357725K, 0.0330770 secs]
[GC 388528K->358041K(1571712K) eden 30462K->0K survivor 339K->315K tenured 357725K->357725K, 0.0337537 secs]
[GC 388505K->358131K(1571712K) eden 30463K->0K survivor 315K->405K tenured 357725K->357725K, 0.0354007 secs]
[GC 388595K->358161K(1571712K) eden 30463K->0K survivor 405K->435K tenured 357725K->357725K, 0.0356020 secs]
[GC 388621K->358154K(1571712K) eden 30460K->0K survivor 435K->428K tenured 357725K->357725K, 0.0368774 secs]
[GC 388618K->358136K(1571712K) eden 30463K->0K survivor 428K->410K tenured 357725K->357725K, 0.0380809 secs]
[GC 388600K->358223K(1571712K) eden 30463K->0K survivor 410K->497K tenured 357725K->357725K, 0.0388385 secs]
[GC 388687K->358279K(1571712K) eden 30464K->0K survivor 497K->553K tenured 357725K->357725K, 0.0401377 secs]
[GC 388743K->358351K(1571712K) eden 30464K->0K survivor 553K->625K tenured 357725K->357725K, 0.0410808 secs]
[GC 388815K->358387K(1571712K) eden 30464K->0K survivor 625K->587K tenured 357725K->357800K, 0.0431110 secs]
[GC 388851K->358368K(1571712K) eden 30463K->0K survivor 587K->539K tenured 357800K->357828K, 0.0412018 secs]
[GC 388832K->358379K(1571712K) eden 30464K->0K survivor 539K->550K tenured 357828K->357828K, 0.0402042 secs]
[GC 388843K->358421K(1571712K) eden 30463K->0K survivor 550K->592K tenured 357828K->357828K, 0.0432745 secs]
[GC 388881K->358387K(1571712K) eden 30460K->0K survivor 592K->513K tenured 357828K->357873K, 0.0436442 secs]
[GC 388851K->358861K(1571712K) eden 30464K->0K survivor 513K->987K tenured 357873K->357873K, 0.0425809 secs]
[GC 389324K->358507K(1571712K) eden 30463K->0K survivor 987K->216K tenured 357873K->358291K, 0.0476943 secs]
[GC 388971K->358535K(1571712K) eden 30463K->0K survivor 216K->244K tenured 358291K->358291K, 0.0274450 secs]
[GC 388999K->358568K(1571712K) eden 30463K->0K survivor 244K->277K tenured 358291K->358291K, 0.0292910 secs]
[GC 389032K->358583K(1571712K) eden 30463K->0K survivor 277K->292K tenured 358291K->358291K, 0.0312841 secs]
[GC 389047K->358629K(1571712K) eden 30464K->0K survivor 292K->338K tenured 358291K->358291K, 0.0320704 secs]
[GC 389093K->358544K(1571712K) eden 30463K->0K survivor 338K->253K tenured 358291K->358291K, 0.0329142 secs]
[GC 389008K->358582K(1571712K) eden 30463K->0K survivor 253K->291K tenured 358291K->358291K, 0.0339143 secs]
[GC 389046K->358674K(1571712K) eden 30463K->0K survivor 291K->383K tenured 358291K->358291K, 0.0349282 secs]
[GC 389138K->358737K(1571712K) eden 30463K->0K survivor 383K->446K tenured 358291K->358291K, 0.0375929 secs]
[GC 389200K->358697K(1571712K) eden 30463K->0K survivor 446K->406K tenured 358291K->358291K, 0.0378868 secs]
[GC 389161K->358759K(1571712K) eden 30463K->0K survivor 406K->468K tenured 358291K->358291K, 0.0377052 secs]
[GC 389223K->358812K(1571712K) eden 30463K->0K survivor 468K->520K tenured 358291K->358291K, 0.0374545 secs]
[GC 389275K->358846K(1571712K) eden 30463K->0K survivor 520K->555K tenured 358291K->358291K, 0.0418127 secs]
[GC 389307K->358835K(1571712K) eden 30461K->0K survivor 555K->544K tenured 358291K->358291K, 0.0425921 secs]
[GC 389295K->358908K(1571712K) eden 30459K->0K survivor 544K->617K tenured 358291K->358291K, 0.0431086 secs]
[GC 388994K->359124K(1571712K) eden 30086K->0K survivor 617K->786K tenured 358291K->358337K, 0.0450459 secs]
[GC 389588K->358995K(1571712K) eden 30463K->0K survivor 786K->442K tenured 358337K->358552K, 0.0452892 secs]
[GC 389452K->358985K(1571712K) eden 30456K->0K survivor 442K->432K tenured 358552K->358552K, 0.0360490 secs]
[GC 389449K->359055K(1571712K) eden 30463K->0K survivor 432K->502K tenured 358552K->358552K, 0.0378666 secs]
[GC 389517K->359020K(1571712K) eden 30461K->0K survivor 502K->467K tenured 358552K->358552K, 0.0378461 secs]
[GC 389484K->359100K(1571712K) eden 30463K->0K survivor 467K->547K tenured 358552K->358552K, 0.0394665 secs]
[GC 389564K->359083K(1571712K) eden 30464K->0K survivor 547K->530K tenured 358552K->358552K, 0.0411090 secs]
[GC 389544K->359081K(1571712K) eden 30461K->0K survivor 530K->528K tenured 358552K->358552K, 0.0406689 secs]
[GC 389539K->359154K(1571712K) eden 30458K->0K survivor 528K->601K tenured 358552K->358552K, 0.0432155 secs]
[GC 389618K->359221K(1571712K) eden 30463K->0K survivor 601K->629K tenured 358552K->358592K, 0.0439172 secs]
[GC 389684K->359171K(1571712K) eden 30462K->0K survivor 629K->501K tenured 358592K->358669K, 0.0425844 secs]
[GC 389635K->359248K(1571712K) eden 30463K->0K survivor 501K->578K tenured 358669K->358669K, 0.0412511 secs]
[GC 389712K->359285K(1571712K) eden 30464K->0K survivor 578K->597K tenured 358669K->358688K, 0.0429961 secs]
[GC 389744K->359262K(1571712K) eden 30458K->0K survivor 597K->539K tenured 358688K->358722K, 0.0428550 secs]
[GC 389726K->359381K(1571712K) eden 30463K->0K survivor 539K->658K tenured 358722K->358722K, 0.0433089 secs]
[GC 389845K->359422K(1571712K) eden 30463K->0K survivor 658K->616K tenured 358722K->358806K, 0.0448539 secs]
[GC 389886K->359809K(1571712K) eden 30463K->0K survivor 616K->954K tenured 358806K->358855K, 0.0447449 secs]
[GC 390266K->359409K(1571712K) eden 30457K->0K survivor 954K->172K tenured 358855K->359237K, 0.0457112 secs]
[GC 389873K->359459K(1571712K) eden 30464K->0K survivor 172K->222K tenured 359237K->359237K, 0.0267353 secs]
[GC 389923K->359503K(1571712K) eden 30463K->0K survivor 222K->266K tenured 359237K->359237K, 0.0296941 secs]
[GC 389964K->359462K(1571712K) eden 30461K->0K survivor 266K->225K tenured 359237K->359237K, 0.0298735 secs]
[GC 389926K->359587K(1571712K) eden 30463K->0K survivor 225K->350K tenured 359237K->359237K, 0.0316627 secs]
[GC 389998K->359542K(1571712K) eden 30410K->0K survivor 350K->305K tenured 359237K->359237K, 0.0324253 secs]
[GC 389995K->359554K(1571712K) eden 30453K->0K survivor 305K->317K tenured 359237K->359237K, 0.0335465 secs]
[GC 390018K->359639K(1571712K) eden 30464K->0K survivor 317K->402K tenured 359237K->359237K, 0.0352339 secs]
[GC 390103K->359659K(1571712K) eden 30463K->0K survivor 402K->422K tenured 359237K->359237K, 0.0371028 secs]
[GC 390123K->359691K(1571712K) eden 30463K->0K survivor 422K->454K tenured 359237K->359237K, 0.0369952 secs]
[GC 390155K->359696K(1571712K) eden 30463K->0K survivor 454K->459K tenured 359237K->359237K, 0.0382807 secs]
[GC 390160K->359723K(1571712K) eden 30463K->0K survivor 459K->486K tenured 359237K->359237K, 0.0391981 secs]
[GC 390173K->359719K(1571712K) eden 30450K->0K survivor 486K->482K tenured 359237K->359237K, 0.0400254 secs]
[GC 390183K->359802K(1571712K) eden 30463K->0K survivor 482K->565K tenured 359237K->359237K, 0.0419483 secs]
[GC 390266K->359813K(1571712K) eden 30463K->0K survivor 565K->576K tenured 359237K->359237K, 0.0416282 secs]
[GC 390274K->359760K(1571712K) eden 30461K->0K survivor 576K->473K tenured 359237K->359286K, 0.0422696 secs]
[GC 390224K->359852K(1571712K) eden 30463K->0K survivor 473K->565K tenured 359286K->359286K, 0.0432571 secs]
[GC 390316K->359898K(1571712K) eden 30463K->0K survivor 565K->611K tenured 359286K->359286K, 0.0436076 secs]
[GC 390362K->359947K(1571712K) eden 30463K->0K survivor 611K->623K tenured 359286K->359324K, 0.0449783 secs]
[GC 390407K->359943K(1571712K) eden 30459K->0K survivor 623K->563K tenured 359324K->359380K, 0.0447709 secs]
[GC 390407K->359997K(1571712K) eden 30463K->0K survivor 563K->616K tenured 359380K->359380K, 0.0420818 secs]
[GC 390461K->359957K(1571712K) eden 30463K->0K survivor 616K->534K tenured 359380K->359423K, 0.0442024 secs]
[GC 390421K->360069K(1571712K) eden 30463K->0K survivor 534K->645K tenured 359423K->359423K, 0.0436657 secs]
[GC 390533K->360126K(1571712K) eden 30463K->0K survivor 645K->628K tenured 359423K->359497K, 0.0458569 secs]
[GC 390586K->360084K(1571712K) eden 30460K->0K survivor 628K->525K tenured 359497K->359558K, 0.0438512 secs]
[GC 390535K->360110K(1571712K) eden 30451K->0K survivor 525K->551K tenured 359558K->359558K, 0.0422112 secs]
[GC 390572K->360128K(1571712K) eden 30461K->0K survivor 551K->569K tenured 359558K->359558K, 0.0420957 secs]
[GC 390592K->360201K(1571712K) eden 30463K->0K survivor 569K->642K tenured 359558K->359558K, 0.0430738 secs]
[GC 390665K->360242K(1571712K) eden 30463K->0K survivor 642K->613K tenured 359558K->359628K, 0.0464212 secs]
[GC 390706K->360305K(1571712K) eden 30463K->0K survivor 613K->622K tenured 359628K->359683K, 0.0442354 secs]
[GC 390769K->360373K(1571712K) eden 30463K->0K survivor 622K->640K tenured 359683K->359733K, 0.0447180 secs]
[GC 390837K->360351K(1571712K) eden 30464K->0K survivor 640K->537K tenured 359733K->359813K, 0.0420261 secs]
[GC 390815K->360387K(1571712K) eden 30463K->0K survivor 537K->574K tenured 359813K->359813K, 0.0397295 secs]
[GC 390850K->360341K(1571712K) eden 30462K->0K survivor 574K->528K tenured 359813K->359813K, 0.0399422 secs]
[GC 390805K->360462K(1571712K) eden 30463K->0K survivor 528K->648K tenured 359813K->359813K, 0.0440237 secs]
[GC 390925K->360437K(1571712K) eden 30463K->0K survivor 648K->545K tenured 359813K->359891K, 0.0442129 secs]
[GC 390901K->360898K(1571712K) eden 30463K->0K survivor 545K->1007K tenured 359891K->359891K, 0.0425943 secs]
[GC 391362K->360544K(1571712K) eden 30464K->0K survivor 1007K->224K tenured 359891K->360319K, 0.0464165 secs]
[GC 391008K->360563K(1571712K) eden 30463K->0K survivor 224K->243K tenured 360319K->360319K, 0.0273639 secs]
[GC 391019K->360592K(1571712K) eden 30456K->0K survivor 243K->272K tenured 360319K->360319K, 0.0297806 secs]
[GC 391052K->360557K(1571712K) eden 30460K->0K survivor 272K->237K tenured 360319K->360319K, 0.0312296 secs]
[GC 391021K->360657K(1571712K) eden 30463K->0K survivor 237K->337K tenured 360319K->360319K, 0.0315825 secs]
[GC 391115K->360619K(1571712K) eden 30457K->0K survivor 337K->299K tenured 360319K->360319K, 0.0333249 secs]
[GC 391083K->360721K(1571712K) eden 30463K->0K survivor 299K->401K tenured 360319K->360319K, 0.0345330 secs]
[GC 391177K->360684K(1571712K) eden 30456K->0K survivor 401K->364K tenured 360319K->360319K, 0.0364080 secs]
[GC 391148K->360858K(1571712K) eden 30464K->0K survivor 364K->539K tenured 360319K->360319K, 0.0366901 secs]
[GC 391321K->360732K(1571712K) eden 30462K->0K survivor 539K->412K tenured 360319K->360319K, 0.0379036 secs]
[GC 391195K->360752K(1571712K) eden 30462K->0K survivor 412K->432K tenured 360319K->360319K, 0.0384509 secs]
[GC 391216K->360865K(1571712K) eden 30463K->0K survivor 432K->545K tenured 360319K->360319K, 0.0393598 secs]
[GC 391329K->360855K(1571712K) eden 30463K->0K survivor 545K->535K tenured 360319K->360319K, 0.0405101 secs]
[GC 391319K->360908K(1571712K) eden 30463K->0K survivor 535K->588K tenured 360319K->360319K, 0.0416825 secs]
[GC 391372K->360924K(1571712K) eden 30463K->0K survivor 588K->552K tenured 360319K->360371K, 0.0437209 secs]
[GC 391380K->360900K(1571712K) eden 30456K->0K survivor 552K->528K tenured 360371K->360371K, 0.0418947 secs]
[GC 391359K->360959K(1571712K) eden 30458K->0K survivor 528K->587K tenured 360371K->360371K, 0.0436056 secs]
[GC 391423K->360996K(1571712K) eden 30463K->0K survivor 587K->605K tenured 360371K->360390K, 0.0435392 secs]
[GC 391450K->360994K(1571712K) eden 30454K->0K survivor 605K->549K tenured 360390K->360444K, 0.0459656 secs]
[GC 391458K->361061K(1571712K) eden 30463K->0K survivor 549K->616K tenured 360444K->360444K, 0.0430031 secs]
[GC 391524K->361479K(1571712K) eden 30463K->0K survivor 616K->966K tenured 360444K->360512K, 0.0452488 secs]
[GC 391943K->361120K(1571712K) eden 30463K->0K survivor 966K->209K tenured 360512K->360910K, 0.0485520 secs]
[GC 391584K->361136K(1571712K) eden 30463K->0K survivor 209K->225K tenured 360910K->360910K, 0.0276157 secs]
[GC 391599K->361183K(1571712K) eden 30463K->0K survivor 225K->272K tenured 360910K->360910K, 0.0299700 secs]
[GC 391647K->361180K(1571712K) eden 30463K->0K survivor 272K->269K tenured 360910K->360910K, 0.0301515 secs]
[GC 391642K->361147K(1571712K) eden 30462K->0K survivor 269K->236K tenured 360910K->360910K, 0.0311781 secs]
[GC 391611K->361215K(1571712K) eden 30464K->0K survivor 236K->304K tenured 360910K->360910K, 0.0330810 secs]
[GC 391678K->361165K(1571712K) eden 30463K->0K survivor 304K->255K tenured 360910K->360910K, 0.0333756 secs]
[GC 391628K->361196K(1571712K) eden 30462K->0K survivor 255K->286K tenured 360910K->360910K, 0.0335281 secs]
[GC 391660K->361320K(1571712K) eden 30464K->0K survivor 286K->409K tenured 360910K->360910K, 0.0368950 secs]
[GC 391775K->361294K(1571712K) eden 30454K->0K survivor 409K->384K tenured 360910K->360910K, 0.0353007 secs]
[GC 391757K->361348K(1571712K) eden 30463K->0K survivor 384K->438K tenured 360910K->360910K, 0.0375524 secs]
[GC 391812K->361313K(1571712K) eden 30463K->0K survivor 438K->403K tenured 360910K->360910K, 0.0363949 secs]
[GC 391777K->361390K(1571712K) eden 30463K->0K survivor 403K->479K tenured 360910K->360910K, 0.0389366 secs]
[GC 391854K->361371K(1571712K) eden 30463K->0K survivor 479K->460K tenured 360910K->360910K, 0.0381993 secs]
[GC 391835K->361796K(1571712K) eden 30463K->0K survivor 460K->885K tenured 360910K->360910K, 0.0405189 secs]
[GC 392260K->361444K(1571712K) eden 30463K->0K survivor 885K->211K tenured 360910K->361232K, 0.0449737 secs]
[GC 391908K->361501K(1571712K) eden 30464K->0K survivor 211K->268K tenured 361232K->361232K, 0.0279471 secs]
[GC 391912K->361500K(1571712K) eden 30411K->0K survivor 268K->267K tenured 361232K->361232K, 0.0292650 secs]
[GC 391964K->361922K(1571712K) eden 30463K->0K survivor 267K->689K tenured 361232K->361232K, 0.0313451 secs]
[GC 392386K->361577K(1571712K) eden 30463K->0K survivor 689K->183K tenured 361232K->361394K, 0.0330715 secs]
[GC 392041K->361581K(1571712K) eden 30463K->0K survivor 183K->187K tenured 361394K->361394K, 0.0253032 secs]
[GC 392045K->361633K(1571712K) eden 30463K->0K survivor 187K->239K tenured 361394K->361394K, 0.0286743 secs]
[GC 392097K->361647K(1571712K) eden 30463K->0K survivor 239K->253K tenured 361394K->361394K, 0.0287463 secs]
[GC 392111K->361720K(1571712K) eden 30463K->0K survivor 253K->325K tenured 361394K->361394K, 0.0301695 secs]
[GC 392184K->361730K(1571712K) eden 30463K->0K survivor 325K->336K tenured 361394K->361394K, 0.0316885 secs]
[GC 392194K->361754K(1571712K) eden 30464K->0K survivor 336K->360K tenured 361394K->361394K, 0.0325782 secs]
[GC 392218K->361755K(1571712K) eden 30463K->0K survivor 360K->361K tenured 361394K->361394K, 0.0347008 secs]
[GC 392215K->361766K(1571712K) eden 30459K->0K survivor 361K->371K tenured 361394K->361394K, 0.0358714 secs]
[GC 392230K->361846K(1571712K) eden 30464K->0K survivor 371K->452K tenured 361394K->361394K, 0.0360993 secs]
[GC 392304K->361798K(1571712K) eden 30457K->0K survivor 452K->404K tenured 361394K->361394K, 0.0375431 secs]
[GC 392262K->361819K(1571712K) eden 30463K->0K survivor 404K->425K tenured 361394K->361394K, 0.0378500 secs]
[GC 392278K->361882K(1571712K) eden 30458K->0K survivor 425K->488K tenured 361394K->361394K, 0.0397141 secs]
[GC 392346K->361966K(1571712K) eden 30464K->0K survivor 488K->572K tenured 361394K->361394K, 0.0411848 secs]
[GC 392414K->361955K(1571712K) eden 30448K->0K survivor 572K->560K tenured 361394K->361394K, 0.0402582 secs]
[GC 392419K->362074K(1571712K) eden 30464K->0K survivor 560K->679K tenured 361394K->361394K, 0.0410946 secs]
[GC 392538K->362036K(1571712K) eden 30464K->0K survivor 679K->535K tenured 361394K->361500K, 0.0460670 secs]
[GC 392500K->362060K(1571712K) eden 30463K->0K survivor 535K->559K tenured 361500K->361500K, 0.0408182 secs]
[GC 392524K->362103K(1571712K) eden 30463K->0K survivor 559K->602K tenured 361500K->361500K, 0.0429868 secs]
[GC 392548K->362084K(1571712K) eden 30445K->0K survivor 602K->534K tenured 361500K->361549K, 0.0433705 secs]
[GC 392548K->362553K(1571712K) eden 30464K->0K survivor 534K->1003K tenured 361549K->361549K, 0.0420417 secs]
[GC 393017K->362178K(1571712K) eden 30464K->0K survivor 1003K->197K tenured 361549K->361981K, 0.0477475 secs]
[GC 392642K->362202K(1571712K) eden 30464K->0K survivor 197K->221K tenured 361981K->361981K, 0.0278476 secs]
[GC 392666K->362245K(1571712K) eden 30463K->0K survivor 221K->264K tenured 361981K->361981K, 0.0297118 secs]
[GC 392709K->362285K(1571712K) eden 30463K->0K survivor 264K->304K tenured 361981K->361981K, 0.0309226 secs]
[GC 392746K->362247K(1571712K) eden 30460K->0K survivor 304K->266K tenured 361981K->361981K, 0.0324277 secs]
[GC 392711K->362327K(1571712K) eden 30463K->0K survivor 266K->346K tenured 361981K->361981K, 0.0332783 secs]
[GC 392791K->362358K(1571712K) eden 30463K->0K survivor 346K->377K tenured 361981K->361981K, 0.0348189 secs]
[GC 392808K->362352K(1571712K) eden 30449K->0K survivor 377K->371K tenured 361981K->361981K, 0.0360701 secs]
[GC 392815K->362341K(1571712K) eden 30463K->0K survivor 371K->360K tenured 361981K->361981K, 0.0369121 secs]
[GC 392805K->362422K(1571712K) eden 30464K->0K survivor 360K->441K tenured 361981K->361981K, 0.0386555 secs]
[GC 392886K->362437K(1571712K) eden 30463K->0K survivor 441K->456K tenured 361981K->361981K, 0.0391245 secs]
[GC 392901K->362462K(1571712K) eden 30463K->0K survivor 456K->481K tenured 361981K->361981K, 0.0400345 secs]
[GC 392926K->362498K(1571712K) eden 30463K->0K survivor 481K->517K tenured 361981K->361981K, 0.0408402 secs]
[GC 392962K->362537K(1571712K) eden 30464K->0K survivor 517K->555K tenured 361981K->361981K, 0.0432759 secs]
[GC 393001K->362549K(1571712K) eden 30463K->0K survivor 555K->567K tenured 361981K->361981K, 0.0424538 secs]
[GC 393013K->362641K(1571712K) eden 30464K->0K survivor 567K->660K tenured 361981K->361981K, 0.0430742 secs]
[GC 393105K->362603K(1571712K) eden 30464K->0K survivor 660K->534K tenured 361981K->362069K, 0.0448327 secs]
[GC 393067K->362615K(1571712K) eden 30463K->0K survivor 534K->546K tenured 362069K->362069K, 0.0417113 secs]
[GC 393079K->362669K(1571712K) eden 30463K->0K survivor 546K->600K tenured 362069K->362069K, 0.0442482 secs]
[GC 393133K->362714K(1571712K) eden 30464K->0K survivor 600K->616K tenured 362069K->362098K, 0.0433635 secs]
[GC 393178K->363100K(1571712K) eden 30463K->0K survivor 616K->935K tenured 362098K->362164K, 0.0451155 secs]
[GC 393564K->362745K(1571712K) eden 30464K->0K survivor 935K->205K tenured 362164K->362539K, 0.0465539 secs]
[GC 393198K->362731K(1571712K) eden 30452K->0K survivor 205K->191K tenured 362539K->362539K, 0.0279031 secs]
[GC 393195K->362790K(1571712K) eden 30463K->0K survivor 191K->250K tenured 362539K->362539K, 0.0314073 secs]
[GC 393253K->362845K(1571712K) eden 30462K->0K survivor 250K->305K tenured 362539K->362539K, 0.0320946 secs]
[GC 393309K->362898K(1571712K) eden 30463K->0K survivor 305K->358K tenured 362539K->362539K, 0.0328412 secs]
[GC 393362K->362934K(1571712K) eden 30463K->0K survivor 358K->394K tenured 362539K->362539K, 0.0350011 secs]
[GC 393398K->363020K(1571712K) eden 30463K->0K survivor 394K->481K tenured 362539K->362539K, 0.0365778 secs]
[GC 393484K->363141K(1571712K) eden 30463K->0K survivor 481K->602K tenured 362539K->362539K, 0.0390293 secs]
[GC 393605K->363196K(1571712K) eden 30464K->0K survivor 602K->614K tenured 362539K->362581K, 0.0408323 secs]
[GC 393660K->363243K(1571712K) eden 30463K->0K survivor 614K->603K tenured 362581K->362639K, 0.0409792 secs]
[GC 393702K->363236K(1571712K) eden 30459K->0K survivor 603K->552K tenured 362639K->362684K, 0.0387855 secs]
[GC 393700K->363356K(1571712K) eden 30463K->0K survivor 552K->672K tenured 362684K->362684K, 0.0370624 secs]
[GC 393820K->363345K(1571712K) eden 30464K->0K survivor 672K->541K tenured 362684K->362804K, 0.0421346 secs]
[GC 393809K->363366K(1571712K) eden 30464K->0K survivor 541K->561K tenured 362804K->362804K, 0.0362193 secs]
[GC 393828K->363371K(1571712K) eden 30462K->0K survivor 561K->566K tenured 362804K->362804K, 0.0374614 secs]
[GC 393835K->363420K(1571712K) eden 30463K->0K survivor 566K->615K tenured 362804K->362804K, 0.0396993 secs]
[GC 393884K->363458K(1571712K) eden 30463K->0K survivor 615K->556K tenured 362804K->362901K, 0.0418872 secs]
[GC 393922K->363411K(1571712K) eden 30463K->0K survivor 556K->509K tenured 362901K->362901K, 0.0371433 secs]
[GC 393875K->363496K(1571712K) eden 30463K->0K survivor 509K->595K tenured 362901K->362901K, 0.0381525 secs]
[GC 393960K->363534K(1571712K) eden 30464K->0K survivor 595K->518K tenured 362901K->363015K, 0.0411627 secs]
[GC 393998K->363599K(1571712K) eden 30463K->0K survivor 518K->584K tenured 363015K->363015K, 0.0411605 secs]
[GC 394059K->363567K(1571712K) eden 30459K->0K survivor 584K->518K tenured 363015K->363049K, 0.0402118 secs]
[GC 394031K->364046K(1571712K) eden 30463K->0K survivor 518K->997K tenured 363049K->363049K, 0.0419680 secs]
[GC 394510K->363701K(1571712K) eden 30464K->0K survivor 997K->186K tenured 363049K->363515K, 0.0477849 secs]
[GC 394165K->363739K(1571712K) eden 30464K->0K survivor 186K->223K tenured 363515K->363515K, 0.0258598 secs]
[GC 394203K->363782K(1571712K) eden 30464K->0K survivor 223K->267K tenured 363515K->363515K, 0.0279643 secs]
[GC 394246K->363801K(1571712K) eden 30463K->0K survivor 267K->286K tenured 363515K->363515K, 0.0294100 secs]
[GC 394265K->363854K(1571712K) eden 30463K->0K survivor 286K->338K tenured 363515K->363515K, 0.0304998 secs]
[GC 394317K->363848K(1571712K) eden 30463K->0K survivor 338K->332K tenured 363515K->363515K, 0.0314583 secs]
[GC 394312K->363790K(1571712K) eden 30463K->0K survivor 332K->274K tenured 363515K->363515K, 0.0312308 secs]
[GC 394254K->363908K(1571712K) eden 30463K->0K survivor 274K->392K tenured 363515K->363515K, 0.0339207 secs]
[GC 394372K->363900K(1571712K) eden 30463K->0K survivor 392K->385K tenured 363515K->363515K, 0.0358933 secs]
[GC 394364K->364028K(1571712K) eden 30464K->0K survivor 385K->513K tenured 363515K->363515K, 0.0386490 secs]
[GC 394492K->364409K(1571712K) eden 30464K->0K survivor 513K->894K tenured 363515K->363515K, 0.0384428 secs]
[GC 394870K->364010K(1571712K) eden 30460K->0K survivor 894K->129K tenured 363515K->363880K, 0.0434172 secs]
[GC 394474K->364071K(1571712K) eden 30463K->0K survivor 129K->191K tenured 363880K->363880K, 0.0255795 secs]
[GC 394535K->364125K(1571712K) eden 30463K->0K survivor 191K->244K tenured 363880K->363880K, 0.0281347 secs]
[GC 394589K->364146K(1571712K) eden 30463K->0K survivor 244K->265K tenured 363880K->363880K, 0.0295543 secs]
[GC 394610K->364215K(1571712K) eden 30463K->0K survivor 265K->334K tenured 363880K->363880K, 0.0297919 secs]
[GC 394679K->364227K(1571712K) eden 30463K->0K survivor 334K->346K tenured 363880K->363880K, 0.0324613 secs]
[GC 394691K->364158K(1571712K) eden 30463K->0K survivor 346K->278K tenured 363880K->363880K, 0.0325930 secs]
[GC 394622K->364263K(1571712K) eden 30464K->0K survivor 278K->383K tenured 363880K->363880K, 0.0346914 secs]
[GC 394727K->364334K(1571712K) eden 30464K->0K survivor 383K->454K tenured 363880K->363880K, 0.0363386 secs]
[GC 394798K->364405K(1571712K) eden 30464K->0K survivor 454K->524K tenured 363880K->363880K, 0.0389058 secs]
[GC 394805K->364363K(1571712K) eden 30399K->0K survivor 524K->482K tenured 363880K->363880K, 0.0377436 secs]
[GC 394827K->364423K(1571712K) eden 30464K->0K survivor 482K->542K tenured 363880K->363880K, 0.0392472 secs]
[GC 394881K->364434K(1571712K) eden 30457K->0K survivor 542K->553K tenured 363880K->363880K, 0.0395725 secs]
[GC 394893K->364444K(1571712K) eden 30459K->0K survivor 553K->563K tenured 363880K->363880K, 0.0408462 secs]
[GC 394908K->364519K(1571712K) eden 30463K->0K survivor 563K->638K tenured 363880K->363880K, 0.0428729 secs]
[GC 394983K->364947K(1571712K) eden 30463K->0K survivor 638K->986K tenured 363880K->363960K, 0.0450253 secs]
[GC 395400K->364541K(1571712K) eden 30452K->0K survivor 986K->129K tenured 363960K->364411K, 0.0454570 secs]
[GC 395005K->364624K(1571712K) eden 30463K->0K survivor 129K->212K tenured 364411K->364411K, 0.0258056 secs]
[GC 395082K->364607K(1571712K) eden 30458K->0K survivor 212K->196K tenured 364411K->364411K, 0.0271022 secs]
[GC 395071K->364683K(1571712K) eden 30464K->0K survivor 196K->271K tenured 364411K->364411K, 0.0295435 secs]
[GC 395146K->364713K(1571712K) eden 30463K->0K survivor 271K->301K tenured 364411K->364411K, 0.0307887 secs]
[GC 395177K->364697K(1571712K) eden 30463K->0K survivor 301K->286K tenured 364411K->364411K, 0.0326749 secs]
[GC 395161K->364823K(1571712K) eden 30463K->0K survivor 286K->411K tenured 364411K->364411K, 0.0330911 secs]
[GC 395287K->364795K(1571712K) eden 30464K->0K survivor 411K->384K tenured 364411K->364411K, 0.0338202 secs]
[GC 395259K->364856K(1571712K) eden 30463K->0K survivor 384K->444K tenured 364411K->364411K, 0.0362597 secs]
[GC 395320K->364810K(1571712K) eden 30463K->0K survivor 444K->398K tenured 364411K->364411K, 0.0364393 secs]
[GC 395274K->365302K(1571712K) eden 30463K->0K survivor 398K->890K tenured 364411K->364411K, 0.0384611 secs]
[GC 395764K->364865K(1571712K) eden 30462K->0K survivor 890K->93K tenured 364411K->364772K, 0.0481862 secs]
[GC 395329K->364992K(1571712K) eden 30463K->0K survivor 93K->220K tenured 364772K->364772K, 0.0252291 secs]
[GC 395456K->365034K(1571712K) eden 30463K->0K survivor 220K->262K tenured 364772K->364772K, 0.0276992 secs]
[GC 395498K->365053K(1571712K) eden 30464K->0K survivor 262K->280K tenured 364772K->364772K, 0.0292843 secs]
[GC 395517K->365105K(1571712K) eden 30463K->0K survivor 280K->333K tenured 364772K->364772K, 0.0309667 secs]
[GC 395567K->365024K(1571712K) eden 30462K->0K survivor 333K->251K tenured 364772K->364772K, 0.0307320 secs]
[GC 395488K->365155K(1571712K) eden 30463K->0K survivor 251K->382K tenured 364772K->364772K, 0.0341507 secs]
[GC 395614K->365137K(1571712K) eden 30459K->0K survivor 382K->365K tenured 364772K->364772K, 0.0342957 secs]
[GC 395601K->365297K(1571712K) eden 30463K->0K survivor 365K->525K tenured 364772K->364772K, 0.0360898 secs]
[GC 395761K->365232K(1571712K) eden 30464K->0K survivor 525K->460K tenured 364772K->364772K, 0.0375909 secs]
[GC 395692K->365196K(1571712K) eden 30459K->0K survivor 460K->424K tenured 364772K->364772K, 0.0373820 secs]
[GC 395660K->365310K(1571712K) eden 30463K->0K survivor 424K->537K tenured 364772K->364772K, 0.0382369 secs]
[GC 395774K->365328K(1571712K) eden 30463K->0K survivor 537K->556K tenured 364772K->364772K, 0.0416639 secs]
[GC 395790K->365312K(1571712K) eden 30461K->0K survivor 556K->540K tenured 364772K->364772K, 0.0408179 secs]
[GC 395776K->365409K(1571712K) eden 30464K->0K survivor 540K->636K tenured 364772K->364772K, 0.0415544 secs]
[GC 395866K->365362K(1571712K) eden 30457K->0K survivor 636K->510K tenured 364772K->364851K, 0.0436008 secs]
[GC 395811K->365458K(1571712K) eden 30449K->0K survivor 510K->607K tenured 364851K->364851K, 0.0417507 secs]
[GC 395922K->365499K(1571712K) eden 30463K->0K survivor 607K->570K tenured 364851K->364929K, 0.0436117 secs]
[GC 395963K->365534K(1571712K) eden 30463K->0K survivor 570K->605K tenured 364929K->364929K, 0.0414879 secs]
[GC 395992K->365504K(1571712K) eden 30457K->0K survivor 605K->544K tenured 364929K->364959K, 0.0426751 secs]
[GC 395968K->365599K(1571712K) eden 30464K->0K survivor 544K->639K tenured 364959K->364959K, 0.0421839 secs]
[GC 396063K->365608K(1571712K) eden 30463K->0K survivor 639K->559K tenured 364959K->365049K, 0.0444146 secs]
[GC 396072K->365649K(1571712K) eden 30464K->0K survivor 559K->600K tenured 365049K->365049K, 0.0422022 secs]
[GC 396113K->365682K(1571712K) eden 30464K->0K survivor 600K->593K tenured 365049K->365089K, 0.0424102 secs]
[GC 396146K->365727K(1571712K) eden 30464K->0K survivor 593K->609K tenured 365089K->365117K, 0.0435593 secs]
[GC 396191K->365744K(1571712K) eden 30463K->0K survivor 609K->574K tenured 365117K->365169K, 0.0436604 secs]
[GC 396208K->365839K(1571712K) eden 30464K->0K survivor 574K->670K tenured 365169K->365169K, 0.0409733 secs]
[GC 396303K->365810K(1571712K) eden 30464K->0K survivor 670K->523K tenured 365169K->365286K, 0.0428577 secs]
[GC 396274K->365834K(1571712K) eden 30464K->0K survivor 523K->547K tenured 365286K->365286K, 0.0407097 secs]
[GC 396298K->365853K(1571712K) eden 30463K->0K survivor 547K->567K tenured 365286K->365286K, 0.0411773 secs]
[GC 396317K->365912K(1571712K) eden 30463K->0K survivor 567K->626K tenured 365286K->365286K, 0.0417914 secs]
[GC 396376K->366332K(1571712K) eden 30463K->0K survivor 626K->992K tenured 365286K->365340K, 0.0446215 secs]
[GC 396796K->365982K(1571712K) eden 30464K->0K survivor 992K->177K tenured 365340K->365804K, 0.0482927 secs]
[GC 396446K->366010K(1571712K) eden 30463K->0K survivor 177K->206K tenured 365804K->365804K, 0.0258357 secs]
[GC 396473K->366004K(1571712K) eden 30462K->0K survivor 206K->199K tenured 365804K->365804K, 0.0273002 secs]
[GC 396468K->366171K(1571712K) eden 30463K->0K survivor 199K->366K tenured 365804K->365804K, 0.0291762 secs]
[GC 396635K->366092K(1571712K) eden 30464K->0K survivor 366K->288K tenured 365804K->365804K, 0.0295580 secs]
[GC 396549K->366080K(1571712K) eden 30457K->0K survivor 288K->276K tenured 365804K->365804K, 0.0315411 secs]
[GC 396544K->366145K(1571712K) eden 30463K->0K survivor 276K->341K tenured 365804K->365804K, 0.0328566 secs]
[GC 396609K->366209K(1571712K) eden 30463K->0K survivor 341K->405K tenured 365804K->365804K, 0.0351616 secs]
[GC 396673K->366264K(1571712K) eden 30464K->0K survivor 405K->460K tenured 365804K->365804K, 0.0367037 secs]
[GC 396728K->366305K(1571712K) eden 30463K->0K survivor 460K->501K tenured 365804K->365804K, 0.0372541 secs]
[GC 396769K->366684K(1571712K) eden 30463K->0K survivor 501K->880K tenured 365804K->365804K, 0.0388502 secs]
[GC 397144K->366251K(1571712K) eden 30459K->0K survivor 880K->94K tenured 365804K->366157K, 0.0427167 secs]
[GC 396715K->366344K(1571712K) eden 30463K->0K survivor 94K->187K tenured 366157K->366157K, 0.0257562 secs]
[GC 396803K->366339K(1571712K) eden 30458K->0K survivor 187K->182K tenured 366157K->366157K, 0.0276323 secs]
[GC 396803K->366414K(1571712K) eden 30463K->0K survivor 182K->256K tenured 366157K->366157K, 0.0295475 secs]
[GC 396878K->366482K(1571712K) eden 30464K->0K survivor 256K->324K tenured 366157K->366157K, 0.0303974 secs]
[GC 396946K->366413K(1571712K) eden 30463K->0K survivor 324K->256K tenured 366157K->366157K, 0.0312808 secs]
[GC 396877K->366516K(1571712K) eden 30463K->0K survivor 256K->359K tenured 366157K->366157K, 0.0331633 secs]
[GC 396980K->366547K(1571712K) eden 30463K->0K survivor 359K->389K tenured 366157K->366157K, 0.0342654 secs]
[GC 397011K->366573K(1571712K) eden 30464K->0K survivor 389K->415K tenured 366157K->366157K, 0.0360786 secs]
[GC 397035K->366580K(1571712K) eden 30462K->0K survivor 415K->423K tenured 366157K->366157K, 0.0367831 secs]
[GC 397044K->366622K(1571712K) eden 30463K->0K survivor 423K->465K tenured 366157K->366157K, 0.0391251 secs]
[GC 397086K->366715K(1571712K) eden 30463K->0K survivor 465K->558K tenured 366157K->366157K, 0.0382103 secs]
[GC 397173K->366629K(1571712K) eden 30457K->0K survivor 558K->471K tenured 366157K->366157K, 0.0402597 secs]
[GC 397093K->366749K(1571712K) eden 30463K->0K survivor 471K->591K tenured 366157K->366157K, 0.0422200 secs]
[GC 397213K->366789K(1571712K) eden 30463K->0K survivor 591K->607K tenured 366157K->366181K, 0.0432329 secs]
[GC 397253K->367194K(1571712K) eden 30463K->0K survivor 607K->960K tenured 366181K->366234K, 0.0443153 secs]
[GC 397658K->366844K(1571712K) eden 30464K->0K survivor 960K->181K tenured 366234K->366663K, 0.0473526 secs]
[GC 397308K->366869K(1571712K) eden 30464K->0K survivor 181K->205K tenured 366663K->366663K, 0.0259122 secs]
[GC 397326K->366919K(1571712K) eden 30457K->0K survivor 205K->256K tenured 366663K->366663K, 0.0275761 secs]
[GC 397383K->366929K(1571712K) eden 30463K->0K survivor 256K->266K tenured 366663K->366663K, 0.0292201 secs]
[GC 397393K->366973K(1571712K) eden 30463K->0K survivor 266K->309K tenured 366663K->366663K, 0.0310202 secs]
[GC 397436K->366914K(1571712K) eden 30463K->0K survivor 309K->250K tenured 366663K->366663K, 0.0314059 secs]
[GC 397378K->367032K(1571712K) eden 30464K->0K survivor 250K->369K tenured 366663K->366663K, 0.0331699 secs]
[GC 397496K->367071K(1571712K) eden 30463K->0K survivor 369K->408K tenured 366663K->366663K, 0.0364180 secs]
[GC 397535K->367193K(1571712K) eden 30463K->0K survivor 408K->529K tenured 366663K->366663K, 0.0373690 secs]
[GC 397657K->367138K(1571712K) eden 30464K->0K survivor 529K->474K tenured 366663K->366663K, 0.0370232 secs]
[GC 397602K->367126K(1571712K) eden 30463K->0K survivor 474K->462K tenured 366663K->366663K, 0.0379843 secs]
[GC 397590K->367162K(1571712K) eden 30463K->0K survivor 462K->498K tenured 366663K->366663K, 0.0394717 secs]
[GC 397610K->367160K(1571712K) eden 30448K->0K survivor 498K->497K tenured 366663K->366663K, 0.0398082 secs]
[GC 397624K->367277K(1571712K) eden 30463K->0K survivor 497K->613K tenured 366663K->366663K, 0.0416782 secs]
[GC 397741K->367316K(1571712K) eden 30463K->0K survivor 613K->607K tenured 366663K->366709K, 0.0422254 secs]
[GC 397780K->367696K(1571712K) eden 30463K->0K survivor 607K->952K tenured 366709K->366744K, 0.0434366 secs]
[GC 398160K->367334K(1571712K) eden 30463K->0K survivor 952K->213K tenured 366744K->367120K, 0.0446527 secs]
[GC 397798K->367363K(1571712K) eden 30463K->0K survivor 213K->242K tenured 367120K->367120K, 0.0279153 secs]
[GC 397827K->367400K(1571712K) eden 30463K->0K survivor 242K->279K tenured 367120K->367120K, 0.0300166 secs]
[GC 397864K->367436K(1571712K) eden 30463K->0K survivor 279K->315K tenured 367120K->367120K, 0.0312007 secs]
[GC 397900K->367439K(1571712K) eden 30463K->0K survivor 315K->318K tenured 367120K->367120K, 0.0318529 secs]
[GC 397903K->367503K(1571712K) eden 30464K->0K survivor 318K->383K tenured 367120K->367120K, 0.0337344 secs]
[GC 397967K->367511K(1571712K) eden 30463K->0K survivor 383K->390K tenured 367120K->367120K, 0.0344805 secs]
[GC 397975K->367549K(1571712K) eden 30463K->0K survivor 390K->428K tenured 367120K->367120K, 0.0361827 secs]
[GC 398000K->367539K(1571712K) eden 30450K->0K survivor 428K->418K tenured 367120K->367120K, 0.0372706 secs]
[GC 398003K->367609K(1571712K) eden 30463K->0K survivor 418K->488K tenured 367120K->367120K, 0.0389444 secs]
[GC 398073K->367704K(1571712K) eden 30463K->0K survivor 488K->583K tenured 367120K->367120K, 0.0395946 secs]
[GC 398168K->367691K(1571712K) eden 30464K->0K survivor 583K->520K tenured 367120K->367170K, 0.0414314 secs]
[GC 398155K->367707K(1571712K) eden 30463K->0K survivor 520K->536K tenured 367170K->367170K, 0.0402512 secs]
[GC 398171K->367759K(1571712K) eden 30463K->0K survivor 536K->588K tenured 367170K->367170K, 0.0405989 secs]
[GC 398223K->367771K(1571712K) eden 30464K->0K survivor 588K->577K tenured 367170K->367194K, 0.0427085 secs]
[GC 398235K->368202K(1571712K) eden 30463K->0K survivor 577K->991K tenured 367194K->367211K, 0.0445022 secs]
[GC 398666K->367830K(1571712K) eden 30463K->0K survivor 991K->156K tenured 367211K->367673K, 0.0483152 secs]
[GC 398286K->367807K(1571712K) eden 30456K->0K survivor 156K->133K tenured 367673K->367673K, 0.0253054 secs]
[GC 398271K->367930K(1571712K) eden 30463K->0K survivor 133K->256K tenured 367673K->367673K, 0.0280254 secs]
[GC 398389K->367874K(1571712K) eden 30459K->0K survivor 256K->201K tenured 367673K->367673K, 0.0265985 secs]
[GC 398301K->367960K(1571712K) eden 30427K->0K survivor 201K->286K tenured 367673K->367673K, 0.0305201 secs]
[GC 398424K->367972K(1571712K) eden 30463K->0K survivor 286K->299K tenured 367673K->367673K, 0.0312916 secs]
[GC 398436K->368040K(1571712K) eden 30463K->0K survivor 299K->367K tenured 367673K->367673K, 0.0330651 secs]
[GC 398504K->368056K(1571712K) eden 30464K->0K survivor 367K->383K tenured 367673K->367673K, 0.0353342 secs]
[GC 398520K->368183K(1571712K) eden 30463K->0K survivor 383K->509K tenured 367673K->367673K, 0.0360781 secs]
[GC 398642K->368089K(1571712K) eden 30459K->0K survivor 509K->416K tenured 367673K->367673K, 0.0370214 secs]
[GC 398550K->368070K(1571712K) eden 30461K->0K survivor 416K->397K tenured 367673K->367673K, 0.0373328 secs]
[GC 398534K->368192K(1571712K) eden 30464K->0K survivor 397K->519K tenured 367673K->367673K, 0.0390132 secs]
[GC 398656K->368189K(1571712K) eden 30463K->0K survivor 519K->516K tenured 367673K->367673K, 0.0406452 secs]
[GC 398653K->368235K(1571712K) eden 30464K->0K survivor 516K->562K tenured 367673K->367673K, 0.0411867 secs]
[GC 398699K->368280K(1571712K) eden 30463K->0K survivor 562K->607K tenured 367673K->367673K, 0.0420014 secs]
[GC 398736K->368210K(1571712K) eden 30456K->0K survivor 607K->493K tenured 367673K->367717K, 0.0416652 secs]
[GC 398673K->368243K(1571712K) eden 30462K->0K survivor 493K->526K tenured 367717K->367717K, 0.0431413 secs]
[GC 398707K->368350K(1571712K) eden 30463K->0K survivor 526K->632K tenured 367717K->367717K, 0.0436270 secs]
[GC 398813K->368396K(1571712K) eden 30463K->0K survivor 632K->617K tenured 367717K->367779K, 0.0462703 secs]
[GC 398847K->368367K(1571712K) eden 30450K->0K survivor 617K->544K tenured 367779K->367823K, 0.0426089 secs]
[GC 398831K->368456K(1571712K) eden 30463K->0K survivor 544K->632K tenured 367823K->367823K, 0.0427903 secs]
[GC 398920K->368465K(1571712K) eden 30463K->0K survivor 632K->563K tenured 367823K->367902K, 0.0453964 secs]
[GC 398929K->368498K(1571712K) eden 30464K->0K survivor 563K->595K tenured 367902K->367902K, 0.0420051 secs]
[GC 398959K->368540K(1571712K) eden 30460K->0K survivor 595K->601K tenured 367902K->367938K, 0.0443764 secs]
[GC 399004K->368590K(1571712K) eden 30464K->0K survivor 601K->615K tenured 367938K->367974K, 0.0441816 secs]
[GC 399054K->368606K(1571712K) eden 30463K->0K survivor 615K->577K tenured 367974K->368029K, 0.0432844 secs]
[GC 399070K->368701K(1571712K) eden 30463K->0K survivor 577K->650K tenured 368029K->368050K, 0.0421124 secs]
[GC 399165K->368673K(1571712K) eden 30463K->0K survivor 650K->518K tenured 368050K->368155K, 0.0446289 secs]
[GC 399137K->368697K(1571712K) eden 30463K->0K survivor 518K->542K tenured 368155K->368155K, 0.0404268 secs]
[GC 399161K->368759K(1571712K) eden 30463K->0K survivor 542K->603K tenured 368155K->368155K, 0.0409976 secs]
[GC 399218K->368713K(1571712K) eden 30458K->0K survivor 603K->519K tenured 368155K->368193K, 0.0434346 secs]
[GC 399177K->369197K(1571712K) eden 30463K->0K survivor 519K->1003K tenured 368193K->368193K, 0.0437572 secs]
[GC 399661K->368847K(1571712K) eden 30464K->0K survivor 1003K->178K tenured 368193K->368668K, 0.0485999 secs]
[GC 399311K->368881K(1571712K) eden 30463K->0K survivor 178K->213K tenured 368668K->368668K, 0.0292280 secs]
[GC 399345K->368920K(1571712K) eden 30463K->0K survivor 213K->252K tenured 368668K->368668K, 0.0257526 secs]
[GC 399384K->368937K(1571712K) eden 30463K->0K survivor 252K->268K tenured 368668K->368668K, 0.0292710 secs]
[GC 399401K->368987K(1571712K) eden 30463K->0K survivor 268K->319K tenured 368668K->368668K, 0.0304355 secs]
[GC 399451K->368981K(1571712K) eden 30463K->0K survivor 319K->313K tenured 368668K->368668K, 0.0317843 secs]
[GC 399445K->369032K(1571712K) eden 30463K->0K survivor 313K->363K tenured 368668K->368668K, 0.0327758 secs]
[GC 399476K->369004K(1571712K) eden 30444K->0K survivor 363K->336K tenured 368668K->368668K, 0.0346168 secs]
[GC 399464K->369017K(1571712K) eden 30459K->0K survivor 336K->348K tenured 368668K->368668K, 0.0356168 secs]
[GC 399480K->369104K(1571712K) eden 30463K->0K survivor 348K->436K tenured 368668K->368668K, 0.0373357 secs]
[GC 399563K->369059K(1571712K) eden 30458K->0K survivor 436K->391K tenured 368668K->368668K, 0.0373141 secs]
[GC 399513K->369102K(1571712K) eden 30453K->0K survivor 391K->434K tenured 368668K->368668K, 0.0381836 secs]
[GC 399553K->369146K(1571712K) eden 30450K->0K survivor 434K->477K tenured 368668K->368668K, 0.0392911 secs]
[GC 399610K->369229K(1571712K) eden 30463K->0K survivor 477K->561K tenured 368668K->368668K, 0.0409324 secs]
[GC 399693K->369296K(1571712K) eden 30464K->0K survivor 561K->628K tenured 368668K->368668K, 0.0412017 secs]
[GC 399755K->369192K(1571712K) eden 30459K->0K survivor 628K->449K tenured 368668K->368743K, 0.0426989 secs]
[GC 399656K->369305K(1571712K) eden 30464K->0K survivor 449K->561K tenured 368743K->368743K, 0.0411572 secs]
[GC 399769K->369347K(1571712K) eden 30463K->0K survivor 561K->603K tenured 368743K->368743K, 0.0421608 secs]
[GC 399808K->369330K(1571712K) eden 30461K->0K survivor 603K->558K tenured 368743K->368772K, 0.0438217 secs]
[GC 399794K->369407K(1571712K) eden 30464K->0K survivor 558K->635K tenured 368772K->368772K, 0.0433998 secs]
[GC 399871K->369437K(1571712K) eden 30463K->0K survivor 635K->593K tenured 368772K->368844K, 0.0448741 secs]
[GC 399901K->369421K(1571712K) eden 30463K->0K survivor 593K->551K tenured 368844K->368870K, 0.0454249 secs]
[GC 399885K->369487K(1571712K) eden 30463K->0K survivor 551K->617K tenured 368870K->368870K, 0.0437167 secs]
[GC 399951K->369541K(1571712K) eden 30463K->0K survivor 617K->613K tenured 368870K->368927K, 0.0453429 secs]
[GC 400005K->369569K(1571712K) eden 30463K->0K survivor 613K->577K tenured 368927K->368991K, 0.0446936 secs]
[GC 400028K->369527K(1571712K) eden 30458K->0K survivor 577K->506K tenured 368991K->369021K, 0.0429369 secs]
[GC 399991K->369598K(1571712K) eden 30464K->0K survivor 506K->577K tenured 369021K->369021K, 0.0422303 secs]
[GC 400062K->369639K(1571712K) eden 30464K->0K survivor 577K->599K tenured 369021K->369040K, 0.0441671 secs]
[GC 400103K->369679K(1571712K) eden 30464K->0K survivor 599K->615K tenured 369040K->369064K, 0.0442051 secs]
[GC 400143K->369739K(1571712K) eden 30463K->0K survivor 615K->599K tenured 369064K->369140K, 0.0447213 secs]
[GC 400203K->369781K(1571712K) eden 30463K->0K survivor 599K->603K tenured 369140K->369177K, 0.0399433 secs]
[GC 400245K->370169K(1571712K) eden 30463K->0K survivor 603K->959K tenured 369177K->369209K, 0.0434887 secs]
[GC 400633K->369822K(1571712K) eden 30463K->0K survivor 959K->232K tenured 369209K->369590K, 0.0460183 secs]
[GC 400285K->369763K(1571712K) eden 30462K->0K survivor 232K->173K tenured 369590K->369590K, 0.0278701 secs]
[GC 400227K->369874K(1571712K) eden 30463K->0K survivor 173K->284K tenured 369590K->369590K, 0.0298007 secs]
[GC 400338K->369910K(1571712K) eden 30463K->0K survivor 284K->320K tenured 369590K->369590K, 0.0319520 secs]
[GC 400374K->369921K(1571712K) eden 30463K->0K survivor 320K->331K tenured 369590K->369590K, 0.0332382 secs]
[GC 400385K->369967K(1571712K) eden 30463K->0K survivor 331K->377K tenured 369590K->369590K, 0.0338317 secs]
[GC 400431K->369992K(1571712K) eden 30464K->0K survivor 377K->402K tenured 369590K->369590K, 0.0343994 secs]
[GC 400456K->370029K(1571712K) eden 30464K->0K survivor 402K->439K tenured 369590K->369590K, 0.0366523 secs]
[GC 400493K->370044K(1571712K) eden 30463K->0K survivor 439K->454K tenured 369590K->369590K, 0.0372391 secs]
[GC 400505K->370018K(1571712K) eden 30461K->0K survivor 454K->428K tenured 369590K->369590K, 0.0384334 secs]
[GC 400474K->370053K(1571712K) eden 30456K->0K survivor 428K->463K tenured 369590K->369590K, 0.0386827 secs]
[GC 400506K->370078K(1571712K) eden 30452K->0K survivor 463K->488K tenured 369590K->369590K, 0.0401156 secs]
[GC 400541K->370089K(1571712K) eden 30463K->0K survivor 488K->499K tenured 369590K->369590K, 0.0402761 secs]
[GC 400553K->370188K(1571712K) eden 30463K->0K survivor 499K->598K tenured 369590K->369590K, 0.0429994 secs]
[GC 400650K->370160K(1571712K) eden 30461K->0K survivor 598K->516K tenured 369590K->369643K, 0.0436612 secs]
[GC 400624K->370296K(1571712K) eden 30463K->0K survivor 516K->652K tenured 369643K->369643K, 0.0421351 secs]
[GC 400758K->370213K(1571712K) eden 30462K->0K survivor 652K->469K tenured 369643K->369744K, 0.0444604 secs]
[GC 400677K->370309K(1571712K) eden 30463K->0K survivor 469K->564K tenured 369744K->369744K, 0.0412839 secs]
[GC 400768K->370300K(1571712K) eden 30459K->0K survivor 564K->555K tenured 369744K->369744K, 0.0426339 secs]
[GC 400760K->370311K(1571712K) eden 30459K->0K survivor 555K->567K tenured 369744K->369744K, 0.0430693 secs]
[GC 400730K->370366K(1571712K) eden 30418K->0K survivor 567K->622K tenured 369744K->369744K, 0.0438171 secs]
[GC 400830K->370408K(1571712K) eden 30463K->0K survivor 622K->593K tenured 369744K->369815K, 0.0444714 secs]
[GC 400872K->370472K(1571712K) eden 30464K->0K survivor 593K->630K tenured 369815K->369841K, 0.0438939 secs]
[GC 400936K->370514K(1571712K) eden 30464K->0K survivor 630K->617K tenured 369841K->369897K, 0.0450863 secs]
[GC 400978K->370630K(1571712K) eden 30464K->0K survivor 617K->670K tenured 369897K->369959K, 0.0456898 secs]
[GC 401094K->370551K(1571712K) eden 30464K->0K survivor 670K->482K tenured 369959K->370069K, 0.0442324 secs]
[GC 401015K->370571K(1571712K) eden 30463K->0K survivor 482K->502K tenured 370069K->370069K, 0.0396274 secs]
[GC 401030K->370546K(1571712K) eden 30458K->0K survivor 502K->477K tenured 370069K->370069K, 0.0405211 secs]
[GC 401010K->370636K(1571712K) eden 30463K->0K survivor 477K->566K tenured 370069K->370069K, 0.0409289 secs]
[GC 401096K->370650K(1571712K) eden 30460K->0K survivor 566K->581K tenured 370069K->370069K, 0.0420470 secs]
[GC 401098K->370668K(1571712K) eden 30448K->0K survivor 581K->563K tenured 370069K->370105K, 0.0437653 secs]
[GC 401132K->371137K(1571712K) eden 30463K->0K survivor 563K->1032K tenured 370105K->370105K, 0.0430249 secs]
[GC 401601K->370769K(1571712K) eden 30463K->0K survivor 1032K->208K tenured 370105K->370561K, 0.0490700 secs]
[GC 401233K->370805K(1571712K) eden 30463K->0K survivor 208K->244K tenured 370561K->370561K, 0.0278702 secs]
[GC 401269K->370847K(1571712K) eden 30463K->0K survivor 244K->286K tenured 370561K->370561K, 0.0303550 secs]
[GC 401311K->370875K(1571712K) eden 30463K->0K survivor 286K->314K tenured 370561K->370561K, 0.0310523 secs]
[GC 401211K->370951K(1571712K) eden 30336K->0K survivor 314K->390K tenured 370561K->370561K, 0.0327596 secs]
[GC 401415K->370948K(1571712K) eden 30463K->0K survivor 390K->387K tenured 370561K->370561K, 0.0340524 secs]
[GC 401410K->370895K(1571712K) eden 30462K->0K survivor 387K->334K tenured 370561K->370561K, 0.0345529 secs]
[GC 401333K->370949K(1571712K) eden 30437K->0K survivor 334K->388K tenured 370561K->370561K, 0.0362333 secs]
[GC 401413K->371027K(1571712K) eden 30463K->0K survivor 388K->466K tenured 370561K->370561K, 0.0356128 secs]
[GC 401491K->371047K(1571712K) eden 30463K->0K survivor 466K->486K tenured 370561K->370561K, 0.0372983 secs]
[GC 401511K->371029K(1571712K) eden 30463K->0K survivor 486K->468K tenured 370561K->370561K, 0.0398870 secs]
[GC 401493K->371083K(1571712K) eden 30464K->0K survivor 468K->522K tenured 370561K->370561K, 0.0404358 secs]
[GC 401547K->371064K(1571712K) eden 30463K->0K survivor 522K->502K tenured 370561K->370561K, 0.0406236 secs]
[GC 401515K->371122K(1571712K) eden 30451K->0K survivor 502K->561K tenured 370561K->370561K, 0.0431037 secs]
[GC 401586K->371180K(1571712K) eden 30464K->0K survivor 561K->619K tenured 370561K->370561K, 0.0432457 secs]
[GC 401642K->371135K(1571712K) eden 30461K->0K survivor 619K->524K tenured 370561K->370611K, 0.0429742 secs]
[GC 401599K->371225K(1571712K) eden 30463K->0K survivor 524K->613K tenured 370611K->370611K, 0.0438568 secs]
[GC 401682K->371207K(1571712K) eden 30457K->0K survivor 613K->554K tenured 370611K->370652K, 0.0439477 secs]
[GC 401671K->371315K(1571712K) eden 30463K->0K survivor 554K->662K tenured 370652K->370652K, 0.0446783 secs]
[GC 401779K->371355K(1571712K) eden 30463K->0K survivor 662K->592K tenured 370652K->370763K, 0.0472949 secs]
[GC 401819K->371742K(1571712K) eden 30463K->0K survivor 592K->956K tenured 370763K->370785K, 0.0436478 secs]
[GC 402205K->371365K(1571712K) eden 30463K->0K survivor 956K->191K tenured 370785K->371174K, 0.0472815 secs]
[GC 401829K->371411K(1571712K) eden 30463K->0K survivor 191K->236K tenured 371174K->371174K, 0.0278735 secs]
[GC 401866K->371425K(1571712K) eden 30455K->0K survivor 236K->251K tenured 371174K->371174K, 0.0298460 secs]
[GC 401886K->371427K(1571712K) eden 30461K->0K survivor 251K->252K tenured 371174K->371174K, 0.0314634 secs]
[GC 401891K->371512K(1571712K) eden 30463K->0K survivor 252K->337K tenured 371174K->371174K, 0.0319891 secs]
[GC 401976K->371548K(1571712K) eden 30463K->0K survivor 337K->374K tenured 371174K->371174K, 0.0335891 secs]
[GC 402012K->371492K(1571712K) eden 30463K->0K survivor 374K->317K tenured 371174K->371174K, 0.0343096 secs]
[GC 401956K->371582K(1571712K) eden 30463K->0K survivor 317K->408K tenured 371174K->371174K, 0.0371251 secs]
[GC 402033K->371619K(1571712K) eden 30450K->0K survivor 408K->444K tenured 371174K->371174K, 0.0368613 secs]
[GC 402083K->371718K(1571712K) eden 30464K->0K survivor 444K->544K tenured 371174K->371174K, 0.0382662 secs]
[GC 402182K->371754K(1571712K) eden 30464K->0K survivor 544K->580K tenured 371174K->371174K, 0.0391319 secs]
[GC 402218K->371740K(1571712K) eden 30463K->0K survivor 580K->519K tenured 371174K->371221K, 0.0406603 secs]
[GC 402204K->371771K(1571712K) eden 30464K->0K survivor 519K->550K tenured 371221K->371221K, 0.0392772 secs]
[GC 402235K->371808K(1571712K) eden 30463K->0K survivor 550K->587K tenured 371221K->371221K, 0.0405710 secs]
[GC 402272K->371840K(1571712K) eden 30463K->0K survivor 587K->598K tenured 371221K->371241K, 0.0424351 secs]
[GC 402304K->372245K(1571712K) eden 30464K->0K survivor 598K->959K tenured 371241K->371285K, 0.0433487 secs]
[GC 402709K->371892K(1571712K) eden 30463K->0K survivor 959K->175K tenured 371285K->371717K, 0.0472306 secs]
[GC 402356K->371912K(1571712K) eden 30463K->0K survivor 175K->194K tenured 371717K->371717K, 0.0257552 secs]
[GC 402376K->371966K(1571712K) eden 30463K->0K survivor 194K->249K tenured 371717K->371717K, 0.0292370 secs]
[GC 402430K->371966K(1571712K) eden 30463K->0K survivor 249K->249K tenured 371717K->371717K, 0.0294682 secs]
[GC 402430K->371925K(1571712K) eden 30463K->0K survivor 249K->208K tenured 371717K->371717K, 0.0308041 secs]
[GC 402389K->372005K(1571712K) eden 30463K->0K survivor 208K->288K tenured 371717K->371717K, 0.0328747 secs]
[GC 402469K->372071K(1571712K) eden 30463K->0K survivor 288K->354K tenured 371717K->371717K, 0.0317446 secs]
[GC 402535K->372085K(1571712K) eden 30464K->0K survivor 354K->368K tenured 371717K->371717K, 0.0344322 secs]
[GC 402549K->372210K(1571712K) eden 30463K->0K survivor 368K->493K tenured 371717K->371717K, 0.0365769 secs]
[GC 402674K->372129K(1571712K) eden 30463K->0K survivor 493K->412K tenured 371717K->371717K, 0.0365622 secs]
[GC 402593K->372144K(1571712K) eden 30463K->0K survivor 412K->427K tenured 371717K->371717K, 0.0379034 secs]
[GC 402608K->372217K(1571712K) eden 30464K->0K survivor 427K->500K tenured 371717K->371717K, 0.0395254 secs]
[GC 402681K->372208K(1571712K) eden 30463K->0K survivor 500K->491K tenured 371717K->371717K, 0.0397061 secs]
[GC 402672K->372262K(1571712K) eden 30464K->0K survivor 491K->545K tenured 371717K->371717K, 0.0402135 secs]
[GC 402726K->372279K(1571712K) eden 30463K->0K survivor 545K->562K tenured 371717K->371717K, 0.0418069 secs]
[GC 402742K->372282K(1571712K) eden 30462K->0K survivor 562K->565K tenured 371717K->371717K, 0.0420699 secs]
[GC 402732K->372298K(1571712K) eden 30449K->0K survivor 565K->580K tenured 371717K->371717K, 0.0430255 secs]
[GC 402762K->372351K(1571712K) eden 30464K->0K survivor 580K->614K tenured 371717K->371736K, 0.0444073 secs]
[GC 402815K->372328K(1571712K) eden 30463K->0K survivor 614K->537K tenured 371736K->371791K, 0.0460847 secs]
[GC 402792K->372418K(1571712K) eden 30464K->0K survivor 537K->627K tenured 371791K->371791K, 0.0435116 secs]
[GC 402882K->372836K(1571712K) eden 30463K->0K survivor 627K->976K tenured 371791K->371860K, 0.0469446 secs]
[GC 403300K->372477K(1571712K) eden 30463K->0K survivor 976K->211K tenured 371860K->372266K, 0.0483366 secs]
[GC 402941K->372484K(1571712K) eden 30463K->0K survivor 211K->218K tenured 372266K->372266K, 0.0276210 secs]
[GC 402948K->372550K(1571712K) eden 30463K->0K survivor 218K->284K tenured 372266K->372266K, 0.0302558 secs]
[GC 402999K->372528K(1571712K) eden 30448K->0K survivor 284K->262K tenured 372266K->372266K, 0.0317578 secs]
[GC 402992K->372597K(1571712K) eden 30463K->0K survivor 262K->331K tenured 372266K->372266K, 0.0325925 secs]
[GC 403061K->372603K(1571712K) eden 30463K->0K survivor 331K->337K tenured 372266K->372266K, 0.0331785 secs]
[GC 403067K->372645K(1571712K) eden 30463K->0K survivor 337K->379K tenured 372266K->372266K, 0.0350497 secs]
[GC 403109K->372688K(1571712K) eden 30463K->0K survivor 379K->422K tenured 372266K->372266K, 0.0359975 secs]
[GC 403152K->372750K(1571712K) eden 30463K->0K survivor 422K->484K tenured 372266K->372266K, 0.0373240 secs]
[GC 403214K->372793K(1571712K) eden 30463K->0K survivor 484K->527K tenured 372266K->372266K, 0.0392558 secs]
[GC 403257K->373181K(1571712K) eden 30463K->0K survivor 527K->915K tenured 372266K->372266K, 0.0418166 secs]
[GC 403645K->372836K(1571712K) eden 30463K->0K survivor 915K->181K tenured 372266K->372654K, 0.0454301 secs]
[GC 403300K->372858K(1571712K) eden 30463K->0K survivor 181K->203K tenured 372654K->372654K, 0.0257461 secs]
[GC 403320K->372833K(1571712K) eden 30462K->0K survivor 203K->179K tenured 372654K->372654K, 0.0276908 secs]
[GC 403297K->372929K(1571712K) eden 30464K->0K survivor 179K->274K tenured 372654K->372654K, 0.0294344 secs]
[GC 403393K->372939K(1571712K) eden 30464K->0K survivor 274K->285K tenured 372654K->372654K, 0.0299281 secs]
[GC 403393K->372911K(1571712K) eden 30453K->0K survivor 285K->257K tenured 372654K->372654K, 0.0310377 secs]
[GC 403375K->373013K(1571712K) eden 30463K->0K survivor 257K->359K tenured 372654K->372654K, 0.0329000 secs]
[GC 403477K->373053K(1571712K) eden 30464K->0K survivor 359K->398K tenured 372654K->372654K, 0.0342064 secs]
[GC 403508K->373026K(1571712K) eden 30454K->0K survivor 398K->371K tenured 372654K->372654K, 0.0349272 secs]
[GC 403490K->373088K(1571712K) eden 30463K->0K survivor 371K->433K tenured 372654K->372654K, 0.0356856 secs]
[GC 403552K->373106K(1571712K) eden 30463K->0K survivor 433K->451K tenured 372654K->372654K, 0.0374691 secs]
[GC 403570K->373146K(1571712K) eden 30463K->0K survivor 451K->491K tenured 372654K->372654K, 0.0383749 secs]
[GC 403605K->373146K(1571712K) eden 30458K->0K survivor 491K->491K tenured 372654K->372654K, 0.0394859 secs]
[GC 403610K->373216K(1571712K) eden 30463K->0K survivor 491K->562K tenured 372654K->372654K, 0.0409086 secs]
[GC 403680K->373232K(1571712K) eden 30463K->0K survivor 562K->578K tenured 372654K->372654K, 0.0400343 secs]
[GC 403696K->373326K(1571712K) eden 30463K->0K survivor 578K->648K tenured 372654K->372678K, 0.0423968 secs]
[GC 403790K->373293K(1571712K) eden 30464K->0K survivor 648K->534K tenured 372678K->372759K, 0.0433362 secs]
[GC 403757K->373308K(1571712K) eden 30463K->0K survivor 534K->549K tenured 372759K->372759K, 0.0411396 secs]
[GC 403766K->373336K(1571712K) eden 30457K->0K survivor 549K->577K tenured 372759K->372759K, 0.0428397 secs]
[GC 403793K->373362K(1571712K) eden 30457K->0K survivor 577K->554K tenured 372759K->372807K, 0.0440395 secs]
[GC 403826K->373802K(1571712K) eden 30463K->0K survivor 554K->995K tenured 372807K->372807K, 0.0434048 secs]
[GC 404266K->373427K(1571712K) eden 30463K->0K survivor 995K->196K tenured 372807K->373231K, 0.0489907 secs]
[GC 403891K->373479K(1571712K) eden 30463K->0K survivor 196K->248K tenured 373231K->373231K, 0.0281937 secs]
[GC 403943K->373491K(1571712K) eden 30463K->0K survivor 248K->260K tenured 373231K->373231K, 0.0293553 secs]
[GC 403955K->373519K(1571712K) eden 30464K->0K survivor 260K->288K tenured 373231K->373231K, 0.0303110 secs]
[GC 403983K->373531K(1571712K) eden 30464K->0K survivor 288K->300K tenured 373231K->373231K, 0.0330754 secs]
[GC 403995K->373495K(1571712K) eden 30463K->0K survivor 300K->264K tenured 373231K->373231K, 0.0334189 secs]
[GC 403959K->373590K(1571712K) eden 30463K->0K survivor 264K->359K tenured 373231K->373231K, 0.0349009 secs]
[GC 404042K->373609K(1571712K) eden 30451K->0K survivor 359K->378K tenured 373231K->373231K, 0.0364325 secs]
[GC 404073K->373643K(1571712K) eden 30463K->0K survivor 378K->412K tenured 373231K->373231K, 0.0368615 secs]
[GC 404107K->373660K(1571712K) eden 30463K->0K survivor 412K->429K tenured 373231K->373231K, 0.0375150 secs]
[GC 404111K->373636K(1571712K) eden 30450K->0K survivor 429K->405K tenured 373231K->373231K, 0.0389086 secs]
[GC 404070K->373703K(1571712K) eden 30434K->0K survivor 405K->472K tenured 373231K->373231K, 0.0397794 secs]
[GC 404167K->373777K(1571712K) eden 30464K->0K survivor 472K->545K tenured 373231K->373231K, 0.0420678 secs]
[GC 404233K->373808K(1571712K) eden 30456K->0K survivor 545K->577K tenured 373231K->373231K, 0.0419953 secs]
[GC 404272K->373849K(1571712K) eden 30463K->0K survivor 577K->569K tenured 373231K->373279K, 0.0439456 secs]
[GC 404313K->374255K(1571712K) eden 30463K->0K survivor 569K->976K tenured 373279K->373279K, 0.0443852 secs]
[GC 404719K->373902K(1571712K) eden 30463K->0K survivor 976K->178K tenured 373279K->373724K, 0.0492001 secs]
[GC 404362K->373847K(1571712K) eden 30460K->0K survivor 178K->122K tenured 373724K->373724K, 0.0254167 secs]
[GC 404311K->373959K(1571712K) eden 30463K->0K survivor 122K->234K tenured 373724K->373724K, 0.0280394 secs]
[GC 404423K->373983K(1571712K) eden 30464K->0K survivor 234K->258K tenured 373724K->373724K, 0.0297617 secs]
[GC 404447K->374025K(1571712K) eden 30463K->0K survivor 258K->300K tenured 373724K->373724K, 0.0313506 secs]
[GC 404489K->373965K(1571712K) eden 30463K->0K survivor 300K->240K tenured 373724K->373724K, 0.0320463 secs]
[GC 404429K->374083K(1571712K) eden 30463K->0K survivor 240K->358K tenured 373724K->373724K, 0.0332584 secs]
[GC 404530K->374067K(1571712K) eden 30447K->0K survivor 358K->343K tenured 373724K->373724K, 0.0345214 secs]
[GC 404531K->374238K(1571712K) eden 30463K->0K survivor 343K->513K tenured 373724K->373724K, 0.0367030 secs]
[GC 404701K->374100K(1571712K) eden 30463K->0K survivor 513K->375K tenured 373724K->373724K, 0.0360999 secs]
[GC 404550K->374144K(1571712K) eden 30450K->0K survivor 375K->419K tenured 373724K->373724K, 0.0381838 secs]
[GC 404608K->374206K(1571712K) eden 30464K->0K survivor 419K->481K tenured 373724K->373724K, 0.0392679 secs]
[GC 404669K->374180K(1571712K) eden 30462K->0K survivor 481K->455K tenured 373724K->373724K, 0.0399293 secs]
[GC 404637K->374241K(1571712K) eden 30456K->0K survivor 455K->516K tenured 373724K->373724K, 0.0409972 secs]
[GC 404704K->374281K(1571712K) eden 30463K->0K survivor 516K->556K tenured 373724K->373724K, 0.0420450 secs]
[GC 404745K->374735K(1571712K) eden 30464K->0K survivor 556K->1010K tenured 373724K->373724K, 0.0442377 secs]
[GC 405199K->374364K(1571712K) eden 30463K->0K survivor 1010K->200K tenured 373724K->374163K, 0.0504574 secs]
[GC 404828K->374399K(1571712K) eden 30463K->0K survivor 200K->235K tenured 374163K->374163K, 0.0282510 secs]
[GC 404863K->374436K(1571712K) eden 30463K->0K survivor 235K->273K tenured 374163K->374163K, 0.0303104 secs]
[GC 404900K->374464K(1571712K) eden 30463K->0K survivor 273K->300K tenured 374163K->374163K, 0.0305759 secs]
[GC 404637K->374666K(1571712K) eden 30173K->0K survivor 300K->502K tenured 374163K->374163K, 0.0329603 secs]
[GC 405130K->374522K(1571712K) eden 30464K->0K survivor 502K->358K tenured 374163K->374163K, 0.0340915 secs]
[GC 404986K->374544K(1571712K) eden 30463K->0K survivor 358K->381K tenured 374163K->374163K, 0.0343723 secs]
[GC 404998K->374535K(1571712K) eden 30453K->0K survivor 381K->371K tenured 374163K->374163K, 0.0359284 secs]
[GC 404992K->374572K(1571712K) eden 30457K->0K survivor 371K->409K tenured 374163K->374163K, 0.0368122 secs]
[GC 405031K->374598K(1571712K) eden 30458K->0K survivor 409K->435K tenured 374163K->374163K, 0.0382602 secs]
[GC 405062K->374604K(1571712K) eden 30463K->0K survivor 435K->440K tenured 374163K->374163K, 0.0398638 secs]
[GC 405068K->374657K(1571712K) eden 30463K->0K survivor 440K->494K tenured 374163K->374163K, 0.0395236 secs]
[GC 405118K->374670K(1571712K) eden 30460K->0K survivor 494K->506K tenured 374163K->374163K, 0.0411299 secs]
[GC 405120K->374802K(1571712K) eden 30450K->0K survivor 506K->638K tenured 374163K->374163K, 0.0427161 secs]
[GC 405266K->374770K(1571712K) eden 30463K->0K survivor 638K->536K tenured 374163K->374233K, 0.0438389 secs]
[GC 405234K->374755K(1571712K) eden 30463K->0K survivor 536K->521K tenured 374233K->374233K, 0.0408302 secs]
[GC 405219K->374786K(1571712K) eden 30463K->0K survivor 521K->552K tenured 374233K->374233K, 0.0427497 secs]
[GC 405250K->374818K(1571712K) eden 30464K->0K survivor 552K->585K tenured 374233K->374233K, 0.0429638 secs]
[GC 405282K->374863K(1571712K) eden 30463K->0K survivor 585K->613K tenured 374233K->374249K, 0.0440532 secs]
[GC 405327K->374920K(1571712K) eden 30463K->0K survivor 613K->613K tenured 374249K->374307K, 0.0457923 secs]
[GC 405384K->375298K(1571712K) eden 30463K->0K survivor 613K->945K tenured 374307K->374353K, 0.0459557 secs]
[GC 405761K->374857K(1571712K) eden 30463K->0K survivor 945K->118K tenured 374353K->374739K, 0.0468644 secs]
[GC 405316K->374932K(1571712K) eden 30458K->0K survivor 118K->192K tenured 374739K->374739K, 0.0295563 secs]
[GC 405395K->374956K(1571712K) eden 30463K->0K survivor 192K->216K tenured 374739K->374739K, 0.0301653 secs]
[GC 405420K->375035K(1571712K) eden 30463K->0K survivor 216K->295K tenured 374739K->374739K, 0.0315219 secs]
[GC 405495K->375028K(1571712K) eden 30459K->0K survivor 295K->289K tenured 374739K->374739K, 0.0326097 secs]
[GC 405492K->375088K(1571712K) eden 30463K->0K survivor 289K->349K tenured 374739K->374739K, 0.0332986 secs]
[GC 405552K->375110K(1571712K) eden 30463K->0K survivor 349K->371K tenured 374739K->374739K, 0.0352578 secs]
[GC 405574K->375156K(1571712K) eden 30463K->0K survivor 371K->416K tenured 374739K->374739K, 0.0356195 secs]
[GC 405620K->375201K(1571712K) eden 30463K->0K survivor 416K->462K tenured 374739K->374739K, 0.0377422 secs]
[GC 405657K->375191K(1571712K) eden 30455K->0K survivor 462K->452K tenured 374739K->374739K, 0.0387315 secs]
[GC 405655K->375310K(1571712K) eden 30463K->0K survivor 452K->571K tenured 374739K->374739K, 0.0398632 secs]
[GC 405774K->375281K(1571712K) eden 30464K->0K survivor 571K->542K tenured 374739K->374739K, 0.0391346 secs]
[GC 405745K->375300K(1571712K) eden 30463K->0K survivor 542K->560K tenured 374739K->374739K, 0.0418406 secs]
[GC 405764K->375352K(1571712K) eden 30464K->0K survivor 560K->613K tenured 374739K->374739K, 0.0427480 secs]
[GC 405814K->375307K(1571712K) eden 30461K->0K survivor 613K->526K tenured 374739K->374780K, 0.0437656 secs]
[GC 405771K->375801K(1571712K) eden 30463K->0K survivor 526K->1021K tenured 374780K->374780K, 0.0442588 secs]
[GC 406249K->375404K(1571712K) eden 30448K->0K survivor 1021K->129K tenured 374780K->375275K, 0.0508320 secs]
[GC 405868K->375485K(1571712K) eden 30463K->0K survivor 129K->210K tenured 375275K->375275K, 0.0262526 secs]
[GC 405949K->375522K(1571712K) eden 30464K->0K survivor 210K->247K tenured 375275K->375275K, 0.0276713 secs]
[GC 405986K->375531K(1571712K) eden 30463K->0K survivor 247K->256K tenured 375275K->375275K, 0.0294375 secs]
[GC 405995K->375547K(1571712K) eden 30463K->0K survivor 256K->271K tenured 375275K->375275K, 0.0300802 secs]
[GC 406011K->375507K(1571712K) eden 30463K->0K survivor 271K->232K tenured 375275K->375275K, 0.0319391 secs]
[GC 405971K->375609K(1571712K) eden 30464K->0K survivor 232K->334K tenured 375275K->375275K, 0.0330348 secs]
[GC 406060K->375604K(1571712K) eden 30451K->0K survivor 334K->329K tenured 375275K->375275K, 0.0358351 secs]
[GC 406068K->375672K(1571712K) eden 30463K->0K survivor 329K->397K tenured 375275K->375275K, 0.0359157 secs]
[GC 406136K->375702K(1571712K) eden 30463K->0K survivor 397K->427K tenured 375275K->375275K, 0.0358971 secs]
[GC 406166K->375736K(1571712K) eden 30463K->0K survivor 427K->461K tenured 375275K->375275K, 0.0374490 secs]
[GC 406200K->375667K(1571712K) eden 30463K->0K survivor 461K->392K tenured 375275K->375275K, 0.0387753 secs]
[GC 406125K->375722K(1571712K) eden 30457K->0K survivor 392K->447K tenured 375275K->375275K, 0.0382810 secs]
[GC 406186K->375817K(1571712K) eden 30463K->0K survivor 447K->542K tenured 375275K->375275K, 0.0412426 secs]
[GC 406281K->375889K(1571712K) eden 30463K->0K survivor 542K->614K tenured 375275K->375275K, 0.0420879 secs]
[GC 406353K->375925K(1571712K) eden 30464K->0K survivor 614K->609K tenured 375275K->375316K, 0.0429188 secs]
[GC 406389K->375905K(1571712K) eden 30464K->0K survivor 609K->529K tenured 375316K->375375K, 0.0421682 secs]
[GC 406369K->375916K(1571712K) eden 30463K->0K survivor 529K->540K tenured 375375K->375375K, 0.0409434 secs]
[GC 406380K->375957K(1571712K) eden 30463K->0K survivor 540K->581K tenured 375375K->375375K, 0.0423423 secs]
[GC 406420K->375930K(1571712K) eden 30463K->0K survivor 581K->511K tenured 375375K->375418K, 0.0444591 secs]
[GC 406394K->376395K(1571712K) eden 30464K->0K survivor 511K->977K tenured 375418K->375418K, 0.0430583 secs]
[GC 406859K->376041K(1571712K) eden 30464K->0K survivor 977K->213K tenured 375418K->375827K, 0.0503721 secs]
[GC 406505K->376069K(1571712K) eden 30463K->0K survivor 213K->241K tenured 375827K->375827K, 0.0288416 secs]
[GC 406533K->376100K(1571712K) eden 30464K->0K survivor 241K->272K tenured 375827K->375827K, 0.0299745 secs]
[GC 406564K->376034K(1571712K) eden 30463K->0K survivor 272K->206K tenured 375827K->375827K, 0.0311530 secs]
[GC 406496K->376059K(1571712K) eden 30462K->0K survivor 206K->231K tenured 375827K->375827K, 0.0321250 secs]
[GC 406523K->376077K(1571712K) eden 30463K->0K survivor 231K->249K tenured 375827K->375827K, 0.0331566 secs]
[GC 406541K->376169K(1571712K) eden 30463K->0K survivor 249K->341K tenured 375827K->375827K, 0.0347155 secs]
[GC 406633K->376203K(1571712K) eden 30463K->0K survivor 341K->375K tenured 375827K->375827K, 0.0359111 secs]
[GC 406667K->376228K(1571712K) eden 30463K->0K survivor 375K->401K tenured 375827K->375827K, 0.0376066 secs]
[GC 406692K->376253K(1571712K) eden 30464K->0K survivor 401K->425K tenured 375827K->375827K, 0.0382146 secs]
[GC 406717K->376284K(1571712K) eden 30463K->0K survivor 425K->456K tenured 375827K->375827K, 0.0391721 secs]
[GC 406726K->376281K(1571712K) eden 30442K->0K survivor 456K->453K tenured 375827K->375827K, 0.0387510 secs]
[GC 406745K->376355K(1571712K) eden 30463K->0K survivor 453K->527K tenured 375827K->375827K, 0.0403424 secs]
[GC 406819K->376395K(1571712K) eden 30463K->0K survivor 527K->568K tenured 375827K->375827K, 0.0425194 secs]
[GC 406859K->376427K(1571712K) eden 30463K->0K survivor 568K->599K tenured 375827K->375827K, 0.0425927 secs]
[GC 406891K->376832K(1571712K) eden 30463K->0K survivor 599K->958K tenured 375827K->375873K, 0.0463601 secs]
[GC 407296K->376480K(1571712K) eden 30463K->0K survivor 958K->177K tenured 375873K->376302K, 0.0479715 secs]
[GC 406944K->376505K(1571712K) eden 30464K->0K survivor 177K->203K tenured 376302K->376302K, 0.0261993 secs]
[GC 406969K->376535K(1571712K) eden 30463K->0K survivor 203K->233K tenured 376302K->376302K, 0.0282087 secs]
[GC 406999K->376559K(1571712K) eden 30463K->0K survivor 233K->257K tenured 376302K->376302K, 0.0298441 secs]
[GC 407023K->376600K(1571712K) eden 30463K->0K survivor 257K->298K tenured 376302K->376302K, 0.0309344 secs]
[GC 407064K->376541K(1571712K) eden 30463K->0K survivor 298K->238K tenured 376302K->376302K, 0.0313880 secs]
[GC 407005K->376660K(1571712K) eden 30463K->0K survivor 238K->357K tenured 376302K->376302K, 0.0334120 secs]
[GC 407119K->376688K(1571712K) eden 30459K->0K survivor 357K->386K tenured 376302K->376302K, 0.0344880 secs]
[GC 407152K->376812K(1571712K) eden 30464K->0K survivor 386K->509K tenured 376302K->376302K, 0.0374513 secs]
[GC 407276K->376732K(1571712K) eden 30463K->0K survivor 509K->429K tenured 376302K->376302K, 0.0366485 secs]
[GC 407196K->376751K(1571712K) eden 30463K->0K survivor 429K->448K tenured 376302K->376302K, 0.0376254 secs]
[GC 407208K->376751K(1571712K) eden 30457K->0K survivor 448K->449K tenured 376302K->376302K, 0.0381454 secs]
[GC 407215K->376810K(1571712K) eden 30463K->0K survivor 449K->508K tenured 376302K->376302K, 0.0397865 secs]
[GC 407271K->376840K(1571712K) eden 30460K->0K survivor 508K->538K tenured 376302K->376302K, 0.0413198 secs]
[GC 407304K->376910K(1571712K) eden 30463K->0K survivor 538K->608K tenured 376302K->376302K, 0.0414223 secs]
[GC 407374K->377307K(1571712K) eden 30464K->0K survivor 608K->961K tenured 376302K->376346K, 0.0441261 secs]
[GC 407771K->376939K(1571712K) eden 30463K->0K survivor 961K->201K tenured 376346K->376737K, 0.0460627 secs]
[GC 407397K->376940K(1571712K) eden 30458K->0K survivor 201K->202K tenured 376737K->376737K, 0.0277641 secs]
[GC 407404K->377007K(1571712K) eden 30463K->0K survivor 202K->269K tenured 376737K->376737K, 0.0304690 secs]
[GC 407471K->377033K(1571712K) eden 30463K->0K survivor 269K->295K tenured 376737K->376737K, 0.0314215 secs]
[GC 407261K->377493K(1571712K) eden 30228K->0K survivor 295K->756K tenured 376737K->376737K, 0.0340137 secs]
[GC 407957K->377092K(1571712K) eden 30463K->0K survivor 756K->165K tenured 376737K->376926K, 0.0364197 secs]
[GC 407556K->377120K(1571712K) eden 30463K->0K survivor 165K->193K tenured 376926K->376926K, 0.0260752 secs]
[GC 407584K->377143K(1571712K) eden 30463K->0K survivor 193K->217K tenured 376926K->376926K, 0.0280083 secs]
[GC 407605K->377101K(1571712K) eden 30461K->0K survivor 217K->174K tenured 376926K->376926K, 0.0295115 secs]
[GC 407561K->377180K(1571712K) eden 30460K->0K survivor 174K->253K tenured 376926K->376926K, 0.0304095 secs]
[GC 407644K->377140K(1571712K) eden 30463K->0K survivor 253K->213K tenured 376926K->376926K, 0.0317488 secs]
[GC 407604K->377249K(1571712K) eden 30463K->0K survivor 213K->322K tenured 376926K->376926K, 0.0337752 secs]
[GC 407713K->377270K(1571712K) eden 30463K->0K survivor 322K->343K tenured 376926K->376926K, 0.0346694 secs]
[GC 407734K->377396K(1571712K) eden 30463K->0K survivor 343K->469K tenured 376926K->376926K, 0.0365870 secs]
[GC 407860K->377339K(1571712K) eden 30464K->0K survivor 469K->412K tenured 376926K->376926K, 0.0370491 secs]
[GC 407802K->377268K(1571712K) eden 30462K->0K survivor 412K->342K tenured 376926K->376926K, 0.0371631 secs]
[GC 407730K->377339K(1571712K) eden 30461K->0K survivor 342K->413K tenured 376926K->376926K, 0.0383423 secs]
[GC 407803K->377381K(1571712K) eden 30463K->0K survivor 413K->454K tenured 376926K->376926K, 0.0401898 secs]
[GC 407845K->377430K(1571712K) eden 30463K->0K survivor 454K->503K tenured 376926K->376926K, 0.0409809 secs]
[GC 407894K->377470K(1571712K) eden 30463K->0K survivor 503K->543K tenured 376926K->376926K, 0.0412944 secs]
[GC 407934K->377446K(1571712K) eden 30463K->0K survivor 543K->519K tenured 376926K->376926K, 0.0410761 secs]
[GC 407910K->377490K(1571712K) eden 30463K->0K survivor 519K->563K tenured 376926K->376926K, 0.0429065 secs]
[GC 407954K->377531K(1571712K) eden 30463K->0K survivor 563K->604K tenured 376926K->376926K, 0.0438406 secs]
[GC 407991K->377493K(1571712K) eden 30459K->0K survivor 604K->523K tenured 376926K->376970K, 0.0461245 secs]
[GC 407950K->377567K(1571712K) eden 30456K->0K survivor 523K->596K tenured 376970K->376970K, 0.0430762 secs]
[GC 408031K->377993K(1571712K) eden 30463K->0K survivor 596K->995K tenured 376970K->376998K, 0.0431179 secs]
[GC 408457K->377632K(1571712K) eden 30463K->0K survivor 995K->201K tenured 376998K->377430K, 0.0506969 secs]
[GC 408096K->377673K(1571712K) eden 30463K->0K survivor 201K->242K tenured 377430K->377430K, 0.0280962 secs]
[GC 408137K->377703K(1571712K) eden 30463K->0K survivor 242K->272K tenured 377430K->377430K, 0.0280259 secs]
[GC 408167K->377662K(1571712K) eden 30463K->0K survivor 272K->231K tenured 377430K->377430K, 0.0294558 secs]
[GC 408126K->377705K(1571712K) eden 30463K->0K survivor 231K->274K tenured 377430K->377430K, 0.0309591 secs]
[GC 408169K->377740K(1571712K) eden 30463K->0K survivor 274K->309K tenured 377430K->377430K, 0.0321531 secs]
[GC 408204K->377768K(1571712K) eden 30464K->0K survivor 309K->338K tenured 377430K->377430K, 0.0327629 secs]
[GC 408232K->377746K(1571712K) eden 30464K->0K survivor 338K->315K tenured 377430K->377430K, 0.0333529 secs]
[GC 408210K->377772K(1571712K) eden 30463K->0K survivor 315K->341K tenured 377430K->377430K, 0.0340674 secs]
[GC 408236K->377768K(1571712K) eden 30464K->0K survivor 341K->337K tenured 377430K->377430K, 0.0355939 secs]
[GC 408232K->377753K(1571712K) eden 30463K->0K survivor 337K->322K tenured 377430K->377430K, 0.0364901 secs]
[GC 408217K->377863K(1571712K) eden 30463K->0K survivor 322K->432K tenured 377430K->377430K, 0.0388795 secs]
[GC 408327K->377885K(1571712K) eden 30463K->0K survivor 432K->454K tenured 377430K->377430K, 0.0394339 secs]
[GC 408349K->377967K(1571712K) eden 30463K->0K survivor 454K->536K tenured 377430K->377430K, 0.0404142 secs]
[GC 408431K->377939K(1571712K) eden 30464K->0K survivor 536K->508K tenured 377430K->377430K, 0.0411340 secs]
[GC 408403K->377959K(1571712K) eden 30464K->0K survivor 508K->528K tenured 377430K->377430K, 0.0421469 secs]
[GC 408423K->378027K(1571712K) eden 30463K->0K survivor 528K->596K tenured 377430K->377430K, 0.0438610 secs]
[GC 408489K->378049K(1571712K) eden 30462K->0K survivor 596K->579K tenured 377430K->377470K, 0.0446023 secs]
[GC 408513K->378462K(1571712K) eden 30463K->0K survivor 579K->972K tenured 377470K->377490K, 0.0440283 secs]
[GC 408865K->378055K(1571712K) eden 30403K->0K survivor 972K->120K tenured 377490K->377935K, 0.0487036 secs]
[GC 408519K->378137K(1571712K) eden 30463K->0K survivor 120K->201K tenured 377935K->377935K, 0.0258745 secs]
[GC 408587K->378124K(1571712K) eden 30450K->0K survivor 201K->188K tenured 377935K->377935K, 0.0287273 secs]
[GC 408588K->378207K(1571712K) eden 30463K->0K survivor 188K->271K tenured 377935K->377935K, 0.0294080 secs]
[GC 408671K->378214K(1571712K) eden 30463K->0K survivor 271K->278K tenured 377935K->377935K, 0.0306935 secs]
[GC 408678K->378255K(1571712K) eden 30463K->0K survivor 278K->320K tenured 377935K->377935K, 0.0317394 secs]
[GC 408719K->378277K(1571712K) eden 30463K->0K survivor 320K->341K tenured 377935K->377935K, 0.0332658 secs]
[GC 408741K->378327K(1571712K) eden 30463K->0K survivor 341K->391K tenured 377935K->377935K, 0.0343820 secs]
[GC 408791K->378342K(1571712K) eden 30463K->0K survivor 391K->406K tenured 377935K->377935K, 0.0364706 secs]
[GC 408806K->378364K(1571712K) eden 30463K->0K survivor 406K->429K tenured 377935K->377935K, 0.0364678 secs]
[GC 408828K->378381K(1571712K) eden 30463K->0K survivor 429K->445K tenured 377935K->377935K, 0.0374974 secs]
[GC 408845K->378420K(1571712K) eden 30464K->0K survivor 445K->484K tenured 377935K->377935K, 0.0382181 secs]
[GC 408884K->378451K(1571712K) eden 30463K->0K survivor 484K->516K tenured 377935K->377935K, 0.0399762 secs]
[GC 408909K->378481K(1571712K) eden 30458K->0K survivor 516K->545K tenured 377935K->377935K, 0.0409507 secs]
[GC 408937K->378447K(1571712K) eden 30456K->0K survivor 545K->512K tenured 377935K->377935K, 0.0407485 secs]
[GC 408911K->378599K(1571712K) eden 30464K->0K survivor 512K->663K tenured 377935K->377935K, 0.0403402 secs]
[GC 409063K->378565K(1571712K) eden 30463K->0K survivor 663K->526K tenured 377935K->378038K, 0.0453409 secs]
[GC 409028K->378515K(1571712K) eden 30463K->0K survivor 526K->476K tenured 378038K->378038K, 0.0399962 secs]
[GC 408979K->378625K(1571712K) eden 30464K->0K survivor 476K->587K tenured 378038K->378038K, 0.0399872 secs]
[GC 409089K->378642K(1571712K) eden 30463K->0K survivor 587K->558K tenured 378038K->378084K, 0.0433519 secs]
[GC 409106K->379073K(1571712K) eden 30463K->0K survivor 558K->988K tenured 378084K->378084K, 0.0431947 secs]
[GC 409537K->378697K(1571712K) eden 30463K->0K survivor 988K->195K tenured 378084K->378502K, 0.0483483 secs]
[GC 409161K->378748K(1571712K) eden 30463K->0K survivor 195K->245K tenured 378502K->378502K, 0.0281091 secs]
[GC 409212K->378759K(1571712K) eden 30463K->0K survivor 245K->257K tenured 378502K->378502K, 0.0294091 secs]
[GC 409208K->378751K(1571712K) eden 30448K->0K survivor 257K->248K tenured 378502K->378502K, 0.0312798 secs]
[GC 409205K->378778K(1571712K) eden 30454K->0K survivor 248K->276K tenured 378502K->378502K, 0.0329313 secs]
[GC 409242K->378839K(1571712K) eden 30463K->0K survivor 276K->337K tenured 378502K->378502K, 0.0339531 secs]
[GC 409303K->378857K(1571712K) eden 30463K->0K survivor 337K->354K tenured 378502K->378502K, 0.0348193 secs]
[GC 409321K->378900K(1571712K) eden 30463K->0K survivor 354K->397K tenured 378502K->378502K, 0.0365779 secs]
[GC 409364K->378914K(1571712K) eden 30464K->0K survivor 397K->412K tenured 378502K->378502K, 0.0367270 secs]
[GC 409378K->378931K(1571712K) eden 30463K->0K survivor 412K->428K tenured 378502K->378502K, 0.0380403 secs]
[GC 409389K->378888K(1571712K) eden 30458K->0K survivor 428K->385K tenured 378502K->378502K, 0.0385454 secs]
[GC 409346K->378919K(1571712K) eden 30458K->0K survivor 385K->417K tenured 378502K->378502K, 0.0392972 secs]
[GC 409383K->379003K(1571712K) eden 30463K->0K survivor 417K->500K tenured 378502K->378502K, 0.0417128 secs]
[GC 409467K->379039K(1571712K) eden 30463K->0K survivor 500K->536K tenured 378502K->378502K, 0.0422050 secs]
[GC 409503K->379051K(1571712K) eden 30463K->0K survivor 536K->549K tenured 378502K->378502K, 0.0423805 secs]
[GC 409515K->379145K(1571712K) eden 30463K->0K survivor 549K->642K tenured 378502K->378502K, 0.0430707 secs]
[GC 409609K->379104K(1571712K) eden 30463K->0K survivor 642K->515K tenured 378502K->378588K, 0.0442564 secs]
[GC 409568K->379115K(1571712K) eden 30463K->0K survivor 515K->527K tenured 378588K->378588K, 0.0417637 secs]
[GC 409579K->379161K(1571712K) eden 30463K->0K survivor 527K->573K tenured 378588K->378588K, 0.0438221 secs]
[GC 409625K->379211K(1571712K) eden 30464K->0K survivor 573K->623K tenured 378588K->378588K, 0.0450869 secs]
[GC 409675K->379596K(1571712K) eden 30463K->0K survivor 623K->956K tenured 378588K->378640K, 0.0459783 secs]
[GC 410060K->379215K(1571712K) eden 30463K->0K survivor 956K->175K tenured 378640K->379040K, 0.0488085 secs]
[GC 409669K->379234K(1571712K) eden 30453K->0K survivor 175K->193K tenured 379040K->379040K, 0.0275361 secs]
[GC 409698K->379321K(1571712K) eden 30463K->0K survivor 193K->281K tenured 379040K->379040K, 0.0285700 secs]
[GC 409785K->379346K(1571712K) eden 30464K->0K survivor 281K->306K tenured 379040K->379040K, 0.0324998 secs]
[GC 409810K->379367K(1571712K) eden 30463K->0K survivor 306K->327K tenured 379040K->379040K, 0.0328228 secs]
[GC 409766K->381708K(1571712K) eden 30398K->0K survivor 327K->555K tenured 379040K->381152K, 0.0744142 secs]
[GC 412172K->381560K(1571712K) eden 30463K->0K survivor 555K->407K tenured 381152K->381152K, 0.0427858 secs]
[GC 412024K->381559K(1571712K) eden 30463K->0K survivor 407K->407K tenured 381152K->381152K, 0.0356657 secs]
[GC 412023K->381560K(1571712K) eden 30463K->0K survivor 407K->407K tenured 381152K->381152K, 0.0357935 secs]
[GC 412024K->381560K(1571712K) eden 30463K->0K survivor 407K->407K tenured 381152K->381152K, 0.0359795 secs]
[GC 412023K->381560K(1571712K) eden 30463K->0K survivor 407K->407K tenured 381152K->381152K, 0.0360390 secs]
[GC 412024K->381560K(1571712K) eden 30463K->0K survivor 407K->407K tenured 381152K->381152K, 0.0356451 secs]
[GC 412024K->383965K(1571712K) eden 30463K->0K survivor 407K->1152K tenured 381152K->382813K, 0.1489026 secs]
[GC 414429K->385780K(1571712K) eden 30463K->0K survivor 1152K->1152K tenured 382813K->384628K, 0.1299084 secs]
[GC 416244K->388068K(1571712K) eden 30463K->0K survivor 1152K->1152K tenured 384628K->386916K, 0.1305129 secs]
[Full GC invoke=3 size=312 <permanent generation full> 413576K->232530K(1571712K) new 26660K->0K(31616K) tenured 386916K->232530K(1540096K) permanent 12287K->12287K(12288K), 23.8213711 secs]
[GC 262985K->234632K(1571712K) eden 30455K->0K survivor 0K->1152K tenured 232530K->233480K, 0.0722004 secs]
[GC 265096K->239240K(1571712K) eden 30464K->0K survivor 1152K->1152K tenured 233480K->238088K, 0.2249540 secs]
[GC 269704K->239240K(1571712K) eden 30463K->0K survivor 1152K->0K tenured 238088K->239239K, 0.0418308 secs]
[GC 269704K->239240K(1571712K) eden 30463K->0K survivor 0K->0K tenured 239239K->239239K, 0.0134513 secs]
[GC 269704K->239240K(1571712K) eden 30463K->0K survivor 0K->0K tenured 239239K->239239K, 0.0137043 secs]
[GC 269704K->239240K(1571712K) eden 30463K->0K survivor 0K->0K tenured 239239K->239239K, 0.0136811 secs]
[GC 269704K->239240K(1571712K) eden 30463K->0K survivor 0K->0K tenured 239239K->239239K, 0.0134610 secs]
[GC 269701K->239424K(1571712K) eden 30461K->0K survivor 0K->184K tenured 239239K->239239K, 0.0184351 secs]
[GC 269888K->241367K(1571712K) eden 30463K->0K survivor 184K->1152K tenured 239239K->240215K, 0.0679064 secs]
[GC 271831K->241742K(1571712K) eden 30464K->0K survivor 1152K->380K tenured 240215K->241361K, 0.0493917 secs]
[GC 272205K->241872K(1571712K) eden 30463K->0K survivor 380K->510K tenured 241361K->241361K, 0.0330600 secs]
[GC 272336K->241890K(1571712K) eden 30463K->0K survivor 510K->528K tenured 241361K->241361K, 0.0285087 secs]
[GC 272354K->241908K(1571712K) eden 30463K->0K survivor 528K->547K tenured 241361K->241361K, 0.0290705 secs]
[GC 272372K->241929K(1571712K) eden 30464K->0K survivor 547K->567K tenured 241361K->241361K, 0.0292163 secs]
[GC 272393K->241953K(1571712K) eden 30463K->0K survivor 567K->592K tenured 241361K->241361K, 0.0298108 secs]
[GC 272417K->241973K(1571712K) eden 30463K->0K survivor 592K->235K tenured 241361K->241737K, 0.0313106 secs]
[GC 272437K->241990K(1571712K) eden 30463K->0K survivor 235K->252K tenured 241737K->241737K, 0.0196058 secs]
[GC 272454K->242010K(1571712K) eden 30463K->0K survivor 252K->273K tenured 241737K->241737K, 0.0202057 secs]
[GC 272471K->243634K(1571712K) eden 30460K->0K survivor 273K->1152K tenured 241737K->242482K, 0.5997981 secs]
[GC 274095K->244190K(1571712K) eden 30461K->0K survivor 1152K->558K tenured 242482K->243631K, 0.1194710 secs]
[GC 274654K->244454K(1571712K) eden 30463K->0K survivor 558K->822K tenured 243631K->243631K, 0.0421125 secs]
[GC 274918K->244491K(1571712K) eden 30463K->0K survivor 822K->308K tenured 243631K->244182K, 0.0612788 secs]
[GC 274955K->244515K(1571712K) eden 30463K->0K survivor 308K->332K tenured 244182K->244182K, 0.0224545 secs]
[GC 274979K->244533K(1571712K) eden 30464K->0K survivor 332K->350K tenured 244182K->244182K, 0.0231833 secs]
[GC 274997K->244554K(1571712K) eden 30464K->0K survivor 350K->371K tenured 244182K->244182K, 0.0240705 secs]
[GC 275017K->244580K(1571712K) eden 30463K->0K survivor 371K->397K tenured 244182K->244182K, 0.0241449 secs]
[GC 275044K->244598K(1571712K) eden 30463K->0K survivor 397K->416K tenured 244182K->244182K, 0.0250982 secs]
[GC 275062K->244616K(1571712K) eden 30463K->0K survivor 416K->433K tenured 244182K->244182K, 0.0259106 secs]
[GC 275079K->244632K(1571712K) eden 30463K->0K survivor 433K->450K tenured 244182K->244182K, 0.0264607 secs]
[GC 275096K->244659K(1571712K) eden 30463K->0K survivor 450K->477K tenured 244182K->244182K, 0.0270205 secs]
[GC 275123K->244676K(1571712K) eden 30463K->0K survivor 477K->493K tenured 244182K->244182K, 0.0286651 secs]
[GC 275140K->244724K(1571712K) eden 30463K->0K survivor 493K->541K tenured 244182K->244182K, 0.0371013 secs]
[GC 275188K->246384K(1571712K) eden 30463K->0K survivor 541K->1152K tenured 244182K->245232K, 0.1384227 secs]
[GC 276848K->246832K(1571712K) eden 30463K->0K survivor 1152K->449K tenured 245232K->246383K, 0.1585539 secs]
[GC 277296K->247158K(1571712K) eden 30463K->0K survivor 449K->775K tenured 246383K->246383K, 0.0442661 secs]
[GC 277620K->247246K(1571712K) eden 30462K->0K survivor 775K->419K tenured 246383K->246826K, 0.0536912 secs]
[GC 277710K->247267K(1571712K) eden 30463K->0K survivor 419K->440K tenured 246826K->246826K, 0.0266892 secs]
[GC 277731K->247294K(1571712K) eden 30464K->0K survivor 440K->468K tenured 246826K->246826K, 0.0373276 secs]
[GC 277758K->247316K(1571712K) eden 30464K->0K survivor 468K->489K tenured 246826K->246826K, 0.0288460 secs]
[GC 277780K->247339K(1571712K) eden 30463K->0K survivor 489K->513K tenured 246826K->246826K, 0.0286342 secs]
[GC 277803K->247358K(1571712K) eden 30463K->0K survivor 513K->531K tenured 246826K->246826K, 0.0296466 secs]
[GC 277822K->247376K(1571712K) eden 30464K->0K survivor 531K->549K tenured 246826K->246826K, 0.0289131 secs]
[GC 277840K->247395K(1571712K) eden 30464K->0K survivor 549K->569K tenured 246826K->246826K, 0.0355201 secs]
[GC 277859K->247410K(1571712K) eden 30463K->0K survivor 569K->584K tenured 246826K->246826K, 0.0321747 secs]
[GC 277874K->247439K(1571712K) eden 30464K->0K survivor 584K->284K tenured 246826K->247155K, 0.0454224 secs]
[GC 277903K->247458K(1571712K) eden 30463K->0K survivor 284K->303K tenured 247155K->247155K, 0.0266406 secs]
[GC 277922K->247477K(1571712K) eden 30464K->0K survivor 303K->321K tenured 247155K->247155K, 0.0227498 secs]
[GC 277940K->247491K(1571712K) eden 30463K->0K survivor 321K->336K tenured 247155K->247155K, 0.0231772 secs]
[GC 277955K->247510K(1571712K) eden 30464K->0K survivor 336K->355K tenured 247155K->247155K, 0.0244641 secs]
[GC 277974K->247530K(1571712K) eden 30463K->0K survivor 355K->375K tenured 247155K->247155K, 0.0249939 secs]
[GC 277992K->248953K(1571712K) eden 30462K->0K survivor 375K->1152K tenured 247155K->247801K, 0.0877968 secs]
[GC 279416K->249522K(1571712K) eden 30462K->0K survivor 1152K->569K tenured 247801K->248952K, 0.1272203 secs]
[GC 279986K->249921K(1571712K) eden 30464K->0K survivor 569K->969K tenured 248952K->248952K, 0.0496456 secs]
[GC 280382K->250416K(1571712K) eden 30461K->0K survivor 969K->899K tenured 248952K->249517K, 0.1294408 secs]
[GC 280878K->250815K(1571712K) eden 30462K->0K survivor 899K->899K tenured 249517K->249915K, 0.0928106 secs]
[GC 281279K->251084K(1571712K) eden 30463K->0K survivor 899K->673K tenured 249915K->250410K, 0.1096436 secs]
[GC 281548K->251162K(1571712K) eden 30463K->0K survivor 673K->353K tenured 250410K->250809K, 0.0752563 secs]
[GC 281626K->251190K(1571712K) eden 30463K->0K survivor 353K->381K tenured 250809K->250809K, 0.0262944 secs]
[GC 281654K->251209K(1571712K) eden 30463K->0K survivor 381K->400K tenured 250809K->250809K, 0.0265280 secs]
[GC 281673K->251228K(1571712K) eden 30464K->0K survivor 400K->419K tenured 250809K->250809K, 0.0268769 secs]
[GC 281691K->251254K(1571712K) eden 30463K->0K survivor 419K->445K tenured 250809K->250809K, 0.0270778 secs]
[GC 281718K->251272K(1571712K) eden 30463K->0K survivor 445K->463K tenured 250809K->250809K, 0.0271675 secs]
[GC 281736K->251291K(1571712K) eden 30463K->0K survivor 463K->482K tenured 250809K->250809K, 0.0280222 secs]
[GC 281755K->251317K(1571712K) eden 30463K->0K survivor 482K->508K tenured 250809K->250809K, 0.0366090 secs]
[GC 281781K->251336K(1571712K) eden 30463K->0K survivor 508K->527K tenured 250809K->250809K, 0.0289042 secs]
[GC 281800K->251354K(1571712K) eden 30463K->0K survivor 527K->545K tenured 250809K->250809K, 0.0306536 secs]
[GC 281818K->251369K(1571712K) eden 30463K->0K survivor 545K->560K tenured 250809K->250809K, 0.0302369 secs]
[GC 281833K->251397K(1571712K) eden 30463K->0K survivor 560K->588K tenured 250809K->250809K, 0.0308271 secs]
[GC 281861K->251417K(1571712K) eden 30463K->0K survivor 588K->337K tenured 250809K->251079K, 0.0692930 secs]
[GC 281881K->251762K(1571712K) eden 30463K->0K survivor 337K->683K tenured 251079K->251079K, 0.0374227 secs]
[GC 282225K->252743K(1571712K) eden 30462K->0K survivor 683K->1152K tenured 251079K->251591K, 0.0882230 secs]
[GC 283206K->252783K(1571712K) eden 30463K->0K survivor 1152K->47K tenured 251591K->252735K, 0.1112685 secs]
[GC 283247K->252801K(1571712K) eden 30463K->0K survivor 47K->65K tenured 252735K->252735K, 0.0161772 secs]
[GC 283265K->252818K(1571712K) eden 30463K->0K survivor 65K->82K tenured 252735K->252735K, 0.0167703 secs]
[GC 283281K->252836K(1571712K) eden 30463K->0K survivor 82K->100K tenured 252735K->252735K, 0.0174603 secs]
[GC 283299K->252856K(1571712K) eden 30463K->0K survivor 100K->120K tenured 252735K->252735K, 0.0178047 secs]
[GC 283319K->252883K(1571712K) eden 30463K->0K survivor 120K->147K tenured 252735K->252735K, 0.0187104 secs]
[GC 283346K->252901K(1571712K) eden 30463K->0K survivor 147K->165K tenured 252735K->252735K, 0.0190757 secs]
[GC 283365K->252917K(1571712K) eden 30463K->0K survivor 165K->181K tenured 252735K->252735K, 0.0199462 secs]
[GC 283381K->252935K(1571712K) eden 30463K->0K survivor 181K->200K tenured 252735K->252735K, 0.0200141 secs]
[GC 283399K->252956K(1571712K) eden 30464K->0K survivor 200K->220K tenured 252735K->252735K, 0.0205572 secs]
[GC 283420K->252983K(1571712K) eden 30463K->0K survivor 220K->247K tenured 252735K->252735K, 0.0216405 secs]
[GC 283447K->253001K(1571712K) eden 30463K->0K survivor 247K->265K tenured 252735K->252735K, 0.0217303 secs]
[GC 283465K->253017K(1571712K) eden 30463K->0K survivor 265K->282K tenured 252735K->252735K, 0.0236467 secs]
[GC 283481K->253070K(1571712K) eden 30463K->0K survivor 282K->334K tenured 252735K->252735K, 0.0237758 secs]
[GC 283530K->254649K(1571712K) eden 30460K->0K survivor 334K->1152K tenured 252735K->253497K, 0.0953846 secs]
[GC 285113K->255055K(1571712K) eden 30463K->0K survivor 1152K->406K tenured 253497K->254648K, 0.1205445 secs]
[GC 285518K->255451K(1571712K) eden 30463K->0K survivor 406K->802K tenured 254648K->254648K, 0.0491354 secs]
[GC 285915K->255828K(1571712K) eden 30464K->0K survivor 802K->777K tenured 254648K->255051K, 0.0976613 secs]
[GC 286292K->255957K(1571712K) eden 30463K->0K survivor 777K->509K tenured 255051K->255447K, 0.0688163 secs]
[GC 286421K->255993K(1571712K) eden 30463K->0K survivor 509K->545K tenured 255447K->255447K, 0.0318416 secs]
[GC 286457K->256015K(1571712K) eden 30463K->0K survivor 545K->567K tenured 255447K->255447K, 0.0315376 secs]
[GC 286478K->256038K(1571712K) eden 30463K->0K survivor 567K->590K tenured 255447K->255447K, 0.0316103 secs]
[GC 286501K->256056K(1571712K) eden 30463K->0K survivor 590K->236K tenured 255447K->255820K, 0.0455161 secs]
[GC 286520K->256084K(1571712K) eden 30463K->0K survivor 236K->263K tenured 255820K->255820K, 0.0215113 secs]
[GC 286548K->256103K(1571712K) eden 30463K->0K survivor 263K->283K tenured 255820K->255820K, 0.0212298 secs]
[GC 286567K->256121K(1571712K) eden 30463K->0K survivor 283K->300K tenured 255820K->255820K, 0.0222557 secs]
[GC 286585K->256336K(1571712K) eden 30463K->0K survivor 300K->515K tenured 255820K->255820K, 0.0284990 secs]
[GC 286800K->257943K(1571712K) eden 30464K->0K survivor 515K->1152K tenured 255820K->256791K, 0.1358774 secs]
[GC 288407K->257966K(1571712K) eden 30463K->0K survivor 1152K->28K tenured 256791K->257938K, 0.1459742 secs]
[GC 288430K->257982K(1571712K) eden 30463K->0K survivor 28K->44K tenured 257938K->257938K, 0.0158560 secs]
[GC 288446K->258002K(1571712K) eden 30463K->0K survivor 44K->64K tenured 257938K->257938K, 0.0161305 secs]
[GC 288465K->258029K(1571712K) eden 30463K->0K survivor 64K->90K tenured 257938K->257938K, 0.0171886 secs]
[GC 288493K->258343K(1571712K) eden 30463K->0K survivor 90K->404K tenured 257938K->257938K, 0.0247879 secs]
[GC 288807K->259840K(1571712K) eden 30464K->0K survivor 404K->1152K tenured 257938K->258688K, 0.1432397 secs]
[GC 290302K->261537K(1571712K) eden 30461K->0K survivor 1152K->1152K tenured 258688K->260385K, 0.3584582 secs]
[GC 292001K->262924K(1571712K) eden 30463K->0K survivor 1152K->1152K tenured 260385K->261772K, 0.1698301 secs]
[GC 293388K->263753K(1571712K) eden 30463K->0K survivor 1152K->830K tenured 261772K->262922K, 0.1682437 secs]
[GC 294171K->264446K(1571712K) eden 30418K->0K survivor 830K->812K tenured 262922K->263634K, 0.0946465 secs]
[GC 294910K->264739K(1571712K) eden 30464K->0K survivor 812K->430K tenured 263634K->264308K, 0.0835167 secs]
[GC 295203K->265129K(1571712K) eden 30463K->0K survivor 430K->821K tenured 264308K->264308K, 0.0276738 secs]
[GC 295593K->265614K(1571712K) eden 30463K->0K survivor 821K->763K tenured 264308K->264851K, 0.0656596 secs]
[GC 296078K->267436K(1571712K) eden 30463K->0K survivor 763K->1152K tenured 264851K->266284K, 2.2281734 secs]
[GC 297900K->270739K(1571712K) eden 30463K->0K survivor 1152K->1152K tenured 266284K->269587K, 1.2224382 secs]
[GC 301199K->272559K(1571712K) eden 30460K->0K survivor 1152K->1152K tenured 269587K->271407K, 0.5992526 secs]
[GC 303023K->274419K(1571712K) eden 30464K->0K survivor 1152K->1152K tenured 271407K->273267K, 0.6961768 secs]
[GC 304883K->277242K(1571712K) eden 30463K->0K survivor 1152K->1152K tenured 273267K->276090K, 0.8942714 secs]
[GC 307702K->278830K(1571712K) eden 30460K->0K survivor 1152K->1152K tenured 276090K->277678K, 0.6081904 secs]
**** Error	Thu Mar 22 10:48:56 MST 2007	[GC 309294K->279726K(1571712K) eden 30463K->0K survivor 1152K->1152K tenured 277678K->278574K, 0.2959285 secs]
[GC 310190K->281978K(1571712K) eden 30463K->0K survivor 1152K->1152K tenured 278574K->280826K, 1.0028180 secs]
[GC 312442K->285391K(1571712K) eden 30463K->0K survivor 1152K->1152K tenured 280826K->284239K, 1.3520546 secs]
[GC 315855K->287861K(1571712K) eden 30463K->0K survivor 1152K->1152K tenured 284239K->286709K, 0.9191218 secs]
[GC 318325K->288739K(1571712K) eden 30463K->0K survivor 1152K->1152K tenured 286709K->287587K, 0.3507349 secs]
[GC 319203K->290076K(1571712K) eden 30464K->0K survivor 1152K->1152K tenured 287587K->288924K, 0.6230979 secs]
[GC 320540K->292825K(1571712K) eden 30463K->0K survivor 1152K->1152K tenured 288924K->291673K, 1.0148182 secs]
[GC 323289K->294627K(1571712K) eden 30464K->0K survivor 1152K->1152K tenured 291673K->293475K, 0.6693125 secs]
[GC 325091K->296003K(1571712K) eden 30463K->0K survivor 1152K->1152K tenured 293475K->294851K, 0.5129205 secs]
[GC 326467K->297120K(1571712K) eden 30463K->0K survivor 1152K->1152K tenured 294851K->295968K, 0.4542462 secs]
[GC 327583K->298062K(1571712K) eden 30463K->0K survivor 1152K->1126K tenured 295968K->296935K, 0.3945338 secs]
[GC 328526K->299082K(1571712K) eden 30464K->0K survivor 1126K->1152K tenured 296935K->297930K, 0.4542303 secs]
[GC 329546K->301345K(1571712K) eden 30463K->0K survivor 1152K->1152K tenured 297930K->300193K, 0.9590211 secs]
[GC 331809K->301890K(1571712K) eden 30463K->0K survivor 1152K->551K tenured 300193K->301338K, 0.4053917 secs]
[GC 332350K->302954K(1571712K) eden 30460K->0K survivor 551K->1152K tenured 301338K->301802K, 0.2243648 secs]
[GC 333418K->303501K(1571712K) eden 30463K->0K survivor 1152K->548K tenured 301802K->302953K, 0.4735665 secs]
[GC 333965K->303853K(1571712K) eden 30463K->0K survivor 548K->900K tenured 302953K->302953K, 0.0526858 secs]
[GC 334317K->304640K(1571712K) eden 30464K->0K survivor 900K->1140K tenured 302953K->303499K, 0.2370742 secs]
[GC 335104K->304902K(1571712K) eden 30463K->0K survivor 1140K->495K tenured 303499K->304407K, 0.4314241 secs]
[GC 335366K->305100K(1571712K) eden 30463K->0K survivor 495K->693K tenured 304407K->304407K, 0.0296678 secs]
[GC 335561K->306065K(1571712K) eden 30460K->0K survivor 693K->1152K tenured 304407K->304913K, 0.2351955 secs]
[GC 336526K->307145K(1571712K) eden 30460K->0K survivor 1152K->1152K tenured 304913K->305993K, 0.4535661 secs]
[GC 337609K->308436K(1571712K) eden 30463K->0K survivor 1152K->1152K tenured 305993K->307284K, 0.5395055 secs]
[GC 338900K->309416K(1571712K) eden 30464K->0K survivor 1152K->1152K tenured 307284K->308264K, 0.3876873 secs]
[GC 339879K->309895K(1571712K) eden 30463K->0K survivor 1152K->1000K tenured 308264K->308894K, 0.2811618 secs]
[GC 340357K->310877K(1571712K) eden 30462K->0K survivor 1000K->1002K tenured 308894K->309874K, 0.4574282 secs]
[GC 341341K->311009K(1571712K) eden 30463K->0K survivor 1002K->366K tenured 309874K->310642K, 0.3401824 secs]
[GC 341473K->313886K(1571712K) eden 30463K->0K survivor 366K->1152K tenured 310642K->312734K, 0.7819018 secs]
[GC 344350K->316161K(1571712K) eden 30464K->0K survivor 1152K->1152K tenured 312734K->315009K, 0.7855472 secs]
[GC 346625K->316244K(1571712K) eden 30464K->0K survivor 1152K->85K tenured 315009K->316158K, 0.3349955 secs]
[GC 346708K->316298K(1571712K) eden 30463K->0K survivor 85K->139K tenured 316158K->316158K, 0.0293750 secs]
[GC 346762K->316322K(1571712K) eden 30464K->0K survivor 139K->163K tenured 316158K->316158K, 0.0256831 secs]
[GC 346786K->316346K(1571712K) eden 30463K->0K survivor 163K->187K tenured 316158K->316158K, 0.0210785 secs]
[GC 346809K->316365K(1571712K) eden 30463K->0K survivor 187K->207K tenured 316158K->316158K, 0.0215618 secs]
[GC 346829K->316382K(1571712K) eden 30463K->0K survivor 207K->223K tenured 316158K->316158K, 0.0261505 secs]
[GC 346846K->316403K(1571712K) eden 30463K->0K survivor 223K->244K tenured 316158K->316158K, 0.0222634 secs]
[GC 346867K->316426K(1571712K) eden 30464K->0K survivor 244K->267K tenured 316158K->316158K, 0.0228257 secs]
[GC 346890K->316446K(1571712K) eden 30464K->0K survivor 267K->287K tenured 316158K->316158K, 0.0236763 secs]
[GC 346910K->316464K(1571712K) eden 30463K->0K survivor 287K->306K tenured 316158K->316158K, 0.0245407 secs]
[GC 346928K->316677K(1571712K) eden 30463K->0K survivor 306K->518K tenured 316158K->316158K, 0.0298193 secs]
[GC 347141K->316694K(1571712K) eden 30463K->0K survivor 518K->535K tenured 316158K->316158K, 0.0299943 secs]
[GC 347158K->316709K(1571712K) eden 30463K->0K survivor 535K->550K tenured 316158K->316158K, 0.0304257 secs]
[GC 347173K->316729K(1571712K) eden 30463K->0K survivor 550K->570K tenured 316158K->316158K, 0.0301880 secs]
[GC 347193K->316756K(1571712K) eden 30463K->0K survivor 570K->598K tenured 316158K->316158K, 0.0314222 secs]
[GC 347220K->316776K(1571712K) eden 30463K->0K survivor 598K->551K tenured 316158K->316224K, 0.0509344 secs]
[GC 347240K->316794K(1571712K) eden 30463K->0K survivor 551K->569K tenured 316224K->316224K, 0.0315557 secs]
[GC 347258K->316808K(1571712K) eden 30464K->0K survivor 569K->584K tenured 316224K->316224K, 0.0390484 secs]
[GC 347272K->316860K(1571712K) eden 30464K->0K survivor 584K->564K tenured 316224K->316296K, 0.0704856 secs]
[GC 347324K->317094K(1571712K) eden 30463K->0K survivor 564K->797K tenured 316296K->316296K, 0.0380873 secs]
[GC 347558K->317846K(1571712K) eden 30464K->0K survivor 797K->1151K tenured 316296K->316694K, 0.1502003 secs]
[GC 348310K->318106K(1571712K) eden 30463K->0K survivor 1151K->277K tenured 316694K->317829K, 0.3627019 secs]
[GC 348570K->318139K(1571712K) eden 30464K->0K survivor 277K->310K tenured 317829K->317829K, 0.0244883 secs]
[GC 348603K->318110K(1571712K) eden 30463K->0K survivor 310K->281K tenured 317829K->317829K, 0.0239229 secs]
[GC 348574K->318074K(1571712K) eden 30463K->0K survivor 281K->245K tenured 317829K->317829K, 0.0226279 secs]
[GC 348538K->318035K(1571712K) eden 30463K->0K survivor 245K->206K tenured 317829K->317829K, 0.0214610 secs]
[GC 348499K->317995K(1571712K) eden 30463K->0K survivor 206K->165K tenured 317829K->317829K, 0.0207274 secs]
[GC 348459K->317961K(1571712K) eden 30463K->0K survivor 165K->132K tenured 317829K->317829K, 0.0197213 secs]
[GC 348425K->317956K(1571712K) eden 30463K->0K survivor 132K->127K tenured 317829K->317829K, 0.0197043 secs]
[GC 348420K->317956K(1571712K) eden 30463K->0K survivor 127K->127K tenured 317829K->317829K, 0.0197100 secs]
[GC 348420K->317955K(1571712K) eden 30463K->0K survivor 127K->126K tenured 317829K->317829K, 0.0199589 secs]
[GC 348419K->317954K(1571712K) eden 30464K->0K survivor 126K->124K tenured 317829K->317829K, 0.0206488 secs]
[GC 348418K->317951K(1571712K) eden 30463K->0K survivor 124K->122K tenured 317829K->317829K, 0.0205151 secs]
[GC 348414K->317950K(1571712K) eden 30462K->0K survivor 122K->120K tenured 317829K->317829K, 0.0208995 secs]
[GC 348414K->317953K(1571712K) eden 30463K->0K survivor 120K->124K tenured 317829K->317829K, 0.0209427 secs]
[GC 348417K->317949K(1571712K) eden 30463K->0K survivor 124K->120K tenured 317829K->317829K, 0.0214144 secs]
[GC 348411K->320019K(1571712K) eden 30461K->0K survivor 120K->1152K tenured 317829K->318867K, 0.4008496 secs]
[GC 350483K->320568K(1571712K) eden 30463K->0K survivor 1152K->577K tenured 318867K->319990K, 0.4845834 secs]
[GC 351032K->320960K(1571712K) eden 30463K->0K survivor 577K->397K tenured 319990K->320562K, 0.2283340 secs]
[GC 351424K->321684K(1571712K) eden 30463K->0K survivor 397K->1121K tenured 320562K->320562K, 0.0549819 secs]
[GC 352148K->322037K(1571712K) eden 30463K->0K survivor 1121K->371K tenured 320562K->321666K, 0.4922948 secs]
[GC 352499K->322381K(1571712K) eden 30461K->0K survivor 371K->715K tenured 321666K->321666K, 0.0531589 secs]
[GC 352845K->322634K(1571712K) eden 30463K->0K survivor 715K->614K tenured 321666K->322020K, 0.2008531 secs]
[GC 353098K->323808K(1571712K) eden 30463K->0K survivor 614K->1152K tenured 322020K->322656K, 0.2908181 secs]
[GC 354271K->324269K(1571712K) eden 30463K->0K survivor 1152K->510K tenured 322656K->323759K, 0.5145620 secs]
[GC 354733K->324675K(1571712K) eden 30464K->0K survivor 510K->916K tenured 323759K->323759K, 0.0551607 secs]
[GC 355139K->326147K(1571712K) eden 30464K->0K survivor 916K->1152K tenured 323759K->324995K, 0.4500162 secs]
[GC 356610K->329269K(1571712K) eden 30462K->0K survivor 1152K->1152K tenured 324995K->328117K, 1.1293037 secs]
[GC 359732K->329959K(1571712K) eden 30463K->0K survivor 1152K->777K tenured 328117K->329182K, 0.5021273 secs]
[GC 360423K->330278K(1571712K) eden 30463K->0K survivor 777K->323K tenured 329182K->329955K, 0.4823919 secs]
[GC 360742K->330432K(1571712K) eden 30463K->0K survivor 323K->477K tenured 329955K->329955K, 0.0332207 secs]
[GC 360896K->330518K(1571712K) eden 30463K->0K survivor 477K->562K tenured 329955K->329955K, 0.0329703 secs]
[GC 360981K->330541K(1571712K) eden 30463K->0K survivor 562K->585K tenured 329955K->329955K, 0.0327938 secs]
[GC 361005K->330565K(1571712K) eden 30463K->0K survivor 585K->288K tenured 329955K->330276K, 0.1750186 secs]
[GC 361029K->330588K(1571712K) eden 30463K->0K survivor 288K->311K tenured 330276K->330276K, 0.0247962 secs]
[GC 361052K->330612K(1571712K) eden 30463K->0K survivor 311K->335K tenured 330276K->330276K, 0.0254564 secs]
[GC 361076K->330634K(1571712K) eden 30463K->0K survivor 335K->357K tenured 330276K->330276K, 0.0263301 secs]
[GC 361097K->330655K(1571712K) eden 30462K->0K survivor 357K->378K tenured 330276K->330276K, 0.0271939 secs]
[GC 361119K->330682K(1571712K) eden 30464K->0K survivor 378K->405K tenured 330276K->330276K, 0.0272492 secs]
[GC 361146K->330704K(1571712K) eden 30463K->0K survivor 405K->427K tenured 330276K->330276K, 0.0288650 secs]
[GC 361168K->330731K(1571712K) eden 30463K->0K survivor 427K->454K tenured 330276K->330276K, 0.0289851 secs]
[GC 361195K->330752K(1571712K) eden 30464K->0K survivor 454K->475K tenured 330276K->330276K, 0.0297421 secs]
[GC 361216K->330773K(1571712K) eden 30463K->0K survivor 475K->496K tenured 330276K->330276K, 0.0304304 secs]
[GC 361237K->330805K(1571712K) eden 30463K->0K survivor 496K->528K tenured 330276K->330276K, 0.0315362 secs]
[GC 361269K->330828K(1571712K) eden 30464K->0K survivor 528K->551K tenured 330276K->330276K, 0.0323681 secs]
[GC 361292K->330844K(1571712K) eden 30464K->0K survivor 551K->567K tenured 330276K->330276K, 0.0370349 secs]
[GC 361308K->330875K(1571712K) eden 30464K->0K survivor 567K->598K tenured 330276K->330276K, 0.0338779 secs]
[GC 361339K->330898K(1571712K) eden 30463K->0K survivor 598K->469K tenured 330276K->330429K, 0.1370423 secs]
[GC 361362K->330922K(1571712K) eden 30463K->0K survivor 469K->493K tenured 330429K->330429K, 0.0321383 secs]
[GC 361386K->330944K(1571712K) eden 30463K->0K survivor 493K->515K tenured 330429K->330429K, 0.0339511 secs]
[GC 361408K->330967K(1571712K) eden 30463K->0K survivor 515K->538K tenured 330429K->330429K, 0.0337617 secs]
[GC 361431K->331004K(1571712K) eden 30463K->0K survivor 538K->575K tenured 330429K->330429K, 0.0355135 secs]
[GC 361468K->331014K(1571712K) eden 30463K->0K survivor 575K->585K tenured 330429K->330429K, 0.0351337 secs]
[GC 361478K->331036K(1571712K) eden 30463K->0K survivor 585K->527K tenured 330429K->330509K, 0.1048051 secs]
[GC 361500K->331056K(1571712K) eden 30463K->0K survivor 527K->547K tenured 330509K->330509K, 0.0334907 secs]
[GC 361520K->331085K(1571712K) eden 30463K->0K survivor 547K->576K tenured 330509K->330509K, 0.0351651 secs]
[GC 361549K->331136K(1571712K) eden 30464K->0K survivor 576K->603K tenured 330509K->330532K, 0.0556773 secs]
[GC 361600K->333709K(1571712K) eden 30463K->0K survivor 603K->1152K tenured 330532K->332557K, 1.2836385 secs]
[GC 364173K->338429K(1571712K) eden 30463K->0K survivor 1152K->1152K tenured 332557K->337277K, 3.0436486 secs]
[GC 368893K->338429K(1571712K) eden 30463K->0K survivor 1152K->0K tenured 337277K->338429K, 0.6356488 secs]
[GC 368893K->338429K(1571712K) eden 30463K->0K survivor 0K->0K tenured 338429K->338429K, 0.0180399 secs]
[GC 368893K->338429K(1571712K) eden 30463K->0K survivor 0K->0K tenured 338429K->338429K, 0.0181685 secs]
[GC 368885K->340413K(1571712K) eden 30455K->0K survivor 0K->1152K tenured 338429K->339261K, 0.4355782 secs]
[GC 370877K->342849K(1571712K) eden 30463K->0K survivor 1152K->1152K tenured 339261K->341697K, 1.1897461 secs]
[GC 373311K->343783K(1571712K) eden 30461K->0K survivor 1152K->1152K tenured 341697K->342631K, 0.5318898 secs]
[GC 374244K->345468K(1571712K) eden 30460K->0K survivor 1152K->1152K tenured 342631K->344316K, 0.8201375 secs]
[GC 375932K->346508K(1571712K) eden 30463K->0K survivor 1152K->1152K tenured 344316K->345356K, 0.4726474 secs]
[GC 376972K->347471K(1571712K) eden 30464K->0K survivor 1152K->1152K tenured 345356K->346319K, 0.5949127 secs]
[GC 377933K->348277K(1571712K) eden 30462K->0K survivor 1152K->1152K tenured 346319K->347125K, 0.3523771 secs]
[GC 378737K->349082K(1571712K) eden 30460K->0K survivor 1152K->1152K tenured 347125K->347930K, 0.3816600 secs]
[GC 379546K->351523K(1571712K) eden 30464K->0K survivor 1152K->1152K tenured 347930K->350371K, 1.0527875 secs]
