0.331: [GC pause (young)0.333 (initial-mark), 0.00178520 secs]
:    [GC concurrent-mark-start]
[Parallel Time:   1.6 ms]
      [GC Worker Start Time (ms):  331.5  331.5  331.5  331.5]
      [Update RS (ms):  0.0  0.0  0.0  0.0
       Avg:   0.0, Min:   0.0, Max:   0.0]
         [Processed Buffers : 3 2 0 0
          Sum: 5, Avg: 1, Min: 0, Max: 3]
      [Ext Root Scanning (ms):  0.1  0.1  0.1  0.1
       Avg:   0.1, Min:   0.1, Max:   0.1]
      [Mark Stack Scanning (ms):  0.0  0.0  0.0  0.0
       Avg:   0.0, Min:   0.0, Max:   0.0]
      [Scan RS (ms):  0.0  0.0  0.0  0.0
       Avg:   0.0, Min:   0.0, Max:   0.0]
      [Object Copy (ms):  1.4  1.3  1.4  1.3
       Avg:   1.4, Min:   1.3, Max:   1.4]
      [Termination (ms):  0.0  0.0  0.0  0.0
       Avg:   0.0, Min:   0.0, Max:   0.0]
         [Termination Attempts : 1 1 1 1
          Sum: 4, Avg: 1, Min: 1, Max: 1]
      [GC Worker End Time (ms):  333.0  333.0  333.0  333.0]
      [Other:   0.1 ms]
   [Clear CT:   0.1 ms]
   [Other:   0.1 ms]
      [Choose CSet:   0.0 ms]
   [ 68M->62M(126M)]
 [Times: user=0.00 sys=0.00, real=0.00 secs] 
