2016-04-14 22:54:39 GC log file created logs/garbageCollection.log.5
Java HotSpot(TM) 64-Bit Server VM (25.45-b02) for windows-amd64 JRE (1.8.0_45-b15), built on Apr 30 2015 12:40:44 by "java_re" with MS VC++ 10.0 (VS2010)
Memory: 4k page, physical 16664956k(9066584k free), swap 20473812k(9786080k free)
CommandLine flags: -XX:CICompilerCount=4 -XX:+CMSParallelRemarkEnabled -XX:+CMSScavengeBeforeRemark -XX:GCLogFileSize=20480 -XX:+HeapDumpOnOutOfMemoryError -XX:HeapDumpPath=/logs -XX:InitialHeapSize=838860800 -XX:MaxHeapSize=838860800 -XX:MaxNewSize=279576576 -XX:MaxTenuringThreshold=6 -XX:MinHeapDeltaBytes=196608 -XX:NewSize=279576576 -XX:NumberOfGCLogFiles=10 -XX:OldPLABSize=16 -XX:OldSize=559284224 -XX:+PrintGC -XX:+PrintGCDateStamps -XX:+PrintGCDetails -XX:+PrintGCTimeStamps -XX:+ScavengeBeforeFullGC -XX:+UseCompressedClassPointers -XX:+UseCompressedOops -XX:+UseConcMarkSweepGC -XX:+UseFastUnorderedTimeStamps -XX:+UseGCLogFileRotation -XX:-UseLargePagesIndividualAllocation -XX:+UseParNewGC 
2016-04-14T22:54:39.921+0200: 1471.865: [GC (Allocation Failure) 1471.866: [ParNew: 221439K->3015K(245760K), 0.0033775 secs] 431534K->213164K(791936K), 0.0035665 secs] [Times: user=0.13 sys=0.00, real=0.00 secs] 
2016-04-14T22:54:43.153+0200: 1475.097: [GC (Allocation Failure) 1475.097: [ParNew: 221511K->2809K(245760K), 0.0024571 secs] 431660K->212978K(791936K), 0.0025215 secs] [Times: user=0.00 sys=0.00, real=0.00 secs] 
2016-04-14T22:54:46.151+0200: 1478.096: [GC (Allocation Failure) 1478.096: [ParNew: 221305K->4832K(245760K), 0.0042793 secs] 431474K->215040K(791936K), 0.0043512 secs] [Times: user=0.00 sys=0.00, real=0.00 secs] 
2016-04-14T22:54:49.009+0200: 1480.954: [GC (Allocation Failure) 1480.954: [ParNew: 223328K->3277K(245760K), 0.0028877 secs] 433536K->213590K(791936K), 0.0029549 secs] [Times: user=0.00 sys=0.00, real=0.00 secs] 
2016-04-14T22:54:53.219+0200: 1485.164: [GC (Allocation Failure) 1485.164: [ParNew: 221773K->3478K(245760K), 0.0042751 secs] 432086K->213818K(791936K), 0.0043717 secs] [Times: user=0.11 sys=0.00, real=0.00 secs] 
2016-04-14T22:54:57.218+0200: 1489.162: [GC (Allocation Failure) 1489.162: [ParNew: 221974K->3413K(245760K), 0.0027823 secs] 432314K->213838K(791936K), 0.0028686 secs] [Times: user=0.00 sys=0.00, real=0.00 secs] 
2016-04-14T22:55:00.086+0200: 1492.030: [GC (Allocation Failure) 1492.030: [ParNew: 221909K->6284K(245760K), 0.0043213 secs] 432334K->216831K(791936K), 0.0044043 secs] [Times: user=0.00 sys=0.00, real=0.00 secs] 
2016-04-14T22:55:03.431+0200: 1495.375: [GC (Allocation Failure) 1495.375: [ParNew: 224663K->4547K(245760K), 0.0036117 secs] 435210K->215204K(791936K), 0.0036859 secs] [Times: user=0.00 sys=0.00, real=0.00 secs] 
2016-04-14T22:55:06.210+0200: 1498.155: [GC (Allocation Failure) 1498.155: [ParNew: 223043K->4047K(245760K), 0.0033808 secs] 433700K->214776K(791936K), 0.0034438 secs] [Times: user=0.00 sys=0.00, real=0.00 secs] 
2016-04-14T22:55:08.981+0200: 1500.925: [GC (Allocation Failure) 1500.925: [ParNew: 222543K->7795K(245760K), 0.0057358 secs] 433272K->218712K(791936K), 0.0058062 secs] [Times: user=0.11 sys=0.00, real=0.01 secs] 
2016-04-14T22:55:12.141+0200: 1504.086: [GC (Allocation Failure) 1504.086: [ParNew: 226291K->5382K(245760K), 0.0030976 secs] 437208K->216365K(791936K), 0.0031578 secs] [Times: user=0.09 sys=0.00, real=0.00 secs] 
2016-04-14T22:55:15.385+0200: 1507.329: [GC (Allocation Failure) 1507.329: [ParNew: 223878K->3524K(245760K), 0.0029638 secs] 434861K->214568K(791936K), 0.0030468 secs] [Times: user=0.00 sys=0.00, real=0.00 secs] 
2016-04-14T22:55:18.192+0200: 1510.137: [GC (Allocation Failure) 1510.137: [ParNew: 222020K->2457K(245760K), 0.0030193 secs] 433064K->213553K(791936K), 0.0030948 secs] [Times: user=0.00 sys=0.00, real=0.00 secs] 
2016-04-14T22:55:21.235+0200: 1513.180: [GC (Allocation Failure) 1513.180: [ParNew: 220953K->5237K(245760K), 0.0032777 secs] 432049K->216391K(791936K), 0.0033486 secs] [Times: user=0.13 sys=0.00, real=0.00 secs] 
2016-04-14T22:55:24.520+0200: 1516.464: [GC (Allocation Failure) 1516.464: [ParNew: 223733K->5863K(245760K), 0.0035072 secs] 434887K->217101K(791936K), 0.0036351 secs] [Times: user=0.00 sys=0.00, real=0.00 secs] 
2016-04-14T22:55:27.910+0200: 1519.855: [GC (Allocation Failure) 1519.855: [ParNew: 224359K->3691K(245760K), 0.0027972 secs] 435597K->214978K(791936K), 0.0028593 secs] [Times: user=0.00 sys=0.00, real=0.00 secs] 
2016-04-14T22:55:31.098+0200: 1523.042: [GC (Allocation Failure) 1523.042: [ParNew: 221929K->3150K(245760K), 0.0028420 secs] 433217K->214553K(791936K), 0.0029218 secs] [Times: user=0.00 sys=0.00, real=0.00 secs] 
2016-04-14T22:55:34.004+0200: 1525.949: [GC (Allocation Failure) 1525.949: [ParNew: 221646K->4666K(245760K), 0.0041128 secs] 433049K->216184K(791936K), 0.0041804 secs] [Times: user=0.00 sys=0.00, real=0.01 secs] 
2016-04-14T22:55:36.711+0200: 1528.655: [GC (Allocation Failure) 1528.655: [ParNew: 223162K->3428K(245760K), 0.0029138 secs] 434680K->215052K(791936K), 0.0029931 secs] [Times: user=0.00 sys=0.00, real=0.00 secs] 
2016-04-14T22:55:38.945+0200: 1530.889: [GC (Allocation Failure) 1530.889: [ParNew: 221839K->4873K(245760K), 0.0042093 secs] 433463K->216549K(791936K), 0.0043068 secs] [Times: user=0.00 sys=0.00, real=0.00 secs] 
2016-04-14T22:55:42.879+0200: 1534.824: [GC (Allocation Failure) 1534.824: [ParNew: 223369K->4412K(245760K), 0.0040405 secs] 435045K->216260K(791936K), 0.0041179 secs] [Times: user=0.00 sys=0.00, real=0.00 secs] 
2016-04-14T22:55:46.707+0200: 1538.651: [GC (Allocation Failure) 1538.651: [ParNew: 222908K->6960K(245760K), 0.0052837 secs] 434756K->218852K(791936K), 0.0053560 secs] [Times: user=0.00 sys=0.00, real=0.00 secs] 
2016-04-14T22:55:49.442+0200: 1541.387: [GC (Allocation Failure) 1541.387: [ParNew: 225456K->5665K(245760K), 0.0025714 secs] 437348K->217628K(791936K), 0.0026423 secs] [Times: user=0.00 sys=0.00, real=0.00 secs] 
2016-04-14T22:55:53.354+0200: 1545.298: [GC (Allocation Failure) 1545.298: [ParNew: 223307K->3111K(245760K), 0.0032847 secs] 435269K->215132K(791936K), 0.0033556 secs] [Times: user=0.00 sys=0.00, real=0.00 secs] 
2016-04-14T22:55:56.325+0200: 1548.269: [GC (Allocation Failure) 1548.269: [ParNew: 221607K->4038K(245760K), 0.0036313 secs] 433628K->216130K(791936K), 0.0037018 secs] [Times: user=0.00 sys=0.00, real=0.00 secs] 
2016-04-14T22:55:59.353+0200: 1551.298: [GC (Allocation Failure) 1551.298: [ParNew: 222534K->4608K(245760K), 0.0037494 secs] 434626K->217115K(791936K), 0.0038305 secs] [Times: user=0.00 sys=0.00, real=0.00 secs] 
2016-04-14T22:56:03.021+0200: 1554.966: [GC (Allocation Failure) 1554.966: [ParNew: 223104K->6169K(245760K), 0.0045853 secs] 435611K->218778K(791936K), 0.0046455 secs] [Times: user=0.00 sys=0.00, real=0.00 secs] 
2016-04-14T22:56:06.517+0200: 1558.461: [GC (Allocation Failure) 1558.461: [ParNew: 224665K->4341K(245760K), 0.0036388 secs] 437274K->217079K(791936K), 0.0037200 secs] [Times: user=0.00 sys=0.00, real=0.00 secs] 
2016-04-14T22:56:09.034+0200: 1560.979: [GC (Allocation Failure) 1560.979: [ParNew: 222837K->3082K(245760K), 0.0025574 secs] 435575K->215889K(791936K), 0.0026265 secs] [Times: user=0.00 sys=0.00, real=0.00 secs] 
2016-04-14T22:56:12.473+0200: 1564.417: [GC (Allocation Failure) 1564.418: [ParNew: 221578K->2068K(245760K), 0.0027422 secs] 434385K->214988K(791936K), 0.0028056 secs] [Times: user=0.00 sys=0.00, real=0.00 secs] 
2016-04-14T22:56:15.824+0200: 1567.769: [GC (Allocation Failure) 1567.769: [ParNew: 220564K->2439K(245760K), 0.0025924 secs] 433484K->215481K(791936K), 0.0026657 secs] [Times: user=0.00 sys=0.00, real=0.00 secs] 
2016-04-14T22:56:19.061+0200: 1571.005: [GC (Allocation Failure) 1571.005: [ParNew: 220935K->4888K(245760K), 0.0036701 secs] 433977K->218014K(791936K), 0.0037475 secs] [Times: user=0.13 sys=0.00, real=0.00 secs] 
2016-04-14T22:56:21.642+0200: 1573.587: [GC (Allocation Failure) 1573.587: [ParNew: 223384K->3300K(245760K), 0.0027352 secs] 436510K->216458K(791936K), 0.0028070 secs] [Times: user=0.00 sys=0.00, real=0.00 secs] 
2016-04-14T22:56:25.027+0200: 1576.971: [GC (Allocation Failure) 1576.971: [ParNew: 221796K->3580K(245760K), 0.0029423 secs] 434954K->216902K(791936K), 0.0030734 secs] [Times: user=0.00 sys=0.00, real=0.00 secs] 
2016-04-14T22:56:27.886+0200: 1579.831: [GC (Allocation Failure) 1579.831: [ParNew: 222076K->5462K(245760K), 0.0041711 secs] 435398K->218876K(791936K), 0.0042373 secs] [Times: user=0.00 sys=0.00, real=0.00 secs] 
2016-04-14T22:56:30.657+0200: 1582.601: [GC (Allocation Failure) 1582.601: [ParNew: 223650K->4022K(245760K), 0.0032348 secs] 437063K->217515K(791936K), 0.0033416 secs] [Times: user=0.11 sys=0.00, real=0.00 secs] 
2016-04-14T22:56:34.393+0200: 1586.337: [GC (Allocation Failure) 1586.337: [ParNew: 222518K->6130K(245760K), 0.0039243 secs] 436011K->219650K(791936K), 0.0040101 secs] [Times: user=0.00 sys=0.00, real=0.00 secs] 
2016-04-14T22:56:38.239+0200: 1590.184: [GC (Allocation Failure) 1590.184: [ParNew: 224610K->5006K(245760K), 0.0027771 secs] 438131K->218567K(791936K), 0.0028350 secs] [Times: user=0.00 sys=0.00, real=0.00 secs] 
2016-04-14T22:56:41.125+0200: 1593.069: [GC (Allocation Failure) 1593.069: [ParNew: 223098K->4031K(245760K), 0.0029297 secs] 436659K->217674K(791936K), 0.0030025 secs] [Times: user=0.13 sys=0.00, real=0.00 secs] 
2016-04-14T22:56:44.161+0200: 1596.105: [GC (Allocation Failure) 1596.105: [ParNew: 222527K->4877K(245760K), 0.0032945 secs] 436170K->218559K(791936K), 0.0033608 secs] [Times: user=0.00 sys=0.00, real=0.00 secs] 
2016-04-14T22:56:46.995+0200: 1598.939: [GC (Allocation Failure) 1598.939: [ParNew: 223373K->3514K(245760K), 0.0037815 secs] 437055K->217636K(791936K), 0.0038492 secs] [Times: user=0.00 sys=0.00, real=0.00 secs] 
2016-04-14T22:56:49.730+0200: 1601.676: [GC (Allocation Failure) 1601.676: [ParNew: 221292K->3288K(245760K), 0.0029782 secs] 435414K->217564K(791936K), 0.0030529 secs] [Times: user=0.00 sys=0.00, real=0.00 secs] 
2016-04-14T22:56:53.243+0200: 1605.188: [GC (Allocation Failure) 1605.188: [ParNew: 221784K->2803K(245760K), 0.0031406 secs] 436060K->217155K(791936K), 0.0032040 secs] [Times: user=0.00 sys=0.00, real=0.00 secs] 
2016-04-14T22:56:56.489+0200: 1608.433: [GC (Allocation Failure) 1608.433: [ParNew: 221299K->3318K(245760K), 0.0033454 secs] 435651K->217769K(791936K), 0.0034037 secs] [Times: user=0.00 sys=0.00, real=0.00 secs] 
2016-04-14T22:56:59.180+0200: 1611.124: [GC (Allocation Failure) 1611.124: [ParNew: 221814K->3292K(245760K), 0.0034951 secs] 436265K->217808K(791936K), 0.0035581 secs] [Times: user=0.00 sys=0.00, real=0.00 secs] 
2016-04-14T22:57:02.092+0200: 1614.036: [GC (Allocation Failure) 1614.036: [ParNew: 221788K->2478K(245760K), 0.0031462 secs] 436304K->217045K(791936K), 0.0032124 secs] [Times: user=0.00 sys=0.00, real=0.00 secs] 
2016-04-14T22:57:05.131+0200: 1617.075: [GC (Allocation Failure) 1617.075: [ParNew: 220974K->2613K(245760K), 0.0026689 secs] 435541K->217255K(791936K), 0.0027352 secs] [Times: user=0.00 sys=0.00, real=0.00 secs] 
2016-04-14T22:57:09.517+0200: 1621.461: [GC (Allocation Failure) 1621.461: [ParNew: 221109K->4830K(245760K), 0.0037545 secs] 435751K->219528K(791936K), 0.0038371 secs] [Times: user=0.13 sys=0.00, real=0.00 secs] 
2016-04-14T22:57:12.438+0200: 1624.383: [GC (Allocation Failure) 1624.383: [ParNew: 222715K->4352K(245760K), 0.0029987 secs] 437413K->219099K(791936K), 0.0030575 secs] [Times: user=0.02 sys=0.00, real=0.00 secs] 
2016-04-14T22:57:14.809+0200: 1626.753: [GC (Allocation Failure) 1626.753: [ParNew: 222848K->4359K(245760K), 0.0033360 secs] 437595K->219143K(791936K), 0.0034116 secs] [Times: user=0.00 sys=0.00, real=0.00 secs] 
2016-04-14T22:57:17.384+0200: 1629.328: [GC (Allocation Failure) 1629.328: [ParNew: 222855K->3721K(245760K), 0.0029316 secs] 437639K->218577K(791936K), 0.0030053 secs] [Times: user=0.00 sys=0.00, real=0.00 secs] 
2016-04-14T22:57:20.411+0200: 1632.356: [GC (Allocation Failure) 1632.356: [ParNew: 222217K->2765K(245760K), 0.0035450 secs] 437073K->217894K(791936K), 0.0036131 secs] [Times: user=0.00 sys=0.00, real=0.00 secs] 
2016-04-14T22:57:23.232+0200: 1635.177: [GC (Allocation Failure) 1635.177: [ParNew: 221261K->3600K(245760K), 0.0029857 secs] 436390K->218826K(791936K), 0.0030645 secs] [Times: user=0.00 sys=0.00, real=0.00 secs] 
2016-04-14T22:57:26.512+0200: 1638.457: [GC (Allocation Failure) 1638.457: [ParNew: 222096K->5266K(245760K), 0.0034634 secs] 437322K->220556K(791936K), 0.0035301 secs] [Times: user=0.00 sys=0.00, real=0.00 secs] 
2016-04-14T22:57:29.757+0200: 1641.702: [GC (Allocation Failure) 1641.702: [ParNew: 223762K->5015K(245760K), 0.0034284 secs] 439052K->220407K(791936K), 0.0035058 secs] [Times: user=0.00 sys=0.00, real=0.00 secs] 
2016-04-14T22:57:32.164+0200: 1644.108: [GC (Allocation Failure) 1644.108: [ParNew: 223511K->3319K(245760K), 0.0033971 secs] 438903K->218775K(791936K), 0.0035016 secs] [Times: user=0.00 sys=0.00, real=0.00 secs] 
2016-04-14T22:57:34.786+0200: 1646.730: [GC (Allocation Failure) 1646.730: [ParNew: 221815K->4781K(245760K), 0.0049987 secs] 437271K->220297K(791936K), 0.0050691 secs] [Times: user=0.00 sys=0.00, real=0.01 secs] 
2016-04-14T22:57:38.998+0200: 1650.942: [GC (Allocation Failure) 1650.942: [ParNew: 223071K->4196K(245760K), 0.0026101 secs] 438587K->219831K(791936K), 0.0026871 secs] [Times: user=0.00 sys=0.00, real=0.00 secs] 
2016-04-14T22:57:42.082+0200: 1654.026: [GC (Allocation Failure) 1654.026: [ParNew: 222692K->7231K(245760K), 0.0048625 secs] 438327K->222927K(791936K), 0.0049334 secs] [Times: user=0.00 sys=0.00, real=0.00 secs] 
2016-04-14T22:57:44.700+0200: 1656.644: [GC (Allocation Failure) 1656.644: [ParNew: 225727K->5237K(245760K), 0.0026824 secs] 441423K->220962K(791936K), 0.0027464 secs] [Times: user=0.00 sys=0.00, real=0.00 secs] 
2016-04-14T22:57:47.604+0200: 1659.549: [GC (Allocation Failure) 1659.549: [ParNew: 223733K->4004K(245760K), 0.0032376 secs] 439458K->219802K(791936K), 0.0033164 secs] [Times: user=0.00 sys=0.00, real=0.00 secs] 
2016-04-14T22:57:50.811+0200: 1662.755: [GC (Allocation Failure) 1662.756: [ParNew: 222500K->5354K(245760K), 0.0037064 secs] 438298K->221286K(791936K), 0.0037778 secs] [Times: user=0.13 sys=0.00, real=0.00 secs] 
2016-04-14T22:57:53.942+0200: 1665.887: [GC (Allocation Failure) 1665.887: [ParNew: 223850K->4533K(245760K), 0.0030790 secs] 439782K->220736K(791936K), 0.0031867 secs] [Times: user=0.00 sys=0.00, real=0.00 secs] 
2016-04-14T22:57:58.259+0200: 1670.204: [GC (Allocation Failure) 1670.204: [ParNew: 223029K->3646K(245760K), 0.0032399 secs] 439232K->219972K(791936K), 0.0033253 secs] [Times: user=0.00 sys=0.00, real=0.00 secs] 
2016-04-14T22:58:01.252+0200: 1673.197: [GC (Allocation Failure) 1673.197: [ParNew: 222142K->3566K(245760K), 0.0027813 secs] 438468K->220046K(791936K), 0.0028541 secs] [Times: user=0.00 sys=0.00, real=0.00 secs] 
2016-04-14T22:58:04.354+0200: 1676.298: [GC (Allocation Failure) 1676.298: [ParNew: 222062K->2976K(245760K), 0.0027431 secs] 438542K->219513K(791936K), 0.0028056 secs] [Times: user=0.00 sys=0.00, real=0.00 secs] 
2016-04-14T22:58:07.407+0200: 1679.352: [GC (Allocation Failure) 1679.352: [ParNew: 221472K->3500K(245760K), 0.0028527 secs] 438009K->220113K(791936K), 0.0029148 secs] [Times: user=0.05 sys=0.00, real=0.00 secs] 
2016-04-14T22:58:11.487+0200: 1683.431: [GC (Allocation Failure) 1683.431: [ParNew: 221976K->2941K(245760K), 0.0025672 secs] 438588K->219622K(791936K), 0.0026377 secs] [Times: user=0.00 sys=0.00, real=0.00 secs] 
2016-04-14T22:58:15.622+0200: 1687.566: [GC (Allocation Failure) 1687.566: [ParNew: 221437K->3108K(245760K), 0.0031480 secs] 438118K->219865K(791936K), 0.0032227 secs] [Times: user=0.00 sys=0.00, real=0.00 secs] 
2016-04-14T22:58:18.458+0200: 1690.403: [GC (Allocation Failure) 1690.403: [ParNew: 221604K->2194K(245760K), 0.0027902 secs] 438361K->219033K(791936K), 0.0028467 secs] [Times: user=0.00 sys=0.00, real=0.00 secs] 
2016-04-14T22:58:21.598+0200: 1693.542: [GC (Allocation Failure) 1693.542: [ParNew: 220690K->2657K(245760K), 0.0028672 secs] 437529K->219543K(791936K), 0.0029353 secs] [Times: user=0.00 sys=0.00, real=0.00 secs] 
2016-04-14T22:58:24.622+0200: 1696.567: [GC (Allocation Failure) 1696.567: [ParNew: 221153K->4492K(245760K), 0.0031261 secs] 438039K->221422K(791936K), 0.0032147 secs] [Times: user=0.00 sys=0.00, real=0.00 secs] 
2016-04-14T22:58:27.395+0200: 1699.340: [GC (Allocation Failure) 1699.340: [ParNew: 222988K->4831K(245760K), 0.0033178 secs] 439918K->221953K(791936K), 0.0033957 secs] [Times: user=0.00 sys=0.00, real=0.00 secs] 
2016-04-14T22:58:30.831+0200: 1702.776: [GC (Allocation Failure) 1702.776: [ParNew: 223327K->5281K(245760K), 0.0037144 secs] 440449K->222457K(791936K), 0.0037951 secs] [Times: user=0.00 sys=0.00, real=0.00 secs] 
2016-04-14T22:58:34.225+0200: 1706.170: [GC (Allocation Failure) 1706.170: [ParNew: 223777K->3503K(245760K), 0.0029680 secs] 440953K->220795K(791936K), 0.0030323 secs] [Times: user=0.00 sys=0.00, real=0.00 secs] 
2016-04-14T22:58:37.103+0200: 1709.048: [GC (Allocation Failure) 1709.048: [ParNew: 221999K->2840K(245760K), 0.0034792 secs] 439291K->220186K(791936K), 0.0035497 secs] [Times: user=0.00 sys=0.00, real=0.00 secs] 
2016-04-14T22:58:39.982+0200: 1711.927: [GC (Allocation Failure) 1711.927: [ParNew: 221336K->3799K(245760K), 0.0030076 secs] 438682K->221263K(791936K), 0.0030916 secs] [Times: user=0.00 sys=0.00, real=0.00 secs] 
2016-04-14T22:58:43.047+0200: 1714.991: [GC (Allocation Failure) 1714.991: [ParNew: 222295K->3252K(245760K), 0.0031485 secs] 439759K->220842K(791936K), 0.0032250 secs] [Times: user=0.11 sys=0.00, real=0.00 secs] 
2016-04-14T22:58:46.269+0200: 1718.214: [GC (Allocation Failure) 1718.214: [ParNew: 221748K->2456K(245760K), 0.0027688 secs] 439338K->220121K(791936K), 0.0028369 secs] [Times: user=0.00 sys=0.00, real=0.00 secs] 
2016-04-14T22:58:50.361+0200: 1722.305: [GC (Allocation Failure) 1722.305: [ParNew: 220952K->3158K(245760K), 0.0031093 secs] 438617K->220878K(791936K), 0.0031662 secs] [Times: user=0.11 sys=0.00, real=0.00 secs] 
2016-04-14T22:58:52.844+0200: 1724.789: [GC (Allocation Failure) 1724.789: [ParNew: 221654K->3351K(245760K), 0.0029535 secs] 439374K->221140K(791936K), 0.0030235 secs] [Times: user=0.09 sys=0.00, real=0.00 secs] 
2016-04-14T22:58:55.773+0200: 1727.718: [GC (Allocation Failure) 1727.718: [ParNew: 221847K->2718K(245760K), 0.0027580 secs] 439636K->220534K(791936K), 0.0028159 secs] [Times: user=0.00 sys=0.00, real=0.00 secs] 
2016-04-14T22:58:58.952+0200: 1730.896: [GC (Allocation Failure) 1730.896: [ParNew: 221214K->3100K(245760K), 0.0026447 secs] 439030K->220987K(791936K), 0.0027100 secs] [Times: user=0.01 sys=0.00, real=0.00 secs] 
2016-04-14T22:59:01.774+0200: 1733.718: [GC (Allocation Failure) 1733.718: [ParNew: 221596K->4566K(245760K), 0.0035184 secs] 439483K->222560K(791936K), 0.0035903 secs] [Times: user=0.00 sys=0.00, real=0.00 secs] 
2016-04-14T22:59:06.071+0200: 1738.016: [GC (Allocation Failure) 1738.016: [ParNew: 223062K->6864K(245760K), 0.0040918 secs] 441056K->225053K(791936K), 0.0041524 secs] [Times: user=0.00 sys=0.00, real=0.00 secs] 
2016-04-14T22:59:08.982+0200: 1740.927: [GC (Allocation Failure) 1740.927: [ParNew: 225360K->6574K(245760K), 0.0047379 secs] 443549K->224843K(791936K), 0.0048093 secs] [Times: user=0.13 sys=0.00, real=0.00 secs] 
2016-04-14T22:59:12.286+0200: 1744.230: [GC (Allocation Failure) 1744.231: [ParNew: 225070K->5009K(245760K), 0.0028551 secs] 443339K->223349K(791936K), 0.0029325 secs] [Times: user=0.00 sys=0.00, real=0.00 secs] 
2016-04-14T22:59:16.272+0200: 1748.217: [GC (Allocation Failure) 1748.217: [ParNew: 223476K->3371K(245760K), 0.0028065 secs] 441816K->221787K(791936K), 0.0028691 secs] [Times: user=0.00 sys=0.00, real=0.00 secs] 
2016-04-14T22:59:19.587+0200: 1751.531: [GC (Allocation Failure) 1751.531: [ParNew: 221867K->3743K(245760K), 0.0028765 secs] 440283K->222200K(791936K), 0.0029577 secs] [Times: user=0.00 sys=0.00, real=0.00 secs] 
Heap
 par new generation   total 245760K, used 147078K [0x00000000ce000000, 0x00000000deaa0000, 0x00000000deaa0000)
  eden space 218496K,  65% used [0x00000000ce000000, 0x00000000d6bf9b58, 0x00000000db560000)
  from space 27264K,  13% used [0x00000000db560000, 0x00000000db907cd0, 0x00000000dd000000)
  to   space 27264K,   0% used [0x00000000dd000000, 0x00000000dd000000, 0x00000000deaa0000)
 concurrent mark-sweep generation total 546176K, used 218457K [0x00000000deaa0000, 0x0000000100000000, 0x0000000100000000)
 Metaspace       used 85838K, capacity 86786K, committed 87096K, reserved 1124352K
  class space    used 12176K, capacity 12408K, committed 12460K, reserved 1048576K
2016-04-14 23:26:45 GC log file has reached the maximum size. Saved as logs/garbageCollection.log.5
