2013-10-12T22:55:45.169+0200: 0.172: [GC pause (young)2013-10-12T22:55:45.169+0200: 0.177: [SoftReference, 0 refs, 0.0001577 secs]2013-10-12T22:55:45.169+0200: 0.177: [WeakReference, 0 refs, 0.0000311 secs]2013-10-12T22:55:45.169+0200: 0.177: [FinalReference, 7 refs, 0.0000442 secs]2013-10-12T22:55:45.169+0200: 0.177: [PhantomReference, 0 refs, 0.0000283 secs]2013-10-12T22:55:45.169+0200: 0.177: [JNI Weak Reference, 0.0000315 secs], 0.0049738 secs]
   [Parallel Time: 4.3 ms, GC Workers: 4]
      [GC Worker Start (ms): Min: 172.4, Avg: 172.4, Max: 172.4, Diff: 0.0]
      [Ext Root Scanning (ms): Min: 0.9, Avg: 1.0, Max: 1.0, Diff: 0.2, Sum: 3.9]
      [Update RS (ms): Min: 0.0, Avg: 0.0, Max: 0.0, Diff: 0.0, Sum: 0.0]
         [Processed Buffers: Min: 0, Avg: 2.3, Max: 9, Diff: 9, Sum: 9]
      [Scan RS (ms): Min: 0.0, Avg: 0.0, Max: 0.0, Diff: 0.0, Sum: 0.0]
      [Object Copy (ms): Min: 3.2, Avg: 3.2, Max: 3.3, Diff: 0.1, Sum: 12.8]
      [Termination (ms): Min: 0.0, Avg: 0.0, Max: 0.1, Diff: 0.1, Sum: 0.1]
      [GC Worker Other (ms): Min: 0.1, Avg: 0.1, Max: 0.1, Diff: 0.1, Sum: 0.4]
      [GC Worker Total (ms): Min: 4.3, Avg: 4.3, Max: 4.3, Diff: 0.0, Sum: 17.2]
      [GC Worker End (ms): Min: 176.7, Avg: 176.7, Max: 176.7, Diff: 0.0]
   [Code Root Fixup: 0.0 ms]
   [Clear CT: 0.0 ms]
   [Other: 0.6 ms]
      [Choose CSet: 0.0 ms]
      [Ref Proc: 0.5 ms]
      [Ref Enq: 0.0 ms]
      [Free CSet: 0.0 ms]
   [Eden: 5120.0K(5120.0K)->0.0B(8192.0K) Survivors: 0.0B->1024.0K Heap: 5120.0K(64.0M)->5056.5K(64.0M)]
 [Times: user=0.00 sys=0.00, real=0.00 secs] 
