1.221: [GC 1.221: [ParNew: 8064K->0K(8128K), 0.0164429 secs] 8064K->840K(131008K), 0.0166800 secs]
2.847: [GC 2.847: [ParNew: 8128K->0K(8192K), 0.0154899 secs] 8968K->1231K(131072K), 0.0156780 secs]
3.987: [GC 3.987: [ParNew: 8128K->0K(8192K), 0.0163163 secs] 9359K->2221K(131072K), 0.0164947 secs]
4.609: [GC 4.610: [ParNew: 8128K->0K(8192K), 0.0187441 secs] 10349K->2558K(131072K), 0.0189450 secs]
5.082: [GC 5.082: [ParNew: 8128K->0K(8192K), 0.0146318 secs] 10686K->3263K(131072K), 0.0148349 secs]
5.538: [GC 5.538: [ParNew: 8128K->0K(8192K), 0.0124828 secs] 11391K->4308K(131072K), 0.0126637 secs]
6.056: [GC 6.057: [ParNew: 8128K->0K(8192K), 0.0091151 secs] 12436K->4452K(131072K), 0.0092965 secs]
6.421: [GC 6.421: [ParNew: 8128K->0K(8192K), 0.0197177 secs] 12580K->5415K(131072K), 0.0200895 secs]
6.821: [GC 6.821: [ParNew: 8128K->0K(8192K), 0.0100810 secs] 13543K->6214K(131072K), 0.0101920 secs]
7.337: [GC 7.337: [ParNew: 8128K->0K(8192K), 0.0096828 secs] 14342K->6377K(131072K), 0.0098029 secs]
7.864: [GC 7.864: [ParNew: 8128K->0K(8192K), 0.0135755 secs] 14505K->6932K(131072K), 0.0136928 secs]
8.271: [GC 8.271: [ParNew: 8128K->0K(8192K), 0.0137949 secs] 15060K->7373K(131072K), 0.0138795 secs]
8.646: [GC 8.646: [ParNew: 8128K->0K(8192K), 0.0136100 secs] 15501K->8329K(131072K), 0.0137310 secs]
9.053: [GC 9.053: [ParNew: 8128K->0K(8192K), 0.0120086 secs] 16457K->9379K(131072K), 0.0121023 secs]
9.367: [GC 9.367: [ParNew: 8128K->0K(8192K), 0.0112967 secs] 17507K->10499K(131072K), 0.0113930 secs]
9.686: [GC 9.686: [ParNew: 8128K->0K(8192K), 0.0204515 secs] 18627K->11717K(131072K), 0.0205687 secs]
9.979: [GC 9.979: [ParNew: 8128K->0K(8192K), 0.0243449 secs] 19845K->12528K(131072K), 0.0244632 secs]
10.552: [GC 10.552: [ParNew: 8128K->0K(8192K), 0.0129642 secs] 20656K->13485K(131072K), 0.0130835 secs]
10.979: [GC 10.979: [ParNew: 8128K->0K(8192K), 0.0240246 secs] 21613K->14830K(131072K), 0.0241260 secs]
11.333: [GC 11.333: [ParNew: 8128K->0K(8192K), 0.0132439 secs] 22958K->15876K(131072K), 0.0133669 secs]
11.783: [GC 11.783: [ParNew: 8128K->0K(8192K), 0.0172354 secs] 24004K->16390K(131072K), 0.0174337 secs]
14.206: [GC 14.206: [ParNew: 8128K->0K(8192K), 0.0060226 secs] 24518K->16844K(131072K), 0.0061704 secs]
16.721: [GC 16.722: [ParNew: 8128K->0K(8192K), 0.0081965 secs] 24972K->17507K(131072K), 0.0083532 secs]
16.994: [GC 16.994: [ParNew: 8192K->0K(8256K), 0.0187186 secs] 25699K->18844K(131136K), 0.0188746 secs]
17.417: [GC 17.417: [ParNew: 8192K->0K(8256K), 0.0130806 secs] 27036K->19628K(131136K), 0.0132182 secs]
17.865: [GC 17.865: [ParNew: 8192K->0K(8256K), 0.0101420 secs] 27820K->20341K(131136K), 0.0102883 secs]
18.316: [GC 18.316: [ParNew: 8192K->0K(8256K), 0.0080659 secs] 28533K->20976K(131136K), 0.0082132 secs]
18.649: [GC 18.649: [ParNew: 8192K->0K(8256K), 0.0089750 secs] 29168K->21482K(131136K), 0.0091408 secs]
18.960: [GC 18.960: [ParNew: 8192K->0K(8256K), 0.0102656 secs] 29674K->22271K(131136K), 0.0104030 secs]
19.282: [GC 19.282: [ParNew: 8192K->0K(8256K), 0.0141282 secs] 30463K->23165K(131136K), 0.0142844 secs]
19.656: [GC 19.656: [ParNew: 8192K->0K(8256K), 0.0084766 secs] 31357K->23661K(131136K), 0.0086110 secs]
19.897: [GC 19.897: [ParNew: 8192K->0K(8256K), 0.0115408 secs] 31853K->24498K(131136K), 0.0116702 secs]
20.178: [GC 20.178: [ParNew: 8192K->0K(8256K), 0.0131384 secs] 32690K->25477K(131136K), 0.0132724 secs]
20.597: [GC 20.597: [ParNew: 8192K->0K(8256K), 0.0102754 secs] 33669K->26278K(131136K), 0.0104236 secs]
21.184: [GC 21.184: [ParNew: 8192K->0K(8256K), 0.0075448 secs] 34470K->26484K(131136K), 0.0077085 secs]
21.824: [GC 21.824: [ParNew: 8192K->0K(8256K), 0.0027261 secs] 34676K->26567K(131136K), 0.0028558 secs]
22.218: [GC 22.218: [ParNew: 8192K->0K(8256K), 0.0035967 secs] 34759K->26603K(131136K), 0.0037096 secs]
22.531: [GC 22.531: [ParNew: 8192K->0K(8256K), 0.0055739 secs] 34795K->27127K(131136K), 0.0056960 secs]
22.759: [GC 22.759: [ParNew: 8192K->0K(8256K), 0.0130296 secs] 35319K->28096K(131136K), 0.0131769 secs]
23.128: [GC 23.128: [ParNew: 8192K->0K(8256K), 0.0122161 secs] 36288K->29802K(131136K), 0.0125268 secs]
23.556: [GC 23.556: [ParNew: 8192K->0K(8256K), 0.0129688 secs] 37994K->30672K(131136K), 0.0131172 secs]
23.859: [GC 23.859: [ParNew: 8192K->0K(8256K), 0.0102142 secs] 38864K->31381K(131136K), 0.0103881 secs]
24.032: [GC 24.032: [ParNew: 8179K->0K(8256K), 0.0116338 secs] 39561K->32266K(131136K), 0.0117942 secs]
24.433: [GC 24.433: [ParNew: 8192K->0K(8256K), 0.0089422 secs] 40458K->32902K(131136K), 0.0090774 secs]
25.032: [GC 25.032: [ParNew: 8192K->0K(8256K), 0.0067134 secs] 41094K->33330K(131136K), 0.0068464 secs]
25.459: [GC 25.459: [ParNew: 8192K->0K(8256K), 0.0093814 secs] 41522K->34008K(131136K), 0.0095222 secs]
25.950: [GC 25.950: [ParNew: 8192K->0K(8256K), 0.0077544 secs] 42200K->34335K(131136K), 0.0079070 secs]
26.445: [GC 26.446: [ParNew: 8192K->0K(8256K), 0.0113461 secs] 42527K->35186K(131136K), 0.0115040 secs]
26.908: [GC 26.908: [ParNew: 8192K->0K(8256K), 0.0056210 secs] 43378K->35583K(131136K), 0.0057553 secs]
27.399: [GC 27.399: [ParNew: 8192K->0K(8256K), 0.0053142 secs] 43775K->35889K(131136K), 0.0054646 secs]
27.792: [GC 27.792: [ParNew: 8192K->0K(8256K), 0.0065717 secs] 44081K->36109K(131136K), 0.0067008 secs]
28.190: [GC 28.190: [ParNew: 8192K->0K(8256K), 0.0066332 secs] 44301K->36522K(131136K), 0.0067738 secs]
28.521: [GC 28.521: [ParNew: 8192K->0K(8256K), 0.0116822 secs] 44714K->37196K(131136K), 0.0118253 secs]
30.535: [GC 30.535: [ParNew: 8192K->0K(8256K), 0.0143964 secs] 45388K->37792K(131136K), 0.0145574 secs]
30.843: [GC 30.843: [ParNew: 8192K->0K(8256K), 0.0025003 secs] 45984K->37928K(131136K), 0.0026483 secs]
31.190: [GC 31.191: [ParNew: 8192K->0K(8256K), 0.0147494 secs] 46120K->38003K(131136K), 0.0148834 secs]
31.359: [GC 31.359: [ParNew: 8192K->0K(8256K), 0.0029364 secs] 46195K->38005K(131136K), 0.0031247 secs]
31.865: [GC 31.865: [ParNew: 8192K->0K(8256K), 0.0028448 secs] 46197K->38078K(131136K), 0.0029879 secs]
33.052: [GC 33.052: [ParNew: 8192K->0K(8256K), 0.0045564 secs] 46270K->38372K(131136K), 0.0047047 secs]
33.378: [GC 33.378: [ParNew: 8187K->0K(8256K), 0.0119970 secs] 46559K->39553K(131136K), 0.0121501 secs]
33.544: [GC 33.544: [ParNew: 8192K->0K(8256K), 0.0213039 secs] 47745K->40985K(131136K), 0.0214516 secs]
33.750: [GC 33.750: [ParNew: 8192K->0K(8256K), 0.0129623 secs] 49177K->42021K(131136K), 0.0130941 secs]
34.060: [GC 34.060: [ParNew: 8192K->0K(8256K), 0.0086698 secs] 50213K->42598K(131136K), 0.0088156 secs]
34.310: [GC 34.310: [ParNew: 8192K->0K(8256K), 0.0087902 secs] 50790K->43114K(131136K), 0.0089370 secs]
34.728: [GC 34.728: [ParNew: 8192K->0K(8256K), 0.0106118 secs] 51306K->43773K(131136K), 0.0107637 secs]
35.050: [GC 35.050: [ParNew: 8192K->0K(8256K), 0.0097936 secs] 51965K->44371K(131136K), 0.0099495 secs]
35.526: [GC 35.527: [ParNew: 8192K->0K(8256K), 0.0071312 secs] 52563K->44724K(131136K), 0.0072696 secs]
35.924: [GC 35.925: [ParNew: 8192K->0K(8256K), 0.0065774 secs] 52916K->44959K(131136K), 0.0067186 secs]
36.276: [GC 36.276: [ParNew: 8192K->0K(8256K), 0.0071138 secs] 53151K->45327K(131136K), 0.0072578 secs]
36.646: [GC 36.646: [ParNew: 8192K->0K(8256K), 0.0074593 secs] 53519K->45669K(131136K), 0.0075894 secs]
36.912: [GC 36.912: [ParNew: 8192K->0K(8256K), 0.0135502 secs] 53861K->46825K(131136K), 0.0136904 secs]
37.100: [GC 37.100: [ParNew: 8192K->0K(8256K), 0.0117451 secs] 55017K->47671K(131136K), 0.0118925 secs]
37.447: [GC 37.447: [ParNew: 8192K->0K(8256K), 0.0091523 secs] 55863K->48267K(131136K), 0.0092866 secs]
37.953: [GC 37.953: [ParNew: 8191K->0K(8256K), 0.0063719 secs] 56459K->48593K(131136K), 0.0065082 secs]
38.318: [GC 38.318: [ParNew: 8192K->0K(8256K), 0.0053212 secs] 56785K->48708K(131136K), 0.0054653 secs]
38.595: [GC 38.595: [ParNew: 8192K->0K(8256K), 0.0090730 secs] 56900K->49255K(131136K), 0.0092233 secs]
40.201: [GC 40.201: [ParNew: 8192K->0K(8256K), 0.0120194 secs] 57447K->50046K(131136K), 0.0121978 secs]
40.432: [GC 40.432: [ParNew: 8192K->0K(8256K), 0.0067183 secs] 58238K->50372K(131136K), 0.0068836 secs]
40.515: [GC 40.515: [ParNew: 8192K->0K(8256K), 0.0029537 secs] 58564K->50443K(131136K), 0.0032093 secs]
40.659: [GC 40.659: [ParNew: 8192K->0K(8256K), 0.0037709 secs] 58635K->50574K(131136K), 0.0039047 secs]
41.070: [GC 41.070: [ParNew: 8192K->0K(8256K), 0.0090365 secs] 58766K->51118K(131136K), 0.0091759 secs]
41.412: [GC 41.412: [ParNew: 8192K->0K(8256K), 0.0050026 secs] 59310K->51204K(131136K), 0.0051996 secs]
41.801: [GC 41.801: [ParNew: 8192K->0K(8256K), 0.0038643 secs] 59396K->51300K(131136K), 0.0040203 secs]
42.275: [GC 42.275: [ParNew: 8192K->0K(8256K), 0.0060519 secs] 59492K->51656K(131136K), 0.0062152 secs]
44.429: [GC 44.430: [ParNew: 8192K->0K(8256K), 0.0119996 secs] 59848K->52460K(131136K), 0.0121606 secs]
44.607: [GC 44.607: [ParNew: 8192K->0K(8256K), 0.0087776 secs] 60652K->52968K(131136K), 0.0089386 secs]
44.668: [GC 44.669: [ParNew: 8192K->0K(8256K), 0.0053949 secs] 61160K->52969K(131136K), 0.0055132 secs]
45.024: [GC 45.024: [ParNew: 8192K->0K(8256K), 0.0067004 secs] 61161K->53524K(131136K), 0.0068461 secs]
45.342: [GC 45.342: [ParNew: 8192K->0K(8256K), 0.0114506 secs] 61716K->54451K(131136K), 0.0115870 secs]
80.408: [GC 80.408: [ParNew: 8192K->0K(8256K), 0.0092360 secs] 62643K->55042K(131136K), 0.0094327 secs]
155.276: [GC 155.276: [ParNew: 8192K->0K(8256K), 0.0078330 secs] 63234K->55411K(131136K), 0.0080225 secs]
155.640: [GC 155.640: [ParNew: 8192K->0K(8256K), 0.0103814 secs] 63603K->55732K(131136K), 0.0105413 secs]
155.958: [GC 155.958: [ParNew: 8192K->0K(8256K), 0.0123390 secs] 63924K->56610K(131136K), 0.0124838 secs]
156.149: [GC 156.150: [ParNew: 8046K->0K(8256K), 0.0082235 secs] 64656K->57275K(131136K), 0.0083820 secs]
156.301: [GC 156.301: [ParNew: 8192K->0K(8256K), 0.0159266 secs] 65467K->58365K(131136K), 0.0160916 secs]
156.494: [GC 156.494: [ParNew: 8192K->0K(8256K), 0.0095147 secs] 66557K->59359K(131136K), 0.0096816 secs]
156.603: [GC 156.603: [ParNew: 8192K->0K(8256K), 0.0097869 secs] 67551K->59802K(131136K), 0.0099951 secs]
156.813: [GC 156.813: [ParNew: 8192K->0K(8256K), 0.0132739 secs] 67994K->60534K(131136K), 0.0134518 secs]
156.980: [GC 156.980: [ParNew: 8192K->0K(8256K), 0.0114234 secs] 68726K->61108K(131136K), 0.0116006 secs]
157.153: [GC 157.153: [ParNew: 8192K->0K(8256K), 0.0100932 secs] 69300K->62004K(131136K), 0.0102463 secs]
157.167: [GC [1 CMS-initial-mark: 62004K(122880K)] 62267K(131136K), 0.0086063 secs]
157.176: [CMS-concurrent-mark-start]
157.400: [GC 157.400: [ParNew: 8192K->0K(8256K), 0.0095218 secs] 70196K->62459K(131136K), 0.0096918 secs]
157.596: [GC 157.596: [ParNew: 8192K->0K(8256K), 0.0132553 secs] 70651K->63275K(131136K), 0.0134422 secs]
157.626: [CMS-concurrent-mark: 0.333/0.451 secs]
157.626: [CMS-concurrent-preclean-start]
157.638: [CMS-concurrent-preclean: 0.010/0.011 secs]
157.642: [GC[YG occupancy: 592 K (8256 K)]157.642: [Rescan (parallel) , 0.0090556 secs]157.651: [weak refs processing, 0.0198530 secs] [1 CMS-remark: 63275K(122880K)] 63868K(131136K), 0.0294016 secs]
157.682: [CMS-concurrent-sweep-start]
157.780: [CMS-concurrent-sweep: 0.076/0.099 secs]
157.781: [CMS-concurrent-reset-start]
157.804: [CMS-concurrent-reset: 0.023/0.023 secs]
157.896: [GC 157.896: [ParNew: 8192K->0K(8256K), 0.0105069 secs] 59867K->52313K(131136K), 0.0107377 secs]
158.064: [GC 158.064: [ParNew: 8192K->0K(8256K), 0.0084154 secs] 60505K->53124K(131136K), 0.0086411 secs]
158.218: [GC 158.218: [ParNew: 8192K->0K(8256K), 0.0104774 secs] 61316K->53855K(131136K), 0.0106518 secs]
158.372: [GC 158.372: [ParNew: 8192K->0K(8256K), 0.0094485 secs] 62047K->54864K(131136K), 0.0096136 secs]
158.536: [GC 158.536: [ParNew: 8192K->0K(8256K), 0.0109953 secs] 63056K->55591K(131136K), 0.0111721 secs]
158.697: [GC 158.697: [ParNew: 8192K->0K(8256K), 0.0079932 secs] 63783K->56256K(131136K), 0.0081803 secs]
158.831: [GC 158.831: [ParNew: 8192K->0K(8256K), 0.0076237 secs] 64448K->56990K(131136K), 0.0078013 secs]
158.965: [GC 158.965: [ParNew: 8192K->0K(8256K), 0.0126136 secs] 65182K->57648K(131136K), 0.0127878 secs]
159.131: [GC 159.131: [ParNew: 8192K->0K(8256K), 0.0116452 secs] 65840K->58194K(131136K), 0.0118109 secs]
159.333: [GC 159.333: [ParNew: 8192K->0K(8256K), 0.0140077 secs] 66386K->58910K(131136K), 0.0141827 secs]
159.465: [GC 159.465: [ParNew: 8192K->0K(8256K), 0.0135182 secs] 67102K->59668K(131136K), 0.0137153 secs]
159.610: [GC 159.610: [ParNew: 8192K->0K(8256K), 0.0125119 secs] 67860K->60318K(131136K), 0.0127073 secs]
159.780: [GC 159.781: [ParNew: 8192K->0K(8256K), 0.0089674 secs] 68510K->60945K(131136K), 0.0091477 secs]
159.931: [GC 159.931: [ParNew: 8192K->0K(8256K), 0.0124713 secs] 69137K->61530K(131136K), 0.0126642 secs]
160.071: [GC 160.071: [ParNew: 8192K->0K(8256K), 0.0094946 secs] 69722K->62203K(131136K), 0.0097062 secs]
160.184: [GC 160.184: [ParNew: 8192K->0K(8256K), 0.0087920 secs] 70395K->62766K(131136K), 0.0089756 secs]
160.307: [GC 160.307: [ParNew: 8167K->0K(8256K), 0.0104014 secs] 70933K->63433K(131136K), 0.0106259 secs]
160.454: [GC 160.454: [ParNew: 8192K->0K(8256K), 0.0096950 secs] 71625K->64068K(131136K), 0.0098767 secs]
160.607: [GC 160.607: [ParNew: 8192K->0K(8256K), 0.0177221 secs] 72260K->64894K(131136K), 0.0179063 secs]
160.744: [GC 160.744: [ParNew: 8192K->0K(8256K), 0.0167086 secs] 73086K->65466K(131136K), 0.0168905 secs]
160.870: [GC 160.870: [ParNew: 8192K->0K(8256K), 0.0108156 secs] 73658K->66228K(131136K), 0.0109922 secs]
161.004: [GC 161.004: [ParNew: 8192K->0K(8256K), 0.0115913 secs] 74420K->67003K(131136K), 0.0117997 secs]
161.137: [GC 161.138: [ParNew: 8192K->0K(8256K), 0.0103106 secs] 75195K->67686K(131136K), 0.0104797 secs]
161.272: [GC 161.272: [ParNew: 8192K->0K(8256K), 0.0165987 secs] 75878K->68172K(131136K), 0.0167643 secs]
161.421: [GC 161.421: [ParNew: 8192K->0K(8256K), 0.0109702 secs] 76364K->68916K(131136K), 0.0111660 secs]
161.543: [GC 161.543: [ParNew: 8192K->0K(8256K), 0.0079836 secs] 77108K->69284K(131136K), 0.0081523 secs]
161.673: [GC 161.673: [ParNew: 8192K->0K(8256K), 0.0131934 secs] 77476K->69996K(131136K), 0.0133954 secs]
161.765: [GC 161.765: [ParNew: 8192K->0K(8256K), 0.0098645 secs] 78188K->70654K(131136K), 0.0100555 secs]
161.872: [GC 161.872: [ParNew: 8192K->0K(8256K), 0.0103804 secs] 78846K->71231K(131136K), 0.0105840 secs]
161.986: [GC 161.986: [ParNew: 8192K->0K(8256K), 0.0154357 secs] 79423K->71989K(131136K), 0.0156131 secs]
162.112: [GC 162.112: [ParNew: 8192K->0K(8256K), 0.0146573 secs] 80181K->72497K(131136K), 0.0148351 secs]
162.206: [GC 162.206: [ParNew: 8192K->0K(8256K), 0.0095423 secs] 80689K->73070K(131136K), 0.0097964 secs]
162.318: [GC 162.318: [ParNew: 8192K->0K(8256K), 0.0110508 secs] 81262K->73548K(131136K), 0.0112073 secs]
162.430: [GC 162.431: [ParNew: 8192K->0K(8256K), 0.0122046 secs] 81740K->74125K(131136K), 0.0123656 secs]
162.528: [GC 162.528: [ParNew: 8192K->0K(8256K), 0.0140920 secs] 82317K->74917K(131136K), 0.0142787 secs]
162.693: [GC 162.693: [ParNew: 8192K->0K(8256K), 0.0118227 secs] 83109K->75616K(131136K), 0.0120251 secs]
162.836: [GC 162.836: [ParNew: 8192K->0K(8256K), 0.0101155 secs] 83808K->76363K(131136K), 0.0103331 secs]
162.943: [GC 162.943: [ParNew: 8192K->0K(8256K), 0.0104859 secs] 84555K->77469K(131136K), 0.0106735 secs]
163.083: [GC 163.083: [ParNew: 8192K->0K(8256K), 0.0142480 secs] 85661K->78213K(131136K), 0.0145045 secs]
163.197: [GC 163.197: [ParNew: 8189K->0K(8256K), 0.0135502 secs] 86403K->78848K(131136K), 0.0137221 secs]
163.359: [GC 163.359: [ParNew: 8192K->0K(8256K), 0.0231519 secs] 87040K->79902K(131136K), 0.0233789 secs]
163.530: [GC 163.530: [ParNew: 8192K->0K(8256K), 0.0239377 secs] 88094K->81249K(131136K), 0.0241285 secs]
163.677: [GC 163.677: [ParNew: 8192K->0K(8256K), 0.0172492 secs] 89441K->82169K(131136K), 0.0174411 secs]
163.796: [GC 163.796: [ParNew: 8192K->0K(8256K), 0.0157292 secs] 90361K->82966K(131136K), 0.0159090 secs]
163.946: [GC 163.947: [ParNew: 8192K->0K(8256K), 0.0127488 secs] 91158K->83738K(131136K), 0.0129488 secs]
164.079: [GC 164.079: [ParNew: 8192K->0K(8256K), 0.0076081 secs] 91930K->84125K(131136K), 0.0077960 secs]
164.185: [GC 164.185: [ParNew: 8192K->0K(8256K), 0.0085041 secs] 92317K->84617K(131136K), 0.0086830 secs]
164.350: [GC 164.350: [ParNew: 8192K->0K(8256K), 0.0141337 secs] 92809K->85316K(131136K), 0.0144269 secs]
164.427: [Full GC 164.427: [CMS (concurrent mode failure): 85316K->59534K(122880K), 1.1724657 secs] 89751K->59534K(131136K), [CMS Perm : 65487K->54547K(65536K)], 1.1726697 secs]
165.713: [GC 165.714: [ParNew: 8192K->0K(8256K), 0.0113188 secs] 67726K->60187K(131136K), 0.0115041 secs]
165.856: [GC 165.856: [ParNew: 8192K->0K(8256K), 0.0094092 secs] 68379K->60662K(131136K), 0.0095728 secs]
165.958: [GC 165.958: [ParNew: 8192K->0K(8256K), 0.0103870 secs] 68854K->61460K(131136K), 0.0105611 secs]
166.081: [GC 166.081: [ParNew: 8192K->0K(8256K), 0.0122961 secs] 69652K->62006K(131136K), 0.0124697 secs]
166.207: [GC 166.207: [ParNew: 8192K->0K(8256K), 0.0082973 secs] 70198K->62516K(131136K), 0.0084728 secs]
166.322: [GC 166.322: [ParNew: 8192K->0K(8256K), 0.0104457 secs] 70708K->63052K(131136K), 0.0106685 secs]
166.445: [GC 166.445: [ParNew: 8192K->0K(8256K), 0.0143705 secs] 71244K->63781K(131136K), 0.0145371 secs]
166.595: [GC 166.595: [ParNew: 8192K->0K(8256K), 0.0113788 secs] 71973K->64455K(131136K), 0.0115642 secs]
166.730: [GC 166.730: [ParNew: 8192K->0K(8256K), 0.0090398 secs] 72647K->65015K(131136K), 0.0092702 secs]
166.858: [GC 166.858: [ParNew: 8192K->0K(8256K), 0.0111331 secs] 73207K->65729K(131136K), 0.0113095 secs]
166.958: [GC 166.958: [ParNew: 8189K->0K(8256K), 0.0087534 secs] 73919K->66369K(131136K), 0.0089375 secs]
167.075: [GC 167.076: [ParNew: 8192K->0K(8256K), 0.0105381 secs] 74561K->66992K(131136K), 0.0107451 secs]
167.311: [GC 167.311: [ParNew: 8192K->0K(8256K), 0.0091513 secs] 75184K->67752K(131136K), 0.0093418 secs]
167.490: [GC 167.490: [ParNew: 8192K->0K(8256K), 0.0099568 secs] 75944K->68188K(131136K), 0.0101404 secs]
167.609: [GC 167.609: [ParNew: 8192K->0K(8256K), 0.0108043 secs] 76380K->68901K(131136K), 0.0109836 secs]
167.738: [GC 167.739: [ParNew: 8192K->0K(8256K), 0.0086638 secs] 77093K->69615K(131136K), 0.0088556 secs]
167.903: [GC 167.904: [ParNew: 8192K->0K(8256K), 0.0096111 secs] 77807K->70216K(131136K), 0.0098061 secs]
168.034: [GC 168.034: [ParNew: 8192K->0K(8256K), 0.0084081 secs] 78408K->70842K(131136K), 0.0086027 secs]
168.187: [GC 168.187: [ParNew: 8192K->0K(8256K), 0.0099231 secs] 79034K->71528K(131136K), 0.0101957 secs]
168.321: [GC 168.322: [ParNew: 8192K->0K(8256K), 0.0105894 secs] 79720K->72022K(131136K), 0.0107984 secs]
168.487: [GC 168.487: [ParNew: 8192K->0K(8256K), 0.0151459 secs] 80214K->72726K(131136K), 0.0153420 secs]
168.650: [GC 168.651: [ParNew: 8192K->0K(8256K), 0.0140107 secs] 80918K->73524K(131136K), 0.0142861 secs]
168.776: [GC 168.776: [ParNew: 8192K->0K(8256K), 0.0127734 secs] 81716K->74063K(131136K), 0.0129778 secs]
168.907: [GC 168.908: [ParNew: 8192K->0K(8256K), 0.0094491 secs] 82255K->74732K(131136K), 0.0097213 secs]
169.018: [GC 169.018: [ParNew: 8192K->0K(8256K), 0.0090198 secs] 82924K->75307K(131136K), 0.0092288 secs]
169.169: [GC 169.169: [ParNew: 8192K->0K(8256K), 0.0107632 secs] 83499K->76067K(131136K), 0.0109589 secs]
169.327: [GC 169.327: [ParNew: 8192K->0K(8256K), 0.0130655 secs] 84259K->76648K(131136K), 0.0132717 secs]
169.426: [GC 169.426: [ParNew: 8192K->0K(8256K), 0.0100087 secs] 84840K->77412K(131136K), 0.0101929 secs]
169.556: [GC 169.556: [ParNew: 8192K->0K(8256K), 0.0063139 secs] 85604K->77899K(131136K), 0.0064969 secs]
169.693: [GC 169.693: [ParNew: 8192K->0K(8256K), 0.0113196 secs] 86091K->78541K(131136K), 0.0115047 secs]
169.792: [GC 169.793: [ParNew: 8185K->0K(8256K), 0.0131763 secs] 86726K->79297K(131136K), 0.0134494 secs]
169.962: [GC 169.962: [ParNew: 8192K->0K(8256K), 0.0079643 secs] 87489K->79866K(131136K), 0.0081544 secs]
170.094: [GC 170.094: [ParNew: 8192K->0K(8256K), 0.0128355 secs] 88058K->80561K(131136K), 0.0130441 secs]
170.253: [GC 170.253: [ParNew: 8192K->0K(8256K), 0.0082784 secs] 88753K->81126K(131136K), 0.0085265 secs]
170.338: [GC 170.338: [ParNew: 8192K->0K(8256K), 0.0087257 secs] 89318K->81763K(131136K), 0.0089113 secs]
170.448: [GC 170.448: [ParNew: 8192K->0K(8256K), 0.0085722 secs] 89955K->82340K(131136K), 0.0087689 secs]
170.572: [GC 170.572: [ParNew: 8192K->0K(8256K), 0.0088276 secs] 90532K->82965K(131136K), 0.0090276 secs]
170.708: [GC 170.708: [ParNew: 8192K->0K(8256K), 0.0109447 secs] 91157K->83667K(131136K), 0.0111462 secs]
170.927: [GC 170.928: [ParNew: 8192K->0K(8256K), 0.0109307 secs] 91859K->84240K(131136K), 0.0111438 secs]
171.047: [GC 171.047: [ParNew: 8192K->0K(8256K), 0.0101771 secs] 92432K->85010K(131136K), 0.0103825 secs]
171.189: [GC 171.189: [ParNew: 8192K->0K(8256K), 0.0084217 secs] 93202K->85483K(131136K), 0.0086314 secs]
171.285: [GC 171.285: [ParNew: 8192K->0K(8256K), 0.0098132 secs] 93675K->86135K(131136K), 0.0100028 secs]
171.380: [GC 171.380: [ParNew: 8192K->0K(8256K), 0.0095880 secs] 94327K->86784K(131136K), 0.0098501 secs]
171.519: [GC 171.519: [ParNew: 8192K->0K(8256K), 0.0120188 secs] 94976K->87383K(131136K), 0.0122891 secs]
171.623: [GC 171.623: [ParNew: 8192K->0K(8256K), 0.0688285 secs] 95575K->88080K(131136K), 0.0690192 secs]
171.777: [GC 171.777: [ParNew: 8192K->0K(8256K), 0.0103851 secs] 96272K->88748K(131136K), 0.0105850 secs]
171.909: [GC 171.909: [ParNew: 8192K->0K(8256K), 0.0075553 secs] 96940K->89233K(131136K), 0.0077509 secs]
172.022: [GC 172.022: [ParNew: 8192K->0K(8256K), 0.0073536 secs] 97425K->89859K(131136K), 0.0075488 secs]
172.125: [GC 172.125: [ParNew: 8192K->0K(8256K), 0.0102766 secs] 98051K->90618K(131136K), 0.0104884 secs]
172.248: [GC 172.248: [ParNew: 8192K->0K(8256K), 0.0127956 secs] 98810K->91261K(131136K), 0.0130017 secs]
172.381: [GC 172.381: [ParNew: 8192K->0K(8256K), 0.0070388 secs] 99453K->91778K(131136K), 0.0072566 secs]
172.508: [GC 172.508: [ParNew: 8192K->0K(8256K), 0.0102953 secs] 99970K->92546K(131136K), 0.0105052 secs]
172.677: [GC 172.677: [ParNew: 8192K->0K(8256K), 0.0223528 secs] 100738K->93207K(131136K), 0.0225690 secs]
172.821: [GC 172.822: [ParNew: 8192K->0K(8256K), 0.0104399 secs] 101399K->93754K(131136K), 0.0106392 secs]
172.947: [GC 172.947: [ParNew: 8192K->0K(8256K), 0.0105116 secs] 101946K->94338K(131136K), 0.0107079 secs]
173.039: [GC 173.039: [ParNew: 8192K->0K(8256K), 0.0094290 secs] 102530K->95077K(131136K), 0.0096216 secs]
173.146: [GC 173.146: [ParNew: 8181K->0K(8256K), 0.0095827 secs] 103258K->95786K(131136K), 0.0097720 secs]
173.281: [GC 173.281: [ParNew: 8192K->0K(8256K), 0.0094190 secs] 103978K->96282K(131136K), 0.0097478 secs]
173.385: [GC 173.385: [ParNew: 8192K->0K(8256K), 0.0096724 secs] 104474K->96972K(131136K), 0.0098670 secs]
173.419: [Full GC 173.419: [CMS (concurrent mode failure): 96972K->62587K(122880K), 1.2002893 secs] 98941K->62587K(131136K), [CMS Perm : 65535K->57506K(65536K)], 1.2006461 secs]
174.701: [GC 174.701: [ParNew: 8191K->0K(8256K), 0.0107829 secs] 70779K->63289K(131136K), 0.0109837 secs]
174.861: [GC 174.861: [ParNew: 8192K->0K(8256K), 0.0086282 secs] 71481K->63854K(131136K), 0.0088318 secs]
174.995: [GC 174.995: [ParNew: 8192K->0K(8256K), 0.0098989 secs] 72046K->64485K(131136K), 0.0100925 secs]
175.089: [GC 175.089: [ParNew: 8192K->0K(8256K), 0.0084555 secs] 72677K->65267K(131136K), 0.0086515 secs]
175.204: [GC 175.204: [ParNew: 8192K->0K(8256K), 0.0084198 secs] 73459K->65805K(131136K), 0.0086086 secs]
175.331: [GC 175.331: [ParNew: 8192K->0K(8256K), 0.0105583 secs] 73997K->66497K(131136K), 0.0107554 secs]
175.423: [GC 175.423: [ParNew: 8192K->0K(8256K), 0.0087973 secs] 74689K->67180K(131136K), 0.0089950 secs]
175.538: [GC 175.538: [ParNew: 8192K->0K(8256K), 0.0086327 secs] 75372K->67810K(131136K), 0.0089037 secs]
175.681: [GC 175.682: [ParNew: 8192K->0K(8256K), 0.0097161 secs] 76002K->68349K(131136K), 0.0099189 secs]
175.789: [GC 175.789: [ParNew: 8192K->0K(8256K), 0.0083226 secs] 76541K->68962K(131136K), 0.0085550 secs]
175.882: [GC 175.882: [ParNew: 8192K->0K(8256K), 0.0089302 secs] 77154K->69778K(131136K), 0.0091226 secs]
176.004: [GC 176.004: [ParNew: 8192K->0K(8256K), 0.0104655 secs] 77970K->70369K(131136K), 0.0106715 secs]
176.106: [GC 176.106: [ParNew: 8192K->0K(8256K), 0.0086313 secs] 78561K->71106K(131136K), 0.0088602 secs]
176.221: [GC 176.222: [ParNew: 8192K->0K(8256K), 0.0087517 secs] 79298K->71715K(131136K), 0.0090283 secs]
176.324: [GC 176.324: [ParNew: 8192K->0K(8256K), 0.0163824 secs] 79907K->72560K(131136K), 0.0166715 secs]
176.462: [GC 176.462: [ParNew: 8192K->0K(8256K), 0.0082068 secs] 80752K->73016K(131136K), 0.0084014 secs]
176.556: [GC 176.556: [ParNew: 8192K->0K(8256K), 0.0089951 secs] 81208K->73685K(131136K), 0.0091839 secs]
176.665: [GC 176.665: [ParNew: 8192K->0K(8256K), 0.0145332 secs] 81877K->74360K(131136K), 0.0147477 secs]
176.796: [GC 176.796: [ParNew: 8192K->0K(8256K), 0.0091653 secs] 82552K->75089K(131136K), 0.0093592 secs]
176.916: [GC 176.916: [ParNew: 8192K->0K(8256K), 0.0093800 secs] 83281K->75714K(131136K), 0.0096473 secs]
177.007: [GC 177.007: [ParNew: 8192K->0K(8256K), 0.0150077 secs] 83906K->76748K(131136K), 0.0152696 secs]
177.098: [GC 177.098: [ParNew: 8192K->0K(8256K), 0.0104483 secs] 84940K->79508K(131136K), 0.0106681 secs]
177.211: [GC 177.211: [ParNew: 8192K->0K(8256K), 0.0097094 secs] 87700K->80178K(131136K), 0.0099059 secs]
177.301: [GC 177.301: [ParNew: 8191K->0K(8256K), 0.0088635 secs] 88370K->80811K(131136K), 0.0090648 secs]
177.398: [GC 177.399: [ParNew: 8192K->0K(8256K), 0.0103359 secs] 89003K->81944K(131136K), 0.0105544 secs]
177.493: [GC 177.493: [ParNew: 8192K->0K(8256K), 0.0108724 secs] 90136K->83200K(131136K), 0.0111046 secs]
177.575: [GC 177.575: [ParNew: 8192K->0K(8256K), 0.0109126 secs] 91392K->85338K(131136K), 0.0111523 secs]
177.675: [GC 177.675: [ParNew: 8192K->0K(8256K), 0.0100080 secs] 93530K->86108K(131136K), 0.0102323 secs]
177.830: [GC 177.831: [ParNew: 8192K->0K(8256K), 0.0119541 secs] 94300K->87296K(131136K), 0.0121716 secs]
178.022: [GC 178.022: [ParNew: 8192K->0K(8256K), 0.0117686 secs] 95488K->88298K(131136K), 0.0119965 secs]
178.146: [GC 178.146: [ParNew: 8192K->0K(8256K), 0.0106997 secs] 96490K->89059K(131136K), 0.0109304 secs]
178.279: [GC 178.279: [ParNew: 8191K->0K(8256K), 0.0101477 secs] 97251K->89688K(131136K), 0.0103563 secs]
178.401: [GC 178.401: [ParNew: 8192K->0K(8256K), 0.0096873 secs] 97880K->90282K(131136K), 0.0099044 secs]
178.489: [GC 178.489: [ParNew: 8192K->0K(8256K), 0.0089796 secs] 98474K->91018K(131136K), 0.0092099 secs]
178.600: [GC 178.600: [ParNew: 8192K->0K(8256K), 0.0172542 secs] 99210K->91769K(131136K), 0.0174704 secs]
178.739: [GC 178.739: [ParNew: 8192K->0K(8256K), 0.0120258 secs] 99961K->92358K(131136K), 0.0122483 secs]
178.833: [GC 178.834: [ParNew: 8192K->0K(8256K), 0.0108456 secs] 100550K->93067K(131136K), 0.0110538 secs]
178.937: [GC 178.937: [ParNew: 8192K->0K(8256K), 0.0074665 secs] 101259K->93574K(131136K), 0.0076748 secs]
179.022: [GC 179.023: [ParNew: 8192K->0K(8256K), 0.0103659 secs] 101766K->94330K(131136K), 0.0105758 secs]
179.134: [GC 179.135: [ParNew: 8192K->0K(8256K), 0.0096378 secs] 102522K->94746K(131136K), 0.0098738 secs]
179.231: [GC 179.231: [ParNew: 8192K->0K(8256K), 0.0095708 secs] 102938K->95417K(131136K), 0.0098672 secs]
179.340: [GC 179.340: [ParNew: 8192K->0K(8256K), 0.0084262 secs] 103609K->95912K(131136K), 0.0087249 secs]
179.416: [GC 179.416: [ParNew: 8186K->0K(8256K), 0.0097809 secs] 104099K->96518K(131136K), 0.0099939 secs]
179.513: [GC 179.513: [ParNew: 8192K->0K(8256K), 0.0099646 secs] 104710K->97056K(131136K), 0.0101829 secs]
179.599: [GC 179.599: [ParNew: 8192K->0K(8256K), 0.0101455 secs] 105248K->97575K(131136K), 0.0103567 secs]
179.702: [GC 179.702: [ParNew: 8192K->0K(8256K), 0.0111487 secs] 105767K->98222K(131136K), 0.0113823 secs]
179.791: [GC 179.791: [ParNew: 8192K->0K(8256K), 0.0122234 secs] 106414K->99068K(131136K), 0.0125018 secs]
179.834: [Full GC 179.835: [CMS (concurrent mode failure): 99068K->70159K(122880K), 1.2161602 secs] 102206K->70159K(131136K), [CMS Perm : 65535K->59672K(65536K)], 1.2164172 secs]
181.147: [GC 181.148: [ParNew: 8192K->0K(8256K), 0.0122619 secs] 78351K->70749K(131136K), 0.0198399 secs]
181.243: [GC 181.243: [ParNew: 8192K->0K(8256K), 0.0093979 secs] 78941K->71335K(131136K), 0.0096149 secs]
181.326: [GC 181.326: [ParNew: 8192K->0K(8256K), 0.0084247 secs] 79527K->71861K(131136K), 0.0086331 secs]
181.423: [GC 181.423: [ParNew: 8192K->0K(8256K), 0.0097609 secs] 80053K->72426K(131136K), 0.0099761 secs]
181.517: [GC 181.518: [ParNew: 8192K->0K(8256K), 0.0113748 secs] 80618K->73067K(131136K), 0.0116352 secs]
181.613: [GC 181.614: [ParNew: 8192K->0K(8256K), 0.0100558 secs] 81259K->73798K(131136K), 0.0102697 secs]
181.704: [GC 181.704: [ParNew: 8192K->0K(8256K), 0.0120834 secs] 81990K->74464K(131136K), 0.0123923 secs]
181.800: [GC 181.800: [ParNew: 8192K->0K(8256K), 0.0092198 secs] 82656K->75064K(131136K), 0.0094443 secs]
181.879: [GC 181.879: [ParNew: 8192K->0K(8256K), 0.0098347 secs] 83256K->75658K(131136K), 0.0100471 secs]
181.967: [GC 181.967: [ParNew: 8192K->0K(8256K), 0.0088479 secs] 83850K->76192K(131136K), 0.0090626 secs]
182.048: [GC 182.048: [ParNew: 8192K->0K(8256K), 0.0098766 secs] 84384K->76874K(131136K), 0.0101011 secs]
182.135: [GC 182.135: [ParNew: 8192K->0K(8256K), 0.0109268 secs] 85066K->77572K(131136K), 0.0111480 secs]
182.236: [GC 182.236: [ParNew: 8192K->0K(8256K), 0.0112857 secs] 85764K->78222K(131136K), 0.0115196 secs]
182.326: [GC 182.326: [ParNew: 8191K->0K(8256K), 0.0103656 secs] 86413K->78875K(131136K), 0.0105946 secs]
182.432: [GC 182.432: [ParNew: 8192K->0K(8256K), 0.0131655 secs] 87067K->79557K(131136K), 0.0133853 secs]
182.524: [GC 182.524: [ParNew: 8192K->0K(8256K), 0.0086600 secs] 87749K->80195K(131136K), 0.0088644 secs]
182.607: [GC 182.607: [ParNew: 8192K->0K(8256K), 0.0097372 secs] 88387K->80913K(131136K), 0.0099705 secs]
182.698: [GC 182.698: [ParNew: 8192K->0K(8256K), 0.0091236 secs] 89105K->81600K(131136K), 0.0093374 secs]
182.786: [GC 182.786: [ParNew: 8192K->0K(8256K), 0.0095656 secs] 89792K->82254K(131136K), 0.0098600 secs]
182.876: [GC 182.876: [ParNew: 8192K->0K(8256K), 0.0089229 secs] 90446K->82837K(131136K), 0.0091293 secs]
182.978: [GC 182.978: [ParNew: 8192K->0K(8256K), 0.0140530 secs] 91029K->83529K(131136K), 0.0142846 secs]
183.072: [GC 183.072: [ParNew: 8192K->0K(8256K), 0.0093405 secs] 91721K->84123K(131136K), 0.0095638 secs]
183.155: [GC 183.155: [ParNew: 8192K->0K(8256K), 0.0089799 secs] 92315K->84718K(131136K), 0.0091984 secs]
183.241: [GC 183.241: [ParNew: 8192K->0K(8256K), 0.0086611 secs] 92910K->85342K(131136K), 0.0088726 secs]
183.326: [GC 183.326: [ParNew: 8192K->0K(8256K), 0.0094576 secs] 93534K->86021K(131136K), 0.0096874 secs]
183.410: [GC 183.410: [ParNew: 8192K->0K(8256K), 0.0101311 secs] 94213K->86656K(131136K), 0.0103410 secs]
183.499: [GC 183.499: [ParNew: 8192K->0K(8256K), 0.0094430 secs] 94848K->87394K(131136K), 0.0096513 secs]
183.575: [GC 183.575: [ParNew: 8192K->0K(8256K), 0.0093567 secs] 95586K->88020K(131136K), 0.0096445 secs]
183.667: [GC 183.667: [ParNew: 8192K->0K(8256K), 0.0100128 secs] 96212K->88542K(131136K), 0.0102284 secs]
183.752: [GC 183.752: [ParNew: 8192K->0K(8256K), 0.0090221 secs] 96734K->89192K(131136K), 0.0093209 secs]
183.844: [GC 183.844: [ParNew: 8192K->0K(8256K), 0.0091937 secs] 97384K->89673K(131136K), 0.0094760 secs]
183.919: [GC 183.919: [ParNew: 8192K->0K(8256K), 0.0090538 secs] 97865K->90251K(131136K), 0.0093241 secs]
184.014: [GC 184.014: [ParNew: 8192K->0K(8256K), 0.0081391 secs] 98443K->90819K(131136K), 0.0083723 secs]
184.118: [GC 184.118: [ParNew: 8191K->0K(8256K), 0.0081263 secs] 99011K->91469K(131136K), 0.0083361 secs]
184.219: [GC 184.219: [ParNew: 8192K->0K(8256K), 0.0071748 secs] 99661K->92029K(131136K), 0.0073914 secs]
184.281: [Full GC 184.281: [CMS (concurrent mode failure): 92029K->71187K(122880K), 1.1315667 secs] 98455K->71187K(131136K), [CMS Perm : 65535K->59879K(65536K)], 1.1318130 secs]
185.509: [GC 185.510: [ParNew: 8192K->0K(8256K), 0.0094593 secs] 79379K->71693K(131136K), 0.0096697 secs]
185.599: [GC 185.599: [ParNew: 8192K->0K(8256K), 0.0089641 secs] 79885K->72224K(131136K), 0.0091869 secs]
185.699: [GC 185.699: [ParNew: 8192K->0K(8256K), 0.0087128 secs] 80416K->72779K(131136K), 0.0089196 secs]
185.788: [GC 185.788: [ParNew: 8192K->0K(8256K), 0.0087814 secs] 80971K->73282K(131136K), 0.0089959 secs]
185.876: [GC 185.876: [ParNew: 8192K->0K(8256K), 0.0114462 secs] 81474K->74051K(131136K), 0.0117974 secs]
185.958: [GC 185.958: [ParNew: 8192K->0K(8256K), 0.0129371 secs] 82243K->74704K(131136K), 0.0131424 secs]
186.048: [GC 186.048: [ParNew: 8192K->0K(8256K), 0.0078880 secs] 82896K->75249K(131136K), 0.0080950 secs]
186.125: [GC 186.125: [ParNew: 8192K->0K(8256K), 0.0099259 secs] 83441K->75782K(131136K), 0.0102205 secs]
186.215: [GC 186.215: [ParNew: 8192K->0K(8256K), 0.0088129 secs] 83974K->76372K(131136K), 0.0090252 secs]
186.300: [GC 186.300: [ParNew: 8192K->0K(8256K), 0.0098088 secs] 84564K->76847K(131136K), 0.0100162 secs]
186.380: [GC 186.380: [ParNew: 8192K->0K(8256K), 0.0096890 secs] 85039K->77587K(131136K), 0.0099125 secs]
186.480: [GC 186.480: [ParNew: 8192K->0K(8256K), 0.0103253 secs] 85779K->78027K(131136K), 0.0105495 secs]
186.554: [GC 186.554: [ParNew: 8192K->0K(8256K), 0.0105607 secs] 86219K->79219K(131136K), 0.0107680 secs]
186.656: [GC 186.656: [ParNew: 8192K->0K(8256K), 0.0131841 secs] 87411K->79947K(131136K), 0.0134085 secs]
186.794: [GC 186.795: [ParNew: 8192K->0K(8256K), 0.0115030 secs] 88139K->80808K(131136K), 0.0117273 secs]
186.882: [GC 186.882: [ParNew: 8192K->0K(8256K), 0.0100532 secs] 89000K->81787K(131136K), 0.0102713 secs]
186.989: [GC 186.990: [ParNew: 8192K->0K(8256K), 0.0087881 secs] 89979K->82218K(131136K), 0.0090821 secs]
187.102: [GC 187.102: [ParNew: 8192K->0K(8256K), 0.0114456 secs] 90410K->83025K(131136K), 0.0116502 secs]
187.248: [GC 187.248: [ParNew: 8192K->0K(8256K), 0.0076101 secs] 91217K->83414K(131136K), 0.0078211 secs]
187.384: [GC 187.384: [ParNew: 8192K->0K(8256K), 0.0136956 secs] 91606K->84586K(131136K), 0.0139039 secs]
187.472: [GC 187.472: [ParNew: 8192K->0K(8256K), 0.0097711 secs] 92778K->85231K(131136K), 0.0099886 secs]
187.560: [GC 187.560: [ParNew: 8192K->0K(8256K), 0.0060610 secs] 93423K->85718K(131136K), 0.0062693 secs]
187.711: [GC 187.711: [ParNew: 8192K->0K(8256K), 0.0107819 secs] 93910K->86323K(131136K), 0.0110011 secs]
187.808: [GC 187.808: [ParNew: 8192K->0K(8256K), 0.0143005 secs] 94515K->87197K(131136K), 0.0145348 secs]
187.927: [GC 187.927: [ParNew: 8192K->0K(8256K), 0.0083655 secs] 95389K->87738K(131136K), 0.0085684 secs]
188.032: [GC 188.032: [ParNew: 8192K->0K(8256K), 0.0116372 secs] 95930K->88547K(131136K), 0.0119354 secs]
188.159: [GC 188.172: [ParNew: 8192K->0K(8256K), 0.0091555 secs] 96739K->89162K(131136K), 0.0095205 secs]
188.267: [GC 188.268: [ParNew: 8192K->0K(8256K), 0.0090987 secs] 97354K->89778K(131136K), 0.0093129 secs]
188.360: [GC 188.360: [ParNew: 8192K->0K(8256K), 0.0102935 secs] 97970K->90624K(131136K), 0.0105108 secs]
188.394: [Full GC 188.394: [CMS (concurrent mode failure): 90624K->71359K(122880K), 1.0595454 secs] 92462K->71359K(131136K), [CMS Perm : 65535K->61291K(65536K)], 1.0597936 secs]
189.541: [GC 189.541: [ParNew: 8192K->0K(8256K), 0.0097000 secs] 79551K->72071K(131136K), 0.0098997 secs]
189.657: [GC 189.657: [ParNew: 8192K->0K(8256K), 0.0084180 secs] 80263K->72673K(131136K), 0.0086999 secs]
189.765: [GC 189.765: [ParNew: 8192K->0K(8256K), 0.0097609 secs] 80865K->73476K(131136K), 0.0099663 secs]
189.855: [GC 189.855: [ParNew: 8192K->0K(8256K), 0.0101849 secs] 81668K->74261K(131136K), 0.0104652 secs]
189.954: [GC 189.954: [ParNew: 8192K->0K(8256K), 0.0102614 secs] 82453K->75065K(131136K), 0.0105252 secs]
190.045: [GC 190.045: [ParNew: 8192K->0K(8256K), 0.0090770 secs] 83257K->75743K(131136K), 0.0092880 secs]
190.131: [GC 190.131: [ParNew: 8192K->0K(8256K), 0.0105885 secs] 83935K->76481K(131136K), 0.0108243 secs]
190.217: [GC 190.218: [ParNew: 8192K->0K(8256K), 0.0101841 secs] 84673K->77181K(131136K), 0.0104164 secs]
190.308: [GC 190.308: [ParNew: 8192K->0K(8256K), 0.0091267 secs] 85373K->77744K(131136K), 0.0093368 secs]
190.403: [GC 190.403: [ParNew: 8192K->0K(8256K), 0.0099389 secs] 85936K->78429K(131136K), 0.0102435 secs]
190.493: [GC 190.493: [ParNew: 8192K->0K(8256K), 0.0087309 secs] 86621K->79064K(131136K), 0.0089515 secs]
190.590: [GC 190.590: [ParNew: 8192K->0K(8256K), 0.0099523 secs] 87256K->79703K(131136K), 0.0102409 secs]
190.689: [GC 190.689: [ParNew: 8192K->0K(8256K), 0.0075926 secs] 87895K->80056K(131136K), 0.0078103 secs]
190.791: [GC 190.792: [ParNew: 8192K->0K(8256K), 0.0093035 secs] 88248K->80758K(131136K), 0.0095784 secs]
190.876: [GC 190.877: [ParNew: 8192K->0K(8256K), 0.0076022 secs] 88950K->81388K(131136K), 0.0078095 secs]
190.963: [GC 190.963: [ParNew: 8192K->0K(8256K), 0.0091385 secs] 89580K->81913K(131136K), 0.0093473 secs]
191.060: [GC 191.061: [ParNew: 8192K->0K(8256K), 0.0148003 secs] 90105K->82747K(131136K), 0.0150050 secs]
191.181: [GC 191.181: [ParNew: 8192K->0K(8256K), 0.0089659 secs] 90939K->83343K(131136K), 0.0091719 secs]
191.270: [GC 191.270: [ParNew: 8192K->0K(8256K), 0.0096652 secs] 91535K->84077K(131136K), 0.0098777 secs]
191.363: [GC 191.363: [ParNew: 8192K->0K(8256K), 0.0084607 secs] 92269K->84580K(131136K), 0.0086851 secs]
191.448: [GC 191.448: [ParNew: 8192K->0K(8256K), 0.0095953 secs] 92772K->85221K(131136K), 0.0097987 secs]
191.520: [GC 191.520: [ParNew: 8192K->0K(8256K), 0.0088115 secs] 93413K->85896K(131136K), 0.0090173 secs]
191.613: [Full GC 191.613: [CMS (concurrent mode failure): 85896K->72403K(122880K), 1.0670254 secs] 93582K->72403K(131136K), [CMS Perm : 65535K->61354K(65536K)], 1.0672931 secs]
192.774: [GC 192.774: [ParNew: 8192K->0K(8256K), 0.0148128 secs] 80595K->72962K(131136K), 0.0150174 secs]
192.873: [GC 192.873: [ParNew: 8192K->0K(8256K), 0.0091763 secs] 81154K->73465K(131136K), 0.0094719 secs]
192.965: [GC 192.965: [ParNew: 8192K->0K(8256K), 0.0109825 secs] 81657K->74339K(131136K), 0.0111798 secs]
193.063: [GC 193.063: [ParNew: 8192K->0K(8256K), 0.0113434 secs] 82531K->74994K(131136K), 0.0115587 secs]
193.164: [GC 193.165: [ParNew: 8192K->0K(8256K), 0.0092682 secs] 83186K->75721K(131136K), 0.0096177 secs]
193.259: [GC 193.259: [ParNew: 8192K->0K(8256K), 0.0092460 secs] 83913K->76627K(131136K), 0.0094646 secs]
193.409: [GC 193.409: [ParNew: 8192K->0K(8256K), 0.0140732 secs] 84819K->77388K(131136K), 0.0143410 secs]
193.545: [GC 193.546: [ParNew: 8192K->0K(8256K), 0.0131908 secs] 85580K->78194K(131136K), 0.0133906 secs]
193.716: [GC 193.716: [ParNew: 8192K->0K(8256K), 0.0116013 secs] 86386K->78882K(131136K), 0.0118681 secs]
193.842: [GC 193.842: [ParNew: 8185K->0K(8256K), 0.0084607 secs] 87068K->79727K(131136K), 0.0086875 secs]
193.940: [GC 193.940: [ParNew: 8192K->0K(8256K), 0.0079886 secs] 87919K->80481K(131136K), 0.0082690 secs]
194.030: [GC 194.030: [ParNew: 8192K->0K(8256K), 0.0082379 secs] 88673K->81242K(131136K), 0.0084449 secs]
194.114: [GC 194.114: [ParNew: 8192K->0K(8256K), 0.0097612 secs] 89434K->82063K(131136K), 0.0099626 secs]
194.228: [GC 194.228: [ParNew: 8192K->0K(8256K), 0.0076391 secs] 90255K->82599K(131136K), 0.0078432 secs]
194.311: [GC 194.311: [ParNew: 8192K->0K(8256K), 0.0100857 secs] 90791K->83409K(131136K), 0.0103052 secs]
194.424: [GC 194.424: [ParNew: 8192K->0K(8256K), 0.0089254 secs] 91601K->84126K(131136K), 0.0091489 secs]
194.527: [GC 194.527: [ParNew: 8192K->0K(8256K), 0.0151969 secs] 92318K->84828K(131136K), 0.0154051 secs]
194.684: [GC 194.684: [ParNew: 8192K->0K(8256K), 0.0130369 secs] 93020K->85379K(131136K), 0.0132358 secs]
194.822: [GC 194.822: [ParNew: 8192K->0K(8256K), 0.0100378 secs] 93571K->86214K(131136K), 0.0102436 secs]
194.927: [GC 194.927: [ParNew: 8191K->0K(8256K), 0.0085634 secs] 94406K->86850K(131136K), 0.0087692 secs]
195.011: [GC 195.011: [ParNew: 8190K->0K(8256K), 0.0117255 secs] 95040K->87673K(131136K), 0.0119258 secs]
195.100: [GC 195.100: [ParNew: 8192K->0K(8256K), 0.0097172 secs] 95865K->88260K(131136K), 0.0099348 secs]
195.206: [GC 195.206: [ParNew: 8192K->0K(8256K), 0.0087593 secs] 96452K->88982K(131136K), 0.0089709 secs]
195.303: [GC 195.303: [ParNew: 8192K->0K(8256K), 0.0090246 secs] 97174K->89696K(131136K), 0.0093139 secs]
195.413: [GC 195.413: [ParNew: 8192K->0K(8256K), 0.0114868 secs] 97888K->90429K(131136K), 0.0116949 secs]
195.499: [Full GC 195.500: [CMS (concurrent mode failure): 90429K->70376K(122880K), 1.0050907 secs] 97415K->70376K(131136K), [CMS Perm : 65535K->61401K(65536K)], 1.0054222 secs]
196.628: [GC 196.628: [ParNew: 8192K->0K(8256K), 0.0089024 secs] 78568K->70984K(131136K), 0.0091239 secs]
196.746: [GC 196.746: [ParNew: 8192K->0K(8256K), 0.0144252 secs] 79176K->71636K(131136K), 0.0146947 secs]
196.846: [GC 196.846: [ParNew: 8191K->0K(8256K), 0.0095696 secs] 79828K->72355K(131136K), 0.0098312 secs]
196.948: [GC 196.948: [ParNew: 8192K->0K(8256K), 0.0131588 secs] 80547K->73071K(131136K), 0.0133732 secs]
197.063: [GC 197.063: [ParNew: 8192K->0K(8256K), 0.0095145 secs] 81263K->73802K(131136K), 0.0097232 secs]
197.147: [GC 197.147: [ParNew: 8192K->0K(8256K), 0.0104710 secs] 81994K->74641K(131136K), 0.0106949 secs]
197.234: [GC 197.234: [ParNew: 8192K->0K(8256K), 0.0110406 secs] 82833K->75284K(131136K), 0.0112469 secs]
197.316: [GC 197.316: [ParNew: 8192K->0K(8256K), 0.0094299 secs] 83476K->75951K(131136K), 0.0096325 secs]
197.413: [GC 197.413: [ParNew: 8192K->0K(8256K), 0.0110273 secs] 84143K->76749K(131136K), 0.0112228 secs]
197.504: [GC 197.504: [ParNew: 8192K->0K(8256K), 0.0095493 secs] 84941K->77519K(131136K), 0.0097660 secs]
197.596: [GC 197.596: [ParNew: 8192K->0K(8256K), 0.0099466 secs] 85711K->78296K(131136K), 0.0102446 secs]
197.712: [GC 197.712: [ParNew: 8192K->0K(8256K), 0.0130717 secs] 86488K->78947K(131136K), 0.0132948 secs]
197.811: [GC 197.811: [ParNew: 8192K->0K(8256K), 0.0094136 secs] 87139K->79570K(131136K), 0.0096921 secs]
197.893: [GC 197.893: [ParNew: 8189K->0K(8256K), 0.0100452 secs] 87759K->80308K(131136K), 0.0102423 secs]
197.971: [GC 197.971: [ParNew: 8192K->0K(8256K), 0.0102156 secs] 88500K->81037K(131136K), 0.0104377 secs]
198.053: [GC 198.053: [ParNew: 8192K->0K(8256K), 0.0100549 secs] 89229K->81843K(131136K), 0.0102618 secs]
198.152: [GC 198.152: [ParNew: 8192K->0K(8256K), 0.0112545 secs] 90035K->82635K(131136K), 0.0114610 secs]
198.234: [GC 198.234: [ParNew: 8192K->0K(8256K), 0.0106137 secs] 90827K->83492K(131136K), 0.0108348 secs]
198.317: [GC 198.317: [ParNew: 8192K->0K(8256K), 0.0087676 secs] 91684K->84150K(131136K), 0.0089760 secs]
198.390: [GC 198.390: [ParNew: 8192K->0K(8256K), 0.0108054 secs] 92342K->84979K(131136K), 0.0110062 secs]
198.471: [GC 198.471: [ParNew: 8192K->0K(8256K), 0.0104711 secs] 93171K->85731K(131136K), 0.0106774 secs]
198.555: [GC 198.555: [ParNew: 8191K->0K(8256K), 0.0106853 secs] 93923K->86526K(131136K), 0.0108900 secs]
198.662: [GC 198.662: [ParNew: 8192K->0K(8256K), 0.0084967 secs] 94718K->87134K(131136K), 0.0087188 secs]
198.774: [GC 198.774: [ParNew: 8192K->0K(8256K), 0.0132067 secs] 95326K->87792K(131136K), 0.0134485 secs]
198.892: [GC 198.892: [ParNew: 8192K->0K(8256K), 0.0112025 secs] 95984K->88401K(131136K), 0.0114157 secs]
198.979: [GC 198.980: [ParNew: 8192K->0K(8256K), 0.0086549 secs] 96593K->88935K(131136K), 0.0088486 secs]
199.021: [Full GC 199.021: [CMS (concurrent mode failure): 88935K->72088K(122880K), 0.9787192 secs] 91796K->72088K(131136K), [CMS Perm : 65535K->61443K(65536K)], 0.9789695 secs]
200.085: [GC 200.085: [ParNew: 8192K->0K(8256K), 0.0092022 secs] 80280K->72608K(131136K), 0.0094159 secs]
200.170: [GC 200.170: [ParNew: 8192K->0K(8256K), 0.0086324 secs] 80800K->73258K(131136K), 0.0088600 secs]
200.254: [GC 200.254: [ParNew: 8192K->0K(8256K), 0.0088274 secs] 81450K->73922K(131136K), 0.0090244 secs]
200.357: [GC 200.357: [ParNew: 8192K->0K(8256K), 0.0087662 secs] 82114K->74493K(131136K), 0.0089587 secs]
200.431: [GC 200.431: [ParNew: 8192K->0K(8256K), 0.0085302 secs] 82685K->75282K(131136K), 0.0087361 secs]
200.503: [GC 200.503: [ParNew: 8192K->0K(8256K), 0.0095083 secs] 83474K->75994K(131136K), 0.0096904 secs]
200.582: [GC 200.583: [ParNew: 8192K->0K(8256K), 0.0080733 secs] 84186K->76382K(131136K), 0.0082518 secs]
200.668: [GC 200.668: [ParNew: 8192K->0K(8256K), 0.0092550 secs] 84574K->76972K(131136K), 0.0094759 secs]
200.782: [GC 200.782: [ParNew: 8192K->0K(8256K), 0.0095130 secs] 85164K->77561K(131136K), 0.0097079 secs]
200.879: [GC 200.879: [ParNew: 8192K->0K(8256K), 0.0107993 secs] 85753K->78216K(131136K), 0.0109897 secs]
200.948: [GC 200.948: [ParNew: 8192K->0K(8256K), 0.0095170 secs] 86408K->78891K(131136K), 0.0097054 secs]
201.037: [GC 201.037: [ParNew: 8191K->0K(8256K), 0.0107407 secs] 87083K->79546K(131136K), 0.0109450 secs]
201.131: [GC 201.131: [ParNew: 8192K->0K(8256K), 0.0121272 secs] 87738K->80094K(131136K), 0.0123337 secs]
201.249: [GC 201.249: [ParNew: 8192K->0K(8256K), 0.0133256 secs] 88286K->81111K(131136K), 0.0135414 secs]
201.343: [GC 201.343: [ParNew: 8192K->0K(8256K), 0.0132385 secs] 89303K->81848K(131136K), 0.0134545 secs]
201.458: [GC 201.459: [ParNew: 8192K->0K(8256K), 0.0099755 secs] 90040K->82705K(131136K), 0.0101820 secs]
201.549: [GC 201.550: [ParNew: 8192K->0K(8256K), 0.0107299 secs] 90897K->83439K(131136K), 0.0109713 secs]
201.633: [GC 201.633: [ParNew: 8192K->0K(8256K), 0.0107003 secs] 91631K->84282K(131136K), 0.0109123 secs]
201.754: [GC 201.755: [ParNew: 8192K->0K(8256K), 0.0128360 secs] 92474K->84964K(131136K), 0.0130494 secs]
201.849: [GC 201.849: [ParNew: 8192K->0K(8256K), 0.0086784 secs] 93156K->85746K(131136K), 0.0088962 secs]
201.927: [GC 201.927: [ParNew: 8192K->0K(8256K), 0.0089241 secs] 93938K->86487K(131136K), 0.0091200 secs]
202.025: [GC 202.025: [ParNew: 8192K->0K(8256K), 0.0089952 secs] 94679K->87206K(131136K), 0.0091920 secs]
202.098: [GC 202.098: [ParNew: 8192K->0K(8256K), 0.0089848 secs] 95398K->87870K(131136K), 0.0092063 secs]
202.122: [Full GC 202.122: [CMS (concurrent mode failure): 87870K->70569K(122880K), 0.9344217 secs] 89506K->70569K(131136K), [CMS Perm : 65535K->61473K(65536K)], 0.9346704 secs]
203.134: [GC 203.134: [ParNew: 8192K->0K(8256K), 0.0094083 secs] 78761K->71282K(131136K), 0.0096061 secs]
203.212: [GC 203.212: [ParNew: 8192K->0K(8256K), 0.0096883 secs] 79474K->72018K(131136K), 0.0098995 secs]
203.293: [GC 203.293: [ParNew: 8192K->0K(8256K), 0.0099373 secs] 80210K->72740K(131136K), 0.0101401 secs]
203.382: [GC 203.382: [ParNew: 8192K->0K(8256K), 0.0131186 secs] 80932K->73358K(131136K), 0.0133389 secs]
203.456: [GC 203.456: [ParNew: 8191K->0K(8256K), 0.0093353 secs] 81550K->74120K(131136K), 0.0095983 secs]
203.542: [GC 203.543: [ParNew: 8192K->0K(8256K), 0.0089166 secs] 82312K->74766K(131136K), 0.0091934 secs]
203.671: [GC 203.671: [ParNew: 8192K->0K(8256K), 0.0236358 secs] 82958K->75448K(131136K), 0.0238574 secs]
203.804: [GC 203.804: [ParNew: 8192K->0K(8256K), 0.0158696 secs] 83640K->76173K(131136K), 0.0160705 secs]
203.896: [GC 203.896: [ParNew: 8192K->0K(8256K), 0.0087494 secs] 84365K->76860K(131136K), 0.0089569 secs]
203.985: [GC 203.986: [ParNew: 8192K->0K(8256K), 0.0141449 secs] 85052K->77681K(131136K), 0.0143663 secs]
204.071: [GC 204.071: [ParNew: 8192K->0K(8256K), 0.0120050 secs] 85873K->78387K(131136K), 0.0122872 secs]
204.158: [GC 204.170: [ParNew: 8192K->0K(8256K), 0.0101355 secs] 86579K->79093K(131136K), 0.0104604 secs]
204.244: [GC 204.244: [ParNew: 8185K->0K(8256K), 0.0085677 secs] 87279K->79793K(131136K), 0.0087681 secs]
204.318: [GC 204.319: [ParNew: 8192K->0K(8256K), 0.0102632 secs] 87985K->80597K(131136K), 0.0104938 secs]
204.429: [GC 204.429: [ParNew: 8192K->0K(8256K), 0.0123245 secs] 88789K->81310K(131136K), 0.0125342 secs]
204.525: [GC 204.525: [ParNew: 8192K->0K(8256K), 0.0090771 secs] 89502K->81977K(131136K), 0.0092816 secs]
204.611: [GC 204.611: [ParNew: 8192K->0K(8256K), 0.0090789 secs] 90169K->82455K(131136K), 0.0092756 secs]
204.690: [GC 204.690: [ParNew: 8192K->0K(8256K), 0.0115214 secs] 90647K->83078K(131136K), 0.0117701 secs]
204.804: [GC 204.804: [ParNew: 8192K->0K(8256K), 0.0087612 secs] 91270K->83578K(131136K), 0.0089956 secs]
204.886: [GC 204.886: [ParNew: 8192K->0K(8256K), 0.0089609 secs] 91770K->84114K(131136K), 0.0092346 secs]
204.972: [GC 204.972: [ParNew: 8192K->0K(8256K), 0.0093708 secs] 92306K->84651K(131136K), 0.0095684 secs]
205.053: [GC 205.053: [ParNew: 8192K->0K(8256K), 0.0089832 secs] 92843K->85218K(131136K), 0.0091902 secs]
205.112: [Full GC 205.112: [CMS (concurrent mode failure): 85218K->72290K(122880K), 0.9737052 secs] 90420K->72290K(131136K), [CMS Perm : 65535K->61483K(65536K)], 0.9739704 secs]
206.171: [GC 206.171: [ParNew: 8192K->0K(8256K), 0.0096150 secs] 80482K->73001K(131136K), 0.0098637 secs]
206.262: [GC 206.262: [ParNew: 8192K->0K(8256K), 0.0100311 secs] 81193K->73692K(131136K), 0.0102252 secs]
206.344: [GC 206.344: [ParNew: 8192K->0K(8256K), 0.0072907 secs] 81884K->74274K(131136K), 0.0074920 secs]
206.410: [GC 206.411: [ParNew: 8192K->0K(8256K), 0.0089898 secs] 82466K->74980K(131136K), 0.0092061 secs]
206.491: [GC 206.491: [ParNew: 8192K->0K(8256K), 0.0088792 secs] 83172K->75508K(131136K), 0.0090721 secs]
206.575: [GC 206.575: [ParNew: 8192K->0K(8256K), 0.0089169 secs] 83700K->76264K(131136K), 0.0092622 secs]
206.695: [GC 206.695: [ParNew: 8192K->0K(8256K), 0.0183406 secs] 84456K->76913K(131136K), 0.0186142 secs]
206.786: [GC 206.787: [ParNew: 8192K->0K(8256K), 0.0089896 secs] 85105K->77548K(131136K), 0.0091920 secs]
206.872: [GC 206.872: [ParNew: 8192K->0K(8256K), 0.0117439 secs] 85740K->78332K(131136K), 0.0119567 secs]
206.959: [GC 206.959: [ParNew: 8192K->0K(8256K), 0.0092889 secs] 86524K->78973K(131136K), 0.0094903 secs]
207.070: [GC 207.070: [ParNew: 8191K->0K(8256K), 0.0132104 secs] 87165K->79485K(131136K), 0.0134591 secs]
207.175: [GC 207.175: [ParNew: 8192K->0K(8256K), 0.0128591 secs] 87677K->80328K(131136K), 0.0131094 secs]
207.252: [GC 207.252: [ParNew: 8192K->0K(8256K), 0.0089367 secs] 88520K->80865K(131136K), 0.0091648 secs]
207.354: [GC 207.354: [ParNew: 8192K->0K(8256K), 0.0103211 secs] 89057K->81534K(131136K), 0.0105143 secs]
207.448: [GC 207.448: [ParNew: 8192K->0K(8256K), 0.0097009 secs] 89726K->82218K(131136K), 0.0099949 secs]
207.530: [GC 207.530: [ParNew: 8192K->0K(8256K), 0.0093981 secs] 90410K->82885K(131136K), 0.0096676 secs]
207.634: [GC 207.634: [ParNew: 8192K->0K(8256K), 0.0101910 secs] 91077K->83721K(131136K), 0.0104204 secs]
207.736: [GC 207.736: [ParNew: 8192K->0K(8256K), 0.0127565 secs] 91913K->84575K(131136K), 0.0129923 secs]
207.828: [GC 207.828: [ParNew: 8192K->0K(8256K), 0.0092908 secs] 92767K->85284K(131136K), 0.0095027 secs]
207.914: [GC 207.914: [ParNew: 8192K->0K(8256K), 0.0089661 secs] 93476K->85968K(131136K), 0.0091641 secs]
207.995: [GC 207.995: [ParNew: 8192K->0K(8256K), 0.0093942 secs] 94160K->86670K(131136K), 0.0095913 secs]
208.067: [GC 208.067: [ParNew: 8192K->0K(8256K), 0.0086806 secs] 94862K->87362K(131136K), 0.0088792 secs]
208.124: [Full GC 208.124: [CMS (concurrent mode failure): 87362K->71778K(122880K), 0.9729734 secs] 94503K->71778K(131136K), [CMS Perm : 65535K->61504K(65536K)], 0.9732241 secs]
209.156: [GC 209.156: [ParNew: 8192K->0K(8256K), 0.0104806 secs] 79970K->72490K(131136K), 0.0129146 secs]
209.225: [GC 209.225: [ParNew: 8192K->0K(8256K), 0.0110821 secs] 80682K->73425K(131136K), 0.0112958 secs]
209.312: [GC 209.312: [ParNew: 8192K->0K(8256K), 0.0096902 secs] 81617K->74124K(131136K), 0.0098880 secs]
209.392: [GC 209.392: [ParNew: 8189K->0K(8256K), 0.0078038 secs] 82313K->74574K(131136K), 0.0079948 secs]
209.466: [GC 209.466: [ParNew: 8192K->0K(8256K), 0.0106092 secs] 82766K->75468K(131136K), 0.0109042 secs]
209.551: [GC 209.551: [ParNew: 8192K->0K(8256K), 0.0089313 secs] 83660K->76121K(131136K), 0.0091256 secs]
209.629: [GC 209.629: [ParNew: 8192K->0K(8256K), 0.0088043 secs] 84313K->76842K(131136K), 0.0089958 secs]
209.750: [GC 209.750: [ParNew: 8190K->0K(8256K), 0.0247753 secs] 85032K->77536K(131136K), 0.0250458 secs]
209.910: [GC 209.910: [ParNew: 8192K->0K(8256K), 0.0096509 secs] 85728K->78081K(131136K), 0.0099497 secs]
209.999: [GC 209.999: [ParNew: 8192K->0K(8256K), 0.0129086 secs] 86273K->78773K(131136K), 0.0131988 secs]
210.100: [GC 210.100: [ParNew: 8192K->0K(8256K), 0.0146045 secs] 86965K->79454K(131136K), 0.0148466 secs]
210.209: [GC 210.209: [ParNew: 8192K->0K(8256K), 0.0107121 secs] 87646K->80077K(131136K), 0.0109299 secs]
210.316: [GC 210.316: [ParNew: 8192K->0K(8256K), 0.0089089 secs] 88269K->80777K(131136K), 0.0091235 secs]
210.439: [GC 210.439: [ParNew: 8192K->0K(8256K), 0.0084783 secs] 88969K->81139K(131136K), 0.0087010 secs]
210.539: [GC 210.539: [ParNew: 8192K->0K(8256K), 0.0083455 secs] 89331K->81564K(131136K), 0.0085418 secs]
210.617: [GC 210.617: [ParNew: 8192K->0K(8256K), 0.0099926 secs] 89756K->82339K(131136K), 0.0102994 secs]
210.704: [GC 210.704: [ParNew: 8192K->0K(8256K), 0.0124412 secs] 90531K->82988K(131136K), 0.0126416 secs]
210.798: [GC 210.798: [ParNew: 8192K->0K(8256K), 0.0080141 secs] 91180K->83640K(131136K), 0.0083092 secs]
210.886: [GC 210.886: [ParNew: 8192K->0K(8256K), 0.0101951 secs] 91832K->84277K(131136K), 0.0104011 secs]
210.983: [GC 210.983: [ParNew: 8192K->0K(8256K), 0.0093670 secs] 92469K->84789K(131136K), 0.0096291 secs]
211.067: [Full GC 211.068: [CMS (concurrent mode failure): 84789K->72489K(122880K), 1.0602159 secs] 90636K->72489K(131136K), [CMS Perm : 65535K->61512K(65536K)], 1.0604768 secs]
212.199: [GC 212.199: [ParNew: 8192K->0K(8256K), 0.0102870 secs] 80681K->73201K(131136K), 0.0105203 secs]
212.287: [GC 212.287: [ParNew: 8192K->0K(8256K), 0.0084111 secs] 81393K->73603K(131136K), 0.0086098 secs]
212.361: [GC 212.361: [ParNew: 8192K->0K(8256K), 0.0106510 secs] 81795K->74382K(131136K), 0.0108697 secs]
212.455: [GC 212.455: [ParNew: 8192K->0K(8256K), 0.0095105 secs] 82574K->75125K(131136K), 0.0097243 secs]
212.543: [GC 212.544: [ParNew: 8192K->0K(8256K), 0.0094955 secs] 83317K->75766K(131136K), 0.0097118 secs]
212.640: [GC 212.640: [ParNew: 8192K->0K(8256K), 0.0093936 secs] 83958K->76382K(131136K), 0.0097108 secs]
212.731: [GC 212.731: [ParNew: 8192K->0K(8256K), 0.0137400 secs] 84574K->77191K(131136K), 0.0139547 secs]
212.825: [GC 212.825: [ParNew: 8191K->0K(8256K), 0.0079772 secs] 85383K->77751K(131136K), 0.0081842 secs]
212.903: [GC 212.903: [ParNew: 8192K->0K(8256K), 0.0095986 secs] 85943K->78528K(131136K), 0.0097851 secs]
212.986: [GC 212.986: [ParNew: 8192K->0K(8256K), 0.0096139 secs] 86720K->79295K(131136K), 0.0098357 secs]
213.065: [GC 213.065: [ParNew: 8192K->0K(8256K), 0.0093985 secs] 87487K->79994K(131136K), 0.0096926 secs]
213.140: [GC 213.140: [ParNew: 8192K->0K(8256K), 0.0098235 secs] 88186K->80790K(131136K), 0.0101179 secs]
213.209: [GC 213.209: [ParNew: 8192K->0K(8256K), 0.0102295 secs] 88982K->81477K(131136K), 0.0104368 secs]
213.289: [GC 213.289: [ParNew: 8192K->0K(8256K), 0.0098509 secs] 89669K->82257K(131136K), 0.0100591 secs]
213.356: [GC 213.356: [ParNew: 8192K->0K(8256K), 0.0103070 secs] 90449K->83239K(131136K), 0.0105049 secs]
213.445: [GC 213.445: [ParNew: 8192K->0K(8256K), 0.0106092 secs] 91431K->83891K(131136K), 0.0108168 secs]
213.535: [GC 213.535: [ParNew: 8192K->0K(8256K), 0.0097911 secs] 92083K->84552K(131136K), 0.0100692 secs]
213.618: [GC 213.618: [ParNew: 8192K->0K(8256K), 0.0094600 secs] 92744K->85155K(131136K), 0.0096749 secs]
213.689: [GC 213.689: [ParNew: 8192K->0K(8256K), 0.0102742 secs] 93347K->86026K(131136K), 0.0104668 secs]
213.777: [GC 213.777: [ParNew: 8192K->0K(8256K), 0.0119610 secs] 94218K->86654K(131136K), 0.0121561 secs]
213.860: [GC 213.860: [ParNew: 8192K->0K(8256K), 0.0093435 secs] 94846K->87315K(131136K), 0.0096108 secs]
213.926: [GC 213.926: [ParNew: 8192K->0K(8256K), 0.0100557 secs] 95507K->88019K(131136K), 0.0102490 secs]
213.999: [GC 213.999: [ParNew: 8192K->0K(8256K), 0.0076542 secs] 96211K->88589K(131136K), 0.0078701 secs]
214.039: [Full GC 214.039: [CMS (concurrent mode failure): 88589K->72508K(122880K), 1.0608687 secs] 92684K->72508K(131136K), [CMS Perm : 65535K->61526K(65536K)], 1.0611104 secs]
215.185: [GC 215.186: [ParNew: 8192K->0K(8256K), 0.0096865 secs] 80700K->73082K(131136K), 0.0098878 secs]
215.278: [GC 215.278: [ParNew: 8189K->0K(8256K), 0.0096225 secs] 81272K->73630K(131136K), 0.0098738 secs]
215.356: [GC 215.356: [ParNew: 8192K->0K(8256K), 0.0074414 secs] 81822K->74282K(131136K), 0.0076479 secs]
215.446: [GC 215.446: [ParNew: 8192K->0K(8256K), 0.0089026 secs] 82474K->74796K(131136K), 0.0091156 secs]
215.529: [GC 215.529: [ParNew: 8192K->0K(8256K), 0.0089185 secs] 82988K->75366K(131136K), 0.0091455 secs]
215.608: [GC 215.608: [ParNew: 8192K->0K(8256K), 0.0089236 secs] 83558K->75874K(131136K), 0.0091089 secs]
215.686: [GC 215.686: [ParNew: 8192K->0K(8256K), 0.0095644 secs] 84066K->76648K(131136K), 0.0097830 secs]
215.765: [GC 215.765: [ParNew: 8192K->0K(8256K), 0.0122037 secs] 84840K->77273K(131136K), 0.0124007 secs]
215.853: [GC 215.853: [ParNew: 8192K->0K(8256K), 0.0087659 secs] 85465K->77949K(131136K), 0.0089901 secs]
215.933: [GC 215.933: [ParNew: 8192K->0K(8256K), 0.0092735 secs] 86141K->78348K(131136K), 0.0094813 secs]
216.011: [GC 216.012: [ParNew: 8192K->0K(8256K), 0.0091654 secs] 86540K->78962K(131136K), 0.0094442 secs]
216.092: [GC 216.092: [ParNew: 8192K->0K(8256K), 0.0093102 secs] 87154K->79623K(131136K), 0.0095205 secs]
216.168: [GC 216.168: [ParNew: 8192K->0K(8256K), 0.0087149 secs] 87815K->80230K(131136K), 0.0089130 secs]
216.255: [GC 216.256: [ParNew: 8192K->0K(8256K), 0.0091827 secs] 88422K->80923K(131136K), 0.0094647 secs]
216.353: [GC 216.353: [ParNew: 8192K->0K(8256K), 0.0092251 secs] 89115K->81686K(131136K), 0.0094354 secs]
216.438: [GC 216.438: [ParNew: 8192K->0K(8256K), 0.0086047 secs] 89878K->82389K(131136K), 0.0088701 secs]
216.509: [GC 216.509: [ParNew: 8192K->0K(8256K), 0.0099484 secs] 90581K->83164K(131136K), 0.0101459 secs]
216.594: [GC 216.594: [ParNew: 8192K->0K(8256K), 0.0078462 secs] 91356K->83704K(131136K), 0.0080512 secs]
216.693: [GC 216.693: [ParNew: 8192K->0K(8256K), 0.0112810 secs] 91896K->84551K(131136K), 0.0115694 secs]
216.793: [GC 216.793: [ParNew: 8192K->0K(8256K), 0.0085408 secs] 92743K->85125K(131136K), 0.0088283 secs]
216.825: [Full GC 216.825: [CMS (concurrent mode failure): 85125K->71083K(122880K), 0.9467265 secs] 87364K->71083K(131136K), [CMS Perm : 65535K->61533K(65536K)], 0.9471217 secs]
217.849: [GC 217.850: [ParNew: 8192K->0K(8256K), 0.0098985 secs] 79275K->71810K(131136K), 0.0100964 secs]
217.917: [GC 217.917: [ParNew: 8192K->0K(8256K), 0.0088559 secs] 80002K->72578K(131136K), 0.0090524 secs]
217.990: [GC 217.990: [ParNew: 8192K->0K(8256K), 0.0090348 secs] 80770K->73226K(131136K), 0.0092254 secs]
218.079: [GC 218.079: [ParNew: 8192K->0K(8256K), 0.0106527 secs] 81418K->73871K(131136K), 0.0108591 secs]
218.152: [GC 218.152: [ParNew: 8192K->0K(8256K), 0.0105029 secs] 82063K->74816K(131136K), 0.0126122 secs]
218.235: [GC 218.235: [ParNew: 8192K->0K(8256K), 0.0101864 secs] 83008K->75381K(131136K), 0.0103836 secs]
218.311: [GC 218.311: [ParNew: 8192K->0K(8256K), 0.0096028 secs] 83573K->76036K(131136K), 0.0098176 secs]
218.388: [GC 218.388: [ParNew: 8192K->0K(8256K), 0.0073076 secs] 84228K->76672K(131136K), 0.0075347 secs]
218.472: [GC 218.472: [ParNew: 8192K->0K(8256K), 0.0080792 secs] 84864K->77284K(131136K), 0.0082754 secs]
218.553: [GC 218.553: [ParNew: 8192K->0K(8256K), 0.0089794 secs] 85476K->77929K(131136K), 0.0091733 secs]
218.644: [GC 218.644: [ParNew: 8192K->0K(8256K), 0.0083079 secs] 86121K->78339K(131136K), 0.0084875 secs]
218.724: [GC 218.724: [ParNew: 8192K->0K(8256K), 0.0107252 secs] 86531K->78933K(131136K), 0.0109275 secs]
218.811: [GC 218.811: [ParNew: 8191K->0K(8256K), 0.0096884 secs] 87125K->79629K(131136K), 0.0099030 secs]
218.883: [GC 218.883: [ParNew: 8192K->0K(8256K), 0.0090768 secs] 87821K->80227K(131136K), 0.0092610 secs]
218.976: [GC 218.976: [ParNew: 8192K->0K(8256K), 0.0093322 secs] 88419K->80788K(131136K), 0.0095367 secs]
219.045: [GC 219.045: [ParNew: 8192K->0K(8256K), 0.0085884 secs] 88980K->81375K(131136K), 0.0087781 secs]
219.132: [GC 219.132: [ParNew: 8192K->0K(8256K), 0.0131194 secs] 89567K->82015K(131136K), 0.0133266 secs]
219.220: [GC 219.220: [ParNew: 8192K->0K(8256K), 0.0095128 secs] 90207K->82494K(131136K), 0.0097200 secs]
219.298: [GC 219.298: [ParNew: 8192K->0K(8256K), 0.0090436 secs] 90686K->83101K(131136K), 0.0092280 secs]
219.395: [GC 219.395: [ParNew: 8191K->0K(8256K), 0.0059515 secs] 91293K->83401K(131136K), 0.0062641 secs]
219.468: [GC 219.468: [ParNew: 8192K->0K(8256K), 0.0077842 secs] 91593K->83983K(131136K), 0.0080716 secs]
219.540: [Full GC 219.540: [CMS (concurrent mode failure): 83983K->72311K(122880K), 0.9803460 secs] 91914K->72311K(131136K), [CMS Perm : 65535K->61541K(65536K)], 0.9805995 secs]
220.602: [GC 220.602: [ParNew: 8192K->0K(8256K), 0.0100472 secs] 80503K->72833K(131136K), 0.0102495 secs]
220.687: [GC 220.687: [ParNew: 8192K->0K(8256K), 0.0093169 secs] 81025K->73498K(131136K), 0.0095230 secs]
220.783: [GC 220.784: [ParNew: 8192K->0K(8256K), 0.0104027 secs] 81690K->74246K(131136K), 0.0106215 secs]
220.864: [GC 220.864: [ParNew: 8192K->0K(8256K), 0.0092224 secs] 82438K->74799K(131136K), 0.0094352 secs]
220.963: [GC 220.963: [ParNew: 8192K->0K(8256K), 0.0074932 secs] 82991K->75282K(131136K), 0.0077102 secs]
221.059: [GC 221.060: [ParNew: 8192K->0K(8256K), 0.0097826 secs] 83474K->76095K(131136K), 0.0099880 secs]
221.144: [GC 221.145: [ParNew: 8192K->0K(8256K), 0.0076994 secs] 84287K->76625K(131136K), 0.0079764 secs]
221.234: [GC 221.234: [ParNew: 8192K->0K(8256K), 0.0102504 secs] 84817K->77483K(131136K), 0.0105149 secs]
221.320: [GC 221.320: [ParNew: 8192K->0K(8256K), 0.0077452 secs] 85675K->78098K(131136K), 0.0080179 secs]
221.400: [GC 221.400: [ParNew: 8190K->0K(8256K), 0.0081772 secs] 86288K->78782K(131136K), 0.0084245 secs]
221.490: [GC 221.490: [ParNew: 8192K->0K(8256K), 0.0091034 secs] 86974K->79582K(131136K), 0.0093171 secs]
221.569: [GC 221.569: [ParNew: 8192K->0K(8256K), 0.0096534 secs] 87774K->80222K(131136K), 0.0098722 secs]
221.658: [GC 221.658: [ParNew: 8192K->0K(8256K), 0.0098102 secs] 88414K->81114K(131136K), 0.0100247 secs]
221.737: [GC 221.737: [ParNew: 8192K->0K(8256K), 0.0101966 secs] 89306K->81686K(131136K), 0.0104583 secs]
221.830: [GC 221.830: [ParNew: 8192K->0K(8256K), 0.0082215 secs] 89878K->82361K(131136K), 0.0084312 secs]
221.913: [GC 221.913: [ParNew: 8192K->0K(8256K), 0.0087425 secs] 90553K->83086K(131136K), 0.0089478 secs]
221.989: [GC 221.989: [ParNew: 8192K->0K(8256K), 0.0091886 secs] 91278K->83680K(131136K), 0.0094711 secs]
222.072: [GC 222.072: [ParNew: 8192K->0K(8256K), 0.0112256 secs] 91872K->84574K(131136K), 0.0114299 secs]
222.165: [GC 222.165: [ParNew: 8191K->0K(8256K), 0.0100264 secs] 92766K->85223K(131136K), 0.0102305 secs]
222.249: [GC 222.249: [ParNew: 8192K->0K(8256K), 0.0098505 secs] 93415K->85952K(131136K), 0.0101407 secs]
222.317: [GC 222.317: [ParNew: 8192K->0K(8256K), 0.0102304 secs] 94144K->86792K(131136K), 0.0104353 secs]
222.399: [GC 222.399: [ParNew: 8192K->0K(8256K), 0.0093856 secs] 94984K->87534K(131136K), 0.0095823 secs]
222.453: [Full GC 222.453: [CMS (concurrent mode failure): 87534K->71520K(122880K), 0.9547031 secs] 90499K->71520K(131136K), [CMS Perm : 65535K->61559K(65536K)], 0.9549694 secs]
223.506: [GC 223.506: [ParNew: 8192K->0K(8256K), 0.0121946 secs] 79712K->72152K(131136K), 0.0124257 secs]
223.611: [GC 223.611: [ParNew: 8192K->0K(8256K), 0.0135452 secs] 80344K->72886K(131136K), 0.0138223 secs]
223.706: [GC 223.706: [ParNew: 8192K->0K(8256K), 0.0112358 secs] 81078K->73515K(131136K), 0.0114508 secs]
223.801: [GC 223.801: [ParNew: 8192K->0K(8256K), 0.0097735 secs] 81707K->74247K(131136K), 0.0099835 secs]
223.888: [GC 223.888: [ParNew: 8192K->0K(8256K), 0.0110526 secs] 82439K->75087K(131136K), 0.0112824 secs]
223.976: [GC 223.976: [ParNew: 8192K->0K(8256K), 0.0094177 secs] 83279K->75743K(131136K), 0.0096292 secs]
224.051: [GC 224.051: [ParNew: 8192K->0K(8256K), 0.0093661 secs] 83935K->76340K(131136K), 0.0095801 secs]
224.130: [GC 224.130: [ParNew: 8192K->0K(8256K), 0.0092326 secs] 84532K->76881K(131136K), 0.0094538 secs]
224.214: [GC 224.214: [ParNew: 8191K->0K(8256K), 0.0087027 secs] 85073K->77514K(131136K), 0.0089290 secs]
224.297: [GC 224.297: [ParNew: 8192K->0K(8256K), 0.0087485 secs] 85706K->78010K(131136K), 0.0089537 secs]
224.378: [GC 224.378: [ParNew: 8187K->0K(8256K), 0.0085640 secs] 86198K->78620K(131136K), 0.0087871 secs]
224.452: [GC 224.452: [ParNew: 8192K->0K(8256K), 0.0095651 secs] 86812K->79314K(131136K), 0.0097984 secs]
224.531: [GC 224.532: [ParNew: 8192K->0K(8256K), 0.0083363 secs] 87506K->79913K(131136K), 0.0085481 secs]
224.620: [GC 224.620: [ParNew: 8192K->0K(8256K), 0.0090341 secs] 88105K->80520K(131136K), 0.0092456 secs]
224.702: [GC 224.702: [ParNew: 8192K->0K(8256K), 0.0095616 secs] 88712K->81124K(131136K), 0.0097891 secs]
224.792: [GC 224.792: [ParNew: 8192K->0K(8256K), 0.0101437 secs] 89316K->81699K(131136K), 0.0103549 secs]
224.876: [GC 224.876: [ParNew: 8192K->0K(8256K), 0.0111934 secs] 89891K->82600K(131136K), 0.0114053 secs]
224.965: [GC 224.966: [ParNew: 8192K->0K(8256K), 0.0088712 secs] 90792K->83164K(131136K), 0.0090957 secs]
225.049: [GC 225.049: [ParNew: 8192K->0K(8256K), 0.0104075 secs] 91356K->83767K(131136K), 0.0106078 secs]
225.128: [GC 225.128: [ParNew: 8191K->0K(8256K), 0.0157007 secs] 91959K->84468K(131136K), 0.0159388 secs]
225.172: [Full GC 225.172: [CMS (concurrent mode failure): 84468K->72431K(122880K), 1.0059556 secs] 86942K->72431K(131136K), [CMS Perm : 65535K->61570K(65536K)], 1.0062061 secs]
226.245: [GC 226.245: [ParNew: 8192K->0K(8256K), 0.0100430 secs] 80623K->73155K(131136K), 0.0102722 secs]
226.315: [GC 226.316: [ParNew: 8192K->0K(8256K), 0.0104062 secs] 81347K->73839K(131136K), 0.0106231 secs]
226.406: [GC 226.406: [ParNew: 8192K->0K(8256K), 0.0103264 secs] 82031K->74611K(131136K), 0.0105343 secs]
226.488: [GC 226.488: [ParNew: 8192K->0K(8256K), 0.0094355 secs] 82803K->75204K(131136K), 0.0096355 secs]
226.566: [GC 226.566: [ParNew: 8192K->0K(8256K), 0.0087870 secs] 83396K->75800K(131136K), 0.0089946 secs]
226.634: [GC 226.634: [ParNew: 8192K->0K(8256K), 0.0105105 secs] 83992K->76676K(131136K), 0.0107922 secs]
226.713: [GC 226.713: [ParNew: 8191K->0K(8256K), 0.0125008 secs] 84867K->77509K(131136K), 0.0127806 secs]
226.811: [GC 226.811: [ParNew: 8192K->0K(8256K), 0.0092503 secs] 85701K->78074K(131136K), 0.0095355 secs]
226.887: [GC 226.888: [ParNew: 8192K->0K(8256K), 0.0092968 secs] 86266K->78963K(131136K), 0.0094924 secs]
226.969: [GC 226.969: [ParNew: 8192K->0K(8256K), 0.0103595 secs] 87155K->79790K(131136K), 0.0105650 secs]
227.063: [GC 227.063: [ParNew: 8192K->0K(8256K), 0.0089598 secs] 87982K->80405K(131136K), 0.0091647 secs]
227.140: [GC 227.140: [ParNew: 8192K->0K(8256K), 0.0081906 secs] 88597K->81087K(131136K), 0.0083952 secs]
227.241: [GC 227.241: [ParNew: 8192K->0K(8256K), 0.0083591 secs] 89279K->81697K(131136K), 0.0085706 secs]
227.326: [GC 227.326: [ParNew: 8192K->0K(8256K), 0.0117925 secs] 89889K->82391K(131136K), 0.0120192 secs]
227.407: [GC 227.407: [ParNew: 8192K->0K(8256K), 0.0101122 secs] 90583K->83015K(131136K), 0.0103068 secs]
227.485: [GC 227.485: [ParNew: 8192K->0K(8256K), 0.0113239 secs] 91207K->83839K(131136K), 0.0115394 secs]
227.557: [GC 227.557: [ParNew: 8192K->0K(8256K), 0.0127308 secs] 92031K->84552K(131136K), 0.0129624 secs]
227.640: [GC 227.641: [ParNew: 8192K->0K(8256K), 0.0124374 secs] 92744K->85220K(131136K), 0.0126334 secs]
227.725: [GC 227.725: [ParNew: 8192K->0K(8256K), 0.0103127 secs] 93412K->85907K(131136K), 0.0105034 secs]
227.818: [GC 227.818: [ParNew: 8192K->0K(8256K), 0.0088473 secs] 94099K->86483K(131136K), 0.0090380 secs]
227.893: [GC 227.893: [ParNew: 8192K->0K(8256K), 0.0103636 secs] 94675K->87312K(131136K), 0.0105774 secs]
227.980: [GC 227.980: [ParNew: 8191K->0K(8256K), 0.0091184 secs] 95504K->87848K(131136K), 0.0093188 secs]
228.061: [GC 228.061: [ParNew: 8192K->0K(8256K), 0.0072223 secs] 96040K->88460K(131136K), 0.0074127 secs]
228.117: [Full GC 228.117: [CMS (concurrent mode failure): 88460K->72288K(122880K), 0.9916560 secs] 93437K->72288K(131136K), [CMS Perm : 65535K->61584K(65536K)], 0.9919106 secs]
229.183: [GC 229.183: [ParNew: 8192K->0K(8256K), 0.0106723 secs] 80480K->73031K(131136K), 0.0108925 secs]
229.272: [GC 229.272: [ParNew: 8192K->0K(8256K), 0.0093135 secs] 81223K->73766K(131136K), 0.0095047 secs]
229.355: [GC 229.355: [ParNew: 8192K->0K(8256K), 0.0092840 secs] 81958K->74277K(131136K), 0.0094672 secs]
229.436: [GC 229.436: [ParNew: 8186K->0K(8256K), 0.0090134 secs] 82463K->74917K(131136K), 0.0092039 secs]
229.510: [GC 229.510: [ParNew: 8187K->0K(8256K), 0.0089515 secs] 83105K->75508K(131136K), 0.0091425 secs]
229.597: [GC 229.597: [ParNew: 8192K->0K(8256K), 0.0087613 secs] 83700K->76042K(131136K), 0.0089645 secs]
229.672: [GC 229.672: [ParNew: 8192K->0K(8256K), 0.0090304 secs] 84234K->76644K(131136K), 0.0092269 secs]
229.747: [GC 229.747: [ParNew: 8192K->0K(8256K), 0.0139961 secs] 84836K->77318K(131136K), 0.0142377 secs]
229.835: [GC 229.835: [ParNew: 8192K->0K(8256K), 0.0076774 secs] 85510K->77856K(131136K), 0.0078757 secs]
229.907: [GC 229.907: [ParNew: 8192K->0K(8256K), 0.0087611 secs] 86048K->78466K(131136K), 0.0089472 secs]
229.990: [GC 229.990: [ParNew: 8192K->0K(8256K), 0.0097496 secs] 86658K->78983K(131136K), 0.0100405 secs]
230.063: [GC 230.063: [ParNew: 8192K->0K(8256K), 0.0106003 secs] 87175K->79680K(131136K), 0.0108169 secs]
230.146: [GC 230.146: [ParNew: 8192K->0K(8256K), 0.0092702 secs] 87872K->80374K(131136K), 0.0094692 secs]
230.229: [GC 230.230: [ParNew: 8192K->0K(8256K), 0.0093536 secs] 88566K->81004K(131136K), 0.0095479 secs]
230.313: [GC 230.313: [ParNew: 8192K->0K(8256K), 0.0096010 secs] 89196K->81718K(131136K), 0.0098352 secs]
230.393: [GC 230.393: [ParNew: 8192K->0K(8256K), 0.0091578 secs] 89910K->82468K(131136K), 0.0093655 secs]
230.476: [GC 230.476: [ParNew: 8192K->0K(8256K), 0.0090755 secs] 90660K->83161K(131136K), 0.0092918 secs]
230.567: [GC 230.567: [ParNew: 8192K->0K(8256K), 0.0086659 secs] 91353K->83827K(131136K), 0.0088592 secs]
230.639: [GC 230.639: [ParNew: 8192K->0K(8256K), 0.0100817 secs] 92019K->84704K(131136K), 0.0102853 secs]
230.650: [Full GC 230.650: [CMS (concurrent mode failure): 84704K->72117K(122880K), 0.9903588 secs] 84765K->72117K(131136K), [CMS Perm : 65535K->61592K(65536K)], 0.9906059 secs]
231.725: [GC 231.726: [ParNew: 8192K->0K(8256K), 0.0142501 secs] 80309K->72795K(131136K), 0.0144805 secs]
231.819: [GC 231.819: [ParNew: 8192K->0K(8256K), 0.0086294 secs] 80987K->73510K(131136K), 0.0089275 secs]
231.894: [GC 231.894: [ParNew: 8192K->0K(8256K), 0.0096050 secs] 81702K->74274K(131136K), 0.0098041 secs]
231.970: [GC 231.970: [ParNew: 8192K->0K(8256K), 0.0083865 secs] 82466K->74919K(131136K), 0.0086802 secs]
232.037: [GC 232.037: [ParNew: 8192K->0K(8256K), 0.0093244 secs] 83111K->75605K(131136K), 0.0095976 secs]
232.114: [GC 232.114: [ParNew: 8192K->0K(8256K), 0.0085352 secs] 83797K->76408K(131136K), 0.0087407 secs]
232.184: [GC 232.205: [ParNew: 8192K->0K(8256K), 0.0100377 secs] 84600K->77150K(131136K), 0.0103113 secs]
232.287: [GC 232.287: [ParNew: 8192K->0K(8256K), 0.0085751 secs] 85342K->77728K(131136K), 0.0088034 secs]
232.366: [GC 232.367: [ParNew: 8192K->0K(8256K), 0.0099325 secs] 85920K->78496K(131136K), 0.0102048 secs]
232.440: [GC 232.440: [ParNew: 8192K->0K(8256K), 0.0107875 secs] 86688K->79184K(131136K), 0.0110023 secs]
232.509: [GC 232.509: [ParNew: 8192K->0K(8256K), 0.0082711 secs] 87376K->79957K(131136K), 0.0084675 secs]
232.578: [GC 232.578: [ParNew: 8192K->0K(8256K), 0.0102874 secs] 88149K->80680K(131136K), 0.0104880 secs]
232.644: [GC 232.644: [ParNew: 8189K->0K(8256K), 0.0093718 secs] 88869K->81473K(131136K), 0.0095760 secs]
232.712: [GC 232.712: [ParNew: 8192K->0K(8256K), 0.0162477 secs] 89665K->82336K(131136K), 0.0164635 secs]
232.811: [GC 232.811: [ParNew: 8192K->0K(8256K), 0.0108577 secs] 90528K->83121K(131136K), 0.0110837 secs]
232.886: [GC 232.886: [ParNew: 8192K->0K(8256K), 0.0093977 secs] 91313K->83794K(131136K), 0.0095884 secs]
232.957: [GC 232.957: [ParNew: 8192K->0K(8256K), 0.0083088 secs] 91986K->84401K(131136K), 0.0085184 secs]
233.028: [GC 233.028: [ParNew: 8191K->0K(8256K), 0.0097832 secs] 92593K->84963K(131136K), 0.0099910 secs]
233.111: [GC 233.111: [ParNew: 8192K->0K(8256K), 0.0085206 secs] 93155K->85448K(131136K), 0.0087415 secs]
233.199: [GC 233.199: [ParNew: 8192K->0K(8256K), 0.0113067 secs] 93640K->85934K(131136K), 0.0115199 secs]
233.286: [GC 233.286: [ParNew: 8192K->0K(8256K), 0.0096234 secs] 94126K->86546K(131136K), 0.0098476 secs]
233.377: [GC 233.377: [ParNew: 8192K->0K(8256K), 0.0076966 secs] 94738K->87036K(131136K), 0.0079196 secs]
233.457: [GC 233.457: [ParNew: 8192K->0K(8256K), 0.0092026 secs] 95228K->87624K(131136K), 0.0093993 secs]
233.468: [Full GC 233.468: [CMS (concurrent mode failure): 87624K->72813K(122880K), 0.9909870 secs] 87903K->72813K(131136K), [CMS Perm : 65535K->61594K(65536K)], 0.9912028 secs]
234.551: [GC 234.551: [ParNew: 8192K->0K(8256K), 0.0072269 secs] 81005K->73172K(131136K), 0.0074453 secs]
234.624: [GC 234.625: [ParNew: 8192K->0K(8256K), 0.0095836 secs] 81364K->73942K(131136K), 0.0098597 secs]
234.723: [GC 234.724: [ParNew: 8192K->0K(8256K), 0.0102723 secs] 82134K->74376K(131136K), 0.0104536 secs]
234.818: [GC 234.818: [ParNew: 8192K->0K(8256K), 0.0076031 secs] 82568K->74835K(131136K), 0.0077965 secs]
234.890: [GC 234.890: [ParNew: 8192K->0K(8256K), 0.0091246 secs] 83027K->75496K(131136K), 0.0093329 secs]
234.972: [GC 234.972: [ParNew: 8192K->0K(8256K), 0.0084234 secs] 83688K->76023K(131136K), 0.0086207 secs]
235.041: [GC 235.041: [ParNew: 8192K->0K(8256K), 0.0092885 secs] 84215K->76661K(131136K), 0.0094782 secs]
235.115: [GC 235.115: [ParNew: 8192K->0K(8256K), 0.0096959 secs] 84853K->77316K(131136K), 0.0099131 secs]
235.189: [GC 235.189: [ParNew: 8192K->0K(8256K), 0.0099977 secs] 85508K->77976K(131136K), 0.0102065 secs]
235.272: [GC 235.272: [ParNew: 8191K->0K(8256K), 0.0095821 secs] 86168K->78674K(131136K), 0.0097984 secs]
235.354: [GC 235.355: [ParNew: 8192K->0K(8256K), 0.0091663 secs] 86866K->79308K(131136K), 0.0093688 secs]
235.439: [GC 235.439: [ParNew: 8192K->0K(8256K), 0.0099833 secs] 87500K->80187K(131136K), 0.0102052 secs]
235.520: [GC 235.520: [ParNew: 8192K->0K(8256K), 0.0085531 secs] 88379K->80680K(131136K), 0.0087638 secs]
235.603: [GC 235.603: [ParNew: 8192K->0K(8256K), 0.0096414 secs] 88872K->81528K(131136K), 0.0098461 secs]
235.707: [GC 235.707: [ParNew: 8192K->0K(8256K), 0.0112489 secs] 89720K->82349K(131136K), 0.0114791 secs]
235.796: [GC 235.796: [ParNew: 8192K->0K(8256K), 0.0111395 secs] 90541K->82925K(131136K), 0.0113631 secs]
235.884: [GC 235.884: [ParNew: 8192K->0K(8256K), 0.0096191 secs] 91117K->83678K(131136K), 0.0098129 secs]
235.965: [GC 235.965: [ParNew: 8192K->0K(8256K), 0.0085651 secs] 91870K->84268K(131136K), 0.0087818 secs]
236.063: [GC 236.063: [ParNew: 8192K->0K(8256K), 0.0118868 secs] 92460K->85043K(131136K), 0.0120896 secs]
236.150: [GC 236.150: [ParNew: 8192K->0K(8256K), 0.0137240 secs] 93235K->85747K(131136K), 0.0139258 secs]
236.245: [GC 236.245: [ParNew: 8192K->0K(8256K), 0.0132809 secs] 93939K->86574K(131136K), 0.0135018 secs]
236.271: [Full GC 236.271: [CMS (concurrent mode failure): 86574K->71490K(122880K), 0.9830076 secs] 88389K->71490K(131136K), [CMS Perm : 65535K->61602K(65536K)], 0.9832285 secs]
237.324: [GC 237.324: [ParNew: 8192K->0K(8256K), 0.0106230 secs] 79682K->72255K(131136K), 0.0108339 secs]
237.389: [GC 237.389: [ParNew: 8192K->0K(8256K), 0.0098291 secs] 80447K->73059K(131136K), 0.0100173 secs]
237.455: [GC 237.455: [ParNew: 8192K->0K(8256K), 0.0104500 secs] 81251K->73875K(131136K), 0.0106470 secs]
237.538: [GC 237.538: [ParNew: 8192K->0K(8256K), 0.0093252 secs] 82067K->74618K(131136K), 0.0095208 secs]
237.610: [GC 237.611: [ParNew: 8192K->0K(8256K), 0.0089145 secs] 82810K->75317K(131136K), 0.0091167 secs]
237.686: [GC 237.686: [ParNew: 8192K->0K(8256K), 0.0113290 secs] 83509K->76022K(131136K), 0.0115584 secs]
237.782: [GC 237.782: [ParNew: 8192K->0K(8256K), 0.0106421 secs] 84214K->76733K(131136K), 0.0108458 secs]
237.859: [GC 237.859: [ParNew: 8192K->0K(8256K), 0.0101301 secs] 84925K->77393K(131136K), 0.0103416 secs]
237.934: [GC 237.934: [ParNew: 8192K->0K(8256K), 0.0081895 secs] 85585K->78115K(131136K), 0.0083887 secs]
238.000: [GC 238.000: [ParNew: 8192K->0K(8256K), 0.0082684 secs] 86307K->78720K(131136K), 0.0084750 secs]
238.074: [GC 238.074: [ParNew: 8189K->0K(8256K), 0.0081954 secs] 86909K->79231K(131136K), 0.0083821 secs]
238.155: [GC 238.155: [ParNew: 8192K->0K(8256K), 0.0090696 secs] 87423K->79816K(131136K), 0.0093817 secs]
238.235: [GC 238.235: [ParNew: 8192K->0K(8256K), 0.0096747 secs] 88008K->80460K(131136K), 0.0098935 secs]
238.304: [GC 238.304: [ParNew: 8192K->0K(8256K), 0.0114593 secs] 88652K->81243K(131136K), 0.0117559 secs]
238.399: [GC 238.400: [ParNew: 8192K->0K(8256K), 0.0088705 secs] 89435K->81697K(131136K), 0.0090760 secs]
238.468: [GC 238.468: [ParNew: 8192K->0K(8256K), 0.0100721 secs] 89889K->82332K(131136K), 0.0102753 secs]
238.557: [GC 238.557: [ParNew: 8192K->0K(8256K), 0.0083626 secs] 90524K->82808K(131136K), 0.0085738 secs]
238.654: [GC 238.654: [ParNew: 8183K->0K(8256K), 0.0119397 secs] 90992K->83364K(131136K), 0.0121512 secs]
238.796: [GC 238.796: [ParNew: 8192K->0K(8256K), 0.0149839 secs] 91556K->83928K(131136K), 0.0151584 secs]
238.884: [GC 238.884: [ParNew: 8191K->0K(8256K), 0.0097391 secs] 92120K->84504K(131136K), 0.0099354 secs]
238.915: [Full GC 238.915: [CMS (concurrent mode failure): 84504K->72769K(122880K), 0.9559117 secs] 86653K->72769K(131136K), [CMS Perm : 65535K->61608K(65536K)], 0.9561577 secs]
239.946: [GC 239.946: [ParNew: 8192K->0K(8256K), 0.0120630 secs] 80961K->73386K(131136K), 0.0122766 secs]
240.034: [GC 240.034: [ParNew: 8192K->0K(8256K), 0.0094134 secs] 81578K->74110K(131136K), 0.0096041 secs]
240.099: [GC 240.099: [ParNew: 8192K->0K(8256K), 0.0083296 secs] 82302K->74769K(131136K), 0.0085262 secs]
240.182: [GC 240.182: [ParNew: 8192K->0K(8256K), 0.0097378 secs] 82961K->75511K(131136K), 0.0099290 secs]
240.251: [GC 240.251: [ParNew: 8192K->0K(8256K), 0.0106761 secs] 83703K->76192K(131136K), 0.0108683 secs]
240.325: [GC 240.325: [ParNew: 8192K->0K(8256K), 0.0076617 secs] 84384K->76691K(131136K), 0.0079543 secs]
240.403: [GC 240.403: [ParNew: 8192K->0K(8256K), 0.0100752 secs] 84883K->77387K(131136K), 0.0102982 secs]
240.483: [GC 240.483: [ParNew: 8192K->0K(8256K), 0.0091134 secs] 85579K->78012K(131136K), 0.0093218 secs]
240.549: [GC 240.549: [ParNew: 8191K->0K(8256K), 0.0100297 secs] 86204K->78853K(131136K), 0.0102297 secs]
240.635: [GC 240.635: [ParNew: 8192K->0K(8256K), 0.0097685 secs] 87045K->79543K(131136K), 0.0099665 secs]
240.716: [GC 240.716: [ParNew: 8192K->0K(8256K), 0.0125955 secs] 87735K->80302K(131136K), 0.0128204 secs]
240.799: [GC 240.799: [ParNew: 8192K->0K(8256K), 0.0116083 secs] 88494K->81074K(131136K), 0.0118014 secs]
240.871: [GC 240.871: [ParNew: 8186K->0K(8256K), 0.0095906 secs] 89261K->81905K(131136K), 0.0098033 secs]
240.949: [GC 240.949: [ParNew: 8191K->0K(8256K), 0.0094832 secs] 90096K->82540K(131136K), 0.0096866 secs]
241.041: [GC 241.042: [ParNew: 8192K->0K(8256K), 0.0094533 secs] 90732K->83203K(131136K), 0.0096649 secs]
241.128: [GC 241.128: [ParNew: 8192K->0K(8256K), 0.0073862 secs] 91395K->83757K(131136K), 0.0075893 secs]
241.198: [GC 241.198: [ParNew: 8192K->0K(8256K), 0.0099762 secs] 91949K->84496K(131136K), 0.0101829 secs]
241.266: [GC 241.266: [ParNew: 8192K->0K(8256K), 0.0107235 secs] 92688K->85219K(131136K), 0.0109366 secs]
241.338: [GC 241.338: [ParNew: 8192K->0K(8256K), 0.0093584 secs] 93411K->85944K(131136K), 0.0096313 secs]
241.409: [GC 241.409: [ParNew: 8192K->0K(8256K), 0.0127787 secs] 94136K->86564K(131136K), 0.0129713 secs]
241.480: [GC 241.480: [ParNew: 8192K->0K(8256K), 0.0109319 secs] 94756K->87319K(131136K), 0.0111344 secs]
241.594: [GC 241.594: [ParNew: 8192K->0K(8256K), 0.0070854 secs] 95511K->87852K(131136K), 0.0072995 secs]
241.667: [GC 241.667: [ParNew: 8192K->0K(8256K), 0.0102909 secs] 96044K->88474K(131136K), 0.0105111 secs]
241.702: [Full GC 241.702: [CMS (concurrent mode failure): 88474K->72509K(122880K), 0.9504593 secs] 90298K->72509K(131136K), [CMS Perm : 65536K->61610K(65536K)], 0.9507126 secs]
242.727: [GC 242.727: [ParNew: 8192K->0K(8256K), 0.0122936 secs] 80701K->73068K(131136K), 0.0124934 secs]
242.822: [GC 242.822: [ParNew: 8178K->0K(8256K), 0.0089087 secs] 81246K->73726K(131136K), 0.0091189 secs]
242.902: [GC 242.903: [ParNew: 8192K->0K(8256K), 0.0096611 secs] 81918K->74352K(131136K), 0.0099306 secs]
242.997: [GC 242.998: [ParNew: 8192K->0K(8256K), 0.0094284 secs] 82544K->74892K(131136K), 0.0097258 secs]
243.063: [GC 243.063: [ParNew: 8192K->0K(8256K), 0.0100086 secs] 83084K->75593K(131136K), 0.0102047 secs]
243.136: [GC 243.137: [ParNew: 8192K->0K(8256K), 0.0100217 secs] 83785K->76290K(131136K), 0.0103022 secs]
243.218: [GC 243.218: [ParNew: 8192K->0K(8256K), 0.0095104 secs] 84482K->76844K(131136K), 0.0097003 secs]
243.301: [GC 243.301: [ParNew: 8192K->0K(8256K), 0.0099390 secs] 85036K->77468K(131136K), 0.0101454 secs]
243.389: [GC 243.389: [ParNew: 8192K->0K(8256K), 0.0101554 secs] 85660K->78137K(131136K), 0.0103629 secs]
243.458: [GC 243.458: [ParNew: 8192K->0K(8256K), 0.0097600 secs] 86329K->78850K(131136K), 0.0100438 secs]
243.549: [GC 243.549: [ParNew: 8192K->0K(8256K), 0.0092182 secs] 87042K->79446K(131136K), 0.0094221 secs]
243.622: [GC 243.622: [ParNew: 8192K->0K(8256K), 0.0087573 secs] 87638K->80098K(131136K), 0.0089486 secs]
243.687: [GC 243.687: [ParNew: 8192K->0K(8256K), 0.0105251 secs] 88290K->80871K(131136K), 0.0107486 secs]
243.771: [GC 243.771: [ParNew: 8192K->0K(8256K), 0.0214274 secs] 89063K->81746K(131136K), 0.0216632 secs]
243.880: [GC 243.880: [ParNew: 8192K->0K(8256K), 0.0112307 secs] 89938K->82150K(131136K), 0.0114447 secs]
243.958: [GC 243.958: [ParNew: 8191K->0K(8256K), 0.0104603 secs] 90342K->82872K(131136K), 0.0107607 secs]
244.042: [GC 244.042: [ParNew: 8192K->0K(8256K), 0.0075686 secs] 91064K->83363K(131136K), 0.0077671 secs]
244.124: [GC 244.124: [ParNew: 8192K->0K(8256K), 0.0090162 secs] 91555K->83803K(131136K), 0.0093272 secs]
244.204: [GC 244.204: [ParNew: 8192K->0K(8256K), 0.0088745 secs] 91995K->84524K(131136K), 0.0091709 secs]
244.263: [Full GC 244.264: [CMS (concurrent mode failure): 84524K->72595K(122880K), 0.9739518 secs] 90905K->72595K(131136K), [CMS Perm : 65535K->61615K(65536K)], 0.9742114 secs]
245.328: [GC 245.328: [ParNew: 8192K->0K(8256K), 0.0099412 secs] 80787K->73264K(131136K), 0.0101736 secs]
245.414: [GC 245.415: [ParNew: 8192K->0K(8256K), 0.0082491 secs] 81456K->73926K(131136K), 0.0084499 secs]
245.489: [GC 245.489: [ParNew: 8192K->0K(8256K), 0.0092015 secs] 82118K->74583K(131136K), 0.0093998 secs]
245.566: [GC 245.566: [ParNew: 8178K->0K(8256K), 0.0118509 secs] 82761K->75375K(131136K), 0.0120450 secs]
245.647: [GC 245.647: [ParNew: 8192K->0K(8256K), 0.0095424 secs] 83567K->76163K(131136K), 0.0097446 secs]
245.747: [GC 245.747: [ParNew: 8192K->0K(8256K), 0.0210920 secs] 84355K->76725K(131136K), 0.0213152 secs]
245.852: [GC 245.852: [ParNew: 8192K->0K(8256K), 0.0087585 secs] 84917K->77477K(131136K), 0.0089739 secs]
245.917: [GC 245.917: [ParNew: 8192K->0K(8256K), 0.0103374 secs] 85669K->78296K(131136K), 0.0105419 secs]
245.984: [GC 245.984: [ParNew: 8187K->0K(8256K), 0.0111462 secs] 86483K->79091K(131136K), 0.0113440 secs]
246.062: [GC 246.063: [ParNew: 8192K->0K(8256K), 0.0096640 secs] 87283K->79788K(131136K), 0.0098592 secs]
246.147: [GC 246.147: [ParNew: 8192K->0K(8256K), 0.0083899 secs] 87980K->80242K(131136K), 0.0086757 secs]
246.221: [GC 246.222: [ParNew: 8192K->0K(8256K), 0.0088566 secs] 88434K->80972K(131136K), 0.0090661 secs]
246.295: [GC 246.295: [ParNew: 8192K->0K(8256K), 0.0095888 secs] 89164K->81597K(131136K), 0.0097957 secs]
246.377: [GC 246.377: [ParNew: 8192K->0K(8256K), 0.0097294 secs] 89789K->82280K(131136K), 0.0099554 secs]
246.455: [GC 246.455: [ParNew: 8192K->0K(8256K), 0.0079628 secs] 90472K->83064K(131136K), 0.0081724 secs]
246.530: [GC 246.530: [ParNew: 8192K->0K(8256K), 0.0075940 secs] 91256K->83599K(131136K), 0.0077937 secs]
246.606: [GC 246.606: [ParNew: 8192K->0K(8256K), 0.0090284 secs] 91791K->84449K(131136K), 0.0093325 secs]
246.676: [GC 246.676: [ParNew: 8192K->0K(8256K), 0.0092477 secs] 92641K->85314K(131136K), 0.0095542 secs]
246.745: [GC 246.745: [ParNew: 8192K->0K(8256K), 0.0143878 secs] 93506K->85961K(131136K), 0.0145966 secs]
246.843: [GC 246.843: [ParNew: 8192K->0K(8256K), 0.0087260 secs] 94153K->86493K(131136K), 0.0089180 secs]
246.915: [GC 246.915: [ParNew: 8192K->0K(8256K), 0.0079985 secs] 94685K->87052K(131136K), 0.0082124 secs]
246.995: [GC 246.995: [ParNew: 8192K->0K(8256K), 0.0068759 secs] 95244K->87563K(131136K), 0.0071417 secs]
247.017: [Full GC 247.017: [CMS (concurrent mode failure): 87563K->72660K(122880K), 0.9564271 secs] 89695K->72660K(131136K), [CMS Perm : 65535K->61618K(65536K)], 0.9566736 secs]
248.060: [GC 248.060: [ParNew: 8192K->0K(8256K), 0.0089062 secs] 80852K->73022K(131136K), 0.0091391 secs]
248.137: [GC 248.137: [ParNew: 8192K->0K(8256K), 0.0085311 secs] 81214K->73677K(131136K), 0.0087381 secs]
248.217: [GC 248.217: [ParNew: 8192K->0K(8256K), 0.0096339 secs] 81869K->74212K(131136K), 0.0098216 secs]
248.302: [GC 248.302: [ParNew: 8192K->0K(8256K), 0.0092641 secs] 82404K->74941K(131136K), 0.0094549 secs]
248.375: [GC 248.375: [ParNew: 8192K->0K(8256K), 0.0096682 secs] 83133K->75693K(131136K), 0.0098953 secs]
248.463: [GC 248.463: [ParNew: 8192K->0K(8256K), 0.0088450 secs] 83885K->76256K(131136K), 0.0090495 secs]
248.529: [GC 248.530: [ParNew: 8192K->0K(8256K), 0.0093973 secs] 84448K->76956K(131136K), 0.0096846 secs]
248.610: [GC 248.610: [ParNew: 8192K->0K(8256K), 0.0088194 secs] 85148K->77478K(131136K), 0.0090369 secs]
248.683: [GC 248.683: [ParNew: 8192K->0K(8256K), 0.0089358 secs] 85670K->78308K(131136K), 0.0091569 secs]
248.768: [GC 248.768: [ParNew: 8192K->0K(8256K), 0.0108400 secs] 86500K->78976K(131136K), 0.0110400 secs]
248.843: [GC 248.843: [ParNew: 8192K->0K(8256K), 0.0107425 secs] 87168K->79714K(131136K), 0.0109374 secs]
248.940: [GC 248.940: [ParNew: 8191K->0K(8256K), 0.0093815 secs] 87906K->80303K(131136K), 0.0095848 secs]
249.023: [GC 249.023: [ParNew: 8192K->0K(8256K), 0.0090019 secs] 88495K->81063K(131136K), 0.0092032 secs]
249.099: [GC 249.099: [ParNew: 8192K->0K(8256K), 0.0076578 secs] 89255K->81586K(131136K), 0.0078749 secs]
249.175: [GC 249.175: [ParNew: 8192K->0K(8256K), 0.0105983 secs] 89778K->82459K(131136K), 0.0108064 secs]
249.253: [GC 249.253: [ParNew: 8192K->0K(8256K), 0.0105544 secs] 90651K->83156K(131136K), 0.0107639 secs]
249.337: [GC 249.337: [ParNew: 8192K->0K(8256K), 0.0076899 secs] 91348K->83705K(131136K), 0.0078837 secs]
249.412: [GC 249.413: [ParNew: 8192K->0K(8256K), 0.0085970 secs] 91897K->84521K(131136K), 0.0088044 secs]
249.490: [GC 249.490: [ParNew: 8192K->0K(8256K), 0.0087896 secs] 92713K->85309K(131136K), 0.0090105 secs]
249.561: [GC 249.561: [ParNew: 8192K->0K(8256K), 0.0100581 secs] 93501K->85966K(131136K), 0.0102595 secs]
249.598: [Full GC 249.598: [CMS (concurrent mode failure): 85966K->71680K(122880K), 0.9569951 secs] 89135K->71680K(131136K), [CMS Perm : 65535K->61623K(65536K)], 0.9572389 secs]
250.625: [GC 250.625: [ParNew: 8190K->0K(8256K), 0.0097076 secs] 79870K->72323K(131136K), 0.0099252 secs]
250.700: [GC 250.700: [ParNew: 8192K->0K(8256K), 0.0096832 secs] 80515K->73072K(131136K), 0.0098937 secs]
250.777: [GC 250.777: [ParNew: 8192K->0K(8256K), 0.0105829 secs] 81264K->73886K(131136K), 0.0108022 secs]
250.861: [GC 250.861: [ParNew: 8192K->0K(8256K), 0.0100178 secs] 82078K->74630K(131136K), 0.0102325 secs]
250.941: [GC 250.941: [ParNew: 8192K->0K(8256K), 0.0089726 secs] 82822K->75174K(131136K), 0.0091707 secs]
251.009: [GC 251.009: [ParNew: 8192K->0K(8256K), 0.0099833 secs] 83366K->76021K(131136K), 0.0101803 secs]
251.076: [GC 251.076: [ParNew: 8192K->0K(8256K), 0.0102420 secs] 84213K->76756K(131136K), 0.0104427 secs]
251.146: [GC 251.146: [ParNew: 8192K->0K(8256K), 0.0093214 secs] 84948K->77478K(131136K), 0.0095465 secs]
251.218: [GC 251.218: [ParNew: 8192K->0K(8256K), 0.0082901 secs] 85670K->78267K(131136K), 0.0084951 secs]
251.277: [GC 251.277: [ParNew: 8192K->0K(8256K), 0.0111110 secs] 86459K->79039K(131136K), 0.0113331 secs]
251.360: [GC 251.360: [ParNew: 8192K->0K(8256K), 0.0090188 secs] 87231K->79596K(131136K), 0.0092977 secs]
251.433: [GC 251.433: [ParNew: 8192K->0K(8256K), 0.0092060 secs] 87788K->80136K(131136K), 0.0093913 secs]
251.504: [GC 251.504: [ParNew: 8192K->0K(8256K), 0.0097621 secs] 88328K->80807K(131136K), 0.0099518 secs]
251.589: [GC 251.589: [ParNew: 8192K->0K(8256K), 0.0076461 secs] 88999K->81421K(131136K), 0.0078488 secs]
251.678: [GC 251.679: [ParNew: 8192K->0K(8256K), 0.0087454 secs] 89613K->81826K(131136K), 0.0089411 secs]
251.771: [GC 251.771: [ParNew: 8186K->0K(8256K), 0.0102057 secs] 90012K->82247K(131136K), 0.0104197 secs]
251.845: [GC 251.845: [ParNew: 8192K->0K(8256K), 0.0094597 secs] 90439K->82928K(131136K), 0.0096577 secs]
251.914: [GC 251.914: [ParNew: 8191K->0K(8256K), 0.0102917 secs] 91120K->83549K(131136K), 0.0104800 secs]
251.996: [GC 251.996: [ParNew: 8192K->0K(8256K), 0.0095751 secs] 91741K->84218K(131136K), 0.0098861 secs]
252.069: [GC 252.069: [ParNew: 8192K->0K(8256K), 0.0085792 secs] 92410K->84928K(131136K), 0.0087719 secs]
252.136: [GC 252.136: [ParNew: 8188K->0K(8256K), 0.0090997 secs] 93116K->85501K(131136K), 0.0093619 secs]
252.154: [Full GC 252.154: [CMS (concurrent mode failure): 85501K->72808K(122880K), 0.9549876 secs] 86238K->72808K(131136K), [CMS Perm : 65535K->61631K(65536K)], 0.9552811 secs]
253.179: [GC 253.179: [ParNew: 8191K->0K(8256K), 0.0097085 secs] 81000K->73466K(131136K), 0.0099201 secs]
253.256: [GC 253.256: [ParNew: 8192K->0K(8256K), 0.0096449 secs] 81658K->74101K(131136K), 0.0098614 secs]
253.334: [GC 253.334: [ParNew: 8192K->0K(8256K), 0.0114605 secs] 82293K->74683K(131136K), 0.0116746 secs]
253.404: [GC 253.404: [ParNew: 8192K->0K(8256K), 0.0097730 secs] 82875K->75454K(131136K), 0.0100704 secs]
253.469: [GC 253.469: [ParNew: 8192K->0K(8256K), 0.0103204 secs] 83646K->76143K(131136K), 0.0105130 secs]
253.559: [GC 253.559: [ParNew: 8192K->0K(8256K), 0.0089529 secs] 84335K->76667K(131136K), 0.0091540 secs]
253.641: [GC 253.641: [ParNew: 8192K->0K(8256K), 0.0093159 secs] 84859K->77271K(131136K), 0.0095245 secs]
253.720: [GC 253.720: [ParNew: 8192K->0K(8256K), 0.0144082 secs] 85463K->77923K(131136K), 0.0146299 secs]
253.829: [GC 253.829: [ParNew: 8192K->0K(8256K), 0.0084131 secs] 86115K->78656K(131136K), 0.0086407 secs]
253.930: [GC 253.930: [ParNew: 8192K->0K(8256K), 0.0101946 secs] 86848K->79422K(131136K), 0.0104072 secs]
254.016: [GC 254.016: [ParNew: 8192K->0K(8256K), 0.0091616 secs] 87614K->80076K(131136K), 0.0093792 secs]
254.102: [GC 254.102: [ParNew: 8192K->0K(8256K), 0.0096623 secs] 88268K->80702K(131136K), 0.0099501 secs]
254.194: [GC 254.194: [ParNew: 8192K->0K(8256K), 0.0087599 secs] 88894K->81440K(131136K), 0.0089584 secs]
254.293: [GC 254.293: [ParNew: 8192K->0K(8256K), 0.0091770 secs] 89632K->81990K(131136K), 0.0094106 secs]
254.369: [GC 254.369: [ParNew: 8192K->0K(8256K), 0.0102481 secs] 90182K->82813K(131136K), 0.0105139 secs]
254.443: [GC 254.443: [ParNew: 8188K->0K(8256K), 0.0103130 secs] 91001K->83571K(131136K), 0.0105340 secs]
254.515: [GC 254.515: [ParNew: 8192K->0K(8256K), 0.0090742 secs] 91763K->84326K(131136K), 0.0092871 secs]
254.595: [GC 254.595: [ParNew: 8191K->0K(8256K), 0.0096244 secs] 92518K->85011K(131136K), 0.0098479 secs]
254.669: [GC 254.669: [ParNew: 8192K->0K(8256K), 0.0102796 secs] 93203K->85768K(131136K), 0.0105331 secs]
254.741: [GC 254.741: [ParNew: 8192K->0K(8256K), 0.0151304 secs] 93960K->86545K(131136K), 0.0153447 secs]
254.839: [GC 254.839: [ParNew: 8192K->0K(8256K), 0.0085055 secs] 94737K->87179K(131136K), 0.0087104 secs]
254.944: [GC 254.944: [ParNew: 8192K->0K(8256K), 0.0061614 secs] 95371K->87636K(131136K), 0.0064401 secs]
255.021: [GC 255.021: [ParNew: 8192K->0K(8256K), 0.0081360 secs] 95828K->88357K(131136K), 0.0083410 secs]
255.059: [Full GC 255.060: [CMS (concurrent mode failure): 88357K->72253K(122880K), 0.9503085 secs] 91645K->72253K(131136K), [CMS Perm : 65535K->61636K(65536K)], 0.9505621 secs]
256.080: [GC 256.080: [ParNew: 8192K->0K(8256K), 0.0090760 secs] 80445K->72816K(131136K), 0.0092727 secs]
256.172: [GC 256.172: [ParNew: 8192K->0K(8256K), 0.0088258 secs] 81008K->73341K(131136K), 0.0090303 secs]
256.258: [GC 256.258: [ParNew: 8192K->0K(8256K), 0.0079399 secs] 81533K->73983K(131136K), 0.0081309 secs]
256.338: [GC 256.338: [ParNew: 8192K->0K(8256K), 0.0080279 secs] 82175K->74548K(131136K), 0.0082311 secs]
256.409: [GC 256.409: [ParNew: 8191K->0K(8256K), 0.0093816 secs] 82739K->75264K(131136K), 0.0095742 secs]
256.495: [GC 256.495: [ParNew: 8192K->0K(8256K), 0.0081650 secs] 83456K->75777K(131136K), 0.0083780 secs]
256.575: [GC 256.575: [ParNew: 8192K->0K(8256K), 0.0095904 secs] 83969K->76291K(131136K), 0.0097716 secs]
256.660: [GC 256.660: [ParNew: 8192K->0K(8256K), 0.0113498 secs] 84483K->76736K(131136K), 0.0115741 secs]
256.728: [GC 256.728: [ParNew: 8192K->0K(8256K), 0.0132825 secs] 84928K->77491K(131136K), 0.0135017 secs]
256.839: [GC 256.839: [ParNew: 8192K->0K(8256K), 0.0105253 secs] 85683K->77951K(131136K), 0.0107410 secs]
256.925: [GC 256.926: [ParNew: 8192K->0K(8256K), 0.0095207 secs] 86143K->78563K(131136K), 0.0098385 secs]
256.996: [GC 256.996: [ParNew: 8192K->0K(8256K), 0.0093683 secs] 86755K->79236K(131136K), 0.0095544 secs]
257.075: [GC 257.075: [ParNew: 8192K->0K(8256K), 0.0086273 secs] 87428K->79800K(131136K), 0.0089017 secs]
257.144: [GC 257.144: [ParNew: 8192K->0K(8256K), 0.0105310 secs] 87992K->80570K(131136K), 0.0107402 secs]
257.233: [GC 257.233: [ParNew: 8192K->0K(8256K), 0.0115120 secs] 88762K->81620K(131136K), 0.0117393 secs]
257.320: [GC 257.320: [ParNew: 8192K->0K(8256K), 0.0083956 secs] 89812K->82153K(131136K), 0.0085997 secs]
257.406: [GC 257.406: [ParNew: 8184K->0K(8256K), 0.0100843 secs] 90337K->82941K(131136K), 0.0102978 secs]
257.499: [Full GC 257.499: [CMS (concurrent mode failure): 82941K->71974K(122880K), 0.9524709 secs] 90231K->71974K(131136K), [CMS Perm : 65535K->61637K(65536K)], 0.9526989 secs]
258.525: [GC 258.525: [ParNew: 8192K->0K(8256K), 0.0088362 secs] 80166K->72718K(131136K), 0.0090421 secs]
258.600: [GC 258.600: [ParNew: 8192K->0K(8256K), 0.0091104 secs] 80910K->73464K(131136K), 0.0093189 secs]
258.691: [GC 258.691: [ParNew: 8192K->0K(8256K), 0.0092606 secs] 81656K->74261K(131136K), 0.0094707 secs]
258.778: [GC 258.779: [ParNew: 8192K->0K(8256K), 0.0109988 secs] 82453K->75001K(131136K), 0.0111998 secs]
258.864: [GC 258.864: [ParNew: 8192K->0K(8256K), 0.0099618 secs] 83193K->75747K(131136K), 0.0101534 secs]
258.955: [GC 258.955: [ParNew: 8192K->0K(8256K), 0.0084342 secs] 83939K->76427K(131136K), 0.0086577 secs]
259.036: [GC 259.036: [ParNew: 8192K->0K(8256K), 0.0126612 secs] 84619K->77119K(131136K), 0.0128938 secs]
259.116: [GC 259.117: [ParNew: 8192K->0K(8256K), 0.0088299 secs] 85311K->77854K(131136K), 0.0090399 secs]
259.187: [GC 259.187: [ParNew: 8192K->0K(8256K), 0.0093496 secs] 86046K->78450K(131136K), 0.0095559 secs]
259.272: [GC 259.272: [ParNew: 8192K->0K(8256K), 0.0098539 secs] 86642K->79169K(131136K), 0.0100520 secs]
259.341: [GC 259.341: [ParNew: 8192K->0K(8256K), 0.0099987 secs] 87361K->79842K(131136K), 0.0102759 secs]
259.416: [GC 259.416: [ParNew: 8192K->0K(8256K), 0.0091049 secs] 88034K->80582K(131136K), 0.0093070 secs]
259.486: [GC 259.486: [ParNew: 8179K->0K(8256K), 0.0085865 secs] 88762K->81199K(131136K), 0.0088291 secs]
259.556: [GC 259.556: [ParNew: 8192K->0K(8256K), 0.0098178 secs] 89391K->82032K(131136K), 0.0100342 secs]
259.622: [GC 259.622: [ParNew: 8192K->0K(8256K), 0.0101154 secs] 90224K->82751K(131136K), 0.0103147 secs]
259.697: [GC 259.697: [ParNew: 8192K->0K(8256K), 0.0096041 secs] 90943K->83336K(131136K), 0.0098225 secs]
259.771: [GC 259.771: [ParNew: 8192K->0K(8256K), 0.0102157 secs] 91528K->84014K(131136K), 0.0104106 secs]
259.853: [GC 259.853: [ParNew: 8191K->0K(8256K), 0.0097402 secs] 92206K->84747K(131136K), 0.0099406 secs]
259.921: [GC 259.921: [ParNew: 8192K->0K(8256K), 0.0098316 secs] 92939K->85353K(131136K), 0.0100632 secs]
259.991: [GC 259.991: [ParNew: 8192K->0K(8256K), 0.0109427 secs] 93545K->86135K(131136K), 0.0112384 secs]
260.062: [GC 260.063: [ParNew: 8192K->0K(8256K), 0.0090639 secs] 94327K->86808K(131136K), 0.0093390 secs]
260.123: [GC 260.123: [ParNew: 8192K->0K(8256K), 0.0090498 secs] 95000K->87692K(131136K), 0.0092429 secs]
260.197: [GC 260.197: [ParNew: 8192K->0K(8256K), 0.0107874 secs] 95884K->88413K(131136K), 0.0109845 secs]
260.270: [GC 260.270: [ParNew: 8192K->0K(8256K), 0.0088322 secs] 96605K->89070K(131136K), 0.0090255 secs]
260.315: [Full GC 260.315: [CMS (concurrent mode failure): 89070K->72543K(122880K), 0.9713126 secs] 93172K->72543K(131136K), [CMS Perm : 65535K->61643K(65536K)], 0.9716333 secs]
261.363: [GC 261.363: [ParNew: 8192K->0K(8256K), 0.0097923 secs] 80735K->73150K(131136K), 0.0100167 secs]
261.441: [GC 261.441: [ParNew: 8192K->0K(8256K), 0.0079486 secs] 81342K->73829K(131136K), 0.0081456 secs]
261.504: [GC 261.504: [ParNew: 8192K->0K(8256K), 0.0093667 secs] 82021K->74485K(131136K), 0.0095885 secs]
261.585: [GC 261.586: [ParNew: 8192K->0K(8256K), 0.0095553 secs] 82677K->75011K(131136K), 0.0097658 secs]
261.662: [GC 261.662: [ParNew: 8192K->0K(8256K), 0.0081050 secs] 83203K->75546K(131136K), 0.0082880 secs]
261.752: [GC 261.752: [ParNew: 8192K->0K(8256K), 0.0135391 secs] 83738K->76116K(131136K), 0.0137443 secs]
261.845: [GC 261.845: [ParNew: 8191K->0K(8256K), 0.0074328 secs] 84308K->76527K(131136K), 0.0076318 secs]
261.937: [GC 261.937: [ParNew: 8192K->0K(8256K), 0.0070231 secs] 84719K->77028K(131136K), 0.0072302 secs]
262.016: [GC 262.016: [ParNew: 8191K->0K(8256K), 0.0095145 secs] 85220K->77693K(131136K), 0.0097214 secs]
262.093: [GC 262.093: [ParNew: 8192K->0K(8256K), 0.0101375 secs] 85885K->78234K(131136K), 0.0103524 secs]
262.184: [GC 262.210: [ParNew: 8192K->0K(8256K), 0.0091126 secs] 86426K->78851K(131136K), 0.0094255 secs]
262.289: [GC 262.290: [ParNew: 8192K->0K(8256K), 0.0086180 secs] 87043K->79354K(131136K), 0.0089036 secs]
262.368: [GC 262.368: [ParNew: 8192K->0K(8256K), 0.0090877 secs] 87546K->80132K(131136K), 0.0093528 secs]
262.446: [GC 262.446: [ParNew: 8192K->0K(8256K), 0.0081513 secs] 88324K->80733K(131136K), 0.0083685 secs]
262.519: [GC 262.519: [ParNew: 8192K->0K(8256K), 0.0095558 secs] 88925K->81436K(131136K), 0.0098525 secs]
262.596: [GC 262.596: [ParNew: 8192K->0K(8256K), 0.0082662 secs] 89628K->82026K(131136K), 0.0084635 secs]
262.664: [GC 262.665: [ParNew: 8192K->0K(8256K), 0.0077177 secs] 90218K->82642K(131136K), 0.0079327 secs]
262.746: [GC 262.746: [ParNew: 8191K->0K(8256K), 0.0142365 secs] 90834K->83589K(131136K), 0.0144303 secs]
262.830: [Full GC 262.830: [CMS (concurrent mode failure): 83589K->72965K(122880K), 1.0466284 secs] 90902K->72965K(131136K), [CMS Perm : 65535K->61652K(65536K)], 1.0468767 secs]
263.964: [GC 263.964: [ParNew: 8192K->0K(8256K), 0.0097955 secs] 81157K->73657K(131136K), 0.0100040 secs]
264.062: [GC 264.062: [ParNew: 8192K->0K(8256K), 0.0088702 secs] 81849K->74263K(131136K), 0.0090855 secs]
264.139: [GC 264.139: [ParNew: 8192K->0K(8256K), 0.0092401 secs] 82455K->74945K(131136K), 0.0094368 secs]
264.212: [GC 264.212: [ParNew: 8192K->0K(8256K), 0.0090693 secs] 83137K->75675K(131136K), 0.0092806 secs]
264.281: [GC 264.282: [ParNew: 8192K->0K(8256K), 0.0096406 secs] 83867K->76324K(131136K), 0.0098374 secs]
264.357: [GC 264.357: [ParNew: 8192K->0K(8256K), 0.0091092 secs] 84516K->77018K(131136K), 0.0092948 secs]
264.425: [GC 264.425: [ParNew: 8192K->0K(8256K), 0.0092918 secs] 85210K->77828K(131136K), 0.0094776 secs]
264.506: [GC 264.506: [ParNew: 8192K->0K(8256K), 0.0097513 secs] 86020K->78487K(131136K), 0.0099495 secs]
264.580: [GC 264.580: [ParNew: 8192K->0K(8256K), 0.0093623 secs] 86679K->79160K(131136K), 0.0095594 secs]
264.655: [GC 264.655: [ParNew: 8192K->0K(8256K), 0.0103944 secs] 87352K->80003K(131136K), 0.0106165 secs]
264.735: [GC 264.735: [ParNew: 8192K->0K(8256K), 0.0144698 secs] 88195K->80690K(131136K), 0.0146625 secs]
264.824: [GC 264.824: [ParNew: 8192K->0K(8256K), 0.0089055 secs] 88882K->81422K(131136K), 0.0091082 secs]
264.912: [GC 264.912: [ParNew: 8192K->0K(8256K), 0.0079373 secs] 89614K->82000K(131136K), 0.0081368 secs]
264.979: [GC 264.979: [ParNew: 8192K->0K(8256K), 0.0095052 secs] 90192K->82696K(131136K), 0.0097006 secs]
265.052: [GC 265.052: [ParNew: 8192K->0K(8256K), 0.0098478 secs] 90888K->83473K(131136K), 0.0100472 secs]
265.118: [GC 265.118: [ParNew: 8192K->0K(8256K), 0.0087821 secs] 91665K->84234K(131136K), 0.0089997 secs]
265.190: [GC 265.190: [ParNew: 8192K->0K(8256K), 0.0096663 secs] 92426K->85061K(131136K), 0.0098645 secs]
265.261: [GC 265.262: [ParNew: 8192K->0K(8256K), 0.0102005 secs] 93253K->85732K(131136K), 0.0104091 secs]
265.341: [GC 265.341: [ParNew: 8192K->0K(8256K), 0.0088342 secs] 93924K->86247K(131136K), 0.0090272 secs]
265.414: [GC 265.414: [ParNew: 8192K->0K(8256K), 0.0097268 secs] 94439K->86867K(131136K), 0.0099378 secs]
265.494: [GC 265.495: [ParNew: 8192K->0K(8256K), 0.0095940 secs] 95059K->87395K(131136K), 0.0098106 secs]
265.543: [Full GC 265.543: [CMS (concurrent mode failure): 87395K->72559K(122880K), 1.0215967 secs] 91978K->72559K(131136K), [CMS Perm : 65535K->61655K(65536K)], 1.0218510 secs]
266.630: [GC 266.630: [ParNew: 8192K->0K(8256K), 0.0104622 secs] 80751K->73156K(131136K), 0.0106694 secs]
266.720: [GC 266.720: [ParNew: 8185K->0K(8256K), 0.0108884 secs] 81342K->73684K(131136K), 0.0111056 secs]
266.803: [GC 266.803: [ParNew: 8192K->0K(8256K), 0.0099827 secs] 81876K->74437K(131136K), 0.0101732 secs]
266.880: [GC 266.880: [ParNew: 8192K->0K(8256K), 0.0100533 secs] 82629K->75118K(131136K), 0.0102548 secs]
266.948: [GC 266.948: [ParNew: 8192K->0K(8256K), 0.0103271 secs] 83310K->75915K(131136K), 0.0106338 secs]
267.037: [GC 267.037: [ParNew: 8181K->0K(8256K), 0.0081726 secs] 84096K->76369K(131136K), 0.0083907 secs]
267.117: [GC 267.117: [ParNew: 8192K->0K(8256K), 0.0096512 secs] 84561K->76959K(131136K), 0.0098434 secs]
267.186: [GC 267.187: [ParNew: 8192K->0K(8256K), 0.0108081 secs] 85151K->77744K(131136K), 0.0110113 secs]
267.263: [GC 267.263: [ParNew: 8192K->0K(8256K), 0.0094462 secs] 85936K->78512K(131136K), 0.0097325 secs]
267.334: [GC 267.334: [ParNew: 8192K->0K(8256K), 0.0110786 secs] 86704K->79183K(131136K), 0.0112870 secs]
267.405: [GC 267.406: [ParNew: 8192K->0K(8256K), 0.0095917 secs] 87375K->79989K(131136K), 0.0097859 secs]
267.490: [GC 267.490: [ParNew: 8192K->0K(8256K), 0.0072781 secs] 88181K->80535K(131136K), 0.0074870 secs]
267.569: [GC 267.570: [ParNew: 8192K->0K(8256K), 0.0096060 secs] 88727K->81134K(131136K), 0.0098947 secs]
267.656: [GC 267.657: [ParNew: 8192K->0K(8256K), 0.0094874 secs] 89326K->81602K(131136K), 0.0097633 secs]
267.744: [GC 267.744: [ParNew: 8192K->0K(8256K), 0.0123553 secs] 89794K->82324K(131136K), 0.0125646 secs]
267.821: [GC 267.822: [ParNew: 8192K->0K(8256K), 0.0096208 secs] 90516K->83055K(131136K), 0.0099117 secs]
267.895: [GC 267.895: [ParNew: 8192K->0K(8256K), 0.0090852 secs] 91247K->83778K(131136K), 0.0093047 secs]
267.989: [GC 267.989: [ParNew: 8192K->0K(8256K), 0.0100439 secs] 91970K->84555K(131136K), 0.0103468 secs]
268.063: [GC 268.063: [ParNew: 8192K->0K(8256K), 0.0095809 secs] 92747K->85199K(131136K), 0.0098547 secs]
268.141: [GC 268.141: [ParNew: 8192K->0K(8256K), 0.0089117 secs] 93391K->85873K(131136K), 0.0091224 secs]
268.179: [Full GC 268.179: [CMS (concurrent mode failure): 85873K->72380K(122880K), 0.9686033 secs] 88644K->72380K(131136K), [CMS Perm : 65535K->61657K(65536K)], 0.9688370 secs]
269.220: [GC 269.220: [ParNew: 8192K->0K(8256K), 0.0101643 secs] 80572K->73062K(131136K), 0.0103754 secs]
269.319: [GC 269.319: [ParNew: 8192K->0K(8256K), 0.0089288 secs] 81254K->73655K(131136K), 0.0091290 secs]
269.387: [GC 269.388: [ParNew: 8192K->0K(8256K), 0.0099246 secs] 81847K->74391K(131136K), 0.0101335 secs]
269.459: [GC 269.460: [ParNew: 8191K->0K(8256K), 0.0112091 secs] 82583K->75142K(131136K), 0.0114060 secs]
269.534: [GC 269.534: [ParNew: 8192K->0K(8256K), 0.0092910 secs] 83334K->75880K(131136K), 0.0095009 secs]
269.615: [GC 269.615: [ParNew: 8192K->0K(8256K), 0.0098142 secs] 84072K->76544K(131136K), 0.0100068 secs]
269.687: [GC 269.688: [ParNew: 8189K->0K(8256K), 0.0110264 secs] 84733K->77321K(131136K), 0.0112185 secs]
269.765: [GC 269.765: [ParNew: 8192K->0K(8256K), 0.0121456 secs] 85513K->78127K(131136K), 0.0124112 secs]
269.845: [GC 269.845: [ParNew: 8192K->0K(8256K), 0.0106653 secs] 86319K->78852K(131136K), 0.0109573 secs]
269.934: [GC 269.934: [ParNew: 8192K->0K(8256K), 0.0087544 secs] 87044K->79530K(131136K), 0.0089648 secs]
270.024: [GC 270.024: [ParNew: 8192K->0K(8256K), 0.0126634 secs] 87722K->80256K(131136K), 0.0128731 secs]
270.119: [GC 270.119: [ParNew: 8192K->0K(8256K), 0.0100352 secs] 88448K->81044K(131136K), 0.0102850 secs]
270.194: [GC 270.194: [ParNew: 8192K->0K(8256K), 0.0091914 secs] 89236K->81650K(131136K), 0.0093822 secs]
270.259: [GC 270.260: [ParNew: 8192K->0K(8256K), 0.0109776 secs] 89842K->82545K(131136K), 0.0111659 secs]
270.333: [GC 270.333: [ParNew: 8192K->0K(8256K), 0.0098433 secs] 90737K->83135K(131136K), 0.0100449 secs]
270.410: [GC 270.410: [ParNew: 8192K->0K(8256K), 0.0088530 secs] 91327K->83829K(131136K), 0.0090384 secs]
270.479: [GC 270.479: [ParNew: 8192K->0K(8256K), 0.0099523 secs] 92021K->84546K(131136K), 0.0101603 secs]
270.551: [GC 270.551: [ParNew: 8192K->0K(8256K), 0.0100521 secs] 92738K->85318K(131136K), 0.0102513 secs]
270.618: [GC 270.618: [ParNew: 8192K->0K(8256K), 0.0099432 secs] 93510K->85973K(131136K), 0.0101369 secs]
270.701: [GC 270.701: [ParNew: 8192K->0K(8256K), 0.0128016 secs] 94165K->86597K(131136K), 0.0130105 secs]
270.792: [GC 270.792: [ParNew: 8192K->0K(8256K), 0.0081647 secs] 94789K->87209K(131136K), 0.0083631 secs]
270.867: [GC 270.867: [ParNew: 8192K->0K(8256K), 0.0093318 secs] 95401K->87893K(131136K), 0.0095337 secs]
270.879: [Full GC 270.879: [CMS (concurrent mode failure): 87893K->72898K(122880K), 0.9534550 secs] 88329K->72898K(131136K), [CMS Perm : 65535K->61662K(65536K)], 0.9536923 secs]
271.910: [GC 271.910: [ParNew: 8191K->0K(8256K), 0.0097038 secs] 81090K->73511K(131136K), 0.0099087 secs]
271.989: [GC 271.989: [ParNew: 8192K->0K(8256K), 0.0089390 secs] 81703K->74184K(131136K), 0.0091629 secs]
272.065: [GC 272.065: [ParNew: 8192K->0K(8256K), 0.0093613 secs] 82376K->74892K(131136K), 0.0096488 secs]
272.136: [GC 272.137: [ParNew: 8192K->0K(8256K), 0.0099168 secs] 83084K->75638K(131136K), 0.0102073 secs]
272.214: [GC 272.214: [ParNew: 8192K->0K(8256K), 0.0097302 secs] 83830K->76353K(131136K), 0.0099495 secs]
272.287: [GC 272.287: [ParNew: 8192K->0K(8256K), 0.0100550 secs] 84545K->77000K(131136K), 0.0102560 secs]
272.364: [GC 272.364: [ParNew: 8190K->0K(8256K), 0.0089825 secs] 85190K->77560K(131136K), 0.0091751 secs]
272.434: [GC 272.435: [ParNew: 8192K->0K(8256K), 0.0096582 secs] 85752K->78303K(131136K), 0.0098747 secs]
272.506: [GC 272.506: [ParNew: 8192K->0K(8256K), 0.0091573 secs] 86495K->79025K(131136K), 0.0093601 secs]
272.588: [GC 272.589: [ParNew: 8192K->0K(8256K), 0.0082093 secs] 87217K->79656K(131136K), 0.0084066 secs]
272.660: [GC 272.660: [ParNew: 8192K->0K(8256K), 0.0105184 secs] 87848K->80348K(131136K), 0.0107068 secs]
272.740: [GC 272.740: [ParNew: 8192K->0K(8256K), 0.0136655 secs] 88540K->81218K(131136K), 0.0138828 secs]
272.820: [GC 272.820: [ParNew: 8192K->0K(8256K), 0.0099975 secs] 89410K->81785K(131136K), 0.0102032 secs]
272.901: [GC 272.901: [ParNew: 8192K->0K(8256K), 0.0086398 secs] 89977K->82356K(131136K), 0.0088412 secs]
272.964: [GC 272.964: [ParNew: 8192K->0K(8256K), 0.0111964 secs] 90548K->83277K(131136K), 0.0114037 secs]
273.038: [GC 273.038: [ParNew: 8192K->0K(8256K), 0.0094748 secs] 91469K->83791K(131136K), 0.0097803 secs]
273.111: [GC 273.111: [ParNew: 8192K->0K(8256K), 0.0096629 secs] 91983K->84599K(131136K), 0.0098594 secs]
273.196: [GC 273.196: [ParNew: 8191K->0K(8256K), 0.0101173 secs] 92791K->85209K(131136K), 0.0103144 secs]
273.282: [GC 273.282: [ParNew: 8192K->0K(8256K), 0.0101741 secs] 93401K->85908K(131136K), 0.0103824 secs]
273.359: [GC 273.359: [ParNew: 8192K->0K(8256K), 0.0096699 secs] 94100K->86687K(131136K), 0.0098577 secs]
273.396: [Full GC 273.396: [CMS (concurrent mode failure): 86687K->72494K(122880K), 0.9623056 secs] 90053K->72494K(131136K), [CMS Perm : 65535K->61671K(65536K)], 0.9625508 secs]
274.434: [GC 274.434: [ParNew: 8191K->0K(8256K), 0.0114328 secs] 80686K->73210K(131136K), 0.0116412 secs]
274.505: [GC 274.505: [ParNew: 8192K->0K(8256K), 0.0102723 secs] 81402K->74030K(131136K), 0.0105403 secs]
274.571: [GC 274.572: [ParNew: 8192K->0K(8256K), 0.0103743 secs] 82222K->74864K(131136K), 0.0105917 secs]
274.646: [GC 274.646: [ParNew: 8192K->0K(8256K), 0.0092110 secs] 83056K->75411K(131136K), 0.0094079 secs]
274.728: [GC 274.728: [ParNew: 8192K->0K(8256K), 0.0116279 secs] 83603K->76051K(131136K), 0.0118315 secs]
274.816: [GC 274.816: [ParNew: 8192K->0K(8256K), 0.0102396 secs] 84243K->76784K(131136K), 0.0104542 secs]
274.893: [GC 274.893: [ParNew: 8192K->0K(8256K), 0.0092444 secs] 84976K->77329K(131136K), 0.0094600 secs]
274.963: [GC 274.963: [ParNew: 8192K->0K(8256K), 0.0092361 secs] 85521K->77935K(131136K), 0.0094568 secs]
275.037: [GC 275.037: [ParNew: 8192K->0K(8256K), 0.0096347 secs] 86127K->78522K(131136K), 0.0098483 secs]
275.125: [GC 275.125: [ParNew: 8192K->0K(8256K), 0.0095849 secs] 86714K->79043K(131136K), 0.0097723 secs]
275.208: [GC 275.208: [ParNew: 8191K->0K(8256K), 0.0093316 secs] 87235K->79770K(131136K), 0.0096213 secs]
275.279: [GC 275.279: [ParNew: 8192K->0K(8256K), 0.0096781 secs] 87962K->80438K(131136K), 0.0098921 secs]
275.357: [GC 275.357: [ParNew: 8192K->0K(8256K), 0.0101127 secs] 88630K->81257K(131136K), 0.0103054 secs]
275.449: [GC 275.449: [ParNew: 8192K->0K(8256K), 0.0077923 secs] 89449K->81639K(131136K), 0.0080123 secs]
275.512: [GC 275.512: [ParNew: 8192K->0K(8256K), 0.0100169 secs] 89831K->82454K(131136K), 0.0102185 secs]
275.583: [GC 275.583: [ParNew: 8191K->0K(8256K), 0.0113448 secs] 90646K->83128K(131136K), 0.0115940 secs]
275.663: [GC 275.663: [ParNew: 8192K->0K(8256K), 0.0103258 secs] 91320K->83822K(131136K), 0.0105754 secs]
275.764: [GC 275.765: [ParNew: 8192K->0K(8256K), 0.0105188 secs] 92014K->84294K(131136K), 0.0108206 secs]
275.845: [GC 275.846: [ParNew: 8192K->0K(8256K), 0.0105599 secs] 92486K->84985K(131136K), 0.0108611 secs]
275.922: [GC 275.922: [ParNew: 8192K->0K(8256K), 0.0091795 secs] 93177K->85599K(131136K), 0.0093716 secs]
275.988: [GC 275.988: [ParNew: 8192K->0K(8256K), 0.0107180 secs] 93791K->86370K(131136K), 0.0109344 secs]
276.069: [GC 276.069: [ParNew: 8192K->0K(8256K), 0.0098905 secs] 94562K->87006K(131136K), 0.0100945 secs]
276.093: [Full GC 276.093: [CMS (concurrent mode failure): 87006K->72853K(122880K), 0.9847712 secs] 88474K->72853K(131136K), [CMS Perm : 65535K->61674K(65536K)], 0.9850662 secs]
277.184: [GC 277.184: [ParNew: 8192K->0K(8256K), 0.0087311 secs] 81045K->73152K(131136K), 0.0089337 secs]
277.273: [GC 277.273: [ParNew: 8192K->0K(8256K), 0.0092529 secs] 81344K->73700K(131136K), 0.0094384 secs]
277.358: [GC 277.358: [ParNew: 8192K->0K(8256K), 0.0085169 secs] 81892K->74456K(131136K), 0.0087220 secs]
277.439: [GC 277.439: [ParNew: 8192K->0K(8256K), 0.0095109 secs] 82648K->75244K(131136K), 0.0097262 secs]
277.529: [GC 277.529: [ParNew: 8192K->0K(8256K), 0.0077239 secs] 83436K->75615K(131136K), 0.0079136 secs]
277.598: [GC 277.598: [ParNew: 8192K->0K(8256K), 0.0101609 secs] 83807K->76403K(131136K), 0.0103686 secs]
277.675: [GC 277.675: [ParNew: 8192K->0K(8256K), 0.0083637 secs] 84595K->77019K(131136K), 0.0086410 secs]
277.760: [GC 277.760: [ParNew: 8192K->0K(8256K), 0.0127676 secs] 85211K->77746K(131136K), 0.0129979 secs]
277.844: [GC 277.844: [ParNew: 8192K->0K(8256K), 0.0108254 secs] 85938K->78590K(131136K), 0.0110217 secs]
277.920: [GC 277.920: [ParNew: 8192K->0K(8256K), 0.0086259 secs] 86782K->79271K(131136K), 0.0088152 secs]
277.994: [GC 277.994: [ParNew: 8192K->0K(8256K), 0.0096443 secs] 87463K->80090K(131136K), 0.0098440 secs]
278.084: [GC 278.084: [ParNew: 8192K->0K(8256K), 0.0107300 secs] 88282K->80740K(131136K), 0.0109348 secs]
278.181: [GC 278.181: [ParNew: 8192K->0K(8256K), 0.0137013 secs] 88932K->81383K(131136K), 0.0139062 secs]
278.269: [GC 278.269: [ParNew: 8192K->0K(8256K), 0.0112309 secs] 89575K->82170K(131136K), 0.0114525 secs]
278.349: [GC 278.349: [ParNew: 8192K->0K(8256K), 0.0121073 secs] 90362K->82875K(131136K), 0.0123188 secs]
278.445: [GC 278.445: [ParNew: 8192K->0K(8256K), 0.0120434 secs] 91067K->83454K(131136K), 0.0122551 secs]
278.535: [GC 278.535: [ParNew: 8192K->0K(8256K), 0.0152517 secs] 91646K->84096K(131136K), 0.0154374 secs]
278.630: [GC 278.630: [ParNew: 8192K->0K(8256K), 0.0089535 secs] 92288K->84649K(131136K), 0.0091460 secs]
278.708: [GC 278.708: [ParNew: 8192K->0K(8256K), 0.0096638 secs] 92841K->85258K(131136K), 0.0098474 secs]
278.785: [GC 278.785: [ParNew: 8192K->0K(8256K), 0.0118141 secs] 93450K->85876K(131136K), 0.0120986 secs]
278.863: [Full GC 278.864: [CMS (concurrent mode failure): 85876K->72809K(122880K), 0.9627869 secs] 92201K->72809K(131136K), [CMS Perm : 65535K->61681K(65536K)], 0.9630457 secs]
279.911: [GC 279.911: [ParNew: 8192K->0K(8256K), 0.0077911 secs] 81001K->73182K(131136K), 0.0079931 secs]
279.987: [GC 279.987: [ParNew: 8192K->0K(8256K), 0.0089323 secs] 81374K->73899K(131136K), 0.0091537 secs]
280.065: [GC 280.065: [ParNew: 8192K->0K(8256K), 0.0095262 secs] 82091K->74579K(131136K), 0.0097180 secs]
280.156: [GC 280.165: [ParNew: 8192K->0K(8256K), 0.0078100 secs] 82771K->75005K(131136K), 0.0081080 secs]
280.229: [GC 280.229: [ParNew: 8192K->0K(8256K), 0.0084891 secs] 83197K->75789K(131136K), 0.0086781 secs]
280.287: [GC 280.287: [ParNew: 8192K->0K(8256K), 0.0109929 secs] 83981K->76620K(131136K), 0.0112141 secs]
280.368: [GC 280.368: [ParNew: 8192K->0K(8256K), 0.0115438 secs] 84812K->77274K(131136K), 0.0117952 secs]
280.448: [GC 280.448: [ParNew: 8192K->0K(8256K), 0.0069414 secs] 85466K->77744K(131136K), 0.0071445 secs]
280.524: [GC 280.524: [ParNew: 8192K->0K(8256K), 0.0094378 secs] 85936K->78438K(131136K), 0.0096494 secs]
280.598: [GC 280.598: [ParNew: 8192K->0K(8256K), 0.0073222 secs] 86630K->79042K(131136K), 0.0075427 secs]
280.666: [GC 280.666: [ParNew: 8189K->0K(8256K), 0.0099380 secs] 87231K->79783K(131136K), 0.0101344 secs]
280.760: [GC 280.760: [ParNew: 8192K->0K(8256K), 0.0121567 secs] 87975K->80589K(131136K), 0.0124038 secs]
280.838: [GC 280.838: [ParNew: 8192K->0K(8256K), 0.0095785 secs] 88781K->81152K(131136K), 0.0097807 secs]
280.925: [GC 280.925: [ParNew: 8192K->0K(8256K), 0.0101850 secs] 89344K->81753K(131136K), 0.0103887 secs]
281.008: [GC 281.008: [ParNew: 8192K->0K(8256K), 0.0105136 secs] 89945K->82347K(131136K), 0.0107922 secs]
281.074: [GC 281.074: [ParNew: 8192K->0K(8256K), 0.0104618 secs] 90539K->83132K(131136K), 0.0106654 secs]
281.178: [GC 281.178: [ParNew: 8191K->0K(8256K), 0.0084586 secs] 91324K->83575K(131136K), 0.0086566 secs]
281.255: [GC 281.255: [ParNew: 8192K->0K(8256K), 0.0092826 secs] 91767K->84338K(131136K), 0.0094809 secs]
281.319: [GC 281.320: [ParNew: 8192K->0K(8256K), 0.0101392 secs] 92530K->85063K(131136K), 0.0104018 secs]
281.397: [Full GC 281.397: [CMS (concurrent mode failure): 85063K->72694K(122880K), 0.9718760 secs] 92759K->72694K(131136K), [CMS Perm : 65535K->61686K(65536K)], 0.9721365 secs]
282.451: [GC 282.451: [ParNew: 8192K->0K(8256K), 0.0104922 secs] 80886K->73276K(131136K), 0.0107828 secs]
282.532: [GC 282.532: [ParNew: 8192K->0K(8256K), 0.0101715 secs] 81468K->73975K(131136K), 0.0103810 secs]
282.620: [GC 282.620: [ParNew: 8192K->0K(8256K), 0.0090303 secs] 82167K->74606K(131136K), 0.0092530 secs]
282.691: [GC 282.691: [ParNew: 8192K->0K(8256K), 0.0092685 secs] 82798K->75142K(131136K), 0.0094624 secs]
282.774: [GC 282.775: [ParNew: 8192K->0K(8256K), 0.0110484 secs] 83334K->75950K(131136K), 0.0112658 secs]
282.853: [GC 282.853: [ParNew: 8191K->0K(8256K), 0.0099310 secs] 84142K->76664K(131136K), 0.0101229 secs]
282.919: [GC 282.919: [ParNew: 8192K->0K(8256K), 0.0102143 secs] 84856K->77615K(131136K), 0.0104337 secs]
282.997: [GC 282.998: [ParNew: 8192K->0K(8256K), 0.0097712 secs] 85807K->78279K(131136K), 0.0099828 secs]
283.065: [GC 283.065: [ParNew: 8192K->0K(8256K), 0.0100840 secs] 86471K->78959K(131136K), 0.0102931 secs]
283.139: [GC 283.139: [ParNew: 8192K->0K(8256K), 0.0091232 secs] 87151K->79596K(131136K), 0.0093367 secs]
283.216: [GC 283.216: [ParNew: 8192K->0K(8256K), 0.0097135 secs] 87788K->80336K(131136K), 0.0099131 secs]
283.292: [GC 283.292: [ParNew: 8192K->0K(8256K), 0.0104832 secs] 88528K->81035K(131136K), 0.0107620 secs]
283.377: [GC 283.377: [ParNew: 8192K->0K(8256K), 0.0087912 secs] 89227K->81551K(131136K), 0.0089940 secs]
283.455: [GC 283.455: [ParNew: 8192K->0K(8256K), 0.0093415 secs] 89743K->82177K(131136K), 0.0095426 secs]
283.525: [GC 283.525: [ParNew: 8188K->0K(8256K), 0.0095811 secs] 90366K->82895K(131136K), 0.0097853 secs]
283.624: [GC 283.624: [ParNew: 8192K->0K(8256K), 0.0084518 secs] 91087K->83297K(131136K), 0.0086435 secs]
283.721: [GC 283.721: [ParNew: 8192K->0K(8256K), 0.0108686 secs] 91489K->83750K(131136K), 0.0110688 secs]
283.805: [GC 283.805: [ParNew: 8192K->0K(8256K), 0.0103074 secs] 91942K->84443K(131136K), 0.0105071 secs]
283.872: [GC 283.872: [ParNew: 8192K->0K(8256K), 0.0090077 secs] 92635K->85188K(131136K), 0.0092951 secs]
283.954: [GC 283.954: [ParNew: 8192K->0K(8256K), 0.0095016 secs] 93380K->85845K(131136K), 0.0098237 secs]
284.018: [GC 284.018: [ParNew: 8192K->0K(8256K), 0.0101670 secs] 94037K->86553K(131136K), 0.0103654 secs]
284.081: [Full GC 284.081: [CMS (concurrent mode failure): 86553K->72765K(122880K), 0.9617489 secs] 91188K->72765K(131136K), [CMS Perm : 65535K->61689K(65536K)], 0.9620048 secs]
285.129: [GC 285.129: [ParNew: 8192K->0K(8256K), 0.0079014 secs] 80957K->73198K(131136K), 0.0081193 secs]
285.205: [GC 285.205: [ParNew: 8192K->0K(8256K), 0.0100800 secs] 81390K->73950K(131136K), 0.0102760 secs]
285.290: [GC 285.290: [ParNew: 8191K->0K(8256K), 0.0094617 secs] 82142K->74455K(131136K), 0.0097319 secs]
285.368: [GC 285.368: [ParNew: 8192K->0K(8256K), 0.0098999 secs] 82647K->75123K(131136K), 0.0101702 secs]
285.451: [GC 285.451: [ParNew: 8191K->0K(8256K), 0.0101342 secs] 83314K->75969K(131136K), 0.0103331 secs]
285.529: [GC 285.529: [ParNew: 8192K->0K(8256K), 0.0087975 secs] 84161K->76683K(131136K), 0.0090629 secs]
285.620: [GC 285.620: [ParNew: 8192K->0K(8256K), 0.0093398 secs] 84875K->77404K(131136K), 0.0095496 secs]
285.714: [GC 285.714: [ParNew: 8192K->0K(8256K), 0.0127276 secs] 85596K->78007K(131136K), 0.0129597 secs]
285.811: [GC 285.812: [ParNew: 8192K->0K(8256K), 0.0091802 secs] 86199K->78661K(131136K), 0.0093909 secs]
285.886: [GC 285.886: [ParNew: 8192K->0K(8256K), 0.0104250 secs] 86853K->79481K(131136K), 0.0106194 secs]
285.967: [GC 285.967: [ParNew: 8192K->0K(8256K), 0.0076905 secs] 87673K->80055K(131136K), 0.0078851 secs]
286.041: [GC 286.041: [ParNew: 8192K->0K(8256K), 0.0112446 secs] 88247K->80987K(131136K), 0.0114607 secs]
286.124: [GC 286.124: [ParNew: 8192K->0K(8256K), 0.0075843 secs] 89179K->81501K(131136K), 0.0077832 secs]
286.194: [GC 286.194: [ParNew: 8192K->0K(8256K), 0.0091713 secs] 89693K->82280K(131136K), 0.0093628 secs]
286.275: [GC 286.275: [ParNew: 8191K->0K(8256K), 0.0098012 secs] 90471K->83039K(131136K), 0.0100220 secs]
286.350: [GC 286.350: [ParNew: 8186K->0K(8256K), 0.0071301 secs] 91225K->83656K(131136K), 0.0073346 secs]
286.427: [GC 286.427: [ParNew: 8192K->0K(8256K), 0.0109147 secs] 91848K->84443K(131136K), 0.0111153 secs]
286.500: [GC 286.500: [ParNew: 8192K->0K(8256K), 0.0107301 secs] 92635K->85267K(131136K), 0.0109368 secs]
286.570: [GC 286.570: [ParNew: 8192K->0K(8256K), 0.0084273 secs] 93459K->85959K(131136K), 0.0087153 secs]
286.640: [GC 286.640: [ParNew: 8192K->0K(8256K), 0.0099155 secs] 94151K->86755K(131136K), 0.0101299 secs]
286.672: [Full GC 286.672: [CMS (concurrent mode failure): 86755K->71215K(122880K), 0.9496614 secs] 89588K->71215K(131136K), [CMS Perm : 65535K->61691K(65536K)], 0.9498977 secs]
287.687: [GC 287.687: [ParNew: 8192K->0K(8256K), 0.0109247 secs] 79407K->71910K(131136K), 0.0111657 secs]
287.766: [GC 287.766: [ParNew: 8192K->0K(8256K), 0.0105660 secs] 80102K->72648K(131136K), 0.0107797 secs]
287.847: [GC 287.847: [ParNew: 8192K->0K(8256K), 0.0074034 secs] 80840K->73203K(131136K), 0.0076219 secs]
287.917: [GC 287.917: [ParNew: 8192K->0K(8256K), 0.0100795 secs] 81395K->74003K(131136K), 0.0102636 secs]
287.997: [GC 287.997: [ParNew: 8192K->0K(8256K), 0.0090142 secs] 82195K->74570K(131136K), 0.0092736 secs]
288.069: [GC 288.069: [ParNew: 8192K->0K(8256K), 0.0090802 secs] 82762K->75310K(131136K), 0.0092959 secs]
288.139: [GC 288.139: [ParNew: 8192K->0K(8256K), 0.0096653 secs] 83502K->76043K(131136K), 0.0098923 secs]
288.215: [GC 288.215: [ParNew: 8192K->0K(8256K), 0.0095862 secs] 84235K->76723K(131136K), 0.0097772 secs]
288.296: [GC 288.296: [ParNew: 8192K->0K(8256K), 0.0169222 secs] 84915K->77523K(131136K), 0.0171451 secs]
288.389: [GC 288.389: [ParNew: 8192K->0K(8256K), 0.0109004 secs] 85715K->78031K(131136K), 0.0111266 secs]
288.476: [GC 288.476: [ParNew: 8192K->0K(8256K), 0.0133183 secs] 86223K->78723K(131136K), 0.0135189 secs]
288.567: [GC 288.567: [ParNew: 8176K->0K(8256K), 0.0090001 secs] 86900K->79369K(131136K), 0.0091950 secs]
288.638: [GC 288.639: [ParNew: 8192K->0K(8256K), 0.0101649 secs] 87561K->80095K(131136K), 0.0103817 secs]
288.729: [GC 288.729: [ParNew: 8191K->0K(8256K), 0.0130976 secs] 88287K->80440K(131136K), 0.0133445 secs]
288.832: [GC 288.832: [ParNew: 8192K->0K(8256K), 0.0091718 secs] 88632K->80891K(131136K), 0.0093696 secs]
288.924: [GC 288.924: [ParNew: 8192K->0K(8256K), 0.0101828 secs] 89083K->81535K(131136K), 0.0103939 secs]
288.997: [GC 288.997: [ParNew: 8192K->0K(8256K), 0.0087346 secs] 89727K->82156K(131136K), 0.0089396 secs]
289.069: [GC 289.069: [ParNew: 8192K->0K(8256K), 0.0096603 secs] 90348K->82764K(131136K), 0.0098490 secs]
289.132: [GC 289.132: [ParNew: 8192K->0K(8256K), 0.0111663 secs] 90956K->83585K(131136K), 0.0113589 secs]
289.223: [GC 289.223: [ParNew: 8192K->0K(8256K), 0.0098653 secs] 91777K->84264K(131136K), 0.0101566 secs]
289.269: [Full GC 289.269: [CMS (concurrent mode failure): 84264K->72801K(122880K), 0.9742713 secs] 88550K->72801K(131136K), [CMS Perm : 65535K->61694K(65536K)], 0.9745387 secs]
290.314: [GC 290.315: [ParNew: 8192K->0K(8256K), 0.0098475 secs] 80993K->73553K(131136K), 0.0100539 secs]
290.420: [GC 290.421: [ParNew: 8192K->0K(8256K), 0.0132490 secs] 81745K->74244K(131136K), 0.0134544 secs]
290.513: [GC 290.513: [ParNew: 8192K->0K(8256K), 0.0136493 secs] 82436K->75042K(131136K), 0.0138338 secs]
290.619: [GC 290.619: [ParNew: 8192K->0K(8256K), 0.0085005 secs] 83234K->75413K(131136K), 0.0086843 secs]
290.685: [GC 290.685: [ParNew: 8192K->0K(8256K), 0.0094817 secs] 83605K->76236K(131136K), 0.0096708 secs]
290.762: [GC 290.762: [ParNew: 8192K->0K(8256K), 0.0126330 secs] 84428K->76992K(131136K), 0.0128437 secs]
290.852: [GC 290.852: [ParNew: 8192K->0K(8256K), 0.0096080 secs] 85184K->77545K(131136K), 0.0098174 secs]
290.932: [GC 290.932: [ParNew: 8192K->0K(8256K), 0.0097315 secs] 85737K->78191K(131136K), 0.0099485 secs]
291.009: [GC 291.009: [ParNew: 8192K->0K(8256K), 0.0079228 secs] 86383K->78789K(131136K), 0.0081247 secs]
291.094: [GC 291.094: [ParNew: 8189K->0K(8256K), 0.0092829 secs] 86979K->79559K(131136K), 0.0095961 secs]
291.175: [GC 291.175: [ParNew: 8192K->0K(8256K), 0.0088080 secs] 87751K->80242K(131136K), 0.0090710 secs]
291.251: [GC 291.251: [ParNew: 8192K->0K(8256K), 0.0095694 secs] 88434K->81024K(131136K), 0.0098366 secs]
291.336: [GC 291.336: [ParNew: 8192K->0K(8256K), 0.0086527 secs] 89216K->81570K(131136K), 0.0088401 secs]
291.402: [GC 291.402: [ParNew: 8192K->0K(8256K), 0.0097790 secs] 89762K->82208K(131136K), 0.0099785 secs]
291.463: [GC 291.463: [ParNew: 8192K->0K(8256K), 0.0102326 secs] 90400K->83040K(131136K), 0.0104484 secs]
291.537: [GC 291.537: [ParNew: 8192K->0K(8256K), 0.0097093 secs] 91232K->83746K(131136K), 0.0099030 secs]
291.619: [GC 291.619: [ParNew: 8192K->0K(8256K), 0.0091213 secs] 91938K->84498K(131136K), 0.0093592 secs]
291.689: [GC 291.689: [ParNew: 8192K->0K(8256K), 0.0114545 secs] 92690K->85245K(131136K), 0.0116539 secs]
291.778: [GC 291.778: [ParNew: 8192K->0K(8256K), 0.0122999 secs] 93437K->85924K(131136K), 0.0125221 secs]
291.868: [GC 291.868: [ParNew: 8192K->0K(8256K), 0.0082006 secs] 94116K->86585K(131136K), 0.0084925 secs]
291.952: [GC 291.953: [ParNew: 8192K->0K(8256K), 0.0085466 secs] 94777K->87228K(131136K), 0.0087593 secs]
292.021: [Full GC 292.021: [CMS (concurrent mode failure): 87228K->72280K(122880K), 0.9784748 secs] 94941K->72280K(131136K), [CMS Perm : 65535K->61701K(65536K)], 0.9787205 secs]
293.060: [GC 293.060: [ParNew: 8192K->0K(8256K), 0.0126136 secs] 80472K->73144K(131136K), 0.0128711 secs]
293.148: [GC 293.148: [ParNew: 8192K->0K(8256K), 0.0082777 secs] 81336K->73734K(131136K), 0.0202577 secs]
293.243: [GC 293.243: [ParNew: 8192K->0K(8256K), 0.0083075 secs] 81926K->74440K(131136K), 0.0085940 secs]
293.309: [GC 293.309: [ParNew: 8192K->0K(8256K), 0.0097094 secs] 82632K->75300K(131136K), 0.0099109 secs]
293.388: [GC 293.388: [ParNew: 8191K->0K(8256K), 0.0096611 secs] 83492K->75775K(131136K), 0.0098761 secs]
293.477: [GC 293.477: [ParNew: 8192K->0K(8256K), 0.0085660 secs] 83967K->76360K(131136K), 0.0087732 secs]
293.541: [GC 293.541: [ParNew: 8192K->0K(8256K), 0.0095056 secs] 84552K->77145K(131136K), 0.0097272 secs]
293.622: [GC 293.622: [ParNew: 8192K->0K(8256K), 0.0085373 secs] 85337K->77643K(131136K), 0.0087632 secs]
293.704: [GC 293.704: [ParNew: 8192K->0K(8256K), 0.0114222 secs] 85835K->78135K(131136K), 0.0116304 secs]
293.792: [GC 293.792: [ParNew: 8192K->0K(8256K), 0.0093985 secs] 86327K->78749K(131136K), 0.0095940 secs]
293.874: [GC 293.874: [ParNew: 8192K->0K(8256K), 0.0093613 secs] 86941K->79263K(131136K), 0.0095590 secs]
293.952: [GC 293.953: [ParNew: 8192K->0K(8256K), 0.0078935 secs] 87455K->79734K(131136K), 0.0080899 secs]
294.020: [GC 294.020: [ParNew: 8192K->0K(8256K), 0.0094806 secs] 87926K->80492K(131136K), 0.0096749 secs]
294.094: [GC 294.094: [ParNew: 8192K->0K(8256K), 0.0094560 secs] 88684K->81043K(131136K), 0.0096513 secs]
294.171: [GC 294.171: [ParNew: 8191K->0K(8256K), 0.0136909 secs] 89235K->81848K(131136K), 0.0139422 secs]
294.258: [GC 294.258: [ParNew: 8191K->0K(8256K), 0.0108401 secs] 90040K->82638K(131136K), 0.0110454 secs]
294.334: [GC 294.334: [ParNew: 8192K->0K(8256K), 0.0100372 secs] 90830K->83351K(131136K), 0.0102273 secs]
294.426: [GC 294.426: [ParNew: 8192K->0K(8256K), 0.0094483 secs] 91543K->84035K(131136K), 0.0096597 secs]
294.513: [GC 294.513: [ParNew: 8192K->0K(8256K), 0.0081963 secs] 92227K->84671K(131136K), 0.0083920 secs]
294.593: [GC 294.593: [ParNew: 8192K->0K(8256K), 0.0100914 secs] 92863K->85389K(131136K), 0.0102885 secs]
294.605: [Full GC 294.605: [CMS (concurrent mode failure): 85389K->72275K(122880K), 0.9720270 secs] 85493K->72275K(131136K), [CMS Perm : 65535K->61706K(65536K)], 0.9723138 secs]
295.646: [GC 295.646: [ParNew: 8191K->0K(8256K), 0.0105279 secs] 80467K->73138K(131136K), 0.0107491 secs]
295.729: [GC 295.729: [ParNew: 8192K->0K(8256K), 0.0129792 secs] 81330K->73856K(131136K), 0.0132011 secs]
295.827: [GC 295.827: [ParNew: 8192K->0K(8256K), 0.0120004 secs] 82048K->74575K(131136K), 0.0122128 secs]
295.920: [GC 295.920: [ParNew: 8192K->0K(8256K), 0.0066580 secs] 82767K->75219K(131136K), 0.0068800 secs]
295.985: [GC 295.985: [ParNew: 8192K->0K(8256K), 0.0090985 secs] 83411K->76016K(131136K), 0.0093081 secs]
296.052: [GC 296.052: [ParNew: 8192K->0K(8256K), 0.0116999 secs] 84208K->76802K(131136K), 0.0119281 secs]
296.135: [GC 296.135: [ParNew: 8192K->0K(8256K), 0.0112275 secs] 84994K->77524K(131136K), 0.0114458 secs]
296.217: [GC 296.217: [ParNew: 8192K->0K(8256K), 0.0100410 secs] 85716K->78294K(131136K), 0.0102476 secs]
296.301: [GC 296.301: [ParNew: 8192K->0K(8256K), 0.0106232 secs] 86486K->79113K(131136K), 0.0108319 secs]
296.387: [GC 296.387: [ParNew: 8192K->0K(8256K), 0.0122801 secs] 87305K->79839K(131136K), 0.0124873 secs]
296.469: [GC 296.469: [ParNew: 8192K->0K(8256K), 0.0144816 secs] 88031K->80579K(131136K), 0.0147308 secs]
296.575: [GC 296.575: [ParNew: 8192K->0K(8256K), 0.0121732 secs] 88771K->81174K(131136K), 0.0123841 secs]
296.669: [GC 296.670: [ParNew: 8192K->0K(8256K), 0.0149650 secs] 89366K->81805K(131136K), 0.0152114 secs]
296.794: [GC 296.794: [ParNew: 8192K->0K(8256K), 0.0127678 secs] 89997K->82546K(131136K), 0.0129900 secs]
296.901: [GC 296.901: [ParNew: 8192K->0K(8256K), 0.0108647 secs] 90738K->83230K(131136K), 0.0110724 secs]
296.996: [GC 296.996: [ParNew: 8192K->0K(8256K), 0.0107342 secs] 91422K->83867K(131136K), 0.0109642 secs]
297.082: [GC 297.082: [ParNew: 8192K->0K(8256K), 0.0099342 secs] 92059K->84558K(131136K), 0.0101280 secs]
297.172: [GC 297.172: [ParNew: 8192K->0K(8256K), 0.0108856 secs] 92750K->85410K(131136K), 0.0111027 secs]
297.265: [GC 297.266: [ParNew: 8188K->0K(8256K), 0.0097357 secs] 93598K->86059K(131136K), 0.0099402 secs]
297.369: [GC 297.369: [ParNew: 8192K->0K(8256K), 0.0095055 secs] 94251K->86699K(131136K), 0.0097213 secs]
297.448: [GC 297.448: [ParNew: 8192K->0K(8256K), 0.0096547 secs] 94891K->87297K(131136K), 0.0098527 secs]
297.491: [Full GC 297.491: [CMS (concurrent mode failure): 87297K->72866K(122880K), 0.9581396 secs] 90916K->72866K(131136K), [CMS Perm : 65536K->61709K(65536K)], 0.9583767 secs]
298.550: [GC 298.551: [ParNew: 8192K->0K(8256K), 0.0088719 secs] 81058K->73268K(131136K), 0.0090968 secs]
298.659: [GC 298.660: [ParNew: 8192K->0K(8256K), 0.0151321 secs] 81460K->73809K(131136K), 0.0155067 secs]
298.762: [GC 298.762: [ParNew: 8192K->0K(8256K), 0.0115425 secs] 82001K->74434K(131136K), 0.0117578 secs]
298.846: [GC 298.847: [ParNew: 8192K->0K(8256K), 0.0097273 secs] 82626K->75143K(131136K), 0.0099285 secs]
298.929: [GC 298.929: [ParNew: 8192K->0K(8256K), 0.0098685 secs] 83335K->75843K(131136K), 0.0101737 secs]
299.012: [GC 299.012: [ParNew: 8192K->0K(8256K), 0.0094143 secs] 84035K->76451K(131136K), 0.0096297 secs]
299.084: [GC 299.084: [ParNew: 8192K->0K(8256K), 0.0087520 secs] 84643K->77236K(131136K), 0.0089777 secs]
299.151: [GC 299.151: [ParNew: 8192K->0K(8256K), 0.0083235 secs] 85428K->77875K(131136K), 0.0196629 secs]
299.246: [GC 299.247: [ParNew: 8192K->0K(8256K), 0.0087816 secs] 86067K->78551K(131136K), 0.0089852 secs]
299.318: [GC 299.318: [ParNew: 8186K->0K(8256K), 0.0096347 secs] 86737K->79294K(131136K), 0.0098368 secs]
299.398: [GC 299.398: [ParNew: 8192K->0K(8256K), 0.0081177 secs] 87486K->80088K(131136K), 0.0084019 secs]
299.501: [GC 299.501: [ParNew: 8192K->0K(8256K), 0.0082253 secs] 88280K->80644K(131136K), 0.0084426 secs]
299.596: [GC 299.596: [ParNew: 8192K->0K(8256K), 0.0108002 secs] 88836K->81325K(131136K), 0.0110456 secs]
299.690: [GC 299.690: [ParNew: 8192K->0K(8256K), 0.0102397 secs] 89517K->81984K(131136K), 0.0104425 secs]
299.777: [GC 299.777: [ParNew: 8192K->0K(8256K), 0.0139602 secs] 90176K->82884K(131136K), 0.0142717 secs]
299.874: [GC 299.874: [ParNew: 8179K->0K(8256K), 0.0079632 secs] 91063K->83601K(131136K), 0.0081737 secs]
299.954: [GC 299.954: [ParNew: 8192K->0K(8256K), 0.0090295 secs] 91793K->84432K(131136K), 0.0092425 secs]
300.031: [GC 300.031: [ParNew: 8192K->0K(8256K), 0.0091579 secs] 92624K->85198K(131136K), 0.0093541 secs]
300.119: [GC 300.119: [ParNew: 8192K->0K(8256K), 0.0087985 secs] 93390K->85894K(131136K), 0.0090014 secs]
300.177: [Full GC 300.177: [CMS (concurrent mode failure): 85894K->70617K(122880K), 0.9389959 secs] 92416K->70617K(131136K), [CMS Perm : 65535K->61705K(65536K)], 0.9392268 secs]
301.187: [GC 301.187: [ParNew: 8192K->0K(8256K), 0.0101874 secs] 78809K->71297K(131136K), 0.0103900 secs]
301.258: [GC 301.258: [ParNew: 8192K->0K(8256K), 0.0085265 secs] 79489K->71921K(131136K), 0.0087756 secs]
301.326: [GC 301.326: [ParNew: 8192K->0K(8256K), 0.0093555 secs] 80113K->72625K(131136K), 0.0095855 secs]
301.399: [GC 301.399: [ParNew: 8192K->0K(8256K), 0.0101507 secs] 80817K->73348K(131136K), 0.0103487 secs]
301.470: [GC 301.470: [ParNew: 8192K->0K(8256K), 0.0090533 secs] 81540K->74038K(131136K), 0.0092542 secs]
301.538: [GC 301.538: [ParNew: 8192K->0K(8256K), 0.0099883 secs] 82230K->74788K(131136K), 0.0102011 secs]
301.603: [GC 301.603: [ParNew: 8192K->0K(8256K), 0.0112845 secs] 82980K->75589K(131136K), 0.0114966 secs]
301.670: [GC 301.670: [ParNew: 8192K->0K(8256K), 0.0091426 secs] 83781K->76393K(131136K), 0.0093423 secs]
301.748: [GC 301.748: [ParNew: 8192K->0K(8256K), 0.0134096 secs] 84585K->77044K(131136K), 0.0136379 secs]
301.829: [GC 301.829: [ParNew: 8192K->0K(8256K), 0.0097195 secs] 85236K->77762K(131136K), 0.0099134 secs]
301.897: [GC 301.897: [ParNew: 8192K->0K(8256K), 0.0097794 secs] 85954K->78470K(131136K), 0.0100683 secs]
301.967: [GC 301.967: [ParNew: 8192K->0K(8256K), 0.0094603 secs] 86662K->79265K(131136K), 0.0096500 secs]
302.038: [GC 302.038: [ParNew: 8192K->0K(8256K), 0.0094563 secs] 87457K->79851K(131136K), 0.0096571 secs]
302.137: [GC 302.137: [ParNew: 8192K->0K(8256K), 0.0091660 secs] 88043K->80353K(131136K), 0.0093586 secs]
302.223: [GC 302.223: [ParNew: 8192K->0K(8256K), 0.0082238 secs] 88545K->80984K(131136K), 0.0084181 secs]
302.291: [GC 302.291: [ParNew: 8192K->0K(8256K), 0.0093907 secs] 89176K->81601K(131136K), 0.0095995 secs]
302.366: [GC 302.366: [ParNew: 8192K->0K(8256K), 0.0085307 secs] 89793K->82210K(131136K), 0.0087337 secs]
302.446: [GC 302.446: [ParNew: 8192K->0K(8256K), 0.0096618 secs] 90402K->82882K(131136K), 0.0098598 secs]
302.521: [GC 302.521: [ParNew: 8192K->0K(8256K), 0.0081476 secs] 91074K->83490K(131136K), 0.0083536 secs]
302.614: [GC 302.615: [ParNew: 8189K->0K(8256K), 0.0081389 secs] 91679K->83908K(131136K), 0.0083418 secs]
302.698: [GC 302.698: [ParNew: 8192K->0K(8256K), 0.0099428 secs] 92100K->84601K(131136K), 0.0102478 secs]
302.728: [Full GC 302.728: [CMS (concurrent mode failure): 84601K->72659K(122880K), 0.9585933 secs] 87377K->72659K(131136K), [CMS Perm : 65535K->61713K(65536K)], 0.9589032 secs]
303.768: [GC 303.768: [ParNew: 8192K->0K(8256K), 0.0137953 secs] 80851K->73326K(131136K), 0.0140918 secs]
303.873: [GC 303.873: [ParNew: 8185K->0K(8256K), 0.0075909 secs] 81512K->73672K(131136K), 0.0078063 secs]
303.939: [GC 303.939: [ParNew: 8192K->0K(8256K), 0.0096758 secs] 81864K->74365K(131136K), 0.0098883 secs]
304.029: [GC 304.029: [ParNew: 8192K->0K(8256K), 0.0077639 secs] 82557K->74788K(131136K), 0.0079691 secs]
304.095: [GC 304.095: [ParNew: 8192K->0K(8256K), 0.0111988 secs] 82980K->75658K(131136K), 0.0114029 secs]
304.182: [GC 304.182: [ParNew: 8192K->0K(8256K), 0.0088637 secs] 83850K->76386K(131136K), 0.0090553 secs]
304.273: [GC 304.273: [ParNew: 8192K->0K(8256K), 0.0091845 secs] 84578K->77073K(131136K), 0.0093773 secs]
304.356: [GC 304.356: [ParNew: 8191K->0K(8256K), 0.0099117 secs] 85265K->77822K(131136K), 0.0101138 secs]
304.435: [GC 304.435: [ParNew: 8192K->0K(8256K), 0.0092343 secs] 86014K->78624K(131136K), 0.0094316 secs]
304.515: [GC 304.515: [ParNew: 8192K->0K(8256K), 0.0084230 secs] 86816K->79255K(131136K), 0.0086263 secs]
304.597: [GC 304.597: [ParNew: 8192K->0K(8256K), 0.0081348 secs] 87447K->79858K(131136K), 0.0083324 secs]
304.678: [GC 304.678: [ParNew: 8192K->0K(8256K), 0.0097555 secs] 88050K->80606K(131136K), 0.0099645 secs]
304.762: [GC 304.762: [ParNew: 8192K->0K(8256K), 0.0116588 secs] 88798K->81278K(131136K), 0.0118745 secs]
304.851: [GC 304.851: [ParNew: 8192K->0K(8256K), 0.0081697 secs] 89470K->82049K(131136K), 0.0083749 secs]
304.920: [GC 304.920: [ParNew: 8192K->0K(8256K), 0.0093183 secs] 90241K->82774K(131136K), 0.0095350 secs]
304.996: [GC 304.996: [ParNew: 8192K->0K(8256K), 0.0096229 secs] 90966K->83400K(131136K), 0.0099165 secs]
305.075: [GC 305.075: [ParNew: 8192K->0K(8256K), 0.0097822 secs] 91592K->84053K(131136K), 0.0099740 secs]
305.149: [GC 305.149: [ParNew: 8192K->0K(8256K), 0.0094972 secs] 92245K->84740K(131136K), 0.0097784 secs]
305.219: [GC 305.219: [ParNew: 8192K->0K(8256K), 0.0088403 secs] 92932K->85564K(131136K), 0.0090295 secs]
305.287: [Full GC 305.288: [CMS (concurrent mode failure): 85564K->71101K(122880K), 0.9507140 secs] 93038K->71101K(131136K), [CMS Perm : 65535K->61716K(65536K)], 0.9509637 secs]
306.307: [GC 306.307: [ParNew: 8192K->0K(8256K), 0.0114439 secs] 79293K->71877K(131136K), 0.0117130 secs]
306.383: [GC 306.383: [ParNew: 8192K->0K(8256K), 0.0097833 secs] 80069K->72547K(131136K), 0.0100707 secs]
306.451: [GC 306.451: [ParNew: 8192K->0K(8256K), 0.0102498 secs] 80739K->73168K(131136K), 0.0104638 secs]
306.518: [GC 306.518: [ParNew: 8192K->0K(8256K), 0.0085678 secs] 81360K->73800K(131136K), 0.0088322 secs]
306.580: [GC 306.580: [ParNew: 8192K->0K(8256K), 0.0105364 secs] 81992K->74625K(131136K), 0.0107301 secs]
306.650: [GC 306.650: [ParNew: 8192K->0K(8256K), 0.0097588 secs] 82817K->75319K(131136K), 0.0099529 secs]
306.728: [GC 306.728: [ParNew: 8192K->0K(8256K), 0.0123479 secs] 83511K->76068K(131136K), 0.0125316 secs]
306.816: [GC 306.816: [ParNew: 8192K->0K(8256K), 0.0088911 secs] 84260K->76751K(131136K), 0.0090765 secs]
306.890: [GC 306.890: [ParNew: 8192K->0K(8256K), 0.0096827 secs] 84943K->77375K(131136K), 0.0099101 secs]
306.961: [GC 306.961: [ParNew: 8192K->0K(8256K), 0.0098733 secs] 85567K->78177K(131136K), 0.0100714 secs]
307.032: [GC 307.032: [ParNew: 8192K->0K(8256K), 0.0097846 secs] 86369K->78807K(131136K), 0.0099782 secs]
307.102: [GC 307.102: [ParNew: 8192K->0K(8256K), 0.0081991 secs] 86999K->79510K(131136K), 0.0084193 secs]
307.166: [GC 307.166: [ParNew: 8192K->0K(8256K), 0.0101501 secs] 87702K->80293K(131136K), 0.0103501 secs]
307.241: [GC 307.241: [ParNew: 8192K->0K(8256K), 0.0086335 secs] 88485K->80886K(131136K), 0.0089553 secs]
307.320: [GC 307.321: [ParNew: 8192K->0K(8256K), 0.0089584 secs] 89078K->81385K(131136K), 0.0092471 secs]
307.413: [GC 307.413: [ParNew: 8192K->0K(8256K), 0.0089428 secs] 89577K->81881K(131136K), 0.0092276 secs]
307.495: [GC 307.495: [ParNew: 8192K->0K(8256K), 0.0081980 secs] 90073K->82375K(131136K), 0.0084004 secs]
307.580: [GC 307.581: [ParNew: 8186K->0K(8256K), 0.0087838 secs] 90562K->82906K(131136K), 0.0089722 secs]
307.653: [GC 307.653: [ParNew: 8192K->0K(8256K), 0.0091822 secs] 91098K->83507K(131136K), 0.0093854 secs]
307.753: [GC 307.753: [ParNew: 8192K->0K(8256K), 0.0091183 secs] 91699K->84026K(131136K), 0.0093067 secs]
307.827: [Full GC 307.827: [CMS (concurrent mode failure): 84026K->72821K(122880K), 0.9652647 secs] 91851K->72821K(131136K), [CMS Perm : 65535K->61719K(65536K)], 0.9655196 secs]
308.880: [GC 308.880: [ParNew: 8192K->0K(8256K), 0.0087457 secs] 81013K->73398K(131136K), 0.0090353 secs]
308.949: [GC 308.949: [ParNew: 8192K->0K(8256K), 0.0096978 secs] 81590K->74030K(131136K), 0.0098901 secs]
309.021: [GC 309.021: [ParNew: 8192K->0K(8256K), 0.0096837 secs] 82222K->74624K(131136K), 0.0098806 secs]
309.090: [GC 309.090: [ParNew: 8192K->0K(8256K), 0.0100922 secs] 82816K->75388K(131136K), 0.0103753 secs]
309.183: [GC 309.183: [ParNew: 8192K->0K(8256K), 0.0094782 secs] 83580K->75976K(131136K), 0.0096890 secs]
309.261: [GC 309.261: [ParNew: 8192K->0K(8256K), 0.0096780 secs] 84168K->76769K(131136K), 0.0098753 secs]
309.335: [GC 309.336: [ParNew: 8192K->0K(8256K), 0.0096148 secs] 84961K->77575K(131136K), 0.0098109 secs]
309.411: [GC 309.411: [ParNew: 8192K->0K(8256K), 0.0101657 secs] 85767K->78241K(131136K), 0.0103576 secs]
309.499: [GC 309.499: [ParNew: 8192K->0K(8256K), 0.0087822 secs] 86433K->78921K(131136K), 0.0089998 secs]
309.573: [GC 309.573: [ParNew: 8192K->0K(8256K), 0.0106130 secs] 87113K->79803K(131136K), 0.0108375 secs]
309.649: [GC 309.649: [ParNew: 8192K->0K(8256K), 0.0091739 secs] 87995K->80579K(131136K), 0.0094575 secs]
309.755: [GC 309.755: [ParNew: 8192K->0K(8256K), 0.0080104 secs] 88771K->81208K(131136K), 0.0081979 secs]
309.830: [GC 309.830: [ParNew: 8192K->0K(8256K), 0.0092582 secs] 89400K->81885K(131136K), 0.0094631 secs]
309.910: [GC 309.910: [ParNew: 8192K->0K(8256K), 0.0090225 secs] 90077K->82630K(131136K), 0.0092311 secs]
309.994: [GC 309.994: [ParNew: 8192K->0K(8256K), 0.0088555 secs] 90822K->83327K(131136K), 0.0091403 secs]
310.065: [GC 310.065: [ParNew: 8189K->0K(8256K), 0.0106234 secs] 91517K->84087K(131136K), 0.0109180 secs]
310.143: [GC 310.143: [ParNew: 8192K->0K(8256K), 0.0089675 secs] 92279K->84832K(131136K), 0.0091558 secs]
310.211: [GC 310.211: [ParNew: 8192K->0K(8256K), 0.0100787 secs] 93024K->85495K(131136K), 0.0102755 secs]
310.287: [GC 310.287: [ParNew: 8192K->0K(8256K), 0.0095314 secs] 93687K->86184K(131136K), 0.0097199 secs]
310.357: [GC 310.357: [ParNew: 8192K->0K(8256K), 0.0098470 secs] 94376K->86925K(131136K), 0.0100456 secs]
310.429: [GC 310.429: [ParNew: 8192K->0K(8256K), 0.0097473 secs] 95117K->87672K(131136K), 0.0099685 secs]
310.495: [GC 310.495: [ParNew: 8192K->0K(8256K), 0.0099618 secs] 95864K->88359K(131136K), 0.0102374 secs]
310.523: [Full GC 310.523: [CMS (concurrent mode failure): 88359K->71973K(122880K), 0.9468743 secs] 90783K->71973K(131136K), [CMS Perm : 65535K->61720K(65536K)], 0.9471065 secs]
311.524: [GC 311.524: [ParNew: 8192K->0K(8256K), 0.0107634 secs] 80165K->72677K(131136K), 0.0109922 secs]
311.585: [GC 311.586: [ParNew: 8192K->0K(8256K), 0.0104931 secs] 80869K->73321K(131136K), 0.0107821 secs]
311.648: [GC 311.648: [ParNew: 8192K->0K(8256K), 0.0102503 secs] 81513K->74214K(131136K), 0.0104451 secs]
311.720: [GC 311.720: [ParNew: 8192K->0K(8256K), 0.0143779 secs] 82406K->74953K(131136K), 0.0145954 secs]
311.803: [GC 311.803: [ParNew: 8192K->0K(8256K), 0.0088586 secs] 83145K->75424K(131136K), 0.0091422 secs]
311.879: [GC 311.879: [ParNew: 8192K->0K(8256K), 0.0082530 secs] 83616K->75871K(131136K), 0.0084465 secs]
311.947: [GC 311.947: [ParNew: 8192K->0K(8256K), 0.0089221 secs] 84063K->76443K(131136K), 0.0091175 secs]
312.013: [GC 312.013: [ParNew: 8192K->0K(8256K), 0.0091533 secs] 84635K->77069K(131136K), 0.0093429 secs]
312.076: [GC 312.076: [ParNew: 8192K->0K(8256K), 0.0089930 secs] 85261K->77740K(131136K), 0.0092895 secs]
312.137: [GC 312.137: [ParNew: 8192K->0K(8256K), 0.0096128 secs] 85932K->78369K(131136K), 0.0098026 secs]
312.202: [GC 312.202: [ParNew: 8192K->0K(8256K), 0.0091372 secs] 86561K->79005K(131136K), 0.0093293 secs]
312.264: [GC 312.265: [ParNew: 8191K->0K(8256K), 0.0091726 secs] 87196K->79652K(131136K), 0.0093702 secs]
312.331: [GC 312.331: [ParNew: 8192K->0K(8256K), 0.0079480 secs] 87844K->80137K(131136K), 0.0081455 secs]
312.404: [GC 312.404: [ParNew: 8192K->0K(8256K), 0.0083121 secs] 88329K->80613K(131136K), 0.0084972 secs]
312.474: [GC 312.474: [ParNew: 8192K->0K(8256K), 0.0078072 secs] 88805K->81155K(131136K), 0.0079990 secs]
312.545: [GC 312.545: [ParNew: 8192K->0K(8256K), 0.0088702 secs] 89347K->81609K(131136K), 0.0091693 secs]
312.616: [GC 312.616: [ParNew: 8192K->0K(8256K), 0.0092264 secs] 89801K->82217K(131136K), 0.0094264 secs]
312.692: [GC 312.692: [ParNew: 8192K->0K(8256K), 0.0095704 secs] 90409K->82730K(131136K), 0.0099018 secs]
312.772: [GC 312.772: [ParNew: 8192K->0K(8256K), 0.0091801 secs] 90922K->83314K(131136K), 0.0093897 secs]
312.819: [Full GC 312.819: [CMS (concurrent mode failure): 83314K->72915K(122880K), 0.9648008 secs] 89986K->72915K(131136K), [CMS Perm : 65535K->61728K(65536K)], 0.9650569 secs]
313.859: [GC 313.859: [ParNew: 8192K->0K(8256K), 0.0092939 secs] 81107K->73306K(131136K), 0.0094942 secs]
313.917: [GC 313.917: [ParNew: 8192K->0K(8256K), 0.0096861 secs] 81498K->74022K(131136K), 0.0098748 secs]
313.970: [GC 313.971: [ParNew: 8192K->0K(8256K), 0.0101800 secs] 82214K->74732K(131136K), 0.0103737 secs]
314.027: [GC 314.027: [ParNew: 8192K->0K(8256K), 0.0091972 secs] 82924K->75265K(131136K), 0.0094524 secs]
314.115: [GC 314.116: [ParNew: 8192K->0K(8256K), 0.0086497 secs] 83457K->75765K(131136K), 0.0089225 secs]
314.191: [GC 314.191: [ParNew: 8192K->0K(8256K), 0.0072334 secs] 83957K->76198K(131136K), 0.0075255 secs]
314.246: [GC 314.246: [ParNew: 8192K->0K(8256K), 0.0094212 secs] 84390K->77049K(131136K), 0.0096114 secs]
314.309: [GC 314.309: [ParNew: 8192K->0K(8256K), 0.0095563 secs] 85241K->77696K(131136K), 0.0097560 secs]
314.380: [GC 314.380: [ParNew: 8192K->0K(8256K), 0.0089721 secs] 85888K->78334K(131136K), 0.0091753 secs]
314.437: [GC 314.437: [ParNew: 8192K->0K(8256K), 0.0105907 secs] 86526K->79000K(131136K), 0.0107764 secs]
314.508: [GC 314.508: [ParNew: 8192K->0K(8256K), 0.0095035 secs] 87192K->79551K(131136K), 0.0096917 secs]
314.580: [GC 314.580: [ParNew: 8192K->0K(8256K), 0.0111449 secs] 87743K->80134K(131136K), 0.0113889 secs]
314.640: [GC 314.640: [ParNew: 8192K->0K(8256K), 0.0091321 secs] 88326K->80791K(131136K), 0.0094008 secs]
314.705: [GC 314.706: [ParNew: 8192K->0K(8256K), 0.0123969 secs] 88983K->81611K(131136K), 0.0125952 secs]
314.790: [GC 314.790: [ParNew: 8192K->0K(8256K), 0.0083984 secs] 89803K->82151K(131136K), 0.0085932 secs]
314.848: [GC 314.848: [ParNew: 8192K->0K(8256K), 0.0086777 secs] 90343K->82884K(131136K), 0.0088814 secs]
314.908: [GC 314.908: [ParNew: 8192K->0K(8256K), 0.0110139 secs] 91076K->83655K(131136K), 0.0112982 secs]
314.970: [GC 314.970: [ParNew: 8188K->0K(8256K), 0.0104902 secs] 91843K->84324K(131136K), 0.0107649 secs]
315.032: [GC 315.032: [ParNew: 8192K->0K(8256K), 0.0086928 secs] 92516K->84975K(131136K), 0.0089631 secs]
315.099: [GC 315.100: [ParNew: 8191K->0K(8256K), 0.0090180 secs] 93167K->85553K(131136K), 0.0092126 secs]
315.164: [GC 315.164: [ParNew: 8192K->0K(8256K), 0.0089835 secs] 93745K->86110K(131136K), 0.0091752 secs]
315.225: [GC 315.225: [ParNew: 8192K->0K(8256K), 0.0092552 secs] 94302K->86778K(131136K), 0.0095219 secs]
315.272: [Full GC 315.272: [CMS (concurrent mode failure): 86778K->72631K(122880K), 0.9821235 secs] 92265K->72631K(131136K), [CMS Perm : 65536K->61734K(65536K)], 0.9823679 secs]
316.325: [GC 316.325: [ParNew: 8191K->0K(8256K), 0.0086536 secs] 80823K->73180K(131136K), 0.0088649 secs]
316.393: [GC 316.393: [ParNew: 8192K->0K(8256K), 0.0087859 secs] 81372K->73679K(131136K), 0.0089760 secs]
316.447: [GC 316.447: [ParNew: 8192K->0K(8256K), 0.0095377 secs] 81871K->74435K(131136K), 0.0097318 secs]
316.519: [GC 316.519: [ParNew: 8192K->0K(8256K), 0.0094400 secs] 82627K->75029K(131136K), 0.0096239 secs]
316.586: [GC 316.586: [ParNew: 8191K->0K(8256K), 0.0089810 secs] 83221K->75547K(131136K), 0.0091763 secs]
316.653: [GC 316.653: [ParNew: 8190K->0K(8256K), 0.0073869 secs] 83738K->76152K(131136K), 0.0075993 secs]
316.730: [GC 316.730: [ParNew: 8192K->0K(8256K), 0.0086876 secs] 84344K->76659K(131136K), 0.0088746 secs]
316.834: [GC 316.835: [ParNew: 8192K->0K(8256K), 0.0064910 secs] 84851K->76976K(131136K), 0.0066900 secs]
316.895: [GC 316.895: [ParNew: 8192K->0K(8256K), 0.0092726 secs] 85168K->77663K(131136K), 0.0094715 secs]
316.960: [GC 316.961: [ParNew: 8192K->0K(8256K), 0.0083092 secs] 85855K->78222K(131136K), 0.0085029 secs]
317.013: [GC 317.013: [ParNew: 8192K->0K(8256K), 0.0096221 secs] 86414K->78997K(131136K), 0.0099359 secs]
317.077: [GC 317.077: [ParNew: 8192K->0K(8256K), 0.0095850 secs] 87189K->79628K(131136K), 0.0098028 secs]
317.142: [GC 317.142: [ParNew: 8192K->0K(8256K), 0.0092606 secs] 87820K->80295K(131136K), 0.0094693 secs]
317.211: [GC 317.211: [ParNew: 8192K->0K(8256K), 0.0096866 secs] 88487K->80874K(131136K), 0.0098702 secs]
317.279: [GC 317.279: [ParNew: 8192K->0K(8256K), 0.0083064 secs] 89066K->81399K(131136K), 0.0085187 secs]
317.349: [GC 317.349: [ParNew: 8192K->0K(8256K), 0.0078161 secs] 89591K->81905K(131136K), 0.0080101 secs]
317.414: [GC 317.414: [ParNew: 8188K->0K(8256K), 0.0087439 secs] 90093K->82497K(131136K), 0.0089471 secs]
317.476: [GC 317.476: [ParNew: 8192K->0K(8256K), 0.0069235 secs] 90689K->83008K(131136K), 0.0071226 secs]
317.499: [Full GC 317.499: [CMS (concurrent mode failure): 83008K->72677K(122880K), 0.9540909 secs] 85499K->72677K(131136K), [CMS Perm : 65535K->61740K(65536K)], 0.9543210 secs]
318.504: [GC 318.504: [ParNew: 8192K->0K(8256K), 0.0116662 secs] 80869K->73447K(131136K), 0.0118893 secs]
318.565: [GC 318.566: [ParNew: 8192K->0K(8256K), 0.0096961 secs] 81639K->74134K(131136K), 0.0098946 secs]
318.622: [GC 318.622: [ParNew: 8192K->0K(8256K), 0.0082010 secs] 82326K->74806K(131136K), 0.0084920 secs]
318.695: [GC 318.695: [ParNew: 8192K->0K(8256K), 0.0091295 secs] 82998K->75312K(131136K), 0.0093201 secs]
318.776: [GC 318.776: [ParNew: 8192K->0K(8256K), 0.0116758 secs] 83504K->75887K(131136K), 0.0118765 secs]
318.843: [GC 318.844: [ParNew: 8192K->0K(8256K), 0.0089996 secs] 84079K->76543K(131136K), 0.0092004 secs]
318.907: [GC 318.907: [ParNew: 8187K->0K(8256K), 0.0105527 secs] 84730K->77240K(131136K), 0.0107704 secs]
318.979: [GC 318.979: [ParNew: 8192K->0K(8256K), 0.0087797 secs] 85432K->77906K(131136K), 0.0089754 secs]
319.042: [GC 319.042: [ParNew: 8192K->0K(8256K), 0.0093049 secs] 86098K->78645K(131136K), 0.0095053 secs]
319.098: [GC 319.098: [ParNew: 8192K->0K(8256K), 0.0102546 secs] 86837K->79461K(131136K), 0.0104468 secs]
319.152: [GC 319.152: [ParNew: 8192K->0K(8256K), 0.0107290 secs] 87653K->80195K(131136K), 0.0109490 secs]
319.226: [GC 319.226: [ParNew: 8192K->0K(8256K), 0.0079718 secs] 88387K->80878K(131136K), 0.0081662 secs]
319.280: [GC 319.280: [ParNew: 8192K->0K(8256K), 0.0110192 secs] 89070K->81722K(131136K), 0.0112128 secs]
319.338: [GC 319.338: [ParNew: 8192K->0K(8256K), 0.0091731 secs] 89914K->82463K(131136K), 0.0093677 secs]
319.398: [GC 319.398: [ParNew: 8192K->0K(8256K), 0.0100685 secs] 90655K->83196K(131136K), 0.0102661 secs]
319.468: [GC 319.468: [ParNew: 8192K->0K(8256K), 0.0075632 secs] 91388K->83696K(131136K), 0.0077669 secs]
319.532: [GC 319.532: [ParNew: 8192K->0K(8256K), 0.0096216 secs] 91888K->84208K(131136K), 0.0098981 secs]
319.606: [GC 319.606: [ParNew: 8192K->0K(8256K), 0.0091635 secs] 92400K->84776K(131136K), 0.0094475 secs]
319.677: [GC 319.677: [ParNew: 8192K->0K(8256K), 0.0095740 secs] 92968K->85325K(131136K), 0.0097866 secs]
319.748: [GC 319.749: [ParNew: 8192K->0K(8256K), 0.0121949 secs] 93517K->85927K(131136K), 0.0124264 secs]
319.809: [GC 319.809: [ParNew: 8192K->0K(8256K), 0.0109860 secs] 94119K->86696K(131136K), 0.0111950 secs]
319.880: [GC 319.880: [ParNew: 8192K->0K(8256K), 0.0087281 secs] 94888K->87255K(131136K), 0.0089212 secs]
319.928: [Full GC 319.929: [CMS (concurrent mode failure): 87255K->72762K(122880K), 0.9597112 secs] 91652K->72762K(131136K), [CMS Perm : 65535K->61734K(65536K)], 0.9600293 secs]
320.955: [GC 320.955: [ParNew: 8192K->0K(8256K), 0.0084690 secs] 80954K->73270K(131136K), 0.0086717 secs]
321.024: [GC 321.025: [ParNew: 8192K->0K(8256K), 0.0076468 secs] 81462K->73724K(131136K), 0.0078403 secs]
321.090: [GC 321.090: [ParNew: 8192K->0K(8256K), 0.0093998 secs] 81916K->74306K(131136K), 0.0096645 secs]
321.162: [GC 321.162: [ParNew: 8192K->0K(8256K), 0.0066420 secs] 82498K->74753K(131136K), 0.0068349 secs]
321.220: [GC 321.220: [ParNew: 8192K->0K(8256K), 0.0085747 secs] 82945K->75368K(131136K), 0.0087690 secs]
321.277: [GC 321.278: [ParNew: 8192K->0K(8256K), 0.0094990 secs] 83560K->76011K(131136K), 0.0096944 secs]
321.338: [GC 321.338: [ParNew: 8192K->0K(8256K), 0.0092795 secs] 84203K->76607K(131136K), 0.0094863 secs]
321.404: [GC 321.404: [ParNew: 8192K->0K(8256K), 0.0090609 secs] 84799K->77173K(131136K), 0.0092552 secs]
321.468: [GC 321.469: [ParNew: 8192K->0K(8256K), 0.0088843 secs] 85365K->77707K(131136K), 0.0091037 secs]
321.537: [GC 321.537: [ParNew: 8192K->0K(8256K), 0.0070932 secs] 85899K->78238K(131136K), 0.0072883 secs]
321.594: [GC 321.594: [ParNew: 8192K->0K(8256K), 0.0109606 secs] 86430K->78895K(131136K), 0.0111835 secs]
321.665: [GC 321.665: [ParNew: 8192K->0K(8256K), 0.0085340 secs] 87087K->79401K(131136K), 0.0087187 secs]
321.734: [GC 321.734: [ParNew: 8192K->0K(8256K), 0.0118476 secs] 87593K->80043K(131136K), 0.0120508 secs]
321.797: [GC 321.797: [ParNew: 8192K->0K(8256K), 0.0092207 secs] 88235K->80701K(131136K), 0.0094136 secs]
321.853: [GC 321.853: [ParNew: 8192K->0K(8256K), 0.0092602 secs] 88893K->81333K(131136K), 0.0094509 secs]
321.912: [GC 321.912: [ParNew: 8192K->0K(8256K), 0.0106231 secs] 89525K->82013K(131136K), 0.0108398 secs]
321.996: [GC 321.996: [ParNew: 8192K->0K(8256K), 0.0085401 secs] 90205K->82477K(131136K), 0.0087422 secs]
322.062: [GC 322.062: [ParNew: 8192K->0K(8256K), 0.0077198 secs] 90669K->83128K(131136K), 0.0079227 secs]
322.119: [GC 322.119: [ParNew: 8192K->0K(8256K), 0.0099832 secs] 91320K->83672K(131136K), 0.0102625 secs]
322.185: [Full GC 322.185: [CMS (concurrent mode failure): 83672K->72883K(122880K), 0.9571936 secs] 90571K->72883K(131136K), [CMS Perm : 65535K->61745K(65536K)], 0.9574325 secs]
323.209: [GC 323.209: [ParNew: 8192K->0K(8256K), 0.0086893 secs] 81075K->73557K(131136K), 0.0089762 secs]
323.272: [GC 323.272: [ParNew: 8192K->0K(8256K), 0.0098010 secs] 81749K->74328K(131136K), 0.0100835 secs]
323.331: [GC 323.331: [ParNew: 8192K->0K(8256K), 0.0094025 secs] 82520K->75074K(131136K), 0.0096016 secs]
323.393: [GC 323.393: [ParNew: 8192K->0K(8256K), 0.0093336 secs] 83266K->75656K(131136K), 0.0095452 secs]
323.470: [GC 323.470: [ParNew: 8192K->0K(8256K), 0.0094179 secs] 83848K->76192K(131136K), 0.0096058 secs]
323.532: [GC 323.532: [ParNew: 8192K->0K(8256K), 0.0091417 secs] 84384K->76886K(131136K), 0.0094418 secs]
323.590: [GC 323.590: [ParNew: 8192K->0K(8256K), 0.0095940 secs] 85078K->77700K(131136K), 0.0097965 secs]
323.656: [GC 323.657: [ParNew: 8192K->0K(8256K), 0.0103404 secs] 85892K->78485K(131136K), 0.0105517 secs]
323.723: [GC 323.723: [ParNew: 8192K->0K(8256K), 0.0110214 secs] 86677K->79290K(131136K), 0.0112267 secs]
323.799: [GC 323.799: [ParNew: 8192K->0K(8256K), 0.0103908 secs] 87482K->79979K(131136K), 0.0106408 secs]
323.863: [GC 323.864: [ParNew: 8192K->0K(8256K), 0.0092631 secs] 88171K->80756K(131136K), 0.0095451 secs]
323.936: [GC 323.937: [ParNew: 8192K->0K(8256K), 0.0096099 secs] 88948K->81253K(131136K), 0.0098103 secs]
324.022: [GC 324.022: [ParNew: 8192K->0K(8256K), 0.0083635 secs] 89445K->81674K(131136K), 0.0085445 secs]
324.083: [GC 324.083: [ParNew: 8192K->0K(8256K), 0.0091699 secs] 89866K->82328K(131136K), 0.0093796 secs]
324.151: [GC 324.151: [ParNew: 8192K->0K(8256K), 0.0097592 secs] 90520K->82857K(131136K), 0.0099474 secs]
324.226: [GC 324.227: [ParNew: 8192K->0K(8256K), 0.0085805 secs] 91049K->83409K(131136K), 0.0087991 secs]
324.295: [GC 324.295: [ParNew: 8192K->0K(8256K), 0.0089184 secs] 91601K->83930K(131136K), 0.0091171 secs]
324.364: [GC 324.365: [ParNew: 8192K->0K(8256K), 0.0091854 secs] 92122K->84500K(131136K), 0.0094815 secs]
324.433: [GC 324.433: [ParNew: 8192K->0K(8256K), 0.0082883 secs] 92692K->85029K(131136K), 0.0085635 secs]
324.493: [GC 324.493: [ParNew: 8192K->0K(8256K), 0.0099118 secs] 93221K->85752K(131136K), 0.0102090 secs]
324.564: [Full GC 324.564: [CMS (concurrent mode failure): 85752K->73043K(122880K), 0.9857763 secs] 92741K->73043K(131136K), [CMS Perm : 65535K->61748K(65536K)], 0.9860322 secs]
325.612: [GC 325.612: [ParNew: 8177K->0K(8256K), 0.0105110 secs] 81220K->73567K(131136K), 0.0107517 secs]
325.681: [GC 325.681: [ParNew: 8192K->0K(8256K), 0.0084036 secs] 81759K->74095K(131136K), 0.0086205 secs]
325.747: [GC 325.747: [ParNew: 8192K->0K(8256K), 0.0130316 secs] 82287K->74938K(131136K), 0.0133383 secs]
325.818: [GC 325.818: [ParNew: 8192K->0K(8256K), 0.0100881 secs] 83130K->75624K(131136K), 0.0103012 secs]
325.886: [GC 325.886: [ParNew: 8192K->0K(8256K), 0.0075647 secs] 83816K->76241K(131136K), 0.0077596 secs]
325.953: [GC 325.953: [ParNew: 8192K->0K(8256K), 0.0089508 secs] 84433K->76772K(131136K), 0.0091369 secs]
326.010: [GC 326.010: [ParNew: 8192K->0K(8256K), 0.0096469 secs] 84964K->77602K(131136K), 0.0098453 secs]
326.071: [GC 326.071: [ParNew: 8188K->0K(8256K), 0.0104295 secs] 85790K->78157K(131136K), 0.0107067 secs]
326.147: [GC 326.148: [ParNew: 8192K->0K(8256K), 0.0070048 secs] 86349K->78692K(131136K), 0.0072874 secs]
326.216: [GC 326.216: [ParNew: 8192K->0K(8256K), 0.0084554 secs] 86884K->79251K(131136K), 0.0086464 secs]
326.270: [GC 326.271: [ParNew: 8192K->0K(8256K), 0.0094768 secs] 87443K->79928K(131136K), 0.0096895 secs]
326.339: [GC 326.339: [ParNew: 8192K->0K(8256K), 0.0073024 secs] 88120K->80464K(131136K), 0.0075038 secs]
326.415: [GC 326.415: [ParNew: 8191K->0K(8256K), 0.0072739 secs] 88656K->80974K(131136K), 0.0075747 secs]
326.474: [GC 326.474: [ParNew: 8192K->0K(8256K), 0.0107676 secs] 89166K->81773K(131136K), 0.0110434 secs]
326.538: [GC 326.538: [ParNew: 8192K->0K(8256K), 0.0069016 secs] 89965K->82329K(131136K), 0.0070948 secs]
326.592: [GC 326.592: [ParNew: 8192K->0K(8256K), 0.0100821 secs] 90521K->83184K(131136K), 0.0103665 secs]
326.657: [GC 326.657: [ParNew: 8192K->0K(8256K), 0.0117426 secs] 91376K->83990K(131136K), 0.0119634 secs]
326.730: [GC 326.730: [ParNew: 8192K->0K(8256K), 0.0099488 secs] 92182K->84420K(131136K), 0.0101781 secs]
326.810: [GC 326.810: [ParNew: 8192K->0K(8256K), 0.0093802 secs] 92612K->85038K(131136K), 0.0095666 secs]
326.869: [GC 326.869: [ParNew: 8192K->0K(8256K), 0.0092465 secs] 93230K->85585K(131136K), 0.0094481 secs]
326.938: [GC 326.938: [ParNew: 8192K->0K(8256K), 0.0096883 secs] 93777K->86166K(131136K), 0.0098780 secs]
327.002: [GC 327.002: [ParNew: 8192K->0K(8256K), 0.0085602 secs] 94358K->86851K(131136K), 0.0087571 secs]
327.014: [Full GC 327.014: [CMS (concurrent mode failure): 86851K->72823K(122880K), 0.9647280 secs] 87269K->72823K(131136K), [CMS Perm : 65535K->61750K(65536K)], 0.9649619 secs]
328.040: [GC 328.040: [ParNew: 8192K->0K(8256K), 0.0103010 secs] 81015K->73444K(131136K), 0.0105743 secs]
328.116: [GC 328.116: [ParNew: 8192K->0K(8256K), 0.0089593 secs] 81636K->74033K(131136K), 0.0091532 secs]
328.186: [GC 328.186: [ParNew: 8192K->0K(8256K), 0.0094504 secs] 82225K->74563K(131136K), 0.0096328 secs]
328.252: [GC 328.252: [ParNew: 8192K->0K(8256K), 0.0106235 secs] 82755K->75303K(131136K), 0.0108209 secs]
328.318: [GC 328.318: [ParNew: 8191K->0K(8256K), 0.0107123 secs] 83495K->76006K(131136K), 0.0109235 secs]
328.392: [GC 328.392: [ParNew: 8192K->0K(8256K), 0.0077581 secs] 84198K->76557K(131136K), 0.0079600 secs]
328.463: [GC 328.463: [ParNew: 8192K->0K(8256K), 0.0088856 secs] 84749K->77186K(131136K), 0.0091049 secs]
328.525: [GC 328.525: [ParNew: 8192K->0K(8256K), 0.0081151 secs] 85378K->77842K(131136K), 0.0083262 secs]
328.591: [GC 328.591: [ParNew: 8192K->0K(8256K), 0.0090303 secs] 86034K->78485K(131136K), 0.0092566 secs]
328.657: [GC 328.658: [ParNew: 8192K->0K(8256K), 0.0099430 secs] 86677K->79109K(131136K), 0.0102152 secs]
328.728: [GC 328.729: [ParNew: 8192K->0K(8256K), 0.0093778 secs] 87301K->79611K(131136K), 0.0095616 secs]
328.793: [GC 328.793: [ParNew: 8192K->0K(8256K), 0.0101917 secs] 87803K->80307K(131136K), 0.0104051 secs]
328.869: [GC 328.869: [ParNew: 8192K->0K(8256K), 0.0085694 secs] 88499K->80807K(131136K), 0.0087703 secs]
328.942: [GC 328.942: [ParNew: 8192K->0K(8256K), 0.0087449 secs] 88999K->81254K(131136K), 0.0089587 secs]
329.012: [GC 329.012: [ParNew: 8192K->0K(8256K), 0.0102201 secs] 89446K->81763K(131136K), 0.0104446 secs]
329.091: [GC 329.091: [ParNew: 8192K->0K(8256K), 0.0090296 secs] 89955K->82328K(131136K), 0.0092215 secs]
329.158: [GC 329.158: [ParNew: 8192K->0K(8256K), 0.0110923 secs] 90520K->83083K(131136K), 0.0113885 secs]
329.224: [GC 329.224: [ParNew: 8191K->0K(8256K), 0.0090062 secs] 91275K->83758K(131136K), 0.0091968 secs]
329.283: [GC 329.283: [ParNew: 8192K->0K(8256K), 0.0096424 secs] 91950K->84470K(131136K), 0.0099330 secs]
329.307: [Full GC 329.307: [CMS (concurrent mode failure): 84470K->72825K(122880K), 0.9586305 secs] 86696K->72825K(131136K), [CMS Perm : 65535K->61751K(65536K)], 0.9588742 secs]
330.333: [GC 330.333: [ParNew: 8192K->0K(8256K), 0.0099551 secs] 81017K->73447K(131136K), 0.0101641 secs]
330.395: [GC 330.395: [ParNew: 8192K->0K(8256K), 0.0098329 secs] 81639K->74187K(131136K), 0.0100508 secs]
330.461: [GC 330.461: [ParNew: 8192K->0K(8256K), 0.0078792 secs] 82379K->74830K(131136K), 0.0080759 secs]
330.518: [GC 330.518: [ParNew: 8192K->0K(8256K), 0.0099316 secs] 83022K->75532K(131136K), 0.0101488 secs]
330.585: [GC 330.585: [ParNew: 8192K->0K(8256K), 0.0096865 secs] 83724K->76187K(131136K), 0.0099029 secs]
330.673: [GC 330.674: [ParNew: 8192K->0K(8256K), 0.0085742 secs] 84379K->76584K(131136K), 0.0088656 secs]
330.737: [GC 330.737: [ParNew: 8192K->0K(8256K), 0.0131940 secs] 84776K->77397K(131136K), 0.0133983 secs]
330.805: [GC 330.805: [ParNew: 8192K->0K(8256K), 0.0097347 secs] 85589K->77942K(131136K), 0.0100204 secs]
330.873: [GC 330.873: [ParNew: 8192K->0K(8256K), 0.0087642 secs] 86134K->78630K(131136K), 0.0089663 secs]
330.940: [GC 330.940: [ParNew: 8192K->0K(8256K), 0.0090870 secs] 86822K->79378K(131136K), 0.0092993 secs]
331.012: [GC 331.012: [ParNew: 8192K->0K(8256K), 0.0087010 secs] 87570K->79850K(131136K), 0.0088984 secs]
331.085: [GC 331.085: [ParNew: 8192K->0K(8256K), 0.0095305 secs] 88042K->80469K(131136K), 0.0097207 secs]
331.149: [GC 331.149: [ParNew: 8192K->0K(8256K), 0.0097070 secs] 88661K->81144K(131136K), 0.0099071 secs]
331.226: [GC 331.226: [ParNew: 8192K->0K(8256K), 0.0086925 secs] 89336K->81645K(131136K), 0.0088800 secs]
331.291: [GC 331.291: [ParNew: 8192K->0K(8256K), 0.0089731 secs] 89837K->82264K(131136K), 0.0091638 secs]
331.357: [GC 331.357: [ParNew: 8192K->0K(8256K), 0.0097122 secs] 90456K->82898K(131136K), 0.0098997 secs]
331.437: [GC 331.437: [ParNew: 8192K->0K(8256K), 0.0088088 secs] 91090K->83461K(131136K), 0.0090246 secs]
331.511: [GC 331.511: [ParNew: 8192K->0K(8256K), 0.0092305 secs] 91653K->84040K(131136K), 0.0095203 secs]
331.577: [GC 331.577: [ParNew: 8192K->0K(8256K), 0.0091986 secs] 92232K->84735K(131136K), 0.0094145 secs]
331.644: [GC 331.644: [ParNew: 8192K->0K(8256K), 0.0099647 secs] 92927K->85339K(131136K), 0.0101601 secs]
331.717: [GC 331.717: [ParNew: 8192K->0K(8256K), 0.0099155 secs] 93531K->85910K(131136K), 0.0101236 secs]
331.759: [Full GC 331.759: [CMS (concurrent mode failure): 85910K->72862K(122880K), 0.9764094 secs] 89392K->72862K(131136K), [CMS Perm : 65535K->61752K(65536K)], 0.9767008 secs]
332.792: [GC 332.792: [ParNew: 8191K->0K(8256K), 0.0100188 secs] 81054K->73542K(131136K), 0.0102367 secs]
332.859: [GC 332.859: [ParNew: 8192K->0K(8256K), 0.0100986 secs] 81734K->74243K(131136K), 0.0102958 secs]
332.924: [GC 332.924: [ParNew: 8192K->0K(8256K), 0.0096419 secs] 82435K->74799K(131136K), 0.0098419 secs]
332.992: [GC 332.992: [ParNew: 8191K->0K(8256K), 0.0083586 secs] 82990K->75309K(131136K), 0.0085633 secs]
333.072: [GC 333.072: [ParNew: 8192K->0K(8256K), 0.0074990 secs] 83501K->75735K(131136K), 0.0077876 secs]
333.134: [GC 333.134: [ParNew: 8192K->0K(8256K), 0.0101496 secs] 83927K->76356K(131136K), 0.0103463 secs]
333.199: [GC 333.199: [ParNew: 8192K->0K(8256K), 0.0094896 secs] 84548K->76891K(131136K), 0.0097014 secs]
333.262: [GC 333.262: [ParNew: 8192K->0K(8256K), 0.0096916 secs] 85083K->77592K(131136K), 0.0099844 secs]
333.333: [GC 333.333: [ParNew: 8192K->0K(8256K), 0.0091581 secs] 85784K->78071K(131136K), 0.0093634 secs]
333.434: [GC 333.434: [ParNew: 8192K->0K(8256K), 0.0076953 secs] 86263K->78569K(131136K), 0.0078852 secs]
333.505: [GC 333.505: [ParNew: 8191K->0K(8256K), 0.0082883 secs] 86761K->79213K(131136K), 0.0084883 secs]
333.563: [GC 333.563: [ParNew: 8192K->0K(8256K), 0.0089964 secs] 87405K->79942K(131136K), 0.0091899 secs]
333.626: [GC 333.627: [ParNew: 8192K->0K(8256K), 0.0095861 secs] 88134K->80718K(131136K), 0.0098739 secs]
333.687: [GC 333.687: [ParNew: 8192K->0K(8256K), 0.0104544 secs] 88910K->81422K(131136K), 0.0106405 secs]
333.765: [GC 333.766: [ParNew: 8192K->0K(8256K), 0.0102640 secs] 89614K->82057K(131136K), 0.0104601 secs]
333.829: [GC 333.829: [ParNew: 8192K->0K(8256K), 0.0093158 secs] 90249K->82630K(131136K), 0.0096092 secs]
333.917: [GC 333.917: [ParNew: 8192K->0K(8256K), 0.0089202 secs] 90822K->83173K(131136K), 0.0091257 secs]
333.987: [GC 333.987: [ParNew: 8192K->0K(8256K), 0.0086114 secs] 91365K->83708K(131136K), 0.0089085 secs]
334.047: [GC 334.047: [ParNew: 8192K->0K(8256K), 0.0091884 secs] 91900K->84441K(131136K), 0.0093836 secs]
334.139: [GC 334.139: [ParNew: 8192K->0K(8256K), 0.0072327 secs] 92633K->84827K(131136K), 0.0074296 secs]
334.192: [Full GC 334.192: [CMS (concurrent mode failure): 84827K->73058K(122880K), 0.9740179 secs] 90873K->73058K(131136K), [CMS Perm : 65535K->61761K(65536K)], 0.9742528 secs]
335.233: [GC 335.233: [ParNew: 8192K->0K(8256K), 0.0080260 secs] 81250K->73613K(131136K), 0.0082353 secs]
335.303: [GC 335.303: [ParNew: 8192K->0K(8256K), 0.0101610 secs] 81805K->74310K(131136K), 0.0103545 secs]
335.391: [GC 335.391: [ParNew: 8192K->0K(8256K), 0.0069823 secs] 82502K->74751K(131136K), 0.0071703 secs]
335.451: [GC 335.451: [ParNew: 8192K->0K(8256K), 0.0098674 secs] 82943K->75477K(131136K), 0.0100646 secs]
335.510: [GC 335.510: [ParNew: 8192K->0K(8256K), 0.0102272 secs] 83669K->76233K(131136K), 0.0104332 secs]
335.578: [GC 335.578: [ParNew: 8192K->0K(8256K), 0.0089194 secs] 84425K->76757K(131136K), 0.0091187 secs]
335.661: [GC 335.662: [ParNew: 8192K->0K(8256K), 0.0096297 secs] 84949K->77355K(131136K), 0.0098248 secs]
335.734: [GC 335.734: [ParNew: 8192K->0K(8256K), 0.0117262 secs] 85547K->77958K(131136K), 0.0119201 secs]
335.802: [GC 335.802: [ParNew: 8192K->0K(8256K), 0.0095776 secs] 86150K->78606K(131136K), 0.0097821 secs]
335.856: [GC 335.857: [ParNew: 8192K->0K(8256K), 0.0100206 secs] 86798K->79266K(131136K), 0.0102848 secs]
335.923: [GC 335.923: [ParNew: 8191K->0K(8256K), 0.0114642 secs] 87458K->80074K(131136K), 0.0116565 secs]
336.003: [GC 336.003: [ParNew: 8192K->0K(8256K), 0.0101922 secs] 88266K->80657K(131136K), 0.0103989 secs]
336.137: [GC 336.137: [ParNew: 8192K->0K(8256K), 0.0062781 secs] 88849K->80909K(131136K), 0.0064593 secs]
336.227: [GC 336.227: [ParNew: 8192K->0K(8256K), 0.0095451 secs] 89101K->81456K(131136K), 0.0097484 secs]
336.288: [GC 336.288: [ParNew: 8192K->0K(8256K), 0.0078776 secs] 89648K->82160K(131136K), 0.0080787 secs]
336.346: [GC 336.347: [ParNew: 8192K->0K(8256K), 0.0102024 secs] 90352K->82972K(131136K), 0.0104123 secs]
336.403: [GC 336.403: [ParNew: 8192K->0K(8256K), 0.0105190 secs] 91164K->83666K(131136K), 0.0107367 secs]
336.478: [GC 336.478: [ParNew: 8192K->0K(8256K), 0.0123019 secs] 91858K->84432K(131136K), 0.0125042 secs]
336.543: [GC 336.543: [ParNew: 8191K->0K(8256K), 0.0083755 secs] 92624K->85095K(131136K), 0.0085672 secs]
336.598: [GC 336.598: [ParNew: 8192K->0K(8256K), 0.0095966 secs] 93287K->86007K(131136K), 0.0098838 secs]
336.676: [GC 336.676: [ParNew: 8192K->0K(8256K), 0.0090744 secs] 94199K->86456K(131136K), 0.0092669 secs]
336.690: [Full GC 336.690: [CMS (concurrent mode failure): 86456K->72895K(122880K), 0.9530006 secs] 86764K->72895K(131136K), [CMS Perm : 65535K->61759K(65536K)], 0.9532184 secs]
337.725: [GC 337.725: [ParNew: 8192K->0K(8256K), 0.0086227 secs] 81087K->73324K(131136K), 0.0088450 secs]
337.789: [GC 337.789: [ParNew: 8192K->0K(8256K), 0.0092358 secs] 81516K->74049K(131136K), 0.0094255 secs]
337.885: [GC 337.885: [ParNew: 8192K->0K(8256K), 0.0080647 secs] 82241K->74457K(131136K), 0.0083285 secs]
337.957: [GC 337.957: [ParNew: 8188K->0K(8256K), 0.0086775 secs] 82645K->74959K(131136K), 0.0088790 secs]
338.025: [GC 338.025: [ParNew: 8192K->0K(8256K), 0.0096782 secs] 83151K->75743K(131136K), 0.0098645 secs]
338.084: [GC 338.084: [ParNew: 8192K->0K(8256K), 0.0092947 secs] 83935K->76434K(131136K), 0.0095037 secs]
338.163: [GC 338.163: [ParNew: 8192K->0K(8256K), 0.0096900 secs] 84626K->77053K(131136K), 0.0098763 secs]
338.234: [GC 338.235: [ParNew: 8192K->0K(8256K), 0.0097418 secs] 85245K->77773K(131136K), 0.0100273 secs]
338.298: [GC 338.298: [ParNew: 8192K->0K(8256K), 0.0084256 secs] 85965K->78416K(131136K), 0.0086399 secs]
338.358: [GC 338.358: [ParNew: 8192K->0K(8256K), 0.0072722 secs] 86608K->78902K(131136K), 0.0075536 secs]
338.412: [GC 338.412: [ParNew: 8192K->0K(8256K), 0.0098033 secs] 87094K->79682K(131136K), 0.0099986 secs]
338.471: [GC 338.471: [ParNew: 8192K->0K(8256K), 0.0108963 secs] 87874K->80517K(131136K), 0.0111978 secs]
338.563: [GC 338.563: [ParNew: 8192K->0K(8256K), 0.0078569 secs] 88709K->80878K(131136K), 0.0081337 secs]
338.630: [GC 338.630: [ParNew: 8192K->0K(8256K), 0.0090636 secs] 89070K->81462K(131136K), 0.0092598 secs]
338.704: [GC 338.704: [ParNew: 8192K->0K(8256K), 0.0119170 secs] 89654K->82022K(131136K), 0.0121308 secs]
338.789: [GC 338.789: [ParNew: 8192K->0K(8256K), 0.0089207 secs] 90214K->82560K(131136K), 0.0092017 secs]
338.863: [GC 338.863: [ParNew: 8192K->0K(8256K), 0.0137402 secs] 90752K->82957K(131136K), 0.0140342 secs]
338.937: [GC 338.937: [ParNew: 8192K->0K(8256K), 0.0097345 secs] 91149K->83603K(131136K), 0.0099467 secs]
339.011: [GC 339.011: [ParNew: 8192K->0K(8256K), 0.0098504 secs] 91795K->84270K(131136K), 0.0100466 secs]
339.038: [Full GC 339.038: [CMS (concurrent mode failure): 84270K->73166K(122880K), 0.9623300 secs] 85662K->73166K(131136K), [CMS Perm : 65535K->61762K(65536K)], 0.9625710 secs]
340.069: [GC 340.070: [ParNew: 8192K->0K(8256K), 0.0087606 secs] 81358K->73623K(131136K), 0.0089731 secs]
340.141: [GC 340.141: [ParNew: 8192K->0K(8256K), 0.0113475 secs] 81815K->74358K(131136K), 0.0156153 secs]
340.221: [GC 340.221: [ParNew: 8192K->0K(8256K), 0.0084853 secs] 82550K->74896K(131136K), 0.0086855 secs]
340.289: [GC 340.290: [ParNew: 8192K->0K(8256K), 0.0076558 secs] 83088K->75435K(131136K), 0.0078696 secs]
340.343: [GC 340.343: [ParNew: 8192K->0K(8256K), 0.0095233 secs] 83627K->76251K(131136K), 0.0098128 secs]
340.408: [GC 340.408: [ParNew: 8192K->0K(8256K), 0.0100972 secs] 84443K->77075K(131136K), 0.0103122 secs]
340.473: [GC 340.473: [ParNew: 8192K->0K(8256K), 0.0083731 secs] 85267K->77728K(131136K), 0.0085795 secs]
340.548: [GC 340.549: [ParNew: 8192K->0K(8256K), 0.0091121 secs] 85920K->78330K(131136K), 0.0093948 secs]
340.614: [GC 340.614: [ParNew: 8192K->0K(8256K), 0.0098906 secs] 86522K->78972K(131136K), 0.0101715 secs]
340.686: [GC 340.686: [ParNew: 8192K->0K(8256K), 0.0111650 secs] 87164K->79546K(131136K), 0.0114958 secs]
340.790: [GC 340.791: [ParNew: 8192K->0K(8256K), 0.0103239 secs] 87738K->80132K(131136K), 0.0105211 secs]
340.866: [GC 340.866: [ParNew: 8192K->0K(8256K), 0.0071649 secs] 88324K->80670K(131136K), 0.0073527 secs]
340.918: [GC 340.918: [ParNew: 8192K->0K(8256K), 0.0098534 secs] 88862K->81405K(131136K), 0.0100445 secs]
340.983: [GC 340.983: [ParNew: 8192K->0K(8256K), 0.0102377 secs] 89597K->82108K(131136K), 0.0104309 secs]
341.053: [GC 341.053: [ParNew: 8192K->0K(8256K), 0.0088324 secs] 90300K->82682K(131136K), 0.0091029 secs]
341.114: [GC 341.115: [ParNew: 8192K->0K(8256K), 0.0079497 secs] 90874K->83306K(131136K), 0.0081928 secs]
341.181: [GC 341.181: [ParNew: 8192K->0K(8256K), 0.0094241 secs] 91498K->83973K(131136K), 0.0096526 secs]
341.252: [GC 341.252: [ParNew: 8192K->0K(8256K), 0.0110135 secs] 92165K->84745K(131136K), 0.0113194 secs]
341.322: [GC 341.322: [ParNew: 8192K->0K(8256K), 0.0087754 secs] 92937K->85366K(131136K), 0.0089881 secs]
341.389: [GC 341.390: [ParNew: 8192K->0K(8256K), 0.0110179 secs] 93558K->86163K(131136K), 0.0112272 secs]
341.469: [GC 341.469: [ParNew: 8192K->0K(8256K), 0.0099848 secs] 94355K->86781K(131136K), 0.0101940 secs]
341.552: [Full GC 341.552: [CMS (concurrent mode failure): 86781K->72898K(122880K), 0.9690614 secs] 94661K->72898K(131136K), [CMS Perm : 65536K->61765K(65536K)], 0.9693055 secs]
342.605: [GC 342.605: [ParNew: 8192K->0K(8256K), 0.0098952 secs] 81090K->73354K(131136K), 0.0101292 secs]
342.678: [GC 342.678: [ParNew: 8192K->0K(8256K), 0.0098625 secs] 81546K->73931K(131136K), 0.0100889 secs]
342.774: [GC 342.774: [ParNew: 8192K->0K(8256K), 0.0079335 secs] 82123K->74404K(131136K), 0.0081330 secs]
342.856: [GC 342.856: [ParNew: 8188K->0K(8256K), 0.0079179 secs] 82592K->74891K(131136K), 0.0081122 secs]
342.928: [GC 342.928: [ParNew: 8192K->0K(8256K), 0.0094227 secs] 83083K->75653K(131136K), 0.0097072 secs]
343.042: [GC 343.043: [ParNew: 8192K->0K(8256K), 0.0082979 secs] 83845K->76100K(131136K), 0.0084990 secs]
343.114: [GC 343.114: [ParNew: 8192K->0K(8256K), 0.0099627 secs] 84292K->76871K(131136K), 0.0102450 secs]
343.179: [GC 343.179: [ParNew: 8192K->0K(8256K), 0.0087264 secs] 85063K->77500K(131136K), 0.0089431 secs]
343.250: [GC 343.250: [ParNew: 8192K->0K(8256K), 0.0095209 secs] 85692K->78255K(131136K), 0.0097310 secs]
343.319: [GC 343.319: [ParNew: 8192K->0K(8256K), 0.0102108 secs] 86447K->78988K(131136K), 0.0104934 secs]
343.413: [GC 343.414: [ParNew: 8192K->0K(8256K), 0.0092196 secs] 87180K->79530K(131136K), 0.0095052 secs]
343.490: [GC 343.490: [ParNew: 8192K->0K(8256K), 0.0086910 secs] 87722K->80077K(131136K), 0.0088878 secs]
343.568: [GC 343.568: [ParNew: 8192K->0K(8256K), 0.0092977 secs] 88269K->80696K(131136K), 0.0095788 secs]
343.639: [GC 343.639: [ParNew: 8192K->0K(8256K), 0.0081133 secs] 88888K->81139K(131136K), 0.0083103 secs]
343.700: [GC 343.700: [ParNew: 8192K->0K(8256K), 0.0127153 secs] 89331K->82031K(131136K), 0.0129072 secs]
343.783: [GC 343.783: [ParNew: 8191K->0K(8256K), 0.0089933 secs] 90223K->82797K(131136K), 0.0091937 secs]
343.848: [GC 343.848: [ParNew: 8191K->0K(8256K), 0.0086002 secs] 90989K->83272K(131136K), 0.0087983 secs]
343.916: [GC 343.916: [ParNew: 8192K->0K(8256K), 0.0098297 secs] 91464K->83962K(131136K), 0.0100342 secs]
343.976: [GC 343.977: [ParNew: 8192K->0K(8256K), 0.0088591 secs] 92154K->84701K(131136K), 0.0090729 secs]
344.042: [GC 344.043: [ParNew: 8192K->0K(8256K), 0.0091690 secs] 92893K->85276K(131136K), 0.0093628 secs]
344.097: [Full GC 344.097: [CMS (concurrent mode failure): 85276K->72509K(122880K), 0.9829224 secs] 90642K->72509K(131136K), [CMS Perm : 65535K->61766K(65536K)], 0.9831647 secs]
345.139: [GC 345.139: [ParNew: 8192K->0K(8256K), 0.0103948 secs] 80701K->73291K(131136K), 0.0106967 secs]
345.199: [GC 345.199: [ParNew: 8192K->0K(8256K), 0.0094882 secs] 81483K->73874K(131136K), 0.0096791 secs]
345.259: [GC 345.259: [ParNew: 8192K->0K(8256K), 0.0095218 secs] 82066K->74477K(131136K), 0.0098036 secs]
345.337: [GC 345.337: [ParNew: 8192K->0K(8256K), 0.0099226 secs] 82669K->75023K(131136K), 0.0102111 secs]
345.413: [GC 345.413: [ParNew: 8192K->0K(8256K), 0.0078063 secs] 83215K->75423K(131136K), 0.0079982 secs]
345.475: [GC 345.475: [ParNew: 8192K->0K(8256K), 0.0085870 secs] 83615K->76072K(131136K), 0.0088776 secs]
345.554: [GC 345.554: [ParNew: 8192K->0K(8256K), 0.0093875 secs] 84264K->76650K(131136K), 0.0095962 secs]
345.624: [GC 345.624: [ParNew: 8192K->0K(8256K), 0.0105026 secs] 84842K->77242K(131136K), 0.0107949 secs]
345.686: [GC 345.686: [ParNew: 8192K->0K(8256K), 0.0098016 secs] 85434K->77914K(131136K), 0.0100075 secs]
345.757: [GC 345.757: [ParNew: 8190K->0K(8256K), 0.0111851 secs] 86104K->78447K(131136K), 0.0113948 secs]
345.828: [GC 345.828: [ParNew: 8192K->0K(8256K), 0.0087976 secs] 86639K->78983K(131136K), 0.0089988 secs]
345.897: [GC 345.897: [ParNew: 8192K->0K(8256K), 0.0082752 secs] 87175K->79469K(131136K), 0.0084610 secs]
345.968: [GC 345.968: [ParNew: 8192K->0K(8256K), 0.0080676 secs] 87661K->79994K(131136K), 0.0082724 secs]
346.034: [GC 346.034: [ParNew: 8192K->0K(8256K), 0.0084281 secs] 88186K->80530K(131136K), 0.0086278 secs]
346.103: [GC 346.103: [ParNew: 8192K->0K(8256K), 0.0080363 secs] 88722K->80939K(131136K), 0.0082306 secs]
346.170: [GC 346.170: [ParNew: 8192K->0K(8256K), 0.0095775 secs] 89131K->81641K(131136K), 0.0097699 secs]
346.234: [GC 346.234: [ParNew: 8192K->0K(8256K), 0.0089215 secs] 89833K->82317K(131136K), 0.0091520 secs]
346.309: [GC 346.309: [ParNew: 8192K->0K(8256K), 0.0078941 secs] 90509K->82871K(131136K), 0.0081583 secs]
346.381: [GC 346.381: [ParNew: 8192K->0K(8256K), 0.0097388 secs] 91063K->83393K(131136K), 0.0099349 secs]
346.401: [Full GC 346.401: [CMS (concurrent mode failure): 83393K->72865K(122880K), 0.9684435 secs] 84584K->72865K(131136K), [CMS Perm : 65535K->61776K(65536K)], 0.9687375 secs]
347.427: [GC 347.427: [ParNew: 8192K->0K(8256K), 0.0087124 secs] 81057K->73504K(131136K), 0.0089383 secs]
347.488: [GC 347.488: [ParNew: 8191K->0K(8256K), 0.0096278 secs] 81696K->74238K(131136K), 0.0098274 secs]
347.563: [GC 347.563: [ParNew: 8192K->0K(8256K), 0.0093993 secs] 82430K->75006K(131136K), 0.0096629 secs]
347.634: [GC 347.634: [ParNew: 8192K->0K(8256K), 0.0095357 secs] 83198K->75610K(131136K), 0.0098287 secs]
347.694: [GC 347.694: [ParNew: 8192K->0K(8256K), 0.0105399 secs] 83802K->76250K(131136K), 0.0107809 secs]
347.792: [GC 347.792: [ParNew: 8189K->0K(8256K), 0.0109488 secs] 84440K->76947K(131136K), 0.0111678 secs]
347.866: [GC 347.866: [ParNew: 8192K->0K(8256K), 0.0060812 secs] 85139K->77325K(131136K), 0.0063661 secs]
347.932: [GC 347.932: [ParNew: 8192K->0K(8256K), 0.0091099 secs] 85517K->78054K(131136K), 0.0093238 secs]
348.006: [GC 348.006: [ParNew: 8192K->0K(8256K), 0.0151111 secs] 86246K->78833K(131136K), 0.0153332 secs]
348.099: [GC 348.099: [ParNew: 8192K->0K(8256K), 0.0090582 secs] 87025K->79330K(131136K), 0.0092504 secs]
348.168: [GC 348.168: [ParNew: 8192K->0K(8256K), 0.0068064 secs] 87522K->79913K(131136K), 0.0070048 secs]
348.225: [GC 348.225: [ParNew: 8192K->0K(8256K), 0.0097726 secs] 88105K->80677K(131136K), 0.0100648 secs]
348.301: [GC 348.301: [ParNew: 8192K->0K(8256K), 0.0074265 secs] 88869K->81151K(131136K), 0.0076418 secs]
348.363: [GC 348.363: [ParNew: 8192K->0K(8256K), 0.0087065 secs] 89343K->81815K(131136K), 0.0089060 secs]
348.420: [GC 348.420: [ParNew: 8192K->0K(8256K), 0.0092060 secs] 90007K->82464K(131136K), 0.0094225 secs]
348.493: [GC 348.493: [ParNew: 8177K->0K(8256K), 0.0086575 secs] 90642K->83076K(131136K), 0.0088691 secs]
348.571: [GC 348.571: [ParNew: 8192K->0K(8256K), 0.0091154 secs] 91268K->83633K(131136K), 0.0093239 secs]
348.642: [GC 348.642: [ParNew: 8192K->0K(8256K), 0.0072011 secs] 91825K->84050K(131136K), 0.0074177 secs]
348.726: [GC 348.726: [ParNew: 8192K->0K(8256K), 0.0094268 secs] 92242K->84651K(131136K), 0.0096204 secs]
348.798: [GC 348.799: [ParNew: 8191K->0K(8256K), 0.0098240 secs] 92842K->85263K(131136K), 0.0100355 secs]
348.859: [Full GC 348.860: [CMS (concurrent mode failure): 85263K->73184K(122880K), 0.9914874 secs] 91421K->73184K(131136K), [CMS Perm : 65535K->61778K(65536K)], 0.9918131 secs]
349.940: [GC 349.941: [ParNew: 8192K->0K(8256K), 0.0076951 secs] 81376K->73571K(131136K), 0.0079188 secs]
350.014: [GC 350.015: [ParNew: 8192K->0K(8256K), 0.0095595 secs] 81763K->74045K(131136K), 0.0098399 secs]
350.085: [GC 350.085: [ParNew: 8192K->0K(8256K), 0.0103512 secs] 82237K->74828K(131136K), 0.0105747 secs]
350.154: [GC 350.160: [ParNew: 8192K->0K(8256K), 0.0096093 secs] 83020K->75528K(131136K), 0.0099120 secs]
350.234: [GC 350.234: [ParNew: 8192K->0K(8256K), 0.0096501 secs] 83720K->76048K(131136K), 0.0098438 secs]
350.320: [GC 350.320: [ParNew: 8192K->0K(8256K), 0.0087143 secs] 84240K->76435K(131136K), 0.0089089 secs]
350.385: [GC 350.385: [ParNew: 8186K->0K(8256K), 0.0100647 secs] 84621K->77195K(131136K), 0.0103276 secs]
350.462: [GC 350.463: [ParNew: 8192K->0K(8256K), 0.0089145 secs] 85387K->77898K(131136K), 0.0091239 secs]
350.542: [GC 350.542: [ParNew: 8192K->0K(8256K), 0.0142702 secs] 86090K->78731K(131136K), 0.0144767 secs]
350.625: [GC 350.625: [ParNew: 8192K->0K(8256K), 0.0114463 secs] 86923K->79390K(131136K), 0.0116610 secs]
350.693: [GC 350.693: [ParNew: 8192K->0K(8256K), 0.0156161 secs] 87582K->80162K(131136K), 0.0158442 secs]
350.769: [GC 350.769: [ParNew: 8192K->0K(8256K), 0.0155963 secs] 88354K->80910K(131136K), 0.0157954 secs]
350.858: [GC 350.859: [ParNew: 8192K->0K(8256K), 0.0133163 secs] 89102K->81918K(131136K), 0.0135907 secs]
350.942: [GC 350.942: [ParNew: 8192K->0K(8256K), 0.0101814 secs] 90110K->82433K(131136K), 0.0103810 secs]
351.030: [GC 351.030: [ParNew: 8191K->0K(8256K), 0.0073241 secs] 90625K->82727K(131136K), 0.0075382 secs]
351.127: [GC 351.127: [ParNew: 8192K->0K(8256K), 0.0081349 secs] 90919K->83217K(131136K), 0.0083297 secs]
351.200: [GC 351.200: [ParNew: 8192K->0K(8256K), 0.0085172 secs] 91409K->83952K(131136K), 0.0087155 secs]
351.257: [GC 351.257: [ParNew: 8192K->0K(8256K), 0.0082809 secs] 92144K->84646K(131136K), 0.0084901 secs]
351.323: [GC 351.324: [ParNew: 8192K->0K(8256K), 0.0101401 secs] 92838K->85419K(131136K), 0.0103349 secs]
351.409: [GC 351.409: [ParNew: 8192K->0K(8256K), 0.0088542 secs] 93611K->85896K(131136K), 0.0091400 secs]
351.469: [GC 351.469: [ParNew: 8192K->0K(8256K), 0.0104558 secs] 94088K->86682K(131136K), 0.0107320 secs]
351.538: [Full GC 351.539: [CMS (concurrent mode failure): 86682K->72956K(122880K), 1.0482058 secs] 92904K->72956K(131136K), [CMS Perm : 65535K->61780K(65536K)], 1.0484747 secs]
352.659: [GC 352.659: [ParNew: 8187K->0K(8256K), 0.0099693 secs] 81144K->73558K(131136K), 0.0101656 secs]
352.726: [GC 352.726: [ParNew: 8192K->0K(8256K), 0.0101271 secs] 81750K->74284K(131136K), 0.0103941 secs]
352.854: [GC 352.854: [ParNew: 8192K->0K(8256K), 0.0101761 secs] 82476K->74641K(131136K), 0.0104200 secs]
352.943: [GC 352.943: [ParNew: 8191K->0K(8256K), 0.0106650 secs] 82833K->75136K(131136K), 0.0108771 secs]
353.038: [GC 353.038: [ParNew: 8192K->0K(8256K), 0.0085766 secs] 83328K->75616K(131136K), 0.0087708 secs]
353.127: [GC 353.127: [ParNew: 8192K->0K(8256K), 0.0081041 secs] 83808K->76228K(131136K), 0.0083189 secs]
353.198: [GC 353.199: [ParNew: 8192K->0K(8256K), 0.0101095 secs] 84420K->76964K(131136K), 0.0104068 secs]
353.289: [GC 353.289: [ParNew: 8191K->0K(8256K), 0.0094918 secs] 85156K->77531K(131136K), 0.0097003 secs]
353.376: [GC 353.377: [ParNew: 8192K->0K(8256K), 0.0108065 secs] 85723K->78458K(131136K), 0.0111093 secs]
353.473: [GC 353.473: [ParNew: 8188K->0K(8256K), 0.0087250 secs] 86647K->78969K(131136K), 0.0089443 secs]
353.559: [GC 353.559: [ParNew: 8192K->0K(8256K), 0.0086981 secs] 87161K->79828K(131136K), 0.0089166 secs]
353.658: [GC 353.658: [ParNew: 8192K->0K(8256K), 0.0097859 secs] 88020K->80803K(131136K), 0.0100766 secs]
353.781: [GC 353.781: [ParNew: 8192K->0K(8256K), 0.0102955 secs] 88995K->81484K(131136K), 0.0105223 secs]
353.880: [GC 353.880: [ParNew: 8192K->0K(8256K), 0.0089278 secs] 89676K->82274K(131136K), 0.0092204 secs]
353.945: [GC 353.945: [ParNew: 8192K->0K(8256K), 0.0093494 secs] 90466K->83123K(131136K), 0.0095441 secs]
354.016: [GC 354.016: [ParNew: 8192K->0K(8256K), 0.0074960 secs] 91315K->83758K(131136K), 0.0077045 secs]
354.079: [GC 354.079: [ParNew: 8192K->0K(8256K), 0.0105072 secs] 91950K->84468K(131136K), 0.0107076 secs]
354.150: [GC 354.150: [ParNew: 8192K->0K(8256K), 0.0109675 secs] 92660K->85170K(131136K), 0.0111599 secs]
354.225: [GC 354.225: [ParNew: 8192K->0K(8256K), 0.0089447 secs] 93362K->85801K(131136K), 0.0091741 secs]
354.261: [Full GC 354.261: [CMS (concurrent mode failure): 85801K->71826K(122880K), 0.9407610 secs] 89778K->71826K(131136K), [CMS Perm : 65536K->61782K(65536K)], 0.9410129 secs]
355.273: [GC 355.273: [ParNew: 8192K->0K(8256K), 0.0089202 secs] 80018K->72488K(131136K), 0.0091449 secs]
355.337: [GC 355.337: [ParNew: 8192K->0K(8256K), 0.0091901 secs] 80680K->73236K(131136K), 0.0094889 secs]
355.399: [GC 355.399: [ParNew: 8192K->0K(8256K), 0.0113125 secs] 81428K->74050K(131136K), 0.0115084 secs]
355.473: [GC 355.473: [ParNew: 8192K->0K(8256K), 0.0100207 secs] 82242K->74885K(131136K), 0.0102049 secs]
355.540: [GC 355.540: [ParNew: 8192K->0K(8256K), 0.0102255 secs] 83077K->75744K(131136K), 0.0104173 secs]
355.625: [GC 355.625: [ParNew: 8192K->0K(8256K), 0.0090519 secs] 83936K->76331K(131136K), 0.0092438 secs]
355.716: [GC 355.716: [ParNew: 8192K->0K(8256K), 0.0106501 secs] 84523K->76785K(131136K), 0.0108412 secs]
355.826: [GC 355.826: [ParNew: 8192K->0K(8256K), 0.0076052 secs] 84977K->77226K(131136K), 0.0078246 secs]
355.902: [GC 355.902: [ParNew: 8192K->0K(8256K), 0.0095857 secs] 85418K->77984K(131136K), 0.0097959 secs]
355.971: [GC 355.971: [ParNew: 8192K->0K(8256K), 0.0080692 secs] 86176K->78764K(131136K), 0.0082662 secs]
356.045: [GC 356.045: [ParNew: 8192K->0K(8256K), 0.0090670 secs] 86956K->79326K(131136K), 0.0092609 secs]
356.121: [GC 356.121: [ParNew: 8192K->0K(8256K), 0.0089937 secs] 87518K->80121K(131136K), 0.0092035 secs]
356.198: [GC 356.198: [ParNew: 8192K->0K(8256K), 0.0083855 secs] 88313K->80592K(131136K), 0.0086835 secs]
356.273: [GC 356.273: [ParNew: 8192K->0K(8256K), 0.0107266 secs] 88784K->81405K(131136K), 0.0110152 secs]
356.353: [GC 356.353: [ParNew: 8192K->0K(8256K), 0.0087559 secs] 89597K->81909K(131136K), 0.0089786 secs]
356.437: [GC 356.438: [ParNew: 8192K->0K(8256K), 0.0071011 secs] 90101K->82378K(131136K), 0.0072982 secs]
356.523: [GC 356.523: [ParNew: 8192K->0K(8256K), 0.0096231 secs] 90570K->82899K(131136K), 0.0098255 secs]
356.605: [GC 356.605: [ParNew: 8192K->0K(8256K), 0.0095518 secs] 91091K->83666K(131136K), 0.0098447 secs]
356.681: [GC 356.681: [ParNew: 8192K->0K(8256K), 0.0105882 secs] 91858K->84202K(131136K), 0.0107944 secs]
356.715: [Full GC 356.715: [CMS (concurrent mode failure): 84202K->72783K(122880K), 0.9550437 secs] 86321K->72783K(131136K), [CMS Perm : 65535K->61782K(65536K)], 0.9552863 secs]
357.760: [GC 357.760: [ParNew: 8192K->0K(8256K), 0.0129865 secs] 80975K->73442K(131136K), 0.0131951 secs]
357.835: [GC 357.835: [ParNew: 8192K->0K(8256K), 0.0099793 secs] 81634K->74195K(131136K), 0.0101959 secs]
357.915: [GC 357.915: [ParNew: 8192K->0K(8256K), 0.0090578 secs] 82387K->74769K(131136K), 0.0093333 secs]
357.992: [GC 357.992: [ParNew: 8192K->0K(8256K), 0.0090511 secs] 82961K->75256K(131136K), 0.0092575 secs]
358.072: [GC 358.072: [ParNew: 8191K->0K(8256K), 0.0072303 secs] 83448K->75769K(131136K), 0.0074261 secs]
358.147: [GC 358.153: [ParNew: 8192K->0K(8256K), 0.0091911 secs] 83961K->76459K(131136K), 0.0095285 secs]
358.238: [GC 358.238: [ParNew: 8192K->0K(8256K), 0.0091083 secs] 84651K->77158K(131136K), 0.0094064 secs]
358.305: [GC 358.305: [ParNew: 8192K->0K(8256K), 0.0141060 secs] 85350K->77987K(131136K), 0.0143229 secs]
358.402: [GC 358.402: [ParNew: 8192K->0K(8256K), 0.0085623 secs] 86179K->78556K(131136K), 0.0088388 secs]
358.485: [GC 358.486: [ParNew: 8192K->0K(8256K), 0.0099428 secs] 86748K->79364K(131136K), 0.0102194 secs]
358.564: [GC 358.564: [ParNew: 8191K->0K(8256K), 0.0089048 secs] 87556K->80035K(131136K), 0.0091207 secs]
358.645: [GC 358.645: [ParNew: 8192K->0K(8256K), 0.0088889 secs] 88227K->80668K(131136K), 0.0091770 secs]
358.734: [GC 358.734: [ParNew: 8192K->0K(8256K), 0.0126424 secs] 88860K->81411K(131136K), 0.0128522 secs]
358.814: [GC 358.814: [ParNew: 8192K->0K(8256K), 0.0097699 secs] 89603K->82043K(131136K), 0.0100628 secs]
358.888: [GC 358.888: [ParNew: 8192K->0K(8256K), 0.0106325 secs] 90235K->82876K(131136K), 0.0109222 secs]
358.966: [GC 358.966: [ParNew: 8192K->0K(8256K), 0.0109459 secs] 91068K->83686K(131136K), 0.0111520 secs]
359.052: [GC 359.052: [ParNew: 8192K->0K(8256K), 0.0087091 secs] 91878K->84295K(131136K), 0.0089047 secs]
359.131: [GC 359.131: [ParNew: 8192K->0K(8256K), 0.0078014 secs] 92487K->84951K(131136K), 0.0080009 secs]
359.227: [GC 359.227: [ParNew: 8192K->0K(8256K), 0.0090086 secs] 93143K->85655K(131136K), 0.0092881 secs]
359.296: [Full GC 359.297: [CMS (concurrent mode failure): 85655K->71529K(122880K), 0.9458131 secs] 92827K->71529K(131136K), [CMS Perm : 65535K->61782K(65536K)], 0.9461131 secs]
360.307: [GC 360.307: [ParNew: 8192K->0K(8256K), 0.0098575 secs] 79721K->72183K(131136K), 0.0100584 secs]
360.376: [GC 360.376: [ParNew: 8192K->0K(8256K), 0.0105603 secs] 80375K->72898K(131136K), 0.0108258 secs]
360.459: [GC 360.459: [ParNew: 8192K->0K(8256K), 0.0088122 secs] 81090K->73710K(131136K), 0.0091022 secs]
360.531: [GC 360.531: [ParNew: 8192K->0K(8256K), 0.0079236 secs] 81902K->74326K(131136K), 0.0081153 secs]
360.608: [GC 360.608: [ParNew: 8192K->0K(8256K), 0.0094824 secs] 82518K->75067K(131136K), 0.0097807 secs]
360.697: [GC 360.697: [ParNew: 8192K->0K(8256K), 0.0149222 secs] 83259K->75868K(131136K), 0.0151345 secs]
360.780: [GC 360.781: [ParNew: 8192K->0K(8256K), 0.0107865 secs] 84060K->76568K(131136K), 0.0110708 secs]
360.860: [GC 360.860: [ParNew: 8191K->0K(8256K), 0.0094734 secs] 84760K->77154K(131136K), 0.0096738 secs]
360.927: [GC 360.927: [ParNew: 8192K->0K(8256K), 0.0091184 secs] 85346K->77903K(131136K), 0.0093320 secs]
361.004: [GC 361.004: [ParNew: 8192K->0K(8256K), 0.0083480 secs] 86095K->78410K(131136K), 0.0085365 secs]
361.077: [GC 361.077: [ParNew: 8192K->0K(8256K), 0.0084874 secs] 86602K->79095K(131136K), 0.0086940 secs]
361.151: [GC 361.154: [ParNew: 8192K->0K(8256K), 0.0096063 secs] 87287K->79882K(131136K), 0.0099317 secs]
361.237: [GC 361.237: [ParNew: 8192K->0K(8256K), 0.0072226 secs] 88074K->80441K(131136K), 0.0074240 secs]
361.306: [GC 361.306: [ParNew: 8192K->0K(8256K), 0.0087423 secs] 88633K->81206K(131136K), 0.0090256 secs]
361.381: [GC 361.381: [ParNew: 8192K->0K(8256K), 0.0128486 secs] 89398K->81956K(131136K), 0.0131291 secs]
361.455: [GC 361.455: [ParNew: 8192K->0K(8256K), 0.0101091 secs] 90148K->82833K(131136K), 0.0103690 secs]
361.529: [GC 361.529: [ParNew: 8192K->0K(8256K), 0.0088902 secs] 91025K->83373K(131136K), 0.0090848 secs]
361.611: [GC 361.611: [ParNew: 8192K->0K(8256K), 0.0116585 secs] 91565K->84183K(131136K), 0.0118529 secs]
361.683: [GC 361.683: [ParNew: 8192K->0K(8256K), 0.0113854 secs] 92375K->84864K(131136K), 0.0115904 secs]
361.766: [GC 361.766: [ParNew: 8192K->0K(8256K), 0.0116101 secs] 93056K->85531K(131136K), 0.0118510 secs]
361.839: [GC 361.839: [ParNew: 8192K->0K(8256K), 0.0104796 secs] 93723K->86258K(131136K), 0.0107533 secs]
361.912: [GC 361.912: [ParNew: 8192K->0K(8256K), 0.0105139 secs] 94450K->87036K(131136K), 0.0107178 secs]
361.978: [GC 361.978: [ParNew: 8192K->0K(8256K), 0.0091420 secs] 95228K->87805K(131136K), 0.0093396 secs]
362.009: [Full GC 362.009: [CMS (concurrent mode failure): 87805K->72640K(122880K), 0.9584476 secs] 91031K->72640K(131136K), [CMS Perm : 65535K->61790K(65536K)], 0.9586939 secs]
363.028: [GC 363.029: [ParNew: 8192K->0K(8256K), 0.0116660 secs] 80832K->73368K(131136K), 0.0118808 secs]
363.110: [GC 363.110: [ParNew: 8192K->0K(8256K), 0.0101711 secs] 81560K->73949K(131136K), 0.0103794 secs]
363.209: [GC 363.209: [ParNew: 8192K->0K(8256K), 0.0086081 secs] 82141K->74440K(131136K), 0.0088022 secs]
363.306: [GC 363.306: [ParNew: 8192K->0K(8256K), 0.0070542 secs] 82632K->74666K(131136K), 0.0072584 secs]
363.388: [GC 363.388: [ParNew: 8192K->0K(8256K), 0.0077466 secs] 82858K->75117K(131136K), 0.0079440 secs]
363.452: [GC 363.452: [ParNew: 8192K->0K(8256K), 0.0102486 secs] 83309K->75914K(131136K), 0.0105249 secs]
363.526: [GC 363.526: [ParNew: 8192K->0K(8256K), 0.0087200 secs] 84106K->76611K(131136K), 0.0089817 secs]
363.623: [GC 363.623: [ParNew: 8191K->0K(8256K), 0.0093057 secs] 84803K->77075K(131136K), 0.0095968 secs]
363.714: [GC 363.714: [ParNew: 8192K->0K(8256K), 0.0111971 secs] 85267K->77554K(131136K), 0.0114044 secs]
363.817: [GC 363.817: [ParNew: 8192K->0K(8256K), 0.0095264 secs] 85746K->78165K(131136K), 0.0098182 secs]
363.882: [GC 363.882: [ParNew: 8192K->0K(8256K), 0.0103399 secs] 86357K->78907K(131136K), 0.0106139 secs]
363.964: [GC 363.964: [ParNew: 8192K->0K(8256K), 0.0084373 secs] 87099K->79445K(131136K), 0.0086304 secs]
364.047: [GC 364.047: [ParNew: 8192K->0K(8256K), 0.0097089 secs] 87637K->80053K(131136K), 0.0099986 secs]
364.132: [GC 364.132: [ParNew: 8192K->0K(8256K), 0.0088142 secs] 88245K->80739K(131136K), 0.0090154 secs]
364.229: [GC 364.229: [ParNew: 8192K->0K(8256K), 0.0084912 secs] 88931K->81318K(131136K), 0.0087017 secs]
364.329: [GC 364.329: [ParNew: 8192K->0K(8256K), 0.0092536 secs] 89510K->82073K(131136K), 0.0094532 secs]
364.406: [GC 364.407: [ParNew: 8192K->0K(8256K), 0.0088813 secs] 90265K->83021K(131136K), 0.0091875 secs]
364.432: [Full GC 364.432: [CMS (concurrent mode failure): 83021K->72847K(122880K), 0.9504252 secs] 84629K->72847K(131136K), [CMS Perm : 65536K->61786K(65536K)], 0.9506530 secs]
365.447: [GC 365.447: [ParNew: 8192K->0K(8256K), 0.0098248 secs] 81039K->73667K(131136K), 0.0101074 secs]
365.523: [GC 365.523: [ParNew: 8192K->0K(8256K), 0.0090913 secs] 81859K->74376K(131136K), 0.0093816 secs]
365.597: [GC 365.597: [ParNew: 8192K->0K(8256K), 0.0102589 secs] 82568K->75208K(131136K), 0.0104758 secs]
365.694: [GC 365.695: [ParNew: 8192K->0K(8256K), 0.0106761 secs] 83400K->75817K(131136K), 0.0108777 secs]
365.793: [GC 365.794: [ParNew: 8192K->0K(8256K), 0.0083351 secs] 84009K->76486K(131136K), 0.0085395 secs]
365.860: [GC 365.860: [ParNew: 8192K->0K(8256K), 0.0087932 secs] 84678K->77186K(131136K), 0.0089747 secs]
365.931: [GC 365.931: [ParNew: 8192K->0K(8256K), 0.0097709 secs] 85378K->78013K(131136K), 0.0099639 secs]
366.004: [GC 366.004: [ParNew: 8192K->0K(8256K), 0.0103874 secs] 86205K->78724K(131136K), 0.0106489 secs]
366.078: [GC 366.078: [ParNew: 8192K->0K(8256K), 0.0085449 secs] 86916K->79406K(131136K), 0.0087268 secs]
366.146: [GC 366.159: [ParNew: 8192K->0K(8256K), 0.0095242 secs] 87598K->80188K(131136K), 0.0098468 secs]
366.236: [GC 366.236: [ParNew: 8192K->0K(8256K), 0.0099158 secs] 88380K->80864K(131136K), 0.0100987 secs]
366.318: [GC 366.318: [ParNew: 8191K->0K(8256K), 0.0101242 secs] 89055K->81554K(131136K), 0.0104219 secs]
366.399: [GC 366.400: [ParNew: 8175K->0K(8256K), 0.0096859 secs] 89730K->82297K(131136K), 0.0098827 secs]
366.476: [GC 366.476: [ParNew: 8192K->0K(8256K), 0.0097016 secs] 90489K->82935K(131136K), 0.0098963 secs]
366.558: [GC 366.558: [ParNew: 8192K->0K(8256K), 0.0084029 secs] 91127K->83793K(131136K), 0.0086642 secs]
366.631: [GC 366.631: [ParNew: 8192K->0K(8256K), 0.0088311 secs] 91985K->84445K(131136K), 0.0090427 secs]
366.702: [GC 366.702: [ParNew: 8192K->0K(8256K), 0.0114632 secs] 92637K->85178K(131136K), 0.0116621 secs]
366.794: [GC 366.794: [ParNew: 8192K->0K(8256K), 0.0095690 secs] 93370K->85955K(131136K), 0.0097921 secs]
366.861: [GC 366.861: [ParNew: 8192K->0K(8256K), 0.0103591 secs] 94147K->86592K(131136K), 0.0105596 secs]
366.950: [GC 366.950: [ParNew: 8192K->0K(8256K), 0.0128258 secs] 94784K->87331K(131136K), 0.0130400 secs]
367.002: [Full GC 367.003: [CMS (concurrent mode failure): 87331K->71261K(122880K), 0.9411519 secs] 92143K->71261K(131136K), [CMS Perm : 65535K->61789K(65536K)], 0.9414819 secs]
368.012: [GC 368.012: [ParNew: 8192K->0K(8256K), 0.0094635 secs] 79453K->72019K(131136K), 0.0097376 secs]
368.082: [GC 368.082: [ParNew: 8192K->0K(8256K), 0.0100775 secs] 80211K->72742K(131136K), 0.0102930 secs]
368.151: [GC 368.151: [ParNew: 8192K->0K(8256K), 0.0098207 secs] 80934K->73526K(131136K), 0.0100187 secs]
368.224: [GC 368.225: [ParNew: 8192K->0K(8256K), 0.0082235 secs] 81718K->74193K(131136K), 0.0084875 secs]
368.295: [GC 368.295: [ParNew: 8192K->0K(8256K), 0.0084289 secs] 82385K->74931K(131136K), 0.0086179 secs]
368.363: [GC 368.363: [ParNew: 8192K->0K(8256K), 0.0100035 secs] 83123K->75651K(131136K), 0.0102931 secs]
368.438: [GC 368.438: [ParNew: 8192K->0K(8256K), 0.0103776 secs] 83843K->76381K(131136K), 0.0105671 secs]
368.509: [GC 368.509: [ParNew: 8192K->0K(8256K), 0.0091909 secs] 84573K->76998K(131136K), 0.0093812 secs]
368.584: [GC 368.584: [ParNew: 8192K->0K(8256K), 0.0091167 secs] 85190K->77735K(131136K), 0.0093291 secs]
368.650: [GC 368.650: [ParNew: 8192K->0K(8256K), 0.0104095 secs] 85927K->78478K(131136K), 0.0106031 secs]
368.740: [GC 368.741: [ParNew: 8191K->0K(8256K), 0.0094556 secs] 86670K->79136K(131136K), 0.0096600 secs]
368.834: [GC 368.834: [ParNew: 8192K->0K(8256K), 0.0095754 secs] 87328K->79693K(131136K), 0.0097899 secs]
368.911: [GC 368.911: [ParNew: 8192K->0K(8256K), 0.0104134 secs] 87885K->80540K(131136K), 0.0106299 secs]
368.980: [GC 368.980: [ParNew: 8192K->0K(8256K), 0.0098827 secs] 88732K->81259K(131136K), 0.0101530 secs]
369.048: [GC 369.048: [ParNew: 8192K->0K(8256K), 0.0086187 secs] 89451K->81870K(131136K), 0.0088244 secs]
369.121: [GC 369.121: [ParNew: 8192K->0K(8256K), 0.0088601 secs] 90062K->82583K(131136K), 0.0090858 secs]
369.192: [GC 369.192: [ParNew: 8187K->0K(8256K), 0.0097488 secs] 90770K->83487K(131136K), 0.0099504 secs]
369.256: [GC 369.256: [ParNew: 8192K->0K(8256K), 0.0118373 secs] 91679K->84194K(131136K), 0.0120374 secs]
369.336: [GC 369.337: [ParNew: 8192K->0K(8256K), 0.0091203 secs] 92386K->84939K(131136K), 0.0093306 secs]
369.431: [GC 369.431: [ParNew: 8192K->0K(8256K), 0.0069648 secs] 93131K->85361K(131136K), 0.0072393 secs]
369.495: [GC 369.495: [ParNew: 8192K->0K(8256K), 0.0108016 secs] 93553K->86196K(131136K), 0.0111558 secs]
369.571: [GC 369.571: [ParNew: 8192K->0K(8256K), 0.0101698 secs] 94388K->86893K(131136K), 0.0103692 secs]
369.627: [Full GC 369.627: [CMS (concurrent mode failure): 86893K->72961K(122880K), 0.9715631 secs] 91065K->72961K(131136K), [CMS Perm : 65535K->61788K(65536K)], 0.9718138 secs]
370.692: [GC 370.692: [ParNew: 8192K->0K(8256K), 0.0120198 secs] 81153K->73551K(131136K), 0.0122441 secs]
370.786: [GC 370.786: [ParNew: 8191K->0K(8256K), 0.0089106 secs] 81743K->73962K(131136K), 0.0091186 secs]
370.879: [GC 370.879: [ParNew: 8192K->0K(8256K), 0.0088784 secs] 82154K->74630K(131136K), 0.0090647 secs]
370.949: [GC 370.949: [ParNew: 8192K->0K(8256K), 0.0096343 secs] 82822K->75324K(131136K), 0.0099153 secs]
371.019: [GC 371.019: [ParNew: 8192K->0K(8256K), 0.0101759 secs] 83516K->76144K(131136K), 0.0103963 secs]
371.105: [GC 371.106: [ParNew: 8192K->0K(8256K), 0.0075341 secs] 84336K->76734K(131136K), 0.0078321 secs]
371.170: [GC 371.170: [ParNew: 8192K->0K(8256K), 0.0101867 secs] 84926K->77488K(131136K), 0.0104621 secs]
371.245: [GC 371.245: [ParNew: 8192K->0K(8256K), 0.0099598 secs] 85680K->77996K(131136K), 0.0101754 secs]
371.328: [GC 371.328: [ParNew: 8192K->0K(8256K), 0.0094015 secs] 86188K->78740K(131136K), 0.0096868 secs]
371.413: [GC 371.413: [ParNew: 8192K->0K(8256K), 0.0086693 secs] 86932K->79276K(131136K), 0.0088492 secs]
371.498: [GC 371.499: [ParNew: 8192K->0K(8256K), 0.0091800 secs] 87468K->79727K(131136K), 0.0093735 secs]
371.574: [GC 371.574: [ParNew: 8192K->0K(8256K), 0.0086777 secs] 87919K->80314K(131136K), 0.0088777 secs]
371.663: [GC 371.663: [ParNew: 8192K->0K(8256K), 0.0102940 secs] 88506K->81055K(131136K), 0.0105131 secs]
371.741: [GC 371.741: [ParNew: 8192K->0K(8256K), 0.0144685 secs] 89247K->81881K(131136K), 0.0146665 secs]
371.848: [GC 371.848: [ParNew: 8192K->0K(8256K), 0.0089678 secs] 90073K->82691K(131136K), 0.0091899 secs]
371.937: [GC 371.937: [ParNew: 8192K->0K(8256K), 0.0085080 secs] 90883K->83381K(131136K), 0.0086989 secs]
372.032: [GC 372.032: [ParNew: 8192K->0K(8256K), 0.0072524 secs] 91573K->84091K(131136K), 0.0074549 secs]
372.050: [Full GC 372.050: [CMS (concurrent mode failure): 84091K->72144K(122880K), 0.9484861 secs] 85152K->72144K(131136K), [CMS Perm : 65536K->61789K(65536K)], 0.9487261 secs]
373.080: [GC 373.080: [ParNew: 8192K->0K(8256K), 0.0111726 secs] 80336K->73096K(131136K), 0.0114052 secs]
373.148: [GC 373.158: [ParNew: 8192K->0K(8256K), 0.0102312 secs] 81288K->73786K(131136K), 0.0105154 secs]
373.233: [GC 373.233: [ParNew: 8192K->0K(8256K), 0.0089358 secs] 81978K->74475K(131136K), 0.0091971 secs]
373.305: [GC 373.305: [ParNew: 8192K->0K(8256K), 0.0103527 secs] 82667K->75311K(131136K), 0.0106605 secs]
373.381: [GC 373.381: [ParNew: 8192K->0K(8256K), 0.0096397 secs] 83503K->75954K(131136K), 0.0098439 secs]
373.453: [GC 373.453: [ParNew: 8192K->0K(8256K), 0.0107584 secs] 84146K->76684K(131136K), 0.0110355 secs]
373.523: [GC 373.524: [ParNew: 8192K->0K(8256K), 0.0095185 secs] 84876K->77451K(131136K), 0.0098044 secs]
373.602: [GC 373.602: [ParNew: 8192K->0K(8256K), 0.0100957 secs] 85643K->78092K(131136K), 0.0104106 secs]
373.686: [GC 373.687: [ParNew: 8192K->0K(8256K), 0.0144977 secs] 86284K->78773K(131136K), 0.0147059 secs]
373.778: [GC 373.778: [ParNew: 8179K->0K(8256K), 0.0091690 secs] 86953K->79422K(131136K), 0.0093872 secs]
373.852: [GC 373.853: [ParNew: 8192K->0K(8256K), 0.0085409 secs] 87614K->80205K(131136K), 0.0087622 secs]
373.940: [GC 373.940: [ParNew: 8192K->0K(8256K), 0.0092669 secs] 88397K->80814K(131136K), 0.0094769 secs]
374.005: [GC 374.005: [ParNew: 8192K->0K(8256K), 0.0101993 secs] 89006K->81575K(131136K), 0.0104097 secs]
374.073: [GC 374.074: [ParNew: 8192K->0K(8256K), 0.0092671 secs] 89767K->82292K(131136K), 0.0094620 secs]
374.152: [GC 374.153: [ParNew: 8192K->0K(8256K), 0.0093038 secs] 90484K->83025K(131136K), 0.0095755 secs]
374.222: [GC 374.223: [ParNew: 8192K->0K(8256K), 0.0096060 secs] 91217K->83649K(131136K), 0.0098807 secs]
374.291: [GC 374.291: [ParNew: 8192K->0K(8256K), 0.0102933 secs] 91841K->84440K(131136K), 0.0104792 secs]
374.364: [GC 374.364: [ParNew: 8192K->0K(8256K), 0.0097967 secs] 92632K->85189K(131136K), 0.0100387 secs]
374.451: [GC 374.451: [ParNew: 8192K->0K(8256K), 0.0093971 secs] 93381K->85631K(131136K), 0.0096572 secs]
374.547: [GC 374.547: [ParNew: 8192K->0K(8256K), 0.0090242 secs] 93823K->86483K(131136K), 0.0092338 secs]
374.621: [GC 374.621: [ParNew: 8192K->0K(8256K), 0.0091582 secs] 94675K->87264K(131136K), 0.0093615 secs]
374.634: [Full GC 374.634: [CMS (concurrent mode failure): 87264K->71762K(122880K), 0.9665240 secs] 87615K->71762K(131136K), [CMS Perm : 65535K->61793K(65536K)], 0.9667817 secs]
375.663: [GC 375.663: [ParNew: 8192K->0K(8256K), 0.0117905 secs] 79954K->72526K(131136K), 0.0119947 secs]
375.758: [GC 375.758: [ParNew: 8192K->0K(8256K), 0.0112011 secs] 80718K->73172K(131136K), 0.0114194 secs]
375.848: [GC 375.849: [ParNew: 8190K->0K(8256K), 0.0095706 secs] 81362K->73806K(131136K), 0.0097803 secs]
375.924: [GC 375.925: [ParNew: 8185K->0K(8256K), 0.0097644 secs] 81991K->74604K(131136K), 0.0099730 secs]
376.002: [GC 376.002: [ParNew: 8186K->0K(8256K), 0.0083364 secs] 82790K->75290K(131136K), 0.0086122 secs]
376.070: [GC 376.070: [ParNew: 8192K->0K(8256K), 0.0085996 secs] 83482K->76034K(131136K), 0.0087845 secs]
376.140: [GC 376.140: [ParNew: 8192K->0K(8256K), 0.0082302 secs] 84226K->76614K(131136K), 0.0084405 secs]
376.215: [GC 376.215: [ParNew: 8192K->0K(8256K), 0.0086876 secs] 84806K->77432K(131136K), 0.0089154 secs]
376.284: [GC 376.285: [ParNew: 8192K->0K(8256K), 0.0101034 secs] 85624K->78151K(131136K), 0.0103095 secs]
376.359: [GC 376.359: [ParNew: 8192K->0K(8256K), 0.0085764 secs] 86343K->78786K(131136K), 0.0087739 secs]
376.431: [GC 376.431: [ParNew: 8192K->0K(8256K), 0.0097760 secs] 86978K->79544K(131136K), 0.0099729 secs]
376.510: [GC 376.511: [ParNew: 8192K->0K(8256K), 0.0086602 secs] 87736K->80145K(131136K), 0.0088504 secs]
376.581: [GC 376.581: [ParNew: 8192K->0K(8256K), 0.0098736 secs] 88337K->80961K(131136K), 0.0100824 secs]
376.654: [GC 376.654: [ParNew: 8192K->0K(8256K), 0.0116304 secs] 89153K->81649K(131136K), 0.0118446 secs]
376.744: [GC 376.744: [ParNew: 8192K->0K(8256K), 0.0121688 secs] 89841K->82387K(131136K), 0.0123736 secs]
376.824: [GC 376.824: [ParNew: 8192K->0K(8256K), 0.0082891 secs] 90579K->83001K(131136K), 0.0084978 secs]
376.891: [GC 376.891: [ParNew: 8192K->0K(8256K), 0.0093652 secs] 91193K->83770K(131136K), 0.0095560 secs]
376.967: [GC 376.967: [ParNew: 8192K->0K(8256K), 0.0089837 secs] 91962K->84322K(131136K), 0.0091914 secs]
377.039: [GC 377.040: [ParNew: 8192K->0K(8256K), 0.0098555 secs] 92514K->85087K(131136K), 0.0101449 secs]
377.126: [GC 377.126: [ParNew: 8192K->0K(8256K), 0.0096827 secs] 93279K->85769K(131136K), 0.0098827 secs]
377.173: [Full GC 377.173: [CMS (concurrent mode failure): 85769K->71726K(122880K), 0.9422234 secs] 89187K->71726K(131136K), [CMS Perm : 65535K->61803K(65536K)], 0.9424482 secs]
378.193: [GC 378.193: [ParNew: 8192K->0K(8256K), 0.0103186 secs] 79918K->72408K(131136K), 0.0105131 secs]
378.275: [GC 378.275: [ParNew: 8192K->0K(8256K), 0.0093213 secs] 80600K->73122K(131136K), 0.0095317 secs]
378.359: [GC 378.359: [ParNew: 8192K->0K(8256K), 0.0081046 secs] 81314K->73888K(131136K), 0.0083902 secs]
378.432: [GC 378.432: [ParNew: 8192K->0K(8256K), 0.0095340 secs] 82080K->74508K(131136K), 0.0098014 secs]
378.505: [GC 378.505: [ParNew: 8192K->0K(8256K), 0.0095005 secs] 82700K->75245K(131136K), 0.0096935 secs]
378.580: [GC 378.580: [ParNew: 8192K->0K(8256K), 0.0080681 secs] 83437K->75856K(131136K), 0.0082763 secs]
378.660: [GC 378.660: [ParNew: 8192K->0K(8256K), 0.0091755 secs] 84048K->76474K(131136K), 0.0094617 secs]
378.747: [GC 378.747: [ParNew: 8192K->0K(8256K), 0.0140674 secs] 84666K->77284K(131136K), 0.0142881 secs]
378.837: [GC 378.838: [ParNew: 8192K->0K(8256K), 0.0087376 secs] 85476K->77995K(131136K), 0.0090168 secs]
378.924: [GC 378.925: [ParNew: 8192K->0K(8256K), 0.0087187 secs] 86187K->78536K(131136K), 0.0089330 secs]
379.002: [GC 379.002: [ParNew: 8192K->0K(8256K), 0.0088527 secs] 86728K->79201K(131136K), 0.0090427 secs]
379.069: [GC 379.069: [ParNew: 8192K->0K(8256K), 0.0088618 secs] 87393K->79946K(131136K), 0.0090504 secs]
379.141: [GC 379.141: [ParNew: 8192K->0K(8256K), 0.0100930 secs] 88138K->80703K(131136K), 0.0116600 secs]
379.219: [GC 379.219: [ParNew: 8192K->0K(8256K), 0.0096224 secs] 88895K->81279K(131136K), 0.0098194 secs]
379.290: [GC 379.290: [ParNew: 8192K->0K(8256K), 0.0103390 secs] 89471K->81930K(131136K), 0.0105587 secs]
379.358: [GC 379.358: [ParNew: 8192K->0K(8256K), 0.0107780 secs] 90122K->82771K(131136K), 0.0110419 secs]
379.441: [GC 379.441: [ParNew: 8192K->0K(8256K), 0.0086709 secs] 90963K->83400K(131136K), 0.0088665 secs]
379.511: [GC 379.511: [ParNew: 8192K->0K(8256K), 0.0096430 secs] 91592K->84198K(131136K), 0.0098438 secs]
379.581: [GC 379.581: [ParNew: 8192K->0K(8256K), 0.0093797 secs] 92390K->84885K(131136K), 0.0095880 secs]
379.658: [GC 379.658: [ParNew: 8192K->0K(8256K), 0.0084760 secs] 93077K->85636K(131136K), 0.0086591 secs]
379.723: [Full GC 379.723: [CMS (concurrent mode failure): 85636K->71925K(122880K), 0.9485334 secs] 92957K->71925K(131136K), [CMS Perm : 65535K->61799K(65536K)], 0.9487817 secs]
380.768: [GC 380.768: [ParNew: 8192K->0K(8256K), 0.0111310 secs] 80117K->72550K(131136K), 0.0113960 secs]
380.860: [GC 380.860: [ParNew: 8192K->0K(8256K), 0.0077591 secs] 80742K->73235K(131136K), 0.0079754 secs]
380.925: [GC 380.925: [ParNew: 8192K->0K(8256K), 0.0098517 secs] 81427K->73961K(131136K), 0.0101194 secs]
380.994: [GC 380.994: [ParNew: 8192K->0K(8256K), 0.0100351 secs] 82153K->74774K(131136K), 0.0103162 secs]
381.062: [GC 381.062: [ParNew: 8192K->0K(8256K), 0.0104552 secs] 82966K->75486K(131136K), 0.0107387 secs]
381.136: [GC 381.136: [ParNew: 8192K->0K(8256K), 0.0097822 secs] 83678K->76189K(131136K), 0.0206895 secs]
381.224: [GC 381.224: [ParNew: 8192K->0K(8256K), 0.0095395 secs] 84381K->76887K(131136K), 0.0097495 secs]
381.297: [GC 381.297: [ParNew: 8192K->0K(8256K), 0.0094356 secs] 85079K->77626K(131136K), 0.0096396 secs]
381.372: [GC 381.373: [ParNew: 8192K->0K(8256K), 0.0097058 secs] 85818K->78250K(131136K), 0.0099815 secs]
381.444: [GC 381.444: [ParNew: 8192K->0K(8256K), 0.0094815 secs] 86442K->79089K(131136K), 0.0096962 secs]
381.518: [GC 381.518: [ParNew: 8192K->0K(8256K), 0.0083277 secs] 87281K->79747K(131136K), 0.0085285 secs]
381.593: [GC 381.593: [ParNew: 8192K->0K(8256K), 0.0115385 secs] 87939K->80550K(131136K), 0.0117437 secs]
381.677: [GC 381.677: [ParNew: 8192K->0K(8256K), 0.0120048 secs] 88742K->81172K(131136K), 0.0122111 secs]
381.777: [GC 381.777: [ParNew: 8192K->0K(8256K), 0.0094468 secs] 89364K->81791K(131136K), 0.0096492 secs]
381.849: [GC 381.850: [ParNew: 8192K->0K(8256K), 0.0112043 secs] 89983K->82505K(131136K), 0.0114901 secs]
381.944: [GC 381.944: [ParNew: 8192K->0K(8256K), 0.0087637 secs] 90697K->83147K(131136K), 0.0090354 secs]
382.039: [GC 382.039: [ParNew: 8192K->0K(8256K), 0.0080279 secs] 91339K->83809K(131136K), 0.0082203 secs]
382.107: [GC 382.107: [ParNew: 8192K->0K(8256K), 0.0089192 secs] 92001K->84513K(131136K), 0.0091298 secs]
382.171: [GC 382.171: [ParNew: 8192K->0K(8256K), 0.0098901 secs] 92705K->85280K(131136K), 0.0100833 secs]
382.246: [GC 382.246: [ParNew: 8192K->0K(8256K), 0.0106625 secs] 93472K->85966K(131136K), 0.0108733 secs]
382.361: [GC 382.361: [ParNew: 8192K->0K(8256K), 0.0122605 secs] 94158K->86373K(131136K), 0.0124900 secs]
382.387: [Full GC 382.387: [CMS (concurrent mode failure): 86373K->72906K(122880K), 0.9595298 secs] 87332K->72906K(131136K), [CMS Perm : 65535K->61801K(65536K)], 0.9597829 secs]
383.425: [GC 383.425: [ParNew: 8192K->0K(8256K), 0.0099835 secs] 81098K->73626K(131136K), 0.0102074 secs]
383.509: [GC 383.509: [ParNew: 8192K->0K(8256K), 0.0084769 secs] 81818K->74209K(131136K), 0.0086679 secs]
383.579: [GC 383.579: [ParNew: 8192K->0K(8256K), 0.0092661 secs] 82401K->74922K(131136K), 0.0094781 secs]
383.648: [GC 383.648: [ParNew: 8192K->0K(8256K), 0.0094935 secs] 83114K->75587K(131136K), 0.0097071 secs]
383.736: [GC 383.736: [ParNew: 8192K->0K(8256K), 0.0110155 secs] 83779K->76095K(131136K), 0.0112073 secs]
383.819: [GC 383.819: [ParNew: 8192K->0K(8256K), 0.0095300 secs] 84287K->76894K(131136K), 0.0097401 secs]
383.900: [GC 383.900: [ParNew: 8192K->0K(8256K), 0.0095386 secs] 85086K->77595K(131136K), 0.0097465 secs]
383.970: [GC 383.970: [ParNew: 8192K->0K(8256K), 0.0078159 secs] 85787K->78301K(131136K), 0.0080172 secs]
384.062: [GC 384.062: [ParNew: 8192K->0K(8256K), 0.0094602 secs] 86493K->78800K(131136K), 0.0096726 secs]
384.142: [GC 384.142: [ParNew: 8192K->0K(8256K), 0.0106914 secs] 86992K->79708K(131136K), 0.0152688 secs]
384.237: [GC 384.237: [ParNew: 8192K->0K(8256K), 0.0093264 secs] 87900K->80420K(131136K), 0.0095264 secs]
384.320: [GC 384.321: [ParNew: 8192K->0K(8256K), 0.0077046 secs] 88612K->81155K(131136K), 0.0078898 secs]
384.399: [GC 384.399: [ParNew: 8192K->0K(8256K), 0.0091853 secs] 89347K->81964K(131136K), 0.0093863 secs]
384.479: [GC 384.479: [ParNew: 8192K->0K(8256K), 0.0077246 secs] 90156K->82558K(131136K), 0.0079466 secs]
384.569: [GC 384.569: [ParNew: 8192K->0K(8256K), 0.0083833 secs] 90750K->83209K(131136K), 0.0085865 secs]
384.647: [GC 384.647: [ParNew: 8192K->0K(8256K), 0.0113702 secs] 91401K->84286K(131136K), 0.0115681 secs]
384.737: [GC 384.737: [ParNew: 8192K->0K(8256K), 0.0106529 secs] 92478K->84920K(131136K), 0.0108617 secs]
384.838: [GC 384.838: [ParNew: 8192K->0K(8256K), 0.0089671 secs] 93112K->85508K(131136K), 0.0092342 secs]
384.897: [Full GC 384.897: [CMS (concurrent mode failure): 85508K->71228K(122880K), 0.9415472 secs] 91488K->71228K(131136K), [CMS Perm : 65536K->61800K(65536K)], 0.9418896 secs]
385.913: [GC 385.913: [ParNew: 8191K->0K(8256K), 0.0088439 secs] 79420K->71995K(131136K), 0.0091525 secs]
385.991: [GC 385.991: [ParNew: 8192K->0K(8256K), 0.0086447 secs] 80187K->72682K(131136K), 0.0088883 secs]
386.065: [GC 386.065: [ParNew: 8192K->0K(8256K), 0.0087801 secs] 80874K->73294K(131136K), 0.0090460 secs]
386.131: [GC 386.131: [ParNew: 8190K->0K(8256K), 0.0097478 secs] 81485K->74134K(131136K), 0.0099629 secs]
386.209: [GC 386.209: [ParNew: 8189K->0K(8256K), 0.0077095 secs] 82323K->74729K(131136K), 0.0079042 secs]
386.284: [GC 386.284: [ParNew: 8192K->0K(8256K), 0.0083953 secs] 82921K->75433K(131136K), 0.0085979 secs]
386.359: [GC 386.359: [ParNew: 8192K->0K(8256K), 0.0085427 secs] 83625K->76164K(131136K), 0.0087598 secs]
386.423: [GC 386.423: [ParNew: 8192K->0K(8256K), 0.0087943 secs] 84356K->76900K(131136K), 0.0089941 secs]
386.494: [GC 386.494: [ParNew: 8192K->0K(8256K), 0.0102861 secs] 85092K->77705K(131136K), 0.0105701 secs]
386.568: [GC 386.568: [ParNew: 8192K->0K(8256K), 0.0094788 secs] 85897K->78209K(131136K), 0.0097620 secs]
386.645: [GC 386.645: [ParNew: 8192K->0K(8256K), 0.0095740 secs] 86401K->78711K(131136K), 0.0098410 secs]
386.722: [GC 386.722: [ParNew: 8192K->0K(8256K), 0.0129081 secs] 86903K->79569K(131136K), 0.0131191 secs]
386.795: [GC 386.795: [ParNew: 8191K->0K(8256K), 0.0096496 secs] 87760K->80318K(131136K), 0.0098635 secs]
386.874: [GC 386.874: [ParNew: 8192K->0K(8256K), 0.0088147 secs] 88510K->80934K(131136K), 0.0090145 secs]
386.940: [GC 386.940: [ParNew: 8192K->0K(8256K), 0.0101145 secs] 89126K->81695K(131136K), 0.0103295 secs]
387.001: [GC 387.002: [ParNew: 8192K->0K(8256K), 0.0094307 secs] 89887K->82502K(131136K), 0.0096232 secs]
387.072: [GC 387.073: [ParNew: 8192K->0K(8256K), 0.0097447 secs] 90694K->83229K(131136K), 0.0099408 secs]
387.162: [GC 387.163: [ParNew: 8192K->0K(8256K), 0.0144945 secs] 91421K->83976K(131136K), 0.0147983 secs]
387.240: [GC 387.240: [ParNew: 8192K->0K(8256K), 0.0101199 secs] 92168K->84659K(131136K), 0.0103168 secs]
387.353: [GC 387.353: [ParNew: 8192K->0K(8256K), 0.0059711 secs] 92851K->84875K(131136K), 0.0061769 secs]
387.453: [GC 387.453: [ParNew: 8192K->0K(8256K), 0.0065417 secs] 93067K->85422K(131136K), 0.0067389 secs]
387.515: [GC 387.515: [ParNew: 8192K->0K(8256K), 0.0089959 secs] 93614K->86126K(131136K), 0.0091748 secs]
387.576: [Full GC 387.576: [CMS (concurrent mode failure): 86126K->73146K(122880K), 0.9702762 secs] 91610K->73146K(131136K), [CMS Perm : 65535K->61805K(65536K)], 0.9705279 secs]
388.623: [GC 388.623: [ParNew: 8192K->0K(8256K), 0.0089108 secs] 81338K->73565K(131136K), 0.0091085 secs]
388.701: [GC 388.702: [ParNew: 8192K->0K(8256K), 0.0104698 secs] 81757K->74160K(131136K), 0.0107487 secs]
388.779: [GC 388.779: [ParNew: 8192K->0K(8256K), 0.0122800 secs] 82352K->74783K(131136K), 0.0124837 secs]
388.861: [GC 388.862: [ParNew: 8192K->0K(8256K), 0.0116613 secs] 82975K->75255K(131136K), 0.0118876 secs]
388.923: [GC 388.923: [ParNew: 8192K->0K(8256K), 0.0091146 secs] 83447K->75934K(131136K), 0.0093108 secs]
388.986: [GC 388.986: [ParNew: 8192K->0K(8256K), 0.0097932 secs] 84126K->76648K(131136K), 0.0100783 secs]
389.073: [GC 389.073: [ParNew: 8192K->0K(8256K), 0.0075340 secs] 84840K->77120K(131136K), 0.0077498 secs]
389.170: [GC 389.170: [ParNew: 8192K->0K(8256K), 0.0074830 secs] 85312K->77401K(131136K), 0.0076812 secs]
389.235: [GC 389.235: [ParNew: 8192K->0K(8256K), 0.0133624 secs] 85593K->78154K(131136K), 0.0135857 secs]
389.326: [GC 389.326: [ParNew: 8192K->0K(8256K), 0.0118498 secs] 86346K->78917K(131136K), 0.0120791 secs]
389.426: [GC 389.426: [ParNew: 8192K->0K(8256K), 0.0109181 secs] 87109K->79630K(131136K), 0.0111356 secs]
389.513: [GC 389.513: [ParNew: 8192K->0K(8256K), 0.0084252 secs] 87822K->80195K(131136K), 0.0086461 secs]
389.617: [GC 389.618: [ParNew: 8192K->0K(8256K), 0.0095737 secs] 88387K->80883K(131136K), 0.0097886 secs]
389.721: [GC 389.721: [ParNew: 8192K->0K(8256K), 0.0091610 secs] 89075K->81480K(131136K), 0.0094327 secs]
389.807: [GC 389.807: [ParNew: 8192K->0K(8256K), 0.0097695 secs] 89672K->82399K(131136K), 0.0099795 secs]
389.907: [GC 389.908: [ParNew: 8192K->0K(8256K), 0.0072908 secs] 90591K->82962K(131136K), 0.0074837 secs]
389.987: [GC 389.987: [ParNew: 8192K->0K(8256K), 0.0092577 secs] 91154K->83840K(131136K), 0.0094764 secs]
390.076: [Full GC 390.076: [CMS (concurrent mode failure): 83840K->71509K(122880K), 0.9488503 secs] 91208K->71509K(131136K), [CMS Perm : 65535K->61807K(65536K)], 0.9491930 secs]
391.088: [GC 391.088: [ParNew: 8192K->0K(8256K), 0.0109431 secs] 79701K->72483K(131136K), 0.0112294 secs]
391.164: [GC 391.164: [ParNew: 8192K->0K(8256K), 0.0079905 secs] 80675K->73168K(131136K), 0.0082085 secs]
391.241: [GC 391.241: [ParNew: 8192K->0K(8256K), 0.0089206 secs] 81360K->73660K(131136K), 0.0091802 secs]
391.311: [GC 391.311: [ParNew: 8185K->0K(8256K), 0.0106150 secs] 81846K->74328K(131136K), 0.0108885 secs]
391.381: [GC 391.381: [ParNew: 8192K->0K(8256K), 0.0096578 secs] 82520K->74967K(131136K), 0.0098682 secs]
391.457: [GC 391.457: [ParNew: 8192K->0K(8256K), 0.0081242 secs] 83159K->75718K(131136K), 0.0083746 secs]
391.528: [GC 391.528: [ParNew: 8192K->0K(8256K), 0.0149061 secs] 83910K->76627K(131136K), 0.0151006 secs]
391.611: [GC 391.611: [ParNew: 8192K->0K(8256K), 0.0089564 secs] 84819K->77188K(131136K), 0.0092665 secs]
391.688: [GC 391.688: [ParNew: 8192K->0K(8256K), 0.0123816 secs] 85380K->78040K(131136K), 0.0126036 secs]
391.768: [GC 391.769: [ParNew: 8192K->0K(8256K), 0.0109708 secs] 86232K->78631K(131136K), 0.0111853 secs]
391.855: [GC 391.855: [ParNew: 8191K->0K(8256K), 0.0090247 secs] 86823K->79162K(131136K), 0.0093215 secs]
391.924: [GC 391.924: [ParNew: 8192K->0K(8256K), 0.0095341 secs] 87354K->79926K(131136K), 0.0097344 secs]
391.988: [GC 391.988: [ParNew: 8192K->0K(8256K), 0.0091511 secs] 88118K->80645K(131136K), 0.0093645 secs]
392.057: [GC 392.057: [ParNew: 8192K->0K(8256K), 0.0091667 secs] 88837K->81317K(131136K), 0.0093589 secs]
392.129: [GC 392.129: [ParNew: 8192K->0K(8256K), 0.0112615 secs] 89509K->82128K(131136K), 0.0115220 secs]
392.201: [GC 392.202: [ParNew: 8192K->0K(8256K), 0.0094172 secs] 90320K->82858K(131136K), 0.0097077 secs]
392.269: [GC 392.269: [ParNew: 8192K->0K(8256K), 0.0101098 secs] 91050K->83535K(131136K), 0.0103207 secs]
392.351: [GC 392.351: [ParNew: 8192K->0K(8256K), 0.0079070 secs] 91727K->84157K(131136K), 0.0081046 secs]
392.411: [GC 392.411: [ParNew: 8192K->0K(8256K), 0.0102320 secs] 92349K->84907K(131136K), 0.0104226 secs]
392.485: [GC 392.485: [ParNew: 8192K->0K(8256K), 0.0091134 secs] 93099K->85454K(131136K), 0.0093105 secs]
392.552: [GC 392.553: [ParNew: 8192K->0K(8256K), 0.0100306 secs] 93646K->86054K(131136K), 0.0102279 secs]
392.641: [GC 392.641: [ParNew: 8192K->0K(8256K), 0.0073112 secs] 94246K->86450K(131136K), 0.0075133 secs]
392.678: [Full GC 392.678: [CMS (concurrent mode failure): 86450K->72795K(122880K), 1.0099852 secs] 89617K->72795K(131136K), [CMS Perm : 65535K->61811K(65536K)], 1.0102496 secs]
393.778: [GC 393.778: [ParNew: 8192K->0K(8256K), 0.0088332 secs] 80987K->73286K(131136K), 0.0090581 secs]
393.857: [GC 393.857: [ParNew: 8192K->0K(8256K), 0.0065269 secs] 81478K->73735K(131136K), 0.0067381 secs]
393.917: [GC 393.917: [ParNew: 8192K->0K(8256K), 0.0092490 secs] 81927K->74442K(131136K), 0.0094523 secs]
393.977: [GC 393.977: [ParNew: 8192K->0K(8256K), 0.0100416 secs] 82634K->75221K(131136K), 0.0103355 secs]
394.052: [GC 394.052: [ParNew: 8192K->0K(8256K), 0.0087348 secs] 83413K->75786K(131136K), 0.0089337 secs]
394.133: [GC 394.133: [ParNew: 8192K->0K(8256K), 0.0086902 secs] 83978K->76222K(131136K), 0.0088821 secs]
394.208: [GC 394.208: [ParNew: 8192K->0K(8256K), 0.0084828 secs] 84414K->76710K(131136K), 0.0087494 secs]
394.265: [GC 394.265: [ParNew: 8192K->0K(8256K), 0.0086235 secs] 84902K->77417K(131136K), 0.0088345 secs]
394.336: [GC 394.336: [ParNew: 8192K->0K(8256K), 0.0088256 secs] 85609K->77999K(131136K), 0.0091154 secs]
394.406: [GC 394.406: [ParNew: 8192K->0K(8256K), 0.0096942 secs] 86191K->78630K(131136K), 0.0098814 secs]
394.475: [GC 394.475: [ParNew: 8192K->0K(8256K), 0.0095702 secs] 86822K->79314K(131136K), 0.0098577 secs]
394.556: [GC 394.556: [ParNew: 8192K->0K(8256K), 0.0079972 secs] 87506K->79648K(131136K), 0.0082072 secs]
394.630: [GC 394.630: [ParNew: 8192K->0K(8256K), 0.0087370 secs] 87840K->80399K(131136K), 0.0090127 secs]
394.710: [GC 394.710: [ParNew: 8192K->0K(8256K), 0.0094106 secs] 88591K->81189K(131136K), 0.0096201 secs]
394.784: [GC 394.784: [ParNew: 8192K->0K(8256K), 0.0085679 secs] 89381K->82014K(131136K), 0.0087708 secs]
394.851: [GC 394.851: [ParNew: 8192K->0K(8256K), 0.0085614 secs] 90206K->82753K(131136K), 0.0088380 secs]
394.913: [GC 394.913: [ParNew: 8189K->0K(8256K), 0.0088293 secs] 90943K->83412K(131136K), 0.0091027 secs]
394.976: [GC 394.976: [ParNew: 8192K->0K(8256K), 0.0094947 secs] 91604K->84299K(131136K), 0.0096935 secs]
395.038: [GC 395.038: [ParNew: 8191K->0K(8256K), 0.0076317 secs] 92491K->84928K(131136K), 0.0079271 secs]
395.095: [GC 395.095: [ParNew: 8192K->0K(8256K), 0.0087687 secs] 93120K->85615K(131136K), 0.0089609 secs]
395.157: [Full GC 395.158: [CMS (concurrent mode failure): 85615K->72318K(122880K), 0.9676699 secs] 92528K->72318K(131136K), [CMS Perm : 65535K->61811K(65536K)], 0.9679838 secs]
396.212: [GC 396.212: [ParNew: 8192K->0K(8256K), 0.0089261 secs] 80510K->72841K(131136K), 0.0091379 secs]
396.293: [GC 396.293: [ParNew: 8191K->0K(8256K), 0.0117320 secs] 81033K->73549K(131136K), 0.0119533 secs]
396.369: [GC 396.369: [ParNew: 8192K->0K(8256K), 0.0142728 secs] 81741K->74257K(131136K), 0.0144942 secs]
396.472: [GC 396.472: [ParNew: 8192K->0K(8256K), 0.0125190 secs] 82449K->74964K(131136K), 0.0127277 secs]
396.563: [GC 396.563: [ParNew: 8192K->0K(8256K), 0.0140509 secs] 83156K->75704K(131136K), 0.0142527 secs]
396.653: [GC 396.653: [ParNew: 8189K->0K(8256K), 0.0072630 secs] 83893K->76258K(131136K), 0.0075389 secs]
396.746: [GC 396.746: [ParNew: 8192K->0K(8256K), 0.0079491 secs] 84450K->76639K(131136K), 0.0082431 secs]
396.814: [GC 396.814: [ParNew: 8192K->0K(8256K), 0.0092946 secs] 84831K->77393K(131136K), 0.0094976 secs]
396.881: [GC 396.881: [ParNew: 8186K->0K(8256K), 0.0103037 secs] 85579K->78221K(131136K), 0.0105161 secs]
396.941: [GC 396.941: [ParNew: 8192K->0K(8256K), 0.0089957 secs] 86413K->79006K(131136K), 0.0091905 secs]
397.009: [GC 397.009: [ParNew: 8192K->0K(8256K), 0.0096209 secs] 87198K->79764K(131136K), 0.0099052 secs]
397.092: [GC 397.093: [ParNew: 8192K->0K(8256K), 0.0089019 secs] 87956K->80309K(131136K), 0.0090866 secs]
397.154: [GC 397.155: [ParNew: 8192K->0K(8256K), 0.0096841 secs] 88501K->80897K(131136K), 0.0099709 secs]
397.219: [GC 397.219: [ParNew: 8192K->0K(8256K), 0.0095438 secs] 89089K->81574K(131136K), 0.0097562 secs]
397.285: [GC 397.285: [ParNew: 8192K->0K(8256K), 0.0097381 secs] 89766K->82231K(131136K), 0.0099834 secs]
397.375: [GC 397.375: [ParNew: 8192K->0K(8256K), 0.0071145 secs] 90423K->82659K(131136K), 0.0073832 secs]
397.448: [GC 397.448: [ParNew: 8192K->0K(8256K), 0.0076673 secs] 90851K->83087K(131136K), 0.0078776 secs]
397.507: [GC 397.507: [ParNew: 8192K->0K(8256K), 0.0090241 secs] 91279K->83831K(131136K), 0.0092968 secs]
397.571: [GC 397.571: [ParNew: 8192K->0K(8256K), 0.0084520 secs] 92023K->84484K(131136K), 0.0086414 secs]
397.632: [GC 397.632: [ParNew: 8192K->0K(8256K), 0.0105582 secs] 92676K->85169K(131136K), 0.0107558 secs]
397.704: [GC 397.704: [ParNew: 8192K->0K(8256K), 0.0126601 secs] 93361K->85940K(131136K), 0.0128724 secs]
397.752: [Full GC 397.752: [CMS (concurrent mode failure): 85940K->71620K(122880K), 0.9507852 secs] 89228K->71620K(131136K), [CMS Perm : 65535K->61810K(65536K)], 0.9510289 secs]
398.778: [GC 398.778: [ParNew: 8192K->0K(8256K), 0.0097771 secs] 79812K->72175K(131136K), 0.0099792 secs]
398.847: [GC 398.847: [ParNew: 8192K->0K(8256K), 0.0098806 secs] 80367K->72764K(131136K), 0.0100772 secs]
398.913: [GC 398.913: [ParNew: 8192K->0K(8256K), 0.0096795 secs] 80956K->73216K(131136K), 0.0098795 secs]
398.988: [GC 398.988: [ParNew: 8192K->0K(8256K), 0.0078442 secs] 81408K->73805K(131136K), 0.0080344 secs]
399.049: [GC 399.049: [ParNew: 8192K->0K(8256K), 0.0087436 secs] 81997K->74359K(131136K), 0.0089624 secs]
399.110: [GC 399.110: [ParNew: 8192K->0K(8256K), 0.0088914 secs] 82551K->75086K(131136K), 0.0090955 secs]
399.171: [GC 399.172: [ParNew: 8192K->0K(8256K), 0.0089287 secs] 83278K->75760K(131136K), 0.0091354 secs]
399.246: [GC 399.246: [ParNew: 8192K->0K(8256K), 0.0093871 secs] 83952K->76353K(131136K), 0.0096788 secs]
399.316: [GC 399.317: [ParNew: 8192K->0K(8256K), 0.0083507 secs] 84545K->76736K(131136K), 0.0086387 secs]
399.404: [GC 399.404: [ParNew: 8192K->0K(8256K), 0.0086529 secs] 84928K->77308K(131136K), 0.0088368 secs]
399.467: [GC 399.467: [ParNew: 8192K->0K(8256K), 0.0095818 secs] 85500K->77944K(131136K), 0.0097791 secs]
399.537: [GC 399.537: [ParNew: 8192K->0K(8256K), 0.0097051 secs] 86136K->78469K(131136K), 0.0099182 secs]
399.634: [GC 399.634: [ParNew: 8192K->0K(8256K), 0.0093493 secs] 86661K->78997K(131136K), 0.0095546 secs]
399.724: [GC 399.724: [ParNew: 8190K->0K(8256K), 0.0084528 secs] 87187K->79406K(131136K), 0.0086364 secs]
399.805: [GC 399.805: [ParNew: 8192K->0K(8256K), 0.0107299 secs] 87598K->79942K(131136K), 0.0109257 secs]
399.877: [GC 399.877: [ParNew: 8192K->0K(8256K), 0.0097229 secs] 88134K->80674K(131136K), 0.0099504 secs]
399.942: [GC 399.942: [ParNew: 8192K->0K(8256K), 0.0106073 secs] 88866K->81337K(131136K), 0.0108236 secs]
400.025: [GC 400.025: [ParNew: 8192K->0K(8256K), 0.0081216 secs] 89529K->81920K(131136K), 0.0083330 secs]
400.104: [GC 400.104: [ParNew: 8192K->0K(8256K), 0.0089121 secs] 90112K->82362K(131136K), 0.0091071 secs]
400.115: [Full GC 400.115: [CMS (concurrent mode failure): 82362K->73135K(122880K), 0.9698056 secs] 82549K->73135K(131136K), [CMS Perm : 65535K->61813K(65536K)], 0.9700279 secs]
401.163: [GC 401.163: [ParNew: 8192K->0K(8256K), 0.0094107 secs] 81327K->73548K(131136K), 0.0097072 secs]
401.228: [GC 401.228: [ParNew: 8192K->0K(8256K), 0.0081290 secs] 81740K->74125K(131136K), 0.0083260 secs]
401.292: [GC 401.292: [ParNew: 8192K->0K(8256K), 0.0073207 secs] 82317K->74783K(131136K), 0.0075062 secs]
401.356: [GC 401.356: [ParNew: 8192K->0K(8256K), 0.0091807 secs] 82975K->75402K(131136K), 0.0093688 secs]
401.434: [GC 401.434: [ParNew: 8192K->0K(8256K), 0.0097410 secs] 83594K->76034K(131136K), 0.0099555 secs]
401.489: [GC 401.489: [ParNew: 8192K->0K(8256K), 0.0106685 secs] 84226K->76999K(131136K), 0.0108873 secs]
401.550: [GC 401.550: [ParNew: 8192K->0K(8256K), 0.0095678 secs] 85191K->77745K(131136K), 0.0097813 secs]
401.622: [GC 401.622: [ParNew: 8192K->0K(8256K), 0.0113193 secs] 85937K->78540K(131136K), 0.0115320 secs]
401.728: [GC 401.728: [ParNew: 8192K->0K(8256K), 0.0098788 secs] 86732K->78913K(131136K), 0.0100873 secs]
401.815: [GC 401.815: [ParNew: 8192K->0K(8256K), 0.0065586 secs] 87105K->79290K(131136K), 0.0067564 secs]
401.881: [GC 401.881: [ParNew: 8192K->0K(8256K), 0.0083272 secs] 87482K->79943K(131136K), 0.0085224 secs]
401.944: [GC 401.944: [ParNew: 8192K->0K(8256K), 0.0096272 secs] 88135K->80697K(131136K), 0.0098264 secs]
402.041: [GC 402.041: [ParNew: 8192K->0K(8256K), 0.0086481 secs] 88889K->81116K(131136K), 0.0088445 secs]
402.118: [GC 402.118: [ParNew: 8192K->0K(8256K), 0.0084869 secs] 89308K->81521K(131136K), 0.0087653 secs]
402.202: [GC 402.202: [ParNew: 8192K->0K(8256K), 0.0087795 secs] 89713K->81984K(131136K), 0.0089910 secs]
402.266: [GC 402.266: [ParNew: 8192K->0K(8256K), 0.0086918 secs] 90176K->82637K(131136K), 0.0088986 secs]
402.322: [GC 402.322: [ParNew: 8192K->0K(8256K), 0.0103167 secs] 90829K->83415K(131136K), 0.0105184 secs]
402.406: [GC 402.406: [ParNew: 8192K->0K(8256K), 0.0095723 secs] 91607K->83988K(131136K), 0.0098452 secs]
402.427: [Full GC 402.427: [CMS (concurrent mode failure): 83988K->73451K(122880K), 0.9760684 secs] 85226K->73451K(131136K), [CMS Perm : 65536K->61818K(65536K)], 0.9763659 secs]
403.479: [GC 403.479: [ParNew: 8192K->0K(8256K), 0.0076362 secs] 81643K->73965K(131136K), 0.0079361 secs]
403.536: [GC 403.536: [ParNew: 8192K->0K(8256K), 0.0081207 secs] 82157K->74461K(131136K), 0.0083336 secs]
403.593: [GC 403.593: [ParNew: 8192K->0K(8256K), 0.0119786 secs] 82653K->75363K(131136K), 0.0121753 secs]
403.650: [GC 403.651: [ParNew: 8192K->0K(8256K), 0.0120905 secs] 83555K->76340K(131136K), 0.0123829 secs]
403.728: [GC 403.728: [ParNew: 8192K->0K(8256K), 0.0146543 secs] 84532K->76880K(131136K), 0.0148771 secs]
403.808: [GC 403.809: [ParNew: 8192K->0K(8256K), 0.0093963 secs] 85072K->77556K(131136K), 0.0095886 secs]
403.872: [GC 403.872: [ParNew: 8192K->0K(8256K), 0.0077971 secs] 85748K->78246K(131136K), 0.0080629 secs]
403.937: [GC 403.937: [ParNew: 8192K->0K(8256K), 0.0084930 secs] 86438K->78995K(131136K), 0.0086854 secs]
404.012: [GC 404.013: [ParNew: 8192K->0K(8256K), 0.0094319 secs] 87187K->79769K(131136K), 0.0096409 secs]
404.076: [GC 404.076: [ParNew: 8192K->0K(8256K), 0.0103054 secs] 87961K->80497K(131136K), 0.0105025 secs]
404.145: [GC 404.145: [ParNew: 8192K->0K(8256K), 0.0092143 secs] 88689K->81106K(131136K), 0.0136395 secs]
404.236: [GC 404.236: [ParNew: 8192K->0K(8256K), 0.0075308 secs] 89298K->81581K(131136K), 0.0077175 secs]
404.291: [GC 404.291: [ParNew: 8192K->0K(8256K), 0.0084403 secs] 89773K->82380K(131136K), 0.0086318 secs]
404.348: [GC 404.348: [ParNew: 8192K->0K(8256K), 0.0095429 secs] 90572K->83203K(131136K), 0.0097251 secs]
404.405: [GC 404.405: [ParNew: 8192K->0K(8256K), 0.0102419 secs] 91395K->84056K(131136K), 0.0104282 secs]
404.470: [GC 404.470: [ParNew: 8192K->0K(8256K), 0.0101668 secs] 92248K->84603K(131136K), 0.0103792 secs]
404.545: [GC 404.545: [ParNew: 8192K->0K(8256K), 0.0109006 secs] 92795K->85426K(131136K), 0.0111106 secs]
404.644: [GC 404.644: [ParNew: 8192K->0K(8256K), 0.0080410 secs] 93618K->85751K(131136K), 0.0082223 secs]
404.715: [GC 404.715: [ParNew: 8192K->0K(8256K), 0.0088405 secs] 93943K->86312K(131136K), 0.0091356 secs]
404.787: [GC 404.787: [ParNew: 8192K->0K(8256K), 0.0094717 secs] 94504K->87081K(131136K), 0.0096718 secs]
404.864: [GC 404.864: [ParNew: 8192K->0K(8256K), 0.0088523 secs] 95273K->87732K(131136K), 0.0091336 secs]
404.953: [Full GC 404.953: [CMS (concurrent mode failure): 87732K->73216K(122880K), 0.9804540 secs] 94976K->73216K(131136K), [CMS Perm : 65535K->61819K(65536K)], 0.9807032 secs]
406.002: [GC 406.002: [ParNew: 8192K->0K(8256K), 0.0089119 secs] 81408K->73642K(131136K), 0.0091127 secs]
406.060: [GC 406.060: [ParNew: 8192K->0K(8256K), 0.0104467 secs] 81834K->74323K(131136K), 0.0106457 secs]
406.131: [GC 406.131: [ParNew: 8192K->0K(8256K), 0.0090260 secs] 82515K->75002K(131136K), 0.0092061 secs]
406.203: [GC 406.203: [ParNew: 8192K->0K(8256K), 0.0091987 secs] 83194K->75567K(131136K), 0.0093895 secs]
406.274: [GC 406.274: [ParNew: 8192K->0K(8256K), 0.0096495 secs] 83759K->76150K(131136K), 0.0098580 secs]
406.343: [GC 406.343: [ParNew: 8192K->0K(8256K), 0.0088462 secs] 84342K->76672K(131136K), 0.0090366 secs]
406.428: [GC 406.429: [ParNew: 8192K->0K(8256K), 0.0084092 secs] 84864K->77311K(131136K), 0.0087037 secs]
406.506: [GC 406.506: [ParNew: 8192K->0K(8256K), 0.0089844 secs] 85503K->77883K(131136K), 0.0092045 secs]
406.567: [GC 406.567: [ParNew: 8192K->0K(8256K), 0.0103693 secs] 86075K->78720K(131136K), 0.0105715 secs]
406.627: [GC 406.627: [ParNew: 8192K->0K(8256K), 0.0090364 secs] 86912K->79425K(131136K), 0.0092304 secs]
406.689: [GC 406.689: [ParNew: 8192K->0K(8256K), 0.0145742 secs] 87617K->80108K(131136K), 0.0147687 secs]
406.792: [GC 406.792: [ParNew: 8192K->0K(8256K), 0.0080745 secs] 88300K->80472K(131136K), 0.0082612 secs]
406.859: [GC 406.859: [ParNew: 8192K->0K(8256K), 0.0087345 secs] 88664K->81008K(131136K), 0.0089283 secs]
406.928: [GC 406.928: [ParNew: 8192K->0K(8256K), 0.0077572 secs] 89200K->81448K(131136K), 0.0079649 secs]
406.994: [GC 406.994: [ParNew: 8192K->0K(8256K), 0.0094995 secs] 89640K->82320K(131136K), 0.0097569 secs]
407.089: [GC 407.089: [ParNew: 8192K->0K(8256K), 0.0081842 secs] 90512K->82729K(131136K), 0.0084631 secs]
407.164: [GC 407.164: [ParNew: 8192K->0K(8256K), 0.0111636 secs] 90921K->83448K(131136K), 0.0114147 secs]
407.228: [GC 407.228: [ParNew: 8192K->0K(8256K), 0.0105989 secs] 91640K->84221K(131136K), 0.0108730 secs]
407.304: [GC 407.304: [ParNew: 8191K->0K(8256K), 0.0081299 secs] 92413K->84814K(131136K), 0.0083171 secs]
407.363: [Full GC 407.364: [CMS (concurrent mode failure): 84814K->72559K(122880K), 0.9621023 secs] 92165K->72559K(131136K), [CMS Perm : 65536K->61819K(65536K)], 0.9623493 secs]
408.381: [GC 408.381: [ParNew: 8192K->0K(8256K), 0.0091374 secs] 80751K->73183K(131136K), 0.0093397 secs]
408.444: [GC 408.444: [ParNew: 8192K->0K(8256K), 0.0093853 secs] 81375K->73877K(131136K), 0.0095759 secs]
408.531: [GC 408.531: [ParNew: 8192K->0K(8256K), 0.0070650 secs] 82069K->74423K(131136K), 0.0072645 secs]
408.604: [GC 408.605: [ParNew: 8192K->0K(8256K), 0.0091656 secs] 82615K->74902K(131136K), 0.0093810 secs]
408.687: [GC 408.688: [ParNew: 8192K->0K(8256K), 0.0101317 secs] 83094K->75354K(131136K), 0.0103458 secs]
408.768: [GC 408.768: [ParNew: 8192K->0K(8256K), 0.0102942 secs] 83546K->76067K(131136K), 0.0104879 secs]
408.836: [GC 408.836: [ParNew: 8192K->0K(8256K), 0.0086294 secs] 84259K->76655K(131136K), 0.0089236 secs]
408.909: [GC 408.909: [ParNew: 8192K->0K(8256K), 0.0089893 secs] 84847K->77515K(131136K), 0.0092646 secs]
408.976: [GC 408.976: [ParNew: 8192K->0K(8256K), 0.0086839 secs] 85707K->77999K(131136K), 0.0088883 secs]
409.033: [GC 409.033: [ParNew: 8192K->0K(8256K), 0.0101853 secs] 86191K->78868K(131136K), 0.0103931 secs]
409.091: [GC 409.091: [ParNew: 8192K->0K(8256K), 0.0089804 secs] 87060K->79543K(131136K), 0.0092760 secs]
409.151: [GC 409.157: [ParNew: 8192K->0K(8256K), 0.0085396 secs] 87735K->80307K(131136K), 0.0088261 secs]
409.223: [GC 409.223: [ParNew: 8192K->0K(8256K), 0.0100130 secs] 88499K->81020K(131136K), 0.0102139 secs]
409.306: [GC 409.306: [ParNew: 8192K->0K(8256K), 0.0094458 secs] 89212K->81405K(131136K), 0.0096424 secs]
409.374: [GC 409.374: [ParNew: 8192K->0K(8256K), 0.0117662 secs] 89597K->82193K(131136K), 0.0119772 secs]
409.440: [GC 409.440: [ParNew: 8192K->0K(8256K), 0.0107918 secs] 90385K->82913K(131136K), 0.0110887 secs]
409.508: [GC 409.508: [ParNew: 8192K->0K(8256K), 0.0091706 secs] 91105K->83544K(131136K), 0.0093620 secs]
409.583: [GC 409.583: [ParNew: 8192K->0K(8256K), 0.0089360 secs] 91736K->84110K(131136K), 0.0092228 secs]
409.648: [GC 409.649: [ParNew: 8192K->0K(8256K), 0.0100429 secs] 92302K->84798K(131136K), 0.0102365 secs]
409.715: [GC 409.715: [ParNew: 8192K->0K(8256K), 0.0099876 secs] 92990K->85306K(131136K), 0.0102607 secs]
409.782: [GC 409.782: [ParNew: 8192K->0K(8256K), 0.0106823 secs] 93498K->86000K(131136K), 0.0108745 secs]
409.867: [GC 409.867: [ParNew: 8191K->0K(8256K), 0.0102700 secs] 94192K->86540K(131136K), 0.0104607 secs]
409.926: [GC 409.926: [ParNew: 8192K->0K(8256K), 0.0088668 secs] 94732K->87088K(131136K), 0.0090556 secs]
409.957: [Full GC 409.957: [CMS (concurrent mode failure): 87088K->71896K(122880K), 0.9549788 secs] 90481K->71896K(131136K), [CMS Perm : 65535K->61820K(65536K)], 0.9552841 secs]
410.966: [GC 410.966: [ParNew: 8192K->0K(8256K), 0.0110024 secs] 80088K->72557K(131136K), 0.0111987 secs]
411.041: [GC 411.042: [ParNew: 8192K->0K(8256K), 0.0095683 secs] 80749K->73157K(131136K), 0.0097646 secs]
411.112: [GC 411.112: [ParNew: 8192K->0K(8256K), 0.0102533 secs] 81349K->73720K(131136K), 0.0104483 secs]
411.177: [GC 411.177: [ParNew: 8192K->0K(8256K), 0.0106744 secs] 81912K->74613K(131136K), 0.0108917 secs]
411.244: [GC 411.244: [ParNew: 8192K->0K(8256K), 0.0091495 secs] 82805K->75212K(131136K), 0.0093545 secs]
411.308: [GC 411.308: [ParNew: 8192K->0K(8256K), 0.0094920 secs] 83404K->75843K(131136K), 0.0096820 secs]
411.393: [GC 411.393: [ParNew: 8192K->0K(8256K), 0.0100995 secs] 84035K->76450K(131136K), 0.0103027 secs]
411.464: [GC 411.465: [ParNew: 8192K->0K(8256K), 0.0093410 secs] 84642K->76938K(131136K), 0.0095453 secs]
411.546: [GC 411.547: [ParNew: 8192K->0K(8256K), 0.0083641 secs] 85130K->77387K(131136K), 0.0085631 secs]
411.624: [GC 411.624: [ParNew: 8192K->0K(8256K), 0.0102015 secs] 85579K->77963K(131136K), 0.0104128 secs]
411.701: [GC 411.701: [ParNew: 8192K->0K(8256K), 0.0109117 secs] 86155K->78506K(131136K), 0.0111058 secs]
411.780: [GC 411.780: [ParNew: 8173K->0K(8256K), 0.0095515 secs] 86679K->79085K(131136K), 0.0098382 secs]
411.857: [GC 411.857: [ParNew: 8192K->0K(8256K), 0.0084350 secs] 87277K->79555K(131136K), 0.0087267 secs]
411.942: [GC 411.942: [ParNew: 8192K->0K(8256K), 0.0074543 secs] 87747K->79917K(131136K), 0.0076641 secs]
412.021: [GC 412.021: [ParNew: 8192K->0K(8256K), 0.0092752 secs] 88109K->80415K(131136K), 0.0094892 secs]
412.087: [GC 412.088: [ParNew: 8192K->0K(8256K), 0.0094615 secs] 88607K->81083K(131136K), 0.0096703 secs]
412.165: [Full GC 412.165: [CMS (concurrent mode failure): 81083K->73578K(122880K), 0.9717369 secs] 88981K->73578K(131136K), [CMS Perm : 65536K->61820K(65536K)], 0.9720610 secs]
413.200: [GC 413.200: [ParNew: 8192K->0K(8256K), 0.0094995 secs] 81770K->74060K(131136K), 0.0097137 secs]
413.279: [GC 413.279: [ParNew: 8192K->0K(8256K), 0.0089000 secs] 82252K->74626K(131136K), 0.0090893 secs]
413.346: [GC 413.346: [ParNew: 8192K->0K(8256K), 0.0095540 secs] 82818K->75226K(131136K), 0.0098237 secs]
413.420: [GC 413.420: [ParNew: 8192K->0K(8256K), 0.0146263 secs] 83418K->75921K(131136K), 0.0148254 secs]
413.504: [GC 413.505: [ParNew: 8191K->0K(8256K), 0.0083248 secs] 84113K->76450K(131136K), 0.0086128 secs]
413.571: [GC 413.572: [ParNew: 8192K->0K(8256K), 0.0076245 secs] 84642K->76917K(131136K), 0.0079201 secs]
413.646: [GC 413.646: [ParNew: 8192K->0K(8256K), 0.0090479 secs] 85109K->77489K(131136K), 0.0092476 secs]
413.717: [GC 413.718: [ParNew: 8192K->0K(8256K), 0.0101063 secs] 85681K->78082K(131136K), 0.0103057 secs]
413.780: [GC 413.780: [ParNew: 8192K->0K(8256K), 0.0106070 secs] 86274K->78906K(131136K), 0.0107950 secs]
413.839: [GC 413.839: [ParNew: 8192K->0K(8256K), 0.0098243 secs] 87098K->79642K(131136K), 0.0100242 secs]
413.897: [GC 413.898: [ParNew: 8192K->0K(8256K), 0.0088461 secs] 87834K->80442K(131136K), 0.0091352 secs]
413.961: [GC 413.961: [ParNew: 8192K->0K(8256K), 0.0082294 secs] 88634K->81093K(131136K), 0.0084111 secs]
414.029: [GC 414.029: [ParNew: 8192K->0K(8256K), 0.0103835 secs] 89285K->81751K(131136K), 0.0105963 secs]
414.095: [GC 414.095: [ParNew: 8192K->0K(8256K), 0.0073018 secs] 89943K->82179K(131136K), 0.0074917 secs]
414.149: [GC 414.149: [ParNew: 8192K->0K(8256K), 0.0094356 secs] 90371K->82856K(131136K), 0.0096341 secs]
414.209: [GC 414.209: [ParNew: 8192K->0K(8256K), 0.0099755 secs] 91048K->83641K(131136K), 0.0102601 secs]
414.280: [GC 414.280: [ParNew: 8192K->0K(8256K), 0.0097488 secs] 91833K->84301K(131136K), 0.0099635 secs]
414.355: [GC 414.355: [ParNew: 8192K->0K(8256K), 0.0087131 secs] 92493K->84731K(131136K), 0.0089182 secs]
414.420: [GC 414.420: [ParNew: 8192K->0K(8256K), 0.0098146 secs] 92923K->85452K(131136K), 0.0100085 secs]
414.481: [GC 414.481: [ParNew: 8192K->0K(8256K), 0.0094690 secs] 93644K->86161K(131136K), 0.0096663 secs]
414.554: [GC 414.554: [ParNew: 8192K->0K(8256K), 0.0101778 secs] 94353K->86775K(131136K), 0.0103838 secs]
414.622: [GC 414.622: [ParNew: 8192K->0K(8256K), 0.0095513 secs] 94967K->87477K(131136K), 0.0097496 secs]
414.681: [Full GC 414.681: [CMS (concurrent mode failure): 87477K->73116K(122880K), 0.9667454 secs] 93511K->73116K(131136K), [CMS Perm : 65535K->61824K(65536K)], 0.9670269 secs]
415.752: [GC 415.752: [ParNew: 8191K->0K(8256K), 0.0129271 secs] 81308K->73597K(131136K), 0.0132373 secs]
415.848: [GC 415.848: [ParNew: 8192K->0K(8256K), 0.0134286 secs] 81789K->74137K(131136K), 0.0136988 secs]
415.939: [GC 415.939: [ParNew: 8192K->0K(8256K), 0.0088723 secs] 82329K->74784K(131136K), 0.0090769 secs]
416.015: [GC 416.015: [ParNew: 8192K->0K(8256K), 0.0077801 secs] 82976K->75279K(131136K), 0.0079996 secs]
416.094: [GC 416.094: [ParNew: 8192K->0K(8256K), 0.0096810 secs] 83471K->75861K(131136K), 0.0098951 secs]
416.172: [GC 416.172: [ParNew: 8192K->0K(8256K), 0.0093522 secs] 84053K->76410K(131136K), 0.0095714 secs]
416.247: [GC 416.247: [ParNew: 8192K->0K(8256K), 0.0085681 secs] 84602K->76904K(131136K), 0.0088523 secs]
416.351: [GC 416.351: [ParNew: 8192K->0K(8256K), 0.0087614 secs] 85096K->77364K(131136K), 0.0089629 secs]
416.417: [GC 416.417: [ParNew: 8192K->0K(8256K), 0.0074774 secs] 85556K->77978K(131136K), 0.0076864 secs]
416.479: [GC 416.480: [ParNew: 8192K->0K(8256K), 0.0087884 secs] 86170K->78629K(131136K), 0.0089938 secs]
416.547: [GC 416.547: [ParNew: 8187K->0K(8256K), 0.0098599 secs] 86816K->79256K(131136K), 0.0100544 secs]
416.619: [GC 416.619: [ParNew: 8192K->0K(8256K), 0.0091617 secs] 87448K->79770K(131136K), 0.0094395 secs]
416.697: [GC 416.697: [ParNew: 8189K->0K(8256K), 0.0099826 secs] 87959K->80272K(131136K), 0.0101978 secs]
416.780: [GC 416.780: [ParNew: 8192K->0K(8256K), 0.0086847 secs] 88464K->80724K(131136K), 0.0088753 secs]
416.841: [GC 416.841: [ParNew: 8192K->0K(8256K), 0.0102688 secs] 88916K->81523K(131136K), 0.0104643 secs]
416.905: [GC 416.905: [ParNew: 8192K->0K(8256K), 0.0087702 secs] 89715K->82080K(131136K), 0.0089769 secs]
416.965: [GC 416.966: [ParNew: 8192K->0K(8256K), 0.0100792 secs] 90272K->82949K(131136K), 0.0102958 secs]
417.027: [GC 417.027: [ParNew: 8192K->0K(8256K), 0.0105406 secs] 91141K->83786K(131136K), 0.0107387 secs]
417.084: [Full GC 417.085: [CMS (concurrent mode failure): 83786K->73377K(122880K), 1.0313474 secs] 91195K->73377K(131136K), [CMS Perm : 65535K->61820K(65536K)], 1.0315896 secs]
418.191: [GC 418.191: [ParNew: 8192K->0K(8256K), 0.0095221 secs] 81569K->74010K(131136K), 0.0097201 secs]
418.256: [GC 418.256: [ParNew: 8192K->0K(8256K), 0.0095784 secs] 82202K->74671K(131136K), 0.0097741 secs]
418.320: [GC 418.320: [ParNew: 8192K->0K(8256K), 0.0076104 secs] 82863K->75314K(131136K), 0.0078019 secs]
418.377: [GC 418.377: [ParNew: 8192K->0K(8256K), 0.0096320 secs] 83506K->76004K(131136K), 0.0099051 secs]
418.435: [GC 418.435: [ParNew: 8192K->0K(8256K), 0.0113027 secs] 84196K->76987K(131136K), 0.0114922 secs]
418.501: [GC 418.501: [ParNew: 8192K->0K(8256K), 0.0100721 secs] 85179K->77606K(131136K), 0.0102624 secs]
418.581: [GC 418.581: [ParNew: 8191K->0K(8256K), 0.0085706 secs] 85798K->78091K(131136K), 0.0087870 secs]
418.662: [GC 418.662: [ParNew: 8192K->0K(8256K), 0.0100453 secs] 86283K->78688K(131136K), 0.0102349 secs]
418.746: [GC 418.746: [ParNew: 8192K->0K(8256K), 0.0107898 secs] 86880K->79418K(131136K), 0.0109901 secs]
418.813: [GC 418.814: [ParNew: 8192K->0K(8256K), 0.0096113 secs] 87610K->80147K(131136K), 0.0098012 secs]
418.883: [GC 418.883: [ParNew: 8192K->0K(8256K), 0.0096641 secs] 88339K->80979K(131136K), 0.0098598 secs]
418.945: [GC 418.945: [ParNew: 8192K->0K(8256K), 0.0106368 secs] 89171K->81733K(131136K), 0.0108298 secs]
419.007: [GC 419.007: [ParNew: 8192K->0K(8256K), 0.0097718 secs] 89925K->82390K(131136K), 0.0099785 secs]
419.069: [GC 419.069: [ParNew: 8192K->0K(8256K), 0.0096308 secs] 90582K->83154K(131136K), 0.0098321 secs]
419.156: [GC 419.156: [ParNew: 8192K->0K(8256K), 0.0066096 secs] 91346K->83544K(131136K), 0.0067969 secs]
419.234: [GC 419.234: [ParNew: 8192K->0K(8256K), 0.0084780 secs] 91736K->83956K(131136K), 0.0086913 secs]
419.311: [GC 419.311: [ParNew: 8192K->0K(8256K), 0.0088011 secs] 92148K->84427K(131136K), 0.0091257 secs]
419.375: [GC 419.375: [ParNew: 8192K->0K(8256K), 0.0079423 secs] 92619K->85045K(131136K), 0.0081361 secs]
419.458: [Full GC 419.458: [CMS (concurrent mode failure): 85045K->73580K(122880K), 0.9775617 secs] 93174K->73580K(131136K), [CMS Perm : 65535K->61821K(65536K)], 0.9778188 secs]
420.502: [GC 420.502: [ParNew: 8192K->0K(8256K), 0.0088668 secs] 81772K->74113K(131136K), 0.0090947 secs]
420.559: [GC 420.559: [ParNew: 8192K->0K(8256K), 0.0087771 secs] 82305K->74826K(131136K), 0.0089716 secs]
420.623: [GC 420.623: [ParNew: 8192K->0K(8256K), 0.0090048 secs] 83018K->75402K(131136K), 0.0091951 secs]
420.695: [GC 420.695: [ParNew: 8192K->0K(8256K), 0.0128798 secs] 83594K->76035K(131136K), 0.0130946 secs]
420.775: [GC 420.775: [ParNew: 8192K->0K(8256K), 0.0087591 secs] 84227K->76551K(131136K), 0.0089782 secs]
420.841: [GC 420.841: [ParNew: 8192K->0K(8256K), 0.0103203 secs] 84743K->77171K(131136K), 0.0105388 secs]
420.902: [GC 420.902: [ParNew: 8192K->0K(8256K), 0.0076130 secs] 85363K->77906K(131136K), 0.0078065 secs]
420.964: [GC 420.964: [ParNew: 8192K->0K(8256K), 0.0095835 secs] 86098K->78488K(131136K), 0.0097885 secs]
421.028: [GC 421.028: [ParNew: 8192K->0K(8256K), 0.0081582 secs] 86680K->79131K(131136K), 0.0083614 secs]
421.086: [GC 421.087: [ParNew: 8192K->0K(8256K), 0.0098926 secs] 87323K->79923K(131136K), 0.0101700 secs]
421.156: [GC 421.159: [ParNew: 8192K->0K(8256K), 0.0099355 secs] 88115K->80648K(131136K), 0.0102217 secs]
421.230: [GC 421.230: [ParNew: 8192K->0K(8256K), 0.0081728 secs] 88840K->80982K(131136K), 0.0083570 secs]
421.286: [GC 421.287: [ParNew: 8192K->0K(8256K), 0.0102358 secs] 89174K->81764K(131136K), 0.0105282 secs]
421.394: [GC 421.395: [ParNew: 8192K->0K(8256K), 0.0076266 secs] 89956K->82004K(131136K), 0.0078869 secs]
421.471: [GC 421.472: [ParNew: 8192K->0K(8256K), 0.0087590 secs] 90196K->82414K(131136K), 0.0089421 secs]
421.541: [GC 421.541: [ParNew: 8192K->0K(8256K), 0.0095645 secs] 90606K->83268K(131136K), 0.0097901 secs]
421.607: [GC 421.607: [ParNew: 8192K->0K(8256K), 0.0101666 secs] 91460K->83886K(131136K), 0.0103621 secs]
421.699: [GC 421.699: [ParNew: 8192K->0K(8256K), 0.0140902 secs] 92078K->84381K(131136K), 0.0142799 secs]
421.780: [GC 421.781: [ParNew: 8192K->0K(8256K), 0.0080217 secs] 92573K->84916K(131136K), 0.0082164 secs]
421.851: [GC 421.851: [ParNew: 8192K->0K(8256K), 0.0077431 secs] 93108K->85384K(131136K), 0.0079341 secs]
421.914: [GC 421.914: [ParNew: 8192K->0K(8256K), 0.0084338 secs] 93576K->85917K(131136K), 0.0086423 secs]
421.964: [Full GC 421.964: [CMS (concurrent mode failure): 85917K->72840K(122880K), 0.9642357 secs] 92951K->72840K(131136K), [CMS Perm : 65535K->61822K(65536K)], 0.9645605 secs]
422.985: [GC 422.985: [ParNew: 8192K->0K(8256K), 0.0111887 secs] 81032K->73590K(131136K), 0.0113904 secs]
423.061: [GC 423.061: [ParNew: 8192K->0K(8256K), 0.0089943 secs] 81782K->74211K(131136K), 0.0092475 secs]
423.152: [GC 423.157: [ParNew: 8191K->0K(8256K), 0.0088540 secs] 82403K->74707K(131136K), 0.0091667 secs]
423.223: [GC 423.223: [ParNew: 8192K->0K(8256K), 0.0091606 secs] 82899K->75312K(131136K), 0.0093447 secs]
423.312: [GC 423.312: [ParNew: 8192K->0K(8256K), 0.0077857 secs] 83504K->75702K(131136K), 0.0079760 secs]
423.381: [GC 423.381: [ParNew: 8192K->0K(8256K), 0.0082515 secs] 83894K->76157K(131136K), 0.0085287 secs]
423.453: [GC 423.453: [ParNew: 8192K->0K(8256K), 0.0099533 secs] 84349K->76809K(131136K), 0.0102857 secs]
423.524: [GC 423.524: [ParNew: 8192K->0K(8256K), 0.0090473 secs] 85001K->77494K(131136K), 0.0093131 secs]
423.582: [GC 423.583: [ParNew: 8192K->0K(8256K), 0.0089799 secs] 85686K->78147K(131136K), 0.0091952 secs]
423.642: [GC 423.642: [ParNew: 8192K->0K(8256K), 0.0101647 secs] 86339K->78875K(131136K), 0.0104569 secs]
423.718: [GC 423.719: [ParNew: 8192K->0K(8256K), 0.0155576 secs] 87067K->79779K(131136K), 0.0157853 secs]
423.795: [GC 423.795: [ParNew: 8192K->0K(8256K), 0.0089552 secs] 87971K->80403K(131136K), 0.0091551 secs]
423.869: [GC 423.870: [ParNew: 8192K->0K(8256K), 0.0100790 secs] 88595K->81015K(131136K), 0.0102902 secs]
423.938: [GC 423.938: [ParNew: 8192K->0K(8256K), 0.0088557 secs] 89207K->81582K(131136K), 0.0090511 secs]
423.997: [GC 423.997: [ParNew: 8192K->0K(8256K), 0.0090242 secs] 89774K->82402K(131136K), 0.0092209 secs]
424.061: [GC 424.061: [ParNew: 8192K->0K(8256K), 0.0109482 secs] 90594K->83023K(131136K), 0.0112197 secs]
424.130: [GC 424.130: [ParNew: 8192K->0K(8256K), 0.0092132 secs] 91215K->83680K(131136K), 0.0094999 secs]
424.231: [GC 424.231: [ParNew: 8192K->0K(8256K), 0.0077399 secs] 91872K->84055K(131136K), 0.0079363 secs]
424.309: [GC 424.309: [ParNew: 8192K->0K(8256K), 0.0084709 secs] 92247K->84542K(131136K), 0.0086732 secs]
424.347: [Full GC 424.347: [CMS (concurrent mode failure): 84542K->73647K(122880K), 0.9649646 secs] 88018K->73647K(131136K), [CMS Perm : 65535K->61825K(65536K)], 0.9652696 secs]
425.391: [GC 425.392: [ParNew: 8192K->0K(8256K), 0.0094867 secs] 81839K->74208K(131136K), 0.0097615 secs]
425.455: [GC 425.455: [ParNew: 8192K->0K(8256K), 0.0077582 secs] 82400K->74880K(131136K), 0.0079583 secs]
425.527: [GC 425.527: [ParNew: 8192K->0K(8256K), 0.0084345 secs] 83072K->75550K(131136K), 0.0086269 secs]
425.602: [GC 425.602: [ParNew: 8192K->0K(8256K), 0.0086141 secs] 83742K->76021K(131136K), 0.0088811 secs]
425.685: [GC 425.685: [ParNew: 8192K->0K(8256K), 0.0106475 secs] 84213K->76515K(131136K), 0.0108547 secs]
425.756: [GC 425.756: [ParNew: 8192K->0K(8256K), 0.0091886 secs] 84707K->77250K(131136K), 0.0094006 secs]
425.821: [GC 425.822: [ParNew: 8192K->0K(8256K), 0.0082478 secs] 85442K->77900K(131136K), 0.0084413 secs]
425.879: [GC 425.879: [ParNew: 8192K->0K(8256K), 0.0104663 secs] 86092K->78643K(131136K), 0.0106655 secs]
425.942: [GC 425.942: [ParNew: 8192K->0K(8256K), 0.0098788 secs] 86835K->79520K(131136K), 0.0100865 secs]
426.004: [GC 426.004: [ParNew: 8176K->0K(8256K), 0.0103633 secs] 87696K->80224K(131136K), 0.0105597 secs]
426.095: [GC 426.095: [ParNew: 8192K->0K(8256K), 0.0087478 secs] 88416K->80659K(131136K), 0.0089515 secs]
426.188: [GC 426.188: [ParNew: 8192K->0K(8256K), 0.0069273 secs] 88851K->81094K(131136K), 0.0071374 secs]
426.247: [GC 426.247: [ParNew: 8192K->0K(8256K), 0.0092095 secs] 89286K->81600K(131136K), 0.0094125 secs]
426.310: [GC 426.310: [ParNew: 8192K->0K(8256K), 0.0091212 secs] 89792K->82318K(131136K), 0.0093211 secs]
426.377: [GC 426.377: [ParNew: 8192K->0K(8256K), 0.0096599 secs] 90510K->82850K(131136K), 0.0098486 secs]
426.456: [GC 426.457: [ParNew: 8192K->0K(8256K), 0.0099094 secs] 91042K->83476K(131136K), 0.0101115 secs]
426.521: [GC 426.522: [ParNew: 8192K->0K(8256K), 0.0093764 secs] 91668K->84057K(131136K), 0.0096397 secs]
426.583: [GC 426.583: [ParNew: 8192K->0K(8256K), 0.0089627 secs] 92249K->84657K(131136K), 0.0091507 secs]
426.639: [GC 426.639: [ParNew: 8192K->0K(8256K), 0.0101100 secs] 92849K->85359K(131136K), 0.0102986 secs]
426.721: [GC 426.721: [ParNew: 8192K->0K(8256K), 0.0145041 secs] 93551K->85983K(131136K), 0.0146976 secs]
426.794: [GC 426.794: [ParNew: 8192K->0K(8256K), 0.0098825 secs] 94175K->86720K(131136K), 0.0100729 secs]
426.847: [Full GC 426.847: [CMS (concurrent mode failure): 86720K->73324K(122880K), 0.9717887 secs] 93609K->73324K(131136K), [CMS Perm : 65535K->61824K(65536K)], 0.9720250 secs]
427.887: [GC 427.888: [ParNew: 8192K->0K(8256K), 0.0104452 secs] 81516K->73772K(131136K), 0.0106597 secs]
427.955: [GC 427.955: [ParNew: 8192K->0K(8256K), 0.0098472 secs] 81964K->74530K(131136K), 0.0100558 secs]
428.036: [GC 428.037: [ParNew: 8192K->0K(8256K), 0.0089365 secs] 82722K->75059K(131136K), 0.0091429 secs]
428.122: [GC 428.122: [ParNew: 8192K->0K(8256K), 0.0101198 secs] 83251K->75609K(131136K), 0.0103317 secs]
428.204: [GC 428.204: [ParNew: 8192K->0K(8256K), 0.0082380 secs] 83801K->76081K(131136K), 0.0084339 secs]
428.274: [GC 428.274: [ParNew: 8192K->0K(8256K), 0.0081173 secs] 84273K->76551K(131136K), 0.0083126 secs]
428.342: [GC 428.343: [ParNew: 8192K->0K(8256K), 0.0087051 secs] 84743K->77213K(131136K), 0.0089260 secs]
428.428: [GC 428.428: [ParNew: 8192K->0K(8256K), 0.0078283 secs] 85405K->77681K(131136K), 0.0081191 secs]
428.508: [GC 428.508: [ParNew: 8192K->0K(8256K), 0.0079530 secs] 85873K->78101K(131136K), 0.0081545 secs]
428.586: [GC 428.586: [ParNew: 8192K->0K(8256K), 0.0082321 secs] 86293K->78600K(131136K), 0.0084314 secs]
428.653: [GC 428.653: [ParNew: 8184K->0K(8256K), 0.0077022 secs] 86785K->79182K(131136K), 0.0078893 secs]
428.718: [GC 428.718: [ParNew: 8192K->0K(8256K), 0.0113081 secs] 87374K->79892K(131136K), 0.0116067 secs]
428.785: [GC 428.785: [ParNew: 8192K->0K(8256K), 0.0096788 secs] 88084K->80591K(131136K), 0.0098915 secs]
428.855: [GC 428.855: [ParNew: 8192K->0K(8256K), 0.0094825 secs] 88783K->81224K(131136K), 0.0096883 secs]
428.942: [GC 428.942: [ParNew: 8192K->0K(8256K), 0.0089628 secs] 89416K->81667K(131136K), 0.0091663 secs]
429.010: [GC 429.010: [ParNew: 8192K->0K(8256K), 0.0075452 secs] 89859K->82212K(131136K), 0.0077636 secs]
429.082: [GC 429.083: [ParNew: 8192K->0K(8256K), 0.0118252 secs] 90404K->82929K(131136K), 0.0121248 secs]
429.161: [Full GC 429.161: [CMS (concurrent mode failure): 82929K->73764K(122880K), 0.9752177 secs] 88281K->73764K(131136K), [CMS Perm : 65535K->61825K(65536K)], 0.9755861 secs]
430.219: [GC 430.219: [ParNew: 8256K->0K(8320K), 0.0111171 secs] 82020K->74507K(131328K), 0.0113229 secs]
430.310: [GC 430.310: [ParNew: 8256K->0K(8320K), 0.0105784 secs] 82763K->75177K(131328K), 0.0107961 secs]
430.386: [GC 430.386: [ParNew: 8256K->0K(8320K), 0.0111220 secs] 83433K->76235K(131328K), 0.0114150 secs]
430.461: [GC 430.461: [ParNew: 8256K->0K(8320K), 0.0099432 secs] 84491K->77004K(131328K), 0.0101407 secs]
430.533: [GC 430.533: [ParNew: 8256K->0K(8320K), 0.0107787 secs] 85260K->77838K(131328K), 0.0109747 secs]
430.611: [GC 430.611: [ParNew: 8256K->0K(8320K), 0.0091051 secs] 86094K->78375K(131328K), 0.0093171 secs]
430.694: [GC 430.694: [ParNew: 8256K->0K(8320K), 0.0137457 secs] 86631K->79158K(131328K), 0.0139529 secs]
430.772: [GC 430.772: [ParNew: 8256K->0K(8320K), 0.0109703 secs] 87414K->79876K(131328K), 0.0111717 secs]
430.845: [GC 430.845: [ParNew: 8256K->0K(8320K), 0.0098734 secs] 88132K->80601K(131328K), 0.0101550 secs]
430.922: [GC 430.922: [ParNew: 8256K->0K(8320K), 0.0088706 secs] 88857K->81363K(131328K), 0.0090648 secs]
430.994: [GC 430.994: [ParNew: 8256K->0K(8320K), 0.0095769 secs] 89619K->82151K(131328K), 0.0097683 secs]
431.069: [GC 431.069: [ParNew: 8256K->0K(8320K), 0.0095721 secs] 90407K->82896K(131328K), 0.0098770 secs]
431.141: [GC 431.141: [ParNew: 8256K->0K(8320K), 0.0115467 secs] 91152K->83665K(131328K), 0.0117714 secs]
431.233: [GC 431.234: [ParNew: 8256K->0K(8320K), 0.0101050 secs] 91921K->84527K(131328K), 0.0103177 secs]
431.314: [GC 431.315: [ParNew: 8256K->0K(8320K), 0.0100890 secs] 92783K->85138K(131328K), 0.0103061 secs]
431.402: [GC 431.402: [ParNew: 8255K->0K(8320K), 0.0094846 secs] 93394K->85832K(131328K), 0.0097022 secs]
431.487: [GC 431.487: [ParNew: 8256K->0K(8320K), 0.0095169 secs] 94088K->86442K(131328K), 0.0097111 secs]
431.570: [GC 431.570: [ParNew: 8256K->0K(8320K), 0.0102024 secs] 94698K->87286K(131328K), 0.0104019 secs]
431.657: [GC 431.657: [ParNew: 8256K->0K(8320K), 0.0105008 secs] 95542K->88012K(131328K), 0.0106986 secs]
431.681: [Full GC 431.681: [CMS (concurrent mode failure): 88012K->72702K(123008K), 0.9614322 secs] 89139K->72702K(131328K), [CMS Perm : 65535K->61826K(65536K)], 0.9616883 secs]
432.717: [GC 432.717: [ParNew: 8256K->0K(8320K), 0.0178707 secs] 80958K->73568K(131328K), 0.0181738 secs]
432.820: [GC 432.820: [ParNew: 8256K->0K(8320K), 0.0097886 secs] 81824K->74181K(131328K), 0.0099936 secs]
432.902: [GC 432.902: [ParNew: 8256K->0K(8320K), 0.0097079 secs] 82437K->75045K(131328K), 0.0099057 secs]
432.982: [GC 432.982: [ParNew: 8255K->0K(8320K), 0.0091755 secs] 83301K->75767K(131328K), 0.0093630 secs]
433.063: [GC 433.064: [ParNew: 8256K->0K(8320K), 0.0100945 secs] 84023K->76619K(131328K), 0.0103145 secs]
433.141: [GC 433.141: [ParNew: 8256K->0K(8320K), 0.0105851 secs] 84875K->77466K(131328K), 0.0107876 secs]
433.221: [GC 433.221: [ParNew: 8256K->0K(8320K), 0.0088866 secs] 85722K->78141K(131328K), 0.0090927 secs]
433.293: [GC 433.293: [ParNew: 8256K->0K(8320K), 0.0113058 secs] 86397K->78972K(131328K), 0.0115126 secs]
433.383: [GC 433.384: [ParNew: 8256K->0K(8320K), 0.0093078 secs] 87228K->79713K(131328K), 0.0095128 secs]
433.457: [GC 433.457: [ParNew: 8256K->0K(8320K), 0.0088658 secs] 87969K->80539K(131328K), 0.0090674 secs]
433.540: [GC 433.540: [ParNew: 8255K->0K(8320K), 0.0094302 secs] 88795K->81250K(131328K), 0.0096275 secs]
433.610: [GC 433.610: [ParNew: 8256K->0K(8320K), 0.0124998 secs] 89506K->82016K(131328K), 0.0127186 secs]
433.694: [GC 433.694: [ParNew: 8256K->0K(8320K), 0.0114896 secs] 90272K->82807K(131328K), 0.0117020 secs]
433.771: [GC 433.771: [ParNew: 8256K->0K(8320K), 0.0101450 secs] 91063K->83536K(131328K), 0.0103409 secs]
433.854: [GC 433.854: [ParNew: 8256K->0K(8320K), 0.0084267 secs] 91792K->84146K(131328K), 0.0086511 secs]
433.926: [GC 433.926: [ParNew: 8256K->0K(8320K), 0.0095157 secs] 92402K->84946K(131328K), 0.0097101 secs]
434.005: [GC 434.005: [ParNew: 8256K->0K(8320K), 0.0085666 secs] 93202K->85526K(131328K), 0.0088506 secs]
434.072: [GC 434.072: [ParNew: 8256K->0K(8320K), 0.0099382 secs] 93782K->86391K(131328K), 0.0102052 secs]
434.143: [GC 434.143: [ParNew: 8256K->0K(8320K), 0.0100262 secs] 94647K->87195K(131328K), 0.0141907 secs]
434.227: [GC 434.227: [ParNew: 8256K->0K(8320K), 0.0083077 secs] 95451K->87731K(131328K), 0.0085850 secs]
434.261: [Full GC 434.262: [CMS (concurrent mode failure): 87731K->71911K(123008K), 0.9568019 secs] 90893K->71911K(131328K), [CMS Perm : 65535K->61826K(65536K)], 0.9570523 secs]
435.289: [GC 435.289: [ParNew: 8256K->0K(8320K), 0.0098821 secs] 80167K->72566K(131328K), 0.0101688 secs]
435.365: [GC 435.365: [ParNew: 8256K->0K(8320K), 0.0079144 secs] 80822K->73251K(131328K), 0.0081084 secs]
435.433: [GC 435.434: [ParNew: 8256K->0K(8320K), 0.0109927 secs] 81507K->74168K(131328K), 0.0112678 secs]
435.508: [GC 435.508: [ParNew: 8251K->0K(8320K), 0.0092308 secs] 82420K->74805K(131328K), 0.0094232 secs]
435.584: [GC 435.584: [ParNew: 8256K->0K(8320K), 0.0093433 secs] 83061K->75564K(131328K), 0.0095468 secs]
435.655: [GC 435.655: [ParNew: 8256K->0K(8320K), 0.0094271 secs] 83820K->76378K(131328K), 0.0096948 secs]
435.733: [GC 435.733: [ParNew: 8256K->0K(8320K), 0.0144707 secs] 84634K->77136K(131328K), 0.0146826 secs]
435.821: [GC 435.821: [ParNew: 8256K->0K(8320K), 0.0088562 secs] 85392K->77848K(131328K), 0.0090680 secs]
435.908: [GC 435.908: [ParNew: 8256K->0K(8320K), 0.0123257 secs] 86104K->78401K(131328K), 0.0125807 secs]
436.002: [GC 436.002: [ParNew: 8256K->0K(8320K), 0.0127737 secs] 86657K->79197K(131328K), 0.0129854 secs]
436.102: [GC 436.102: [ParNew: 8256K->0K(8320K), 0.0118487 secs] 87453K->79894K(131328K), 0.0121439 secs]
436.191: [GC 436.191: [ParNew: 8256K->0K(8320K), 0.0104360 secs] 88150K->80660K(131328K), 0.0106452 secs]
436.262: [GC 436.262: [ParNew: 8256K->0K(8320K), 0.0089814 secs] 88916K->81464K(131328K), 0.0092466 secs]
436.334: [GC 436.334: [ParNew: 8255K->0K(8320K), 0.0115744 secs] 89720K->82291K(131328K), 0.0118325 secs]
436.411: [GC 436.411: [ParNew: 8256K->0K(8320K), 0.0094430 secs] 90547K->82990K(131328K), 0.0097323 secs]
436.487: [GC 436.487: [ParNew: 8256K->0K(8320K), 0.0094591 secs] 91246K->83553K(131328K), 0.0096668 secs]
436.558: [GC 436.558: [ParNew: 8255K->0K(8320K), 0.0103854 secs] 91809K->84534K(131328K), 0.0105969 secs]
436.633: [GC 436.633: [ParNew: 8256K->0K(8320K), 0.0086570 secs] 92790K->85214K(131328K), 0.0088561 secs]
436.713: [GC 436.713: [ParNew: 8256K->0K(8320K), 0.0104214 secs] 93470K->86015K(131328K), 0.0106329 secs]
436.801: [GC 436.801: [ParNew: 8256K->0K(8320K), 0.0112501 secs] 94271K->86784K(131328K), 0.0114439 secs]
436.876: [GC 436.876: [ParNew: 8256K->0K(8320K), 0.0096154 secs] 95040K->87426K(131328K), 0.0098370 secs]
436.921: [Full GC 436.922: [CMS (concurrent mode failure): 87426K->72594K(123008K), 0.9622478 secs] 90955K->72594K(131328K), [CMS Perm : 65535K->61827K(65536K)], 0.9624930 secs]
437.946: [GC 437.946: [ParNew: 8256K->0K(8320K), 0.0119296 secs] 80850K->73368K(131328K), 0.0121368 secs]
438.023: [GC 438.023: [ParNew: 8256K->0K(8320K), 0.0105649 secs] 81624K->74062K(131328K), 0.0108515 secs]
438.096: [GC 438.096: [ParNew: 8256K->0K(8320K), 0.0101962 secs] 82318K->74759K(131328K), 0.0104836 secs]
438.183: [GC 438.183: [ParNew: 8256K->0K(8320K), 0.0088098 secs] 83015K->75321K(131328K), 0.0090224 secs]
438.277: [GC 438.277: [ParNew: 8256K->0K(8320K), 0.0086290 secs] 83577K->75827K(131328K), 0.0088483 secs]
438.350: [GC 438.351: [ParNew: 8256K->0K(8320K), 0.0099788 secs] 84083K->76505K(131328K), 0.0101689 secs]
438.420: [GC 438.420: [ParNew: 8256K->0K(8320K), 0.0104885 secs] 84761K->77353K(131328K), 0.0106799 secs]
438.510: [GC 438.510: [ParNew: 8256K->0K(8320K), 0.0089894 secs] 85609K->77848K(131328K), 0.0092147 secs]
438.592: [GC 438.592: [ParNew: 8256K->0K(8320K), 0.0084009 secs] 86104K->78353K(131328K), 0.0086782 secs]
438.662: [GC 438.662: [ParNew: 8256K->0K(8320K), 0.0098633 secs] 86609K->78979K(131328K), 0.0100851 secs]
438.742: [GC 438.742: [ParNew: 8256K->0K(8320K), 0.0133567 secs] 87235K->79743K(131328K), 0.0135614 secs]
438.833: [GC 438.833: [ParNew: 8256K->0K(8320K), 0.0100398 secs] 87999K->80523K(131328K), 0.0102432 secs]
438.911: [GC 438.911: [ParNew: 8256K->0K(8320K), 0.0111380 secs] 88779K->81288K(131328K), 0.0113354 secs]
438.989: [GC 438.990: [ParNew: 8256K->0K(8320K), 0.0096583 secs] 89544K->81988K(131328K), 0.0098595 secs]
439.065: [GC 439.066: [ParNew: 8256K->0K(8320K), 0.0097900 secs] 90244K->82617K(131328K), 0.0100859 secs]
439.157: [GC 439.157: [ParNew: 8256K->0K(8320K), 0.0071752 secs] 90873K->83101K(131328K), 0.0073826 secs]
439.238: [GC 439.239: [ParNew: 8256K->0K(8320K), 0.0095042 secs] 91357K->83779K(131328K), 0.0097654 secs]
439.326: [GC 439.326: [ParNew: 8256K->0K(8320K), 0.0097001 secs] 92035K->84473K(131328K), 0.0099029 secs]
439.399: [GC 439.399: [ParNew: 8256K->0K(8320K), 0.0085044 secs] 92729K->85158K(131328K), 0.0088336 secs]
439.410: [Full GC 439.410: [CMS (concurrent mode failure): 85158K->72815K(123008K), 0.9740064 secs] 85461K->72815K(131328K), [CMS Perm : 65536K->61825K(65536K)], 0.9742545 secs]
440.452: [GC 440.452: [ParNew: 8256K->0K(8320K), 0.0117164 secs] 81071K->73686K(131328K), 0.0119220 secs]
440.524: [GC 440.524: [ParNew: 8256K->0K(8320K), 0.0102641 secs] 81942K->74412K(131328K), 0.0104748 secs]
440.600: [GC 440.600: [ParNew: 8256K->0K(8320K), 0.0095593 secs] 82668K->75035K(131328K), 0.0098207 secs]
440.665: [GC 440.665: [ParNew: 8256K->0K(8320K), 0.0107632 secs] 83291K->75867K(131328K), 0.0109564 secs]
440.750: [GC 440.750: [ParNew: 8256K->0K(8320K), 0.0103234 secs] 84123K->76439K(131328K), 0.0105487 secs]
440.839: [GC 440.839: [ParNew: 8256K->0K(8320K), 0.0088799 secs] 84695K->77150K(131328K), 0.0091398 secs]
440.919: [GC 440.919: [ParNew: 8256K->0K(8320K), 0.0105210 secs] 85406K->77818K(131328K), 0.0107151 secs]
440.997: [GC 440.997: [ParNew: 8256K->0K(8320K), 0.0108011 secs] 86074K->78602K(131328K), 0.0110327 secs]
441.087: [GC 441.088: [ParNew: 8256K->0K(8320K), 0.0092368 secs] 86858K->79232K(131328K), 0.0094410 secs]
441.173: [GC 441.173: [ParNew: 8256K->0K(8320K), 0.0087166 secs] 87488K->79846K(131328K), 0.0089229 secs]
441.248: [GC 441.248: [ParNew: 8256K->0K(8320K), 0.0105411 secs] 88102K->80704K(131328K), 0.0107427 secs]
441.338: [GC 441.338: [ParNew: 8256K->0K(8320K), 0.0105347 secs] 88960K->81464K(131328K), 0.0108386 secs]
441.415: [GC 441.415: [ParNew: 8256K->0K(8320K), 0.0087912 secs] 89720K->82138K(131328K), 0.0089849 secs]
441.490: [GC 441.490: [ParNew: 8256K->0K(8320K), 0.0093681 secs] 90394K->82986K(131328K), 0.0096013 secs]
441.584: [GC 441.584: [ParNew: 8256K->0K(8320K), 0.0123044 secs] 91242K->83626K(131328K), 0.0125212 secs]
441.685: [GC 441.685: [ParNew: 8256K->0K(8320K), 0.0107043 secs] 91882K->84524K(131328K), 0.0109172 secs]
441.779: [GC 441.779: [ParNew: 8256K->0K(8320K), 0.0099299 secs] 92780K->84966K(131328K), 0.0101349 secs]
441.850: [GC 441.850: [ParNew: 8256K->0K(8320K), 0.0113449 secs] 93222K->85823K(131328K), 0.0115443 secs]
441.924: [GC 441.924: [ParNew: 8256K->0K(8320K), 0.0097731 secs] 94079K->86534K(131328K), 0.0100441 secs]
441.979: [Full GC 441.980: [CMS (concurrent mode failure): 86534K->72924K(123008K), 1.1776236 secs] 91115K->72924K(131328K), [CMS Perm : 65535K->61824K(65536K)], 1.1779673 secs]
443.224: [GC 443.224: [ParNew: 8256K->0K(8320K), 0.0108683 secs] 81180K->73802K(131328K), 0.0110717 secs]
443.311: [GC 443.311: [ParNew: 8256K->0K(8320K), 0.0095405 secs] 82058K->74746K(131328K), 0.0097428 secs]
443.382: [GC 443.382: [ParNew: 8256K->0K(8320K), 0.0090876 secs] 83002K->75504K(131328K), 0.0092909 secs]
443.451: [GC 443.451: [ParNew: 8256K->0K(8320K), 0.0087724 secs] 83760K->76138K(131328K), 0.0089671 secs]
443.536: [GC 443.536: [ParNew: 8256K->0K(8320K), 0.0094465 secs] 84394K->76934K(131328K), 0.0096461 secs]
443.608: [GC 443.608: [ParNew: 8256K->0K(8320K), 0.0088206 secs] 85190K->77650K(131328K), 0.0090983 secs]
443.686: [GC 443.686: [ParNew: 8256K->0K(8320K), 0.0104264 secs] 85906K->78385K(131328K), 0.0107209 secs]
443.772: [GC 443.772: [ParNew: 8256K->0K(8320K), 0.0124716 secs] 86641K->79358K(131328K), 0.0127002 secs]
443.848: [GC 443.848: [ParNew: 8256K->0K(8320K), 0.0102037 secs] 87614K->80019K(131328K), 0.0104252 secs]
443.919: [GC 443.919: [ParNew: 8256K->0K(8320K), 0.0095109 secs] 88275K->80834K(131328K), 0.0097068 secs]
444.003: [GC 444.003: [ParNew: 8256K->0K(8320K), 0.0085336 secs] 89090K->81628K(131328K), 0.0087245 secs]
444.077: [GC 444.077: [ParNew: 8256K->0K(8320K), 0.0090145 secs] 89884K->82218K(131328K), 0.0092144 secs]
444.159: [GC 444.159: [ParNew: 8256K->0K(8320K), 0.0111118 secs] 90474K->82994K(131328K), 0.0113245 secs]
444.240: [GC 444.241: [ParNew: 8256K->0K(8320K), 0.0103826 secs] 91250K->83766K(131328K), 0.0106790 secs]
444.317: [GC 444.317: [ParNew: 8256K->0K(8320K), 0.0097426 secs] 92022K->84605K(131328K), 0.0099508 secs]
444.422: [GC 444.422: [ParNew: 8256K->0K(8320K), 0.0118700 secs] 92861K->85154K(131328K), 0.0121062 secs]
444.512: [GC 444.512: [ParNew: 8256K->0K(8320K), 0.0122213 secs] 93410K->85938K(131328K), 0.0124523 secs]
444.604: [GC 444.604: [ParNew: 8256K->0K(8320K), 0.0093106 secs] 94194K->86647K(131328K), 0.0095071 secs]
444.690: [GC 444.691: [ParNew: 8253K->0K(8320K), 0.0115375 secs] 94900K->87283K(131328K), 0.0117290 secs]
444.785: [GC 444.785: [ParNew: 8256K->0K(8320K), 0.0114029 secs] 95539K->88061K(131328K), 0.0116121 secs]
444.858: [GC 444.858: [ParNew: 8256K->0K(8320K), 0.0101826 secs] 96317K->88881K(131328K), 0.0104147 secs]
444.927: [GC 444.928: [ParNew: 8256K->0K(8320K), 0.0099202 secs] 97137K->89664K(131328K), 0.0101894 secs]
444.962: [Full GC 444.962: [CMS (concurrent mode failure): 89664K->73503K(123008K), 1.1809999 secs] 92601K->73503K(131328K), [CMS Perm : 65535K->61824K(65536K)], 1.1812574 secs]
446.223: [GC 446.224: [ParNew: 8256K->0K(8320K), 0.0087519 secs] 81759K->73979K(131328K), 0.0089486 secs]
446.316: [GC 446.316: [ParNew: 8256K->0K(8320K), 0.0069858 secs] 82235K->74296K(131328K), 0.0072744 secs]
446.387: [GC 446.388: [ParNew: 8256K->0K(8320K), 0.0097311 secs] 82552K->74878K(131328K), 0.0099229 secs]
446.462: [GC 446.462: [ParNew: 8256K->0K(8320K), 0.0094382 secs] 83134K->75450K(131328K), 0.0096395 secs]
446.528: [GC 446.528: [ParNew: 8256K->0K(8320K), 0.0098969 secs] 83706K->76166K(131328K), 0.0100984 secs]
446.592: [GC 446.592: [ParNew: 8256K->0K(8320K), 0.0100063 secs] 84422K->76940K(131328K), 0.0102912 secs]
446.672: [GC 446.672: [ParNew: 8256K->0K(8320K), 0.0115458 secs] 85196K->77536K(131328K), 0.0118302 secs]
446.764: [GC 446.764: [ParNew: 8256K->0K(8320K), 0.0108392 secs] 85792K->78175K(131328K), 0.0110427 secs]
446.852: [GC 446.852: [ParNew: 8256K->0K(8320K), 0.0096883 secs] 86431K->78898K(131328K), 0.0098824 secs]
446.937: [GC 446.937: [ParNew: 8256K->0K(8320K), 0.0096702 secs] 87154K->79486K(131328K), 0.0098749 secs]
447.016: [GC 447.016: [ParNew: 8256K->0K(8320K), 0.0103195 secs] 87742K->80312K(131328K), 0.0105171 secs]
447.100: [GC 447.100: [ParNew: 8255K->0K(8320K), 0.0067910 secs] 88568K->80846K(131328K), 0.0069972 secs]
447.194: [GC 447.194: [ParNew: 8256K->0K(8320K), 0.0092961 secs] 89102K->81443K(131328K), 0.0095085 secs]
447.262: [GC 447.262: [ParNew: 8256K->0K(8320K), 0.0107731 secs] 89699K->82332K(131328K), 0.0109695 secs]
447.341: [GC 447.341: [ParNew: 8256K->0K(8320K), 0.0092337 secs] 90588K->82915K(131328K), 0.0095207 secs]
447.419: [GC 447.419: [ParNew: 8256K->0K(8320K), 0.0102365 secs] 91171K->83647K(131328K), 0.0104529 secs]
447.489: [GC 447.489: [ParNew: 8256K->0K(8320K), 0.0109161 secs] 91903K->84482K(131328K), 0.0111160 secs]
447.541: [Full GC 447.541: [CMS (concurrent mode failure): 84482K->72983K(123008K), 1.1807504 secs] 90455K->72983K(131328K), [CMS Perm : 65535K->61818K(65536K)], 1.1809918 secs]
448.801: [GC 448.802: [ParNew: 8256K->0K(8320K), 0.0106889 secs] 81239K->73649K(131328K), 0.0109094 secs]
448.878: [GC 448.878: [ParNew: 8256K->0K(8320K), 0.0102694 secs] 81905K->74396K(131328K), 0.0105761 secs]
448.946: [GC 448.946: [ParNew: 8256K->0K(8320K), 0.0105511 secs] 82652K->75257K(131328K), 0.0108630 secs]
449.025: [GC 449.025: [ParNew: 8256K->0K(8320K), 0.0106934 secs] 83513K->75919K(131328K), 0.0108998 secs]
449.120: [GC 449.120: [ParNew: 8256K->0K(8320K), 0.0087917 secs] 84175K->76355K(131328K), 0.0090010 secs]
449.205: [GC 449.205: [ParNew: 8256K->0K(8320K), 0.0103197 secs] 84611K->77149K(131328K), 0.0106047 secs]
449.289: [GC 449.289: [ParNew: 8256K->0K(8320K), 0.0105190 secs] 85405K->77977K(131328K), 0.0108051 secs]
449.375: [GC 449.375: [ParNew: 8256K->0K(8320K), 0.0080020 secs] 86233K->78701K(131328K), 0.0081983 secs]
449.469: [GC 449.469: [ParNew: 8255K->0K(8320K), 0.0082132 secs] 86957K->79259K(131328K), 0.0084104 secs]
449.552: [GC 449.552: [ParNew: 8256K->0K(8320K), 0.0076790 secs] 87515K->80001K(131328K), 0.0078945 secs]
449.628: [GC 449.628: [ParNew: 8256K->0K(8320K), 0.0129981 secs] 88257K->80930K(131328K), 0.0132015 secs]
449.708: [GC 449.708: [ParNew: 8256K->0K(8320K), 0.0149387 secs] 89186K->81674K(131328K), 0.0151774 secs]
449.797: [GC 449.797: [ParNew: 8256K->0K(8320K), 0.0094756 secs] 89930K->82192K(131328K), 0.0097601 secs]
449.882: [GC 449.882: [ParNew: 8256K->0K(8320K), 0.0098110 secs] 90448K->83159K(131328K), 0.0100396 secs]
449.953: [GC 449.953: [ParNew: 8256K->0K(8320K), 0.0099717 secs] 91415K->83864K(131328K), 0.0101806 secs]
450.040: [GC 450.040: [ParNew: 8248K->0K(8320K), 0.0094236 secs] 92112K->84551K(131328K), 0.0096253 secs]
450.110: [GC 450.110: [ParNew: 8256K->0K(8320K), 0.0113123 secs] 92807K->85380K(131328K), 0.0115362 secs]
450.186: [GC 450.187: [ParNew: 8256K->0K(8320K), 0.0094462 secs] 93636K->86170K(131328K), 0.0097277 secs]
450.259: [GC 450.259: [ParNew: 8256K->0K(8320K), 0.0092881 secs] 94426K->86749K(131328K), 0.0095817 secs]
450.301: [Full GC 450.302: [CMS (concurrent mode failure): 86749K->71311K(123008K), 1.1833290 secs] 91152K->71311K(131328K), [CMS Perm : 65536K->61784K(65536K)], 1.1835915 secs]
451.551: [GC 451.551: [ParNew: 8256K->0K(8320K), 0.0111991 secs] 79567K->72112K(131328K), 0.0114005 secs]
451.638: [GC 451.638: [ParNew: 8256K->0K(8320K), 0.0077723 secs] 80368K->72670K(131328K), 0.0079966 secs]
451.725: [GC 451.725: [ParNew: 8255K->0K(8320K), 0.0131426 secs] 80926K->73464K(131328K), 0.0133319 secs]
451.803: [GC 451.803: [ParNew: 8256K->0K(8320K), 0.0104297 secs] 81720K->74368K(131328K), 0.0106239 secs]
451.896: [GC 451.897: [ParNew: 8256K->0K(8320K), 0.0072789 secs] 82624K->74894K(131328K), 0.0074933 secs]
451.977: [GC 451.977: [ParNew: 8256K->0K(8320K), 0.0086185 secs] 83150K->75717K(131328K), 0.0088140 secs]
452.053: [GC 452.053: [ParNew: 8256K->0K(8320K), 0.0079017 secs] 83973K->76394K(131328K), 0.0081827 secs]
452.133: [GC 452.133: [ParNew: 8256K->0K(8320K), 0.0082402 secs] 84650K->77074K(131328K), 0.0084668 secs]
452.205: [GC 452.205: [ParNew: 8256K->0K(8320K), 0.0096456 secs] 85330K->77909K(131328K), 0.0098458 secs]
452.273: [GC 452.273: [ParNew: 8256K->0K(8320K), 0.0090339 secs] 86165K->78617K(131328K), 0.0092519 secs]
452.349: [GC 452.349: [ParNew: 8256K->0K(8320K), 0.0078936 secs] 86873K->79204K(131328K), 0.0081056 secs]
452.420: [GC 452.421: [ParNew: 8256K->0K(8320K), 0.0106944 secs] 87460K->80093K(131328K), 0.0108926 secs]
452.491: [GC 452.491: [ParNew: 8256K->0K(8320K), 0.0089753 secs] 88349K->80841K(131328K), 0.0091780 secs]
452.559: [GC 452.559: [ParNew: 8256K->0K(8320K), 0.0100396 secs] 89097K->81577K(131328K), 0.0102484 secs]
452.627: [GC 452.627: [ParNew: 8256K->0K(8320K), 0.0095908 secs] 89833K->82377K(131328K), 0.0097944 secs]
452.706: [GC 452.707: [ParNew: 8256K->0K(8320K), 0.0118036 secs] 90633K->83049K(131328K), 0.0120937 secs]
452.791: [GC 452.791: [ParNew: 8256K->0K(8320K), 0.0099291 secs] 91305K->83871K(131328K), 0.0102292 secs]
452.860: [GC 452.861: [ParNew: 8256K->0K(8320K), 0.0101528 secs] 92127K->84633K(131328K), 0.0103457 secs]
452.928: [GC 452.928: [ParNew: 8256K->0K(8320K), 0.0115875 secs] 92889K->85495K(131328K), 0.0118045 secs]
452.998: [GC 452.998: [ParNew: 8256K->0K(8320K), 0.0093589 secs] 93751K->86212K(131328K), 0.0095583 secs]
453.051: [Full GC 453.051: [CMS (concurrent mode failure): 86212K->71970K(123008K), 1.0601766 secs] 92026K->71970K(131328K), [CMS Perm : 65535K->61784K(65536K)], 1.0604244 secs]
454.180: [GC 454.181: [ParNew: 8256K->0K(8320K), 0.0104150 secs] 80226K->72685K(131328K), 0.0106952 secs]
454.266: [GC 454.267: [ParNew: 8256K->0K(8320K), 0.0093289 secs] 80941K->73383K(131328K), 0.0096090 secs]
454.342: [GC 454.342: [ParNew: 8256K->0K(8320K), 0.0100673 secs] 81639K->74186K(131328K), 0.0102550 secs]
454.412: [GC 454.412: [ParNew: 8256K->0K(8320K), 0.0100213 secs] 82442K->74992K(131328K), 0.0102242 secs]
454.495: [GC 454.495: [ParNew: 8256K->0K(8320K), 0.0092853 secs] 83248K->75616K(131328K), 0.0094833 secs]
454.566: [GC 454.566: [ParNew: 8256K->0K(8320K), 0.0086340 secs] 83872K->76366K(131328K), 0.0088299 secs]
454.635: [GC 454.635: [ParNew: 8256K->0K(8320K), 0.0106524 secs] 84622K->77191K(131328K), 0.0108619 secs]
454.714: [GC 454.714: [ParNew: 8256K->0K(8320K), 0.0113861 secs] 85447K->77952K(131328K), 0.0117081 secs]
454.800: [GC 454.800: [ParNew: 8256K->0K(8320K), 0.0107730 secs] 86208K->78603K(131328K), 0.0109633 secs]
454.882: [GC 454.882: [ParNew: 8256K->0K(8320K), 0.0109799 secs] 86859K->79363K(131328K), 0.0111811 secs]
454.951: [GC 454.952: [ParNew: 8256K->0K(8320K), 0.0099085 secs] 87619K->80181K(131328K), 0.0101016 secs]
455.024: [GC 455.024: [ParNew: 8256K->0K(8320K), 0.0103696 secs] 88437K->80818K(131328K), 0.0106484 secs]
455.094: [GC 455.094: [ParNew: 8256K->0K(8320K), 0.0101212 secs] 89074K->81546K(131328K), 0.0103190 secs]
455.182: [GC 455.182: [ParNew: 8256K->0K(8320K), 0.0087626 secs] 89802K->82047K(131328K), 0.0089581 secs]
455.264: [GC 455.264: [ParNew: 8256K->0K(8320K), 0.0097490 secs] 90303K->82597K(131328K), 0.0100417 secs]
455.347: [GC 455.347: [ParNew: 8256K->0K(8320K), 0.0091683 secs] 90853K->83196K(131328K), 0.0093648 secs]
455.440: [GC 455.440: [ParNew: 8256K->0K(8320K), 0.0175452 secs] 91452K->84084K(131328K), 0.0177378 secs]
455.544: [GC 455.544: [ParNew: 8256K->0K(8320K), 0.0100278 secs] 92340K->84714K(131328K), 0.0102231 secs]
455.624: [GC 455.624: [ParNew: 8256K->0K(8320K), 0.0104705 secs] 92970K->85475K(131328K), 0.0106857 secs]
455.715: [GC 455.716: [ParNew: 8256K->0K(8320K), 0.0143880 secs] 93731K->86301K(131328K), 0.0146041 secs]
455.779: [Full GC 455.779: [CMS (concurrent mode failure): 86301K->73070K(123008K), 1.1666996 secs] 92542K->73070K(131328K), [CMS Perm : 65535K->61780K(65536K)], 1.1669505 secs]
457.033: [GC 457.033: [ParNew: 8256K->0K(8320K), 0.0148115 secs] 81326K->73615K(131328K), 0.0150450 secs]
457.110: [GC 457.110: [ParNew: 8256K->0K(8320K), 0.0158557 secs] 81871K->74456K(131328K), 0.0160703 secs]
457.198: [GC 457.198: [ParNew: 8255K->0K(8320K), 0.0084710 secs] 82712K->75055K(131328K), 0.0087473 secs]
457.265: [GC 457.265: [ParNew: 8256K->0K(8320K), 0.0091682 secs] 83311K->75906K(131328K), 0.0093614 secs]
457.345: [GC 457.345: [ParNew: 8256K->0K(8320K), 0.0155040 secs] 84162K->76568K(131328K), 0.0157212 secs]
457.426: [GC 457.426: [ParNew: 8256K->0K(8320K), 0.0126281 secs] 84824K->77289K(131328K), 0.0128541 secs]
457.497: [GC 457.497: [ParNew: 8256K->0K(8320K), 0.0192946 secs] 85545K->77993K(131328K), 0.0195139 secs]
457.587: [GC 457.587: [ParNew: 8256K->0K(8320K), 0.0234689 secs] 86249K->78809K(131328K), 0.0237649 secs]
457.678: [GC 457.678: [ParNew: 8256K->0K(8320K), 0.0261359 secs] 87065K->79586K(131328K), 0.0263368 secs]
457.783: [GC 457.783: [ParNew: 8256K->0K(8320K), 0.0144796 secs] 87842K->80422K(131328K), 0.0146834 secs]
457.869: [GC 457.869: [ParNew: 8256K->0K(8320K), 0.0224196 secs] 88678K->81004K(131328K), 0.0226229 secs]
457.970: [GC 457.970: [ParNew: 8256K->0K(8320K), 0.0156275 secs] 89260K->81892K(131328K), 0.0158723 secs]
458.058: [GC 458.058: [ParNew: 8256K->0K(8320K), 0.0207482 secs] 90148K->82521K(131328K), 0.0209723 secs]
458.153: [GC 458.153: [ParNew: 8256K->0K(8320K), 0.0198767 secs] 90777K->83434K(131328K), 0.0200953 secs]
458.237: [GC 458.237: [ParNew: 8256K->0K(8320K), 0.0141837 secs] 91690K->84148K(131328K), 0.0143845 secs]
458.324: [GC 458.324: [ParNew: 8256K->0K(8320K), 0.0211899 secs] 92404K->84854K(131328K), 0.0214822 secs]
458.411: [GC 458.411: [ParNew: 8256K->0K(8320K), 0.0117754 secs] 93110K->85566K(131328K), 0.0121555 secs]
458.495: [GC 458.496: [ParNew: 8256K->0K(8320K), 0.0209613 secs] 93822K->86207K(131328K), 0.0212040 secs]
458.584: [GC 458.584: [ParNew: 8256K->0K(8320K), 0.0102850 secs] 94463K->87030K(131328K), 0.0104850 secs]
458.620: [Full GC 458.621: [CMS (concurrent mode failure): 87030K->72410K(123008K), 1.1709188 secs] 89955K->72410K(131328K), [CMS Perm : 65535K->61756K(65536K)], 1.1711808 secs]
459.871: [GC 459.872: [ParNew: 8256K->0K(8320K), 0.0114357 secs] 80666K->73317K(131328K), 0.0117363 secs]
459.952: [GC 459.952: [ParNew: 8256K->0K(8320K), 0.0093688 secs] 81573K->74034K(131328K), 0.0095821 secs]
460.030: [GC 460.030: [ParNew: 8255K->0K(8320K), 0.0094227 secs] 82289K->74897K(131328K), 0.0096382 secs]
460.103: [GC 460.103: [ParNew: 8256K->0K(8320K), 0.0106805 secs] 83153K->75677K(131328K), 0.0109109 secs]
460.198: [GC 460.198: [ParNew: 8256K->0K(8320K), 0.0096391 secs] 83933K->76428K(131328K), 0.0098453 secs]
460.282: [GC 460.282: [ParNew: 8256K->0K(8320K), 0.0106200 secs] 84684K->77011K(131328K), 0.0108201 secs]
460.366: [GC 460.366: [ParNew: 8256K->0K(8320K), 0.0104112 secs] 85267K->77881K(131328K), 0.0106225 secs]
460.442: [GC 460.442: [ParNew: 8256K->0K(8320K), 0.0093659 secs] 86137K->78612K(131328K), 0.0096605 secs]
460.517: [GC 460.517: [ParNew: 8256K->0K(8320K), 0.0096768 secs] 86868K->79373K(131328K), 0.0098765 secs]
460.589: [GC 460.589: [ParNew: 8256K->0K(8320K), 0.0110073 secs] 87629K->80204K(131328K), 0.0112737 secs]
460.669: [GC 460.669: [ParNew: 8256K->0K(8320K), 0.0149532 secs] 88460K->81021K(131328K), 0.0151660 secs]
460.756: [GC 460.756: [ParNew: 8256K->0K(8320K), 0.0093697 secs] 89277K->81727K(131328K), 0.0095804 secs]
460.841: [GC 460.841: [ParNew: 8256K->0K(8320K), 0.0093681 secs] 89983K->82387K(131328K), 0.0095775 secs]
460.916: [GC 460.916: [ParNew: 8256K->0K(8320K), 0.0093160 secs] 90643K->83047K(131328K), 0.0095253 secs]
460.988: [GC 460.988: [ParNew: 8256K->0K(8320K), 0.0101998 secs] 91303K->83899K(131328K), 0.0104113 secs]
461.063: [GC 461.063: [ParNew: 8256K->0K(8320K), 0.0096023 secs] 92155K->84670K(131328K), 0.0097924 secs]
461.135: [GC 461.136: [ParNew: 8256K->0K(8320K), 0.0090917 secs] 92926K->85361K(131328K), 0.0093448 secs]
461.205: [GC 461.205: [ParNew: 8256K->0K(8320K), 0.0096522 secs] 93617K->86119K(131328K), 0.0098544 secs]
461.283: [GC 461.283: [ParNew: 8256K->0K(8320K), 0.0095208 secs] 94375K->86754K(131328K), 0.0097320 secs]
461.355: [GC 461.355: [ParNew: 8256K->0K(8320K), 0.0085358 secs] 95010K->87592K(131328K), 0.0087491 secs]
461.377: [Full GC 461.377: [CMS (concurrent mode failure): 87592K->70610K(123008K), 1.1616886 secs] 89201K->70610K(131328K), [CMS Perm : 65535K->61752K(65536K)], 1.1619394 secs]
462.609: [GC 462.609: [ParNew: 8256K->0K(8320K), 0.0093850 secs] 78866K->71326K(131328K), 0.0095861 secs]
462.675: [GC 462.675: [ParNew: 8256K->0K(8320K), 0.0114831 secs] 79582K->72147K(131328K), 0.0116893 secs]
462.769: [GC 462.769: [ParNew: 8256K->0K(8320K), 0.0114023 secs] 80403K->72887K(131328K), 0.0117000 secs]
462.840: [GC 462.841: [ParNew: 8256K->0K(8320K), 0.0101363 secs] 81143K->73527K(131328K), 0.0103262 secs]
462.920: [GC 462.920: [ParNew: 8255K->0K(8320K), 0.0086611 secs] 81782K->74266K(131328K), 0.0088656 secs]
463.005: [GC 463.005: [ParNew: 8256K->0K(8320K), 0.0088981 secs] 82522K->75045K(131328K), 0.0090961 secs]
463.074: [GC 463.075: [ParNew: 8256K->0K(8320K), 0.0105799 secs] 83301K->75819K(131328K), 0.0107794 secs]
463.152: [GC 463.152: [ParNew: 8256K->0K(8320K), 0.0085445 secs] 84075K->76415K(131328K), 0.0088285 secs]
463.226: [GC 463.226: [ParNew: 8256K->0K(8320K), 0.0097760 secs] 84671K->77187K(131328K), 0.0099694 secs]
463.302: [GC 463.302: [ParNew: 8256K->0K(8320K), 0.0088009 secs] 85443K->77755K(131328K), 0.0090815 secs]
463.372: [GC 463.372: [ParNew: 8256K->0K(8320K), 0.0084622 secs] 86011K->78435K(131328K), 0.0086729 secs]
463.445: [GC 463.445: [ParNew: 8256K->0K(8320K), 0.0088152 secs] 86691K->79207K(131328K), 0.0089966 secs]
463.527: [GC 463.528: [ParNew: 8256K->0K(8320K), 0.0077966 secs] 87463K->79888K(131328K), 0.0079959 secs]
463.598: [GC 463.598: [ParNew: 8256K->0K(8320K), 0.0100989 secs] 88144K->80533K(131328K), 0.0103368 secs]
463.694: [GC 463.695: [ParNew: 8256K->0K(8320K), 0.0125803 secs] 88789K->81575K(131328K), 0.0128108 secs]
463.777: [GC 463.777: [ParNew: 8256K->0K(8320K), 0.0107879 secs] 89831K->82153K(131328K), 0.0109748 secs]
463.855: [GC 463.855: [ParNew: 8256K->0K(8320K), 0.0090813 secs] 90409K->82826K(131328K), 0.0093761 secs]
463.919: [GC 463.919: [ParNew: 8256K->0K(8320K), 0.0101182 secs] 91082K->83538K(131328K), 0.0103074 secs]
463.989: [GC 463.989: [ParNew: 8256K->0K(8320K), 0.0108343 secs] 91794K->84276K(131328K), 0.0110220 secs]
464.059: [GC 464.059: [ParNew: 8256K->0K(8320K), 0.0073354 secs] 92532K->84857K(131328K), 0.0075492 secs]
464.137: [GC 464.137: [ParNew: 8256K->0K(8320K), 0.0077150 secs] 93113K->85411K(131328K), 0.0079062 secs]
464.211: [GC 464.211: [ParNew: 8256K->0K(8320K), 0.0104888 secs] 93667K->86136K(131328K), 0.0106939 secs]
464.235: [Full GC 464.235: [CMS (concurrent mode failure): 86136K->71786K(123008K), 1.0489605 secs] 88407K->71786K(131328K), [CMS Perm : 65536K->61756K(65536K)], 1.0492031 secs]
465.355: [GC 465.356: [ParNew: 8256K->0K(8320K), 0.0106857 secs] 80042K->72445K(131328K), 0.0109736 secs]
465.426: [GC 465.426: [ParNew: 8256K->0K(8320K), 0.0106155 secs] 80701K->73391K(131328K), 0.0108836 secs]
465.492: [GC 465.492: [ParNew: 8256K->0K(8320K), 0.0105476 secs] 81647K->74207K(131328K), 0.0107550 secs]
465.573: [GC 465.574: [ParNew: 8256K->0K(8320K), 0.0085328 secs] 82463K->74732K(131328K), 0.0087443 secs]
465.646: [GC 465.646: [ParNew: 8256K->0K(8320K), 0.0095179 secs] 82988K->75398K(131328K), 0.0097125 secs]
465.755: [GC 465.755: [ParNew: 8256K->0K(8320K), 0.0075665 secs] 83654K->75735K(131328K), 0.0078419 secs]
465.832: [GC 465.832: [ParNew: 8248K->0K(8320K), 0.0089625 secs] 83984K->76392K(131328K), 0.0092396 secs]
465.908: [GC 465.908: [ParNew: 8256K->0K(8320K), 0.0098680 secs] 84648K->77144K(131328K), 0.0100750 secs]
465.981: [GC 465.981: [ParNew: 8256K->0K(8320K), 0.0092886 secs] 85400K->77915K(131328K), 0.0094853 secs]
466.059: [GC 466.059: [ParNew: 8256K->0K(8320K), 0.0107220 secs] 86171K->78564K(131328K), 0.0109121 secs]
466.143: [GC 466.144: [ParNew: 8256K->0K(8320K), 0.0097977 secs] 86820K->79253K(131328K), 0.0101091 secs]
466.225: [GC 466.225: [ParNew: 8256K->0K(8320K), 0.0077995 secs] 87509K->79764K(131328K), 0.0080132 secs]
466.310: [GC 466.310: [ParNew: 8256K->0K(8320K), 0.0094092 secs] 88020K->80253K(131328K), 0.0096054 secs]
466.393: [GC 466.393: [ParNew: 8256K->0K(8320K), 0.0095878 secs] 88509K->80876K(131328K), 0.0097885 secs]
466.466: [GC 466.466: [ParNew: 8256K->0K(8320K), 0.0093059 secs] 89132K->81504K(131328K), 0.0095907 secs]
466.539: [GC 466.539: [ParNew: 8256K->0K(8320K), 0.0099731 secs] 89760K->82198K(131328K), 0.0101652 secs]
466.604: [GC 466.605: [ParNew: 8256K->0K(8320K), 0.0107047 secs] 90454K->83116K(131328K), 0.0108939 secs]
466.700: [GC 466.700: [ParNew: 8256K->0K(8320K), 0.0093505 secs] 91372K->83742K(131328K), 0.0095455 secs]
466.784: [GC 466.784: [ParNew: 8256K->0K(8320K), 0.0117311 secs] 91998K->84434K(131328K), 0.0119306 secs]
466.830: [Full GC 466.830: [CMS (concurrent mode failure): 84434K->72678K(123008K), 1.2063619 secs] 87607K->72678K(131328K), [CMS Perm : 65536K->61672K(65536K)], 1.2066190 secs]
468.125: [GC 468.125: [ParNew: 8256K->0K(8320K), 0.0094319 secs] 80934K->73123K(131328K), 0.0096313 secs]
468.212: [GC 468.213: [ParNew: 8256K->0K(8320K), 0.0091036 secs] 81379K->73858K(131328K), 0.0092930 secs]
468.287: [GC 468.287: [ParNew: 8256K->0K(8320K), 0.0105508 secs] 82114K->74667K(131328K), 0.0107586 secs]
468.369: [GC 468.369: [ParNew: 8256K->0K(8320K), 0.0104151 secs] 82923K->75610K(131328K), 0.0106070 secs]
468.445: [GC 468.445: [ParNew: 8256K->0K(8320K), 0.0092844 secs] 83866K->76449K(131328K), 0.0094848 secs]
468.521: [GC 468.521: [ParNew: 8256K->0K(8320K), 0.0081822 secs] 84705K->77201K(131328K), 0.0083794 secs]
468.591: [GC 468.591: [ParNew: 8256K->0K(8320K), 0.0091947 secs] 85457K->77980K(131328K), 0.0094146 secs]
468.677: [GC 468.677: [ParNew: 8256K->0K(8320K), 0.0145144 secs] 86236K->78626K(131328K), 0.0147406 secs]
468.779: [GC 468.779: [ParNew: 8256K->0K(8320K), 0.0091020 secs] 86882K->79356K(131328K), 0.0093027 secs]
468.864: [GC 468.864: [ParNew: 8256K->0K(8320K), 0.0096650 secs] 87612K->80048K(131328K), 0.0098604 secs]
468.940: [GC 468.940: [ParNew: 8256K->0K(8320K), 0.0093668 secs] 88304K->80708K(131328K), 0.0095702 secs]
469.016: [GC 469.016: [ParNew: 8256K->0K(8320K), 0.0101270 secs] 88964K->81579K(131328K), 0.0103384 secs]
469.095: [GC 469.095: [ParNew: 8256K->0K(8320K), 0.0092486 secs] 89835K->82249K(131328K), 0.0094410 secs]
469.168: [GC 469.168: [ParNew: 8256K->0K(8320K), 0.0096276 secs] 90505K->83126K(131328K), 0.0098360 secs]
469.237: [GC 469.237: [ParNew: 8256K->0K(8320K), 0.0098606 secs] 91382K->83803K(131328K), 0.0101343 secs]
469.326: [GC 469.326: [ParNew: 8256K->0K(8320K), 0.0089330 secs] 92059K->84447K(131328K), 0.0091331 secs]
469.407: [GC 469.407: [ParNew: 8256K->0K(8320K), 0.0095979 secs] 92703K->85211K(131328K), 0.0098997 secs]
469.488: [GC 469.488: [ParNew: 8256K->0K(8320K), 0.0101581 secs] 93467K->85991K(131328K), 0.0103525 secs]
469.564: [GC 469.564: [ParNew: 8256K->0K(8320K), 0.0093709 secs] 94247K->86798K(131328K), 0.0095887 secs]
469.598: [Full GC 469.598: [CMS (concurrent mode failure): 86798K->70997K(123008K), 1.1691298 secs] 90194K->70997K(131328K), [CMS Perm : 65535K->61645K(65536K)], 1.1694603 secs]
470.838: [GC 470.838: [ParNew: 8256K->0K(8320K), 0.0107442 secs] 79253K->71918K(131328K), 0.0109470 secs]
470.912: [GC 470.912: [ParNew: 8256K->0K(8320K), 0.0103623 secs] 80174K->72654K(131328K), 0.0106452 secs]
470.989: [GC 470.989: [ParNew: 8256K->0K(8320K), 0.0095414 secs] 80910K->73356K(131328K), 0.0097537 secs]
471.068: [GC 471.068: [ParNew: 8256K->0K(8320K), 0.0096433 secs] 81612K->74173K(131328K), 0.0098592 secs]
471.149: [GC 471.149: [ParNew: 8256K->0K(8320K), 0.0096996 secs] 82429K->74930K(131328K), 0.0098938 secs]
471.219: [GC 471.219: [ParNew: 8256K->0K(8320K), 0.0090812 secs] 83186K->75648K(131328K), 0.0093414 secs]
471.284: [GC 471.284: [ParNew: 8256K->0K(8320K), 0.0103090 secs] 83904K->76427K(131328K), 0.0105052 secs]
471.359: [GC 471.359: [ParNew: 8256K->0K(8320K), 0.0091345 secs] 84683K->77096K(131328K), 0.0094178 secs]
471.441: [GC 471.441: [ParNew: 8256K->0K(8320K), 0.0096062 secs] 85352K->77749K(131328K), 0.0098101 secs]
471.514: [GC 471.514: [ParNew: 8250K->0K(8320K), 0.0099567 secs] 85999K->78549K(131328K), 0.0101455 secs]
471.584: [GC 471.584: [ParNew: 8256K->0K(8320K), 0.0101850 secs] 86805K->79349K(131328K), 0.0104085 secs]
471.665: [GC 471.665: [ParNew: 8256K->0K(8320K), 0.0124738 secs] 87605K->80046K(131328K), 0.0128439 secs]
471.764: [GC 471.764: [ParNew: 8256K->0K(8320K), 0.0090552 secs] 88302K->80778K(131328K), 0.0092627 secs]
471.837: [GC 471.837: [ParNew: 8256K->0K(8320K), 0.0091956 secs] 89034K->81463K(131328K), 0.0094791 secs]
471.905: [GC 471.905: [ParNew: 8256K->0K(8320K), 0.0100296 secs] 89719K->82314K(131328K), 0.0102534 secs]
471.974: [GC 471.974: [ParNew: 8255K->0K(8320K), 0.0105320 secs] 90570K->83039K(131328K), 0.0107492 secs]
472.049: [GC 472.049: [ParNew: 8256K->0K(8320K), 0.0097548 secs] 91295K->83802K(131328K), 0.0099459 secs]
472.126: [GC 472.126: [ParNew: 8256K->0K(8320K), 0.0083559 secs] 92058K->84409K(131328K), 0.0085470 secs]
472.200: [GC 472.200: [ParNew: 8256K->0K(8320K), 0.0093354 secs] 92665K->85243K(131328K), 0.0095398 secs]
472.271: [GC 472.271: [ParNew: 8256K->0K(8320K), 0.0096756 secs] 93499K->85937K(131328K), 0.0098818 secs]
472.337: [GC 472.337: [ParNew: 8256K->0K(8320K), 0.0107495 secs] 94193K->86782K(131328K), 0.0109551 secs]
472.363: [Full GC 472.363: [CMS (concurrent mode failure): 86782K->70305K(123008K), 0.9280540 secs] 88797K->70305K(131328K), [CMS Perm : 65535K->61643K(65536K)], 0.9282867 secs]
473.360: [GC 473.360: [ParNew: 8256K->0K(8320K), 0.0091225 secs] 78561K->71051K(131328K), 0.0093394 secs]
473.428: [GC 473.428: [ParNew: 8256K->0K(8320K), 0.0105432 secs] 79307K->71792K(131328K), 0.0107512 secs]
473.495: [GC 473.495: [ParNew: 8256K->0K(8320K), 0.0115777 secs] 80048K->72651K(131328K), 0.0117786 secs]
473.579: [GC 473.579: [ParNew: 8256K->0K(8320K), 0.0093143 secs] 80907K->73359K(131328K), 0.0095155 secs]
473.657: [GC 473.657: [ParNew: 8256K->0K(8320K), 0.0131854 secs] 81615K->74021K(131328K), 0.0133899 secs]
473.749: [GC 473.749: [ParNew: 8255K->0K(8320K), 0.0143138 secs] 82277K->74814K(131328K), 0.0145404 secs]
473.823: [GC 473.823: [ParNew: 8256K->0K(8320K), 0.0096100 secs] 83070K->75479K(131328K), 0.0098094 secs]
473.894: [GC 473.894: [ParNew: 8256K->0K(8320K), 0.0107835 secs] 83735K->76186K(131328K), 0.0110153 secs]
473.974: [GC 473.974: [ParNew: 8256K->0K(8320K), 0.0104218 secs] 84442K->77019K(131328K), 0.0106170 secs]
474.043: [GC 474.043: [ParNew: 8255K->0K(8320K), 0.0090843 secs] 85275K->77616K(131328K), 0.0092960 secs]
474.115: [GC 474.115: [ParNew: 8256K->0K(8320K), 0.0093538 secs] 85872K->78382K(131328K), 0.0095483 secs]
474.186: [GC 474.186: [ParNew: 8256K->0K(8320K), 0.0105531 secs] 86638K->79176K(131328K), 0.0107616 secs]
474.256: [GC 474.256: [ParNew: 8256K->0K(8320K), 0.0089782 secs] 87432K->79862K(131328K), 0.0091732 secs]
474.333: [GC 474.333: [ParNew: 8256K->0K(8320K), 0.0106223 secs] 88118K->80633K(131328K), 0.0108395 secs]
474.411: [GC 474.411: [ParNew: 8256K->0K(8320K), 0.0094819 secs] 88889K->81402K(131328K), 0.0097542 secs]
474.486: [GC 474.486: [ParNew: 8256K->0K(8320K), 0.0104212 secs] 89658K->82246K(131328K), 0.0106261 secs]
474.565: [GC 474.565: [ParNew: 8256K->0K(8320K), 0.0082413 secs] 90502K->82948K(131328K), 0.0084490 secs]
474.640: [GC 474.640: [ParNew: 8256K->0K(8320K), 0.0105955 secs] 91204K->83709K(131328K), 0.0107894 secs]
474.727: [GC 474.727: [ParNew: 8256K->0K(8320K), 0.0131830 secs] 91965K->84515K(131328K), 0.0133970 secs]
474.815: [GC 474.815: [ParNew: 8255K->0K(8320K), 0.0098025 secs] 92771K->85167K(131328K), 0.0100210 secs]
474.900: [GC 474.900: [ParNew: 8256K->0K(8320K), 0.0093179 secs] 93423K->85858K(131328K), 0.0095326 secs]
474.949: [Full GC 474.950: [CMS (concurrent mode failure): 85858K->71582K(123008K), 1.0597924 secs] 91072K->71582K(131328K), [CMS Perm : 65535K->61643K(65536K)], 1.0601219 secs]
476.080: [GC 476.080: [ParNew: 8256K->0K(8320K), 0.0097215 secs] 79838K->72396K(131328K), 0.0100033 secs]
476.164: [GC 476.164: [ParNew: 8256K->0K(8320K), 0.0102490 secs] 80652K->73220K(131328K), 0.0104682 secs]
476.234: [GC 476.234: [ParNew: 8256K->0K(8320K), 0.0104786 secs] 81476K->74014K(131328K), 0.0106939 secs]
476.317: [GC 476.317: [ParNew: 8256K->0K(8320K), 0.0097386 secs] 82270K->74628K(131328K), 0.0099338 secs]
476.395: [GC 476.395: [ParNew: 8255K->0K(8320K), 0.0102151 secs] 82884K->75447K(131328K), 0.0104149 secs]
476.467: [GC 476.468: [ParNew: 8256K->0K(8320K), 0.0105248 secs] 83703K->76219K(131328K), 0.0107213 secs]
476.544: [GC 476.544: [ParNew: 8256K->0K(8320K), 0.0095628 secs] 84475K->77017K(131328K), 0.0098627 secs]
476.621: [GC 476.621: [ParNew: 8256K->0K(8320K), 0.0091042 secs] 85273K->77677K(131328K), 0.0093855 secs]
476.712: [GC 476.712: [ParNew: 8256K->0K(8320K), 0.0112475 secs] 85933K->78534K(131328K), 0.0114696 secs]
476.791: [GC 476.791: [ParNew: 8256K->0K(8320K), 0.0093028 secs] 86790K->79232K(131328K), 0.0096028 secs]
476.865: [GC 476.865: [ParNew: 8256K->0K(8320K), 0.0096510 secs] 87488K->79843K(131328K), 0.0098422 secs]
476.936: [GC 476.937: [ParNew: 8256K->0K(8320K), 0.0093311 secs] 88099K->80656K(131328K), 0.0095134 secs]
477.006: [GC 477.006: [ParNew: 8256K->0K(8320K), 0.0097819 secs] 88912K->81496K(131328K), 0.0100752 secs]
477.074: [GC 477.074: [ParNew: 8256K->0K(8320K), 0.0103483 secs] 89752K->82294K(131328K), 0.0105464 secs]
477.146: [GC 477.148: [ParNew: 8252K->0K(8320K), 0.0098457 secs] 90546K->82999K(131328K), 0.0101055 secs]
477.215: [GC 477.216: [ParNew: 8256K->0K(8320K), 0.0105656 secs] 91255K->83797K(131328K), 0.0108448 secs]
477.288: [GC 477.288: [ParNew: 8256K->0K(8320K), 0.0085556 secs] 92053K->84499K(131328K), 0.0087582 secs]
477.361: [GC 477.361: [ParNew: 8256K->0K(8320K), 0.0084849 secs] 92755K->85175K(131328K), 0.0087871 secs]
477.430: [GC 477.430: [ParNew: 8256K->0K(8320K), 0.0114929 secs] 93431K->85912K(131328K), 0.0116873 secs]
477.505: [GC 477.506: [ParNew: 8256K->0K(8320K), 0.0106120 secs] 94168K->86654K(131328K), 0.0108302 secs]
477.594: [GC 477.594: [ParNew: 8256K->0K(8320K), 0.0096756 secs] 94910K->87172K(131328K), 0.0098817 secs]
477.679: [GC 477.679: [ParNew: 8256K->0K(8320K), 0.0111354 secs] 95428K->87819K(131328K), 0.0113296 secs]
477.725: [Full GC 477.725: [CMS (concurrent mode failure): 87819K->71126K(123008K), 1.1344709 secs] 91586K->71126K(131328K), [CMS Perm : 65535K->61635K(65536K)], 1.1347930 secs]
478.960: [GC 478.960: [ParNew: 8251K->0K(8320K), 0.0109203 secs] 79377K->71558K(131328K), 0.0111482 secs]
479.048: [GC 479.048: [ParNew: 8256K->0K(8320K), 0.0090546 secs] 79814K->72062K(131328K), 0.0092501 secs]
479.125: [GC 479.125: [ParNew: 8256K->0K(8320K), 0.0102206 secs] 80318K->72799K(131328K), 0.0104407 secs]
479.216: [GC 479.216: [ParNew: 8256K->0K(8320K), 0.0084237 secs] 81055K->73328K(131328K), 0.0086119 secs]
479.296: [GC 479.296: [ParNew: 8256K->0K(8320K), 0.0075293 secs] 81584K->73970K(131328K), 0.0077288 secs]
479.364: [GC 479.364: [ParNew: 8256K->0K(8320K), 0.0101435 secs] 82226K->74843K(131328K), 0.0104322 secs]
479.436: [GC 479.436: [ParNew: 8256K->0K(8320K), 0.0096655 secs] 83099K->75616K(131328K), 0.0098635 secs]
479.507: [GC 479.507: [ParNew: 8256K->0K(8320K), 0.0108886 secs] 83872K->76345K(131328K), 0.0110943 secs]
479.588: [GC 479.588: [ParNew: 8256K->0K(8320K), 0.0101724 secs] 84601K->77130K(131328K), 0.0103650 secs]
479.666: [GC 479.666: [ParNew: 8256K->0K(8320K), 0.0138114 secs] 85386K->77752K(131328K), 0.0140300 secs]
479.752: [GC 479.752: [ParNew: 8256K->0K(8320K), 0.0103431 secs] 86008K->78488K(131328K), 0.0105550 secs]
479.836: [GC 479.837: [ParNew: 8256K->0K(8320K), 0.0090268 secs] 86744K->79234K(131328K), 0.0092291 secs]
479.919: [GC 479.919: [ParNew: 8256K->0K(8320K), 0.0104500 secs] 87490K->79946K(131328K), 0.0106779 secs]
479.988: [GC 479.988: [ParNew: 8256K->0K(8320K), 0.0102568 secs] 88202K->80742K(131328K), 0.0105062 secs]
480.074: [GC 480.074: [ParNew: 8256K->0K(8320K), 0.0089940 secs] 88998K->81239K(131328K), 0.0091938 secs]
480.162: [GC 480.163: [ParNew: 8256K->0K(8320K), 0.0087203 secs] 89495K->81888K(131328K), 0.0089363 secs]
480.251: [GC 480.251: [ParNew: 8256K->0K(8320K), 0.0084795 secs] 90144K->82498K(131328K), 0.0087476 secs]
480.337: [GC 480.337: [ParNew: 8256K->0K(8320K), 0.0088848 secs] 90754K->83316K(131328K), 0.0091053 secs]
480.417: [GC 480.417: [ParNew: 8256K->0K(8320K), 0.0093612 secs] 91572K->84245K(131328K), 0.0096641 secs]
480.492: [GC 480.492: [ParNew: 8256K->0K(8320K), 0.0106697 secs] 92501K->84977K(131328K), 0.0108787 secs]
480.506: [Full GC 480.507: [CMS (concurrent mode failure): 84977K->70975K(123008K), 1.1457230 secs] 85373K->70975K(131328K), [CMS Perm : 65535K->61628K(65536K)], 1.1460470 secs]
481.725: [GC 481.725: [ParNew: 8256K->0K(8320K), 0.0095959 secs] 79231K->71680K(131328K), 0.0098023 secs]
481.801: [GC 481.801: [ParNew: 8256K->0K(8320K), 0.0100199 secs] 79936K->72376K(131328K), 0.0102966 secs]
481.875: [GC 481.875: [ParNew: 8256K->0K(8320K), 0.0100289 secs] 80632K->72941K(131328K), 0.0102174 secs]
481.942: [GC 481.942: [ParNew: 8256K->0K(8320K), 0.0106297 secs] 81197K->73694K(131328K), 0.0108446 secs]
482.021: [GC 482.021: [ParNew: 8256K->0K(8320K), 0.0096029 secs] 81950K->74358K(131328K), 0.0098107 secs]
482.090: [GC 482.090: [ParNew: 8255K->0K(8320K), 0.0100441 secs] 82613K->75178K(131328K), 0.0102422 secs]
482.167: [GC 482.167: [ParNew: 8256K->0K(8320K), 0.0099342 secs] 83434K->76001K(131328K), 0.0101301 secs]
482.238: [GC 482.238: [ParNew: 8256K->0K(8320K), 0.0100769 secs] 84257K->76781K(131328K), 0.0104213 secs]
482.318: [GC 482.319: [ParNew: 8256K->0K(8320K), 0.0078276 secs] 85037K->77369K(131328K), 0.0080303 secs]
482.390: [GC 482.390: [ParNew: 8256K->0K(8320K), 0.0099537 secs] 85625K->78037K(131328K), 0.0101578 secs]
482.463: [GC 482.463: [ParNew: 8256K->0K(8320K), 0.0088250 secs] 86293K->78752K(131328K), 0.0090197 secs]
482.540: [GC 482.540: [ParNew: 8256K->0K(8320K), 0.0110584 secs] 87008K->79471K(131328K), 0.0112747 secs]
482.632: [GC 482.632: [ParNew: 8256K->0K(8320K), 0.0096727 secs] 87727K->80043K(131328K), 0.0098668 secs]
482.713: [GC 482.714: [ParNew: 8256K->0K(8320K), 0.0104803 secs] 88299K->80653K(131328K), 0.0106944 secs]
482.791: [GC 482.792: [ParNew: 8256K->0K(8320K), 0.0104902 secs] 88909K->81524K(131328K), 0.0107001 secs]
482.856: [GC 482.856: [ParNew: 8256K->0K(8320K), 0.0106845 secs] 89780K->82283K(131328K), 0.0109711 secs]
482.938: [GC 482.938: [ParNew: 8256K->0K(8320K), 0.0079074 secs] 90539K->82805K(131328K), 0.0081214 secs]
483.019: [GC 483.019: [ParNew: 8256K->0K(8320K), 0.0076219 secs] 91061K->83307K(131328K), 0.0078698 secs]
483.109: [GC 483.109: [ParNew: 8256K->0K(8320K), 0.0078505 secs] 91563K->83609K(131328K), 0.0080504 secs]
483.207: [GC 483.207: [ParNew: 8256K->0K(8320K), 0.0134458 secs] 91865K->84279K(131328K), 0.0136653 secs]
483.278: [Full GC 483.279: [CMS (concurrent mode failure): 84279K->70714K(123008K), 1.1662064 secs] 90286K->70714K(131328K), [CMS Perm : 65535K->61619K(65536K)], 1.1665454 secs]
484.519: [GC 484.519: [ParNew: 8256K->0K(8320K), 0.0101506 secs] 78970K->71625K(131328K), 0.0103501 secs]
484.599: [GC 484.599: [ParNew: 8256K->0K(8320K), 0.0083544 secs] 79881K->72260K(131328K), 0.0085463 secs]
484.667: [GC 484.667: [ParNew: 8256K->0K(8320K), 0.0166333 secs] 80516K->73150K(131328K), 0.0168527 secs]
484.755: [GC 484.755: [ParNew: 8256K->0K(8320K), 0.0104836 secs] 81406K->73860K(131328K), 0.0107099 secs]
484.834: [GC 484.834: [ParNew: 8256K->0K(8320K), 0.0109216 secs] 82116K->74604K(131328K), 0.0112163 secs]
484.910: [GC 484.910: [ParNew: 8256K->0K(8320K), 0.0091437 secs] 82860K->75275K(131328K), 0.0094197 secs]
485.004: [GC 485.005: [ParNew: 8256K->0K(8320K), 0.0083939 secs] 83531K->75774K(131328K), 0.0085913 secs]
485.087: [GC 485.087: [ParNew: 8256K->0K(8320K), 0.0088619 secs] 84030K->76403K(131328K), 0.0090665 secs]
485.161: [GC 485.161: [ParNew: 8256K->0K(8320K), 0.0098383 secs] 84659K->77295K(131328K), 0.0100520 secs]
485.254: [GC 485.254: [ParNew: 8256K->0K(8320K), 0.0099948 secs] 85551K->77976K(131328K), 0.0101904 secs]
485.333: [GC 485.333: [ParNew: 8256K->0K(8320K), 0.0090776 secs] 86232K->78712K(131328K), 0.0092735 secs]
485.400: [GC 485.400: [ParNew: 8256K->0K(8320K), 0.0096439 secs] 86968K->79477K(131328K), 0.0098623 secs]
485.477: [GC 485.477: [ParNew: 8256K->0K(8320K), 0.0103956 secs] 87733K->80331K(131328K), 0.0106010 secs]
485.561: [GC 485.561: [ParNew: 8256K->0K(8320K), 0.0096747 secs] 88587K->80927K(131328K), 0.0098723 secs]
485.651: [GC 485.652: [ParNew: 8256K->0K(8320K), 0.0116746 secs] 89183K->81632K(131328K), 0.0119783 secs]
485.739: [GC 485.739: [ParNew: 8256K->0K(8320K), 0.0124304 secs] 89888K->82353K(131328K), 0.0126229 secs]
485.819: [GC 485.819: [ParNew: 8256K->0K(8320K), 0.0109542 secs] 90609K->83184K(131328K), 0.0112548 secs]
485.901: [GC 485.901: [ParNew: 8256K->0K(8320K), 0.0096839 secs] 91440K->83955K(131328K), 0.0098823 secs]
485.985: [GC 485.985: [ParNew: 8256K->0K(8320K), 0.0088653 secs] 92211K->84663K(131328K), 0.0091478 secs]
486.073: [GC 486.073: [ParNew: 8256K->0K(8320K), 0.0097490 secs] 92919K->85386K(131328K), 0.0100265 secs]
486.116: [Full GC 486.116: [CMS (concurrent mode failure): 85386K->70162K(123008K), 1.1332779 secs] 90060K->70162K(131328K), [CMS Perm : 65535K->61618K(65536K)], 1.1336275 secs]
487.335: [GC 487.335: [ParNew: 8256K->0K(8320K), 0.0104683 secs] 78418K->70793K(131328K), 0.0106764 secs]
487.420: [GC 487.420: [ParNew: 8256K->0K(8320K), 0.0100454 secs] 79049K->71672K(131328K), 0.0102493 secs]
487.504: [GC 487.504: [ParNew: 8256K->0K(8320K), 0.0091719 secs] 79928K->72464K(131328K), 0.0093672 secs]
487.580: [GC 487.580: [ParNew: 8256K->0K(8320K), 0.0098098 secs] 80720K->73161K(131328K), 0.0100089 secs]
487.654: [GC 487.654: [ParNew: 8248K->0K(8320K), 0.0123976 secs] 81410K->73921K(131328K), 0.0128324 secs]
487.737: [GC 487.737: [ParNew: 8256K->0K(8320K), 0.0118291 secs] 82177K->74578K(131328K), 0.0120526 secs]
487.816: [GC 487.816: [ParNew: 8256K->0K(8320K), 0.0085704 secs] 82834K->75288K(131328K), 0.0087825 secs]
487.884: [GC 487.884: [ParNew: 8256K->0K(8320K), 0.0097801 secs] 83544K->76025K(131328K), 0.0099903 secs]
487.956: [GC 487.956: [ParNew: 8256K->0K(8320K), 0.0095803 secs] 84281K->76895K(131328K), 0.0098853 secs]
488.036: [GC 488.036: [ParNew: 8256K->0K(8320K), 0.0089674 secs] 85151K->77563K(131328K), 0.0091657 secs]
488.123: [GC 488.123: [ParNew: 8256K->0K(8320K), 0.0096544 secs] 85819K->78205K(131328K), 0.0098689 secs]
488.211: [GC 488.211: [ParNew: 8256K->0K(8320K), 0.0092113 secs] 86461K->78862K(131328K), 0.0094241 secs]
488.284: [GC 488.284: [ParNew: 8256K->0K(8320K), 0.0086715 secs] 87118K->79785K(131328K), 0.0088836 secs]
488.351: [GC 488.351: [ParNew: 8256K->0K(8320K), 0.0111482 secs] 88041K->80571K(131328K), 0.0114268 secs]
488.432: [GC 488.433: [ParNew: 8256K->0K(8320K), 0.0100733 secs] 88827K->81193K(131328K), 0.0103520 secs]
488.523: [GC 488.523: [ParNew: 8256K->0K(8320K), 0.0078923 secs] 89449K->81455K(131328K), 0.0081803 secs]
488.609: [GC 488.609: [ParNew: 8256K->0K(8320K), 0.0072824 secs] 89711K->82082K(131328K), 0.0075521 secs]
488.690: [GC 488.690: [ParNew: 8256K->0K(8320K), 0.0124148 secs] 90338K->82732K(131328K), 0.0126163 secs]
488.774: [GC 488.774: [ParNew: 8256K->0K(8320K), 0.0100898 secs] 90988K->83398K(131328K), 0.0102838 secs]
488.867: [GC 488.867: [ParNew: 8256K->0K(8320K), 0.0087406 secs] 91654K->83971K(131328K), 0.0089353 secs]
488.952: [GC 488.953: [ParNew: 8249K->0K(8320K), 0.0093763 secs] 92220K->84529K(131328K), 0.0096864 secs]
489.018: [Full GC 489.018: [CMS (concurrent mode failure): 84529K->70684K(123008K), 1.1784445 secs] 91476K->70684K(131328K), [CMS Perm : 65535K->61609K(65536K)], 1.1786992 secs]
490.266: [GC 490.266: [ParNew: 8256K->0K(8320K), 0.0095198 secs] 78940K->71324K(131328K), 0.0097390 secs]
490.345: [GC 490.345: [ParNew: 8256K->0K(8320K), 0.0093637 secs] 79580K->71956K(131328K), 0.0095608 secs]
490.418: [GC 490.419: [ParNew: 8256K->0K(8320K), 0.0100807 secs] 80212K->72678K(131328K), 0.0103899 secs]
490.489: [GC 490.489: [ParNew: 8256K->0K(8320K), 0.0099788 secs] 80934K->73288K(131328K), 0.0101783 secs]
490.567: [GC 490.567: [ParNew: 8256K->0K(8320K), 0.0099373 secs] 81544K->74024K(131328K), 0.0101363 secs]
490.650: [GC 490.651: [ParNew: 8256K->0K(8320K), 0.0096053 secs] 82280K->74684K(131328K), 0.0098083 secs]
490.743: [GC 490.743: [ParNew: 8256K->0K(8320K), 0.0116056 secs] 82940K->75453K(131328K), 0.0118222 secs]
490.824: [GC 490.824: [ParNew: 8256K->0K(8320K), 0.0093681 secs] 83709K->76189K(131328K), 0.0095748 secs]
490.902: [GC 490.902: [ParNew: 8256K->0K(8320K), 0.0096731 secs] 84445K->76881K(131328K), 0.0098937 secs]
490.967: [GC 490.967: [ParNew: 8256K->0K(8320K), 0.0113317 secs] 85137K->77745K(131328K), 0.0115344 secs]
491.038: [GC 491.038: [ParNew: 8256K->0K(8320K), 0.0095723 secs] 86001K->78443K(131328K), 0.0098688 secs]
491.107: [GC 491.108: [ParNew: 8256K->0K(8320K), 0.0096554 secs] 86699K->79235K(131328K), 0.0099536 secs]
491.198: [GC 491.198: [ParNew: 8256K->0K(8320K), 0.0092866 secs] 87491K->79641K(131328K), 0.0094981 secs]
491.286: [GC 491.287: [ParNew: 8256K->0K(8320K), 0.0093363 secs] 87897K->80138K(131328K), 0.0095333 secs]
491.369: [GC 491.369: [ParNew: 8256K->0K(8320K), 0.0100361 secs] 88394K->80784K(131328K), 0.0102380 secs]
491.457: [GC 491.457: [ParNew: 8256K->0K(8320K), 0.0084680 secs] 89040K->81432K(131328K), 0.0086673 secs]
491.537: [GC 491.537: [ParNew: 8256K->0K(8320K), 0.0098305 secs] 89688K->82108K(131328K), 0.0100466 secs]
491.610: [GC 491.611: [ParNew: 8256K->0K(8320K), 0.0104885 secs] 90364K->82902K(131328K), 0.0107192 secs]
491.677: [GC 491.677: [ParNew: 8256K->0K(8320K), 0.0151958 secs] 91158K->83759K(131328K), 0.0154896 secs]
491.756: [GC 491.756: [ParNew: 8256K->0K(8320K), 0.0138545 secs] 92015K->84616K(131328K), 0.0140599 secs]
491.848: [GC 491.848: [ParNew: 8256K->0K(8320K), 0.0095658 secs] 92872K->85268K(131328K), 0.0097666 secs]
491.867: [Full GC 491.867: [CMS (concurrent mode failure): 85268K->70204K(123008K), 0.9554235 secs] 86727K->70204K(131328K), [CMS Perm : 65535K->61610K(65536K)], 0.9556638 secs]
492.888: [GC 492.888: [ParNew: 8256K->0K(8320K), 0.0112357 secs] 78460K->70904K(131328K), 0.0114649 secs]
492.964: [GC 492.964: [ParNew: 8256K->0K(8320K), 0.0104007 secs] 79160K->71611K(131328K), 0.0106770 secs]
493.046: [GC 493.046: [ParNew: 8256K->0K(8320K), 0.0096214 secs] 79867K->72291K(131328K), 0.0098108 secs]
493.131: [GC 493.131: [ParNew: 8256K->0K(8320K), 0.0097359 secs] 80547K->73104K(131328K), 0.0155587 secs]
493.219: [GC 493.219: [ParNew: 8256K->0K(8320K), 0.0085058 secs] 81360K->73694K(131328K), 0.0087782 secs]
493.297: [GC 493.297: [ParNew: 8256K->0K(8320K), 0.0107079 secs] 81950K->74395K(131328K), 0.0110100 secs]
493.385: [GC 493.385: [ParNew: 8256K->0K(8320K), 0.0066410 secs] 82651K->74803K(131328K), 0.0068458 secs]
493.457: [GC 493.457: [ParNew: 8256K->0K(8320K), 0.0094013 secs] 83059K->75515K(131328K), 0.0096024 secs]
493.524: [GC 493.524: [ParNew: 8256K->0K(8320K), 0.0099319 secs] 83771K->76451K(131328K), 0.0101472 secs]
493.598: [GC 493.598: [ParNew: 8256K->0K(8320K), 0.0114581 secs] 84707K->77332K(131328K), 0.0116791 secs]
493.709: [GC 493.709: [ParNew: 8256K->0K(8320K), 0.0101467 secs] 85588K->77853K(131328K), 0.0103379 secs]
493.797: [GC 493.797: [ParNew: 8256K->0K(8320K), 0.0096578 secs] 86109K->78645K(131328K), 0.0098566 secs]
493.863: [GC 493.863: [ParNew: 8256K->0K(8320K), 0.0115727 secs] 86901K->79526K(131328K), 0.0117600 secs]
493.937: [GC 493.937: [ParNew: 8256K->0K(8320K), 0.0093716 secs] 87782K->80131K(131328K), 0.0096665 secs]
494.004: [GC 494.004: [ParNew: 8256K->0K(8320K), 0.0086545 secs] 88387K->80894K(131328K), 0.0088818 secs]
494.073: [GC 494.073: [ParNew: 8256K->0K(8320K), 0.0095458 secs] 89150K->81554K(131328K), 0.0098004 secs]
494.183: [GC 494.183: [ParNew: 8256K->0K(8320K), 0.0083760 secs] 89810K->81916K(131328K), 0.0085687 secs]
494.258: [GC 494.258: [ParNew: 8256K->0K(8320K), 0.0106387 secs] 90172K->82685K(131328K), 0.0108468 secs]
494.346: [GC 494.347: [ParNew: 8256K->0K(8320K), 0.0096355 secs] 90941K->83324K(131328K), 0.0099280 secs]
494.440: [GC 494.440: [ParNew: 8256K->0K(8320K), 0.0089197 secs] 91580K->83942K(131328K), 0.0091167 secs]
494.503: [Full GC 494.503: [CMS (concurrent mode failure): 83942K->70139K(123008K), 0.9469061 secs] 90420K->70139K(131328K), [CMS Perm : 65535K->61615K(65536K)], 0.9472196 secs]
495.512: [GC 495.512: [ParNew: 8256K->0K(8320K), 0.0122071 secs] 78395K->71114K(131328K), 0.0124174 secs]
495.596: [GC 495.596: [ParNew: 8256K->0K(8320K), 0.0094204 secs] 79370K->71680K(131328K), 0.0096194 secs]
495.681: [GC 495.681: [ParNew: 8256K->0K(8320K), 0.0097864 secs] 79936K->72343K(131328K), 0.0100023 secs]
495.763: [GC 495.763: [ParNew: 8256K->0K(8320K), 0.0110072 secs] 80599K->73030K(131328K), 0.0112167 secs]
495.839: [GC 495.839: [ParNew: 8256K->0K(8320K), 0.0094783 secs] 81286K->73771K(131328K), 0.0096935 secs]
495.911: [GC 495.912: [ParNew: 8256K->0K(8320K), 0.0101801 secs] 82027K->74657K(131328K), 0.0103806 secs]
496.004: [GC 496.004: [ParNew: 8256K->0K(8320K), 0.0094644 secs] 82913K->75265K(131328K), 0.0096578 secs]
496.093: [GC 496.093: [ParNew: 8255K->0K(8320K), 0.0091913 secs] 83520K->75944K(131328K), 0.0094185 secs]
496.164: [GC 496.164: [ParNew: 8256K->0K(8320K), 0.0094488 secs] 84200K->76824K(131328K), 0.0096584 secs]
496.235: [GC 496.235: [ParNew: 8256K->0K(8320K), 0.0085227 secs] 85080K->77431K(131328K), 0.0087133 secs]
496.302: [GC 496.302: [ParNew: 8256K->0K(8320K), 0.0101037 secs] 85687K->78241K(131328K), 0.0103053 secs]
496.373: [GC 496.373: [ParNew: 8256K->0K(8320K), 0.0110894 secs] 86497K->78987K(131328K), 0.0113723 secs]
496.467: [GC 496.467: [ParNew: 8256K->0K(8320K), 0.0091951 secs] 87243K->79556K(131328K), 0.0093945 secs]
496.557: [GC 496.557: [ParNew: 8256K->0K(8320K), 0.0080823 secs] 87812K->80176K(131328K), 0.0082951 secs]
496.636: [GC 496.636: [ParNew: 8255K->0K(8320K), 0.0089312 secs] 88431K->80705K(131328K), 0.0091568 secs]
496.710: [GC 496.710: [ParNew: 8256K->0K(8320K), 0.0136465 secs] 88961K->81690K(131328K), 0.0138431 secs]
496.796: [GC 496.796: [ParNew: 8254K->0K(8320K), 0.0076235 secs] 89944K->82264K(131328K), 0.0078307 secs]
496.869: [GC 496.869: [ParNew: 8256K->0K(8320K), 0.0096483 secs] 90520K->83106K(131328K), 0.0098517 secs]
496.945: [GC 496.946: [ParNew: 8256K->0K(8320K), 0.0103901 secs] 91362K->83887K(131328K), 0.0106013 secs]
497.020: [GC 497.021: [ParNew: 8256K->0K(8320K), 0.0105205 secs] 92143K->84552K(131328K), 0.0107301 secs]
497.114: [GC 497.114: [ParNew: 8255K->0K(8320K), 0.0084676 secs] 92808K->84943K(131328K), 0.0086638 secs]
497.199: [Full GC 497.199: [CMS (concurrent mode failure): 84943K->70757K(123008K), 0.9509165 secs] 92301K->70757K(131328K), [CMS Perm : 65535K->61611K(65536K)], 0.9511953 secs]
498.242: [GC 498.242: [ParNew: 8255K->0K(8320K), 0.0076964 secs] 79013K->71199K(131328K), 0.0078979 secs]
498.316: [GC 498.316: [ParNew: 8256K->0K(8320K), 0.0085036 secs] 79455K->72009K(131328K), 0.0086845 secs]
498.384: [GC 498.384: [ParNew: 8256K->0K(8320K), 0.0108038 secs] 80265K->72990K(131328K), 0.0110040 secs]
498.459: [GC 498.459: [ParNew: 8256K->0K(8320K), 0.0111788 secs] 81246K->73753K(131328K), 0.0113732 secs]
498.536: [GC 498.536: [ParNew: 8256K->0K(8320K), 0.0103033 secs] 82009K->74529K(131328K), 0.0104935 secs]
498.620: [GC 498.620: [ParNew: 8256K->0K(8320K), 0.0088725 secs] 82785K->75132K(131328K), 0.0090643 secs]
498.704: [GC 498.704: [ParNew: 8256K->0K(8320K), 0.0131185 secs] 83388K->75739K(131328K), 0.0133214 secs]
498.786: [GC 498.786: [ParNew: 8256K->0K(8320K), 0.0101843 secs] 83995K->76452K(131328K), 0.0103872 secs]
498.859: [GC 498.859: [ParNew: 8256K->0K(8320K), 0.0103651 secs] 84708K->77131K(131328K), 0.0105612 secs]
498.949: [GC 498.950: [ParNew: 8256K->0K(8320K), 0.0090074 secs] 85387K->77667K(131328K), 0.0092845 secs]
499.040: [GC 499.040: [ParNew: 8256K->0K(8320K), 0.0098214 secs] 85923K->78449K(131328K), 0.0100304 secs]
499.135: [GC 499.135: [ParNew: 8256K->0K(8320K), 0.0097386 secs] 86705K->79080K(131328K), 0.0099277 secs]
499.208: [GC 499.208: [ParNew: 8256K->0K(8320K), 0.0092451 secs] 87336K->79980K(131328K), 0.0094434 secs]
499.273: [GC 499.273: [ParNew: 8256K->0K(8320K), 0.0101134 secs] 88236K->80802K(131328K), 0.0103263 secs]
499.347: [GC 499.347: [ParNew: 8256K->0K(8320K), 0.0089734 secs] 89058K->81475K(131328K), 0.0091822 secs]
499.421: [GC 499.421: [ParNew: 8256K->0K(8320K), 0.0099542 secs] 89731K->82225K(131328K), 0.0101660 secs]
499.486: [GC 499.486: [ParNew: 8256K->0K(8320K), 0.0110852 secs] 90481K->83160K(131328K), 0.0112904 secs]
499.558: [GC 499.558: [ParNew: 8256K->0K(8320K), 0.0104098 secs] 91416K->83857K(131328K), 0.0106333 secs]
499.639: [GC 499.639: [ParNew: 8256K->0K(8320K), 0.0126735 secs] 92113K->84445K(131328K), 0.0129820 secs]
499.735: [GC 499.735: [ParNew: 8256K->0K(8320K), 0.0113816 secs] 92701K->84964K(131328K), 0.0116456 secs]
499.820: [GC 499.820: [ParNew: 8256K->0K(8320K), 0.0086596 secs] 93220K->85701K(131328K), 0.0088626 secs]
499.887: [GC 499.887: [ParNew: 8256K->0K(8320K), 0.0107678 secs] 93957K->86542K(131328K), 0.0109779 secs]
499.926: [Full GC 499.926: [CMS (concurrent mode failure): 86542K->70613K(123008K), 0.9785091 secs] 89654K->70613K(131328K), [CMS Perm : 65535K->61614K(65536K)], 0.9787542 secs]
500.978: [GC 500.978: [ParNew: 8256K->0K(8320K), 0.0075973 secs] 78869K->71181K(131328K), 0.0078052 secs]
501.056: [GC 501.056: [ParNew: 8256K->0K(8320K), 0.0101669 secs] 79437K->71746K(131328K), 0.0103590 secs]
501.147: [GC 501.148: [ParNew: 8256K->0K(8320K), 0.0092724 secs] 80002K->72293K(131328K), 0.0094865 secs]
501.233: [GC 501.234: [ParNew: 8256K->0K(8320K), 0.0071322 secs] 80549K->72742K(131328K), 0.0074048 secs]
501.308: [GC 501.308: [ParNew: 8256K->0K(8320K), 0.0089108 secs] 80998K->73575K(131328K), 0.0092223 secs]
501.384: [GC 501.384: [ParNew: 8256K->0K(8320K), 0.0100197 secs] 81831K->74285K(131328K), 0.0102124 secs]
501.466: [GC 501.466: [ParNew: 8256K->0K(8320K), 0.0100423 secs] 82541K->74955K(131328K), 0.0103334 secs]
501.553: [GC 501.553: [ParNew: 8256K->0K(8320K), 0.0088622 secs] 83211K->75508K(131328K), 0.0090977 secs]
501.655: [GC 501.655: [ParNew: 8256K->0K(8320K), 0.0118486 secs] 83764K->76019K(131328K), 0.0121647 secs]
501.740: [GC 501.740: [ParNew: 8256K->0K(8320K), 0.0111076 secs] 84275K->76626K(131328K), 0.0113159 secs]
501.827: [GC 501.827: [ParNew: 8256K->0K(8320K), 0.0085744 secs] 84882K->77244K(131328K), 0.0087770 secs]
501.898: [GC 501.898: [ParNew: 8256K->0K(8320K), 0.0096490 secs] 85500K->77958K(131328K), 0.0099385 secs]
501.976: [GC 501.976: [ParNew: 8255K->0K(8320K), 0.0099554 secs] 86214K->78668K(131328K), 0.0101566 secs]
502.048: [GC 502.048: [ParNew: 8256K->0K(8320K), 0.0097080 secs] 86924K->79404K(131328K), 0.0099168 secs]
502.124: [GC 502.124: [ParNew: 8256K->0K(8320K), 0.0104124 secs] 87660K->80151K(131328K), 0.0106441 secs]
502.210: [GC 502.210: [ParNew: 8256K->0K(8320K), 0.0096508 secs] 88407K->80744K(131328K), 0.0098425 secs]
502.279: [GC 502.279: [ParNew: 8253K->0K(8320K), 0.0121179 secs] 88997K->81467K(131328K), 0.0123473 secs]
502.372: [GC 502.372: [ParNew: 8256K->0K(8320K), 0.0087055 secs] 89723K->81853K(131328K), 0.0088973 secs]
502.448: [GC 502.449: [ParNew: 8256K->0K(8320K), 0.0099157 secs] 90109K->82841K(131328K), 0.0102138 secs]
502.493: [Full GC 502.493: [CMS (concurrent mode failure): 82841K->70068K(123008K), 0.9316423 secs] 86945K->70068K(131328K), [CMS Perm : 65536K->61611K(65536K)], 0.9318760 secs]
503.510: [GC 503.510: [ParNew: 8252K->0K(8320K), 0.0101541 secs] 78321K->70759K(131328K), 0.0104609 secs]
503.596: [GC 503.596: [ParNew: 8254K->0K(8320K), 0.0082852 secs] 79014K->71420K(131328K), 0.0085688 secs]
503.662: [GC 503.663: [ParNew: 8256K->0K(8320K), 0.0107526 secs] 79676K->72348K(131328K), 0.0109758 secs]
503.742: [GC 503.742: [ParNew: 8256K->0K(8320K), 0.0098863 secs] 80604K->73030K(131328K), 0.0101119 secs]
503.822: [GC 503.822: [ParNew: 8256K->0K(8320K), 0.0132665 secs] 81286K->73677K(131328K), 0.0135718 secs]
503.906: [GC 503.906: [ParNew: 8256K->0K(8320K), 0.0097128 secs] 81933K->74263K(131328K), 0.0099256 secs]
503.986: [GC 503.986: [ParNew: 8256K->0K(8320K), 0.0093284 secs] 82519K->74828K(131328K), 0.0095302 secs]
504.060: [GC 504.060: [ParNew: 8256K->0K(8320K), 0.0093282 secs] 83084K->75633K(131328K), 0.0095296 secs]
504.137: [GC 504.137: [ParNew: 8256K->0K(8320K), 0.0108017 secs] 83889K->76239K(131328K), 0.0110901 secs]
504.225: [GC 504.225: [ParNew: 8256K->0K(8320K), 0.0097616 secs] 84495K->76812K(131328K), 0.0100454 secs]
504.317: [GC 504.317: [ParNew: 8256K->0K(8320K), 0.0068262 secs] 85068K->77246K(131328K), 0.0070299 secs]
504.404: [GC 504.405: [ParNew: 8256K->0K(8320K), 0.0089684 secs] 85502K->77853K(131328K), 0.0092572 secs]
504.486: [GC 504.486: [ParNew: 8254K->0K(8320K), 0.0100974 secs] 86107K->78759K(131328K), 0.0103961 secs]
504.578: [GC 504.578: [ParNew: 8255K->0K(8320K), 0.0080267 secs] 87015K->79265K(131328K), 0.0083094 secs]
504.650: [GC 504.650: [ParNew: 8256K->0K(8320K), 0.0096268 secs] 87521K->79971K(131328K), 0.0099184 secs]
504.733: [GC 504.733: [ParNew: 8256K->0K(8320K), 0.0114928 secs] 88227K->80760K(131328K), 0.0116908 secs]
504.809: [GC 504.809: [ParNew: 8256K->0K(8320K), 0.0107690 secs] 89016K->81513K(131328K), 0.0109492 secs]
504.879: [GC 504.880: [ParNew: 8256K->0K(8320K), 0.0105498 secs] 89769K->82122K(131328K), 0.0108250 secs]
504.951: [GC 504.952: [ParNew: 8256K->0K(8320K), 0.0097996 secs] 90378K->82948K(131328K), 0.0100058 secs]
505.017: [GC 505.018: [ParNew: 8256K->0K(8320K), 0.0101685 secs] 91204K->83787K(131328K), 0.0104600 secs]
505.084: [GC 505.085: [ParNew: 8256K->0K(8320K), 0.0116247 secs] 92043K->84662K(131328K), 0.0118170 secs]
505.141: [Full GC 505.148: [CMS (concurrent mode failure): 84662K->70424K(123008K), 0.9499990 secs] 89875K->70424K(131328K), [CMS Perm : 65536K->61617K(65536K)], 0.9503443 secs]
506.159: [GC 506.159: [ParNew: 8256K->0K(8320K), 0.0110689 secs] 78680K->71117K(131328K), 0.0112908 secs]
506.224: [GC 506.225: [ParNew: 8256K->0K(8320K), 0.0102156 secs] 79373K->71929K(131328K), 0.0104140 secs]
506.293: [GC 506.293: [ParNew: 8256K->0K(8320K), 0.0090120 secs] 80185K->72401K(131328K), 0.0093118 secs]
506.363: [GC 506.364: [ParNew: 8256K->0K(8320K), 0.0089112 secs] 80657K->73118K(131328K), 0.0091890 secs]
506.450: [GC 506.450: [ParNew: 8255K->0K(8320K), 0.0129144 secs] 81373K->73591K(131328K), 0.0131163 secs]
506.530: [GC 506.530: [ParNew: 8256K->0K(8320K), 0.0116120 secs] 81847K->74391K(131328K), 0.0118317 secs]
506.605: [GC 506.605: [ParNew: 8256K->0K(8320K), 0.0087940 secs] 82647K->74907K(131328K), 0.0090077 secs]
506.674: [GC 506.674: [ParNew: 8256K->0K(8320K), 0.0137687 secs] 83163K->75657K(131328K), 0.0139823 secs]
506.756: [GC 506.756: [ParNew: 8256K->0K(8320K), 0.0096914 secs] 83913K->76370K(131328K), 0.0098810 secs]
506.830: [GC 506.830: [ParNew: 8256K->0K(8320K), 0.0085654 secs] 84626K->76791K(131328K), 0.0087718 secs]
506.905: [GC 506.905: [ParNew: 8256K->0K(8320K), 0.0091507 secs] 85047K->77324K(131328K), 0.0094323 secs]
507.007: [GC 507.007: [ParNew: 8256K->0K(8320K), 0.0076330 secs] 85580K->77652K(131328K), 0.0079129 secs]
507.076: [GC 507.076: [ParNew: 8256K->0K(8320K), 0.0085316 secs] 85908K->78229K(131328K), 0.0087257 secs]
507.157: [GC 507.157: [ParNew: 8256K->0K(8320K), 0.0117029 secs] 86485K->78758K(131328K), 0.0119014 secs]
507.251: [GC 507.251: [ParNew: 8256K->0K(8320K), 0.0110962 secs] 87014K->79184K(131328K), 0.0113567 secs]
507.334: [GC 507.334: [ParNew: 8252K->0K(8320K), 0.0086883 secs] 87437K->79658K(131328K), 0.0088926 secs]
507.408: [GC 507.408: [ParNew: 8256K->0K(8320K), 0.0094705 secs] 87914K->80288K(131328K), 0.0097480 secs]
507.496: [GC 507.496: [ParNew: 8256K->0K(8320K), 0.0087452 secs] 88544K->80691K(131328K), 0.0091449 secs]
507.568: [GC 507.568: [ParNew: 8256K->0K(8320K), 0.0087182 secs] 88947K->81252K(131328K), 0.0089143 secs]
507.627: [Full GC 507.627: [CMS (concurrent mode failure): 81252K->70770K(123008K), 0.9436954 secs] 86879K->70770K(131328K), [CMS Perm : 65536K->61617K(65536K)], 0.9440278 secs]
508.627: [GC 508.627: [ParNew: 8256K->0K(8320K), 0.0101588 secs] 79026K->71564K(131328K), 0.0104458 secs]
508.697: [GC 508.697: [ParNew: 8256K->0K(8320K), 0.0137883 secs] 79820K->72275K(131328K), 0.0139841 secs]
508.769: [GC 508.769: [ParNew: 8249K->0K(8320K), 0.0077182 secs] 80525K->72833K(131328K), 0.0079134 secs]
508.829: [GC 508.829: [ParNew: 8256K->0K(8320K), 0.0087018 secs] 81089K->73531K(131328K), 0.0088948 secs]
508.888: [GC 508.888: [ParNew: 8256K->0K(8320K), 0.0125569 secs] 81787K->74399K(131328K), 0.0128432 secs]
508.959: [GC 508.959: [ParNew: 8256K->0K(8320K), 0.0073890 secs] 82655K->74965K(131328K), 0.0075918 secs]
509.024: [GC 509.024: [ParNew: 8256K->0K(8320K), 0.0086194 secs] 83221K->75510K(131328K), 0.0088176 secs]
509.086: [GC 509.087: [ParNew: 8256K->0K(8320K), 0.0093730 secs] 83766K->76080K(131328K), 0.0095625 secs]
509.147: [GC 509.147: [ParNew: 8256K->0K(8320K), 0.0107527 secs] 84336K->76979K(131328K), 0.0109489 secs]
509.213: [GC 509.213: [ParNew: 8256K->0K(8320K), 0.0101560 secs] 85235K->77618K(131328K), 0.0103524 secs]
509.297: [GC 509.297: [ParNew: 8256K->0K(8320K), 0.0089010 secs] 85874K->78147K(131328K), 0.0090899 secs]
509.373: [GC 509.373: [ParNew: 8256K->0K(8320K), 0.0096592 secs] 86403K->78736K(131328K), 0.0098503 secs]
509.464: [GC 509.464: [ParNew: 8256K->0K(8320K), 0.0082259 secs] 86992K->79033K(131328K), 0.0085159 secs]
509.533: [GC 509.533: [ParNew: 8255K->0K(8320K), 0.0082800 secs] 87288K->79606K(131328K), 0.0085609 secs]
509.596: [GC 509.596: [ParNew: 8256K->0K(8320K), 0.0069951 secs] 87862K->80164K(131328K), 0.0072769 secs]
509.665: [GC 509.665: [ParNew: 8256K->0K(8320K), 0.0125775 secs] 88420K->80807K(131328K), 0.0128245 secs]
509.736: [GC 509.737: [ParNew: 8256K->0K(8320K), 0.0107401 secs] 89063K->81468K(131328K), 0.0109352 secs]
509.807: [GC 509.808: [ParNew: 8256K->0K(8320K), 0.0100333 secs] 89724K->82188K(131328K), 0.0103294 secs]
509.889: [GC 509.889: [ParNew: 8240K->0K(8320K), 0.0096955 secs] 90429K->82686K(131328K), 0.0098948 secs]
509.972: [GC 509.972: [ParNew: 8256K->0K(8320K), 0.0076526 secs] 90942K->83104K(131328K), 0.0078478 secs]
510.045: [GC 510.045: [ParNew: 8256K->0K(8320K), 0.0078590 secs] 91360K->83567K(131328K), 0.0080718 secs]
510.151: [Full GC 510.151: [CMS (concurrent mode failure): 83567K->70995K(123008K), 0.9460946 secs] 91382K->70995K(131328K), [CMS Perm : 65536K->61618K(65536K)], 0.9463918 secs]
511.168: [GC 511.168: [ParNew: 8256K->0K(8320K), 0.0097599 secs] 79251K->71537K(131328K), 0.0100129 secs]
511.238: [GC 511.238: [ParNew: 8256K->0K(8320K), 0.0093317 secs] 79793K->72269K(131328K), 0.0095431 secs]
511.300: [GC 511.300: [ParNew: 8256K->0K(8320K), 0.0097309 secs] 80525K->72921K(131328K), 0.0099233 secs]
511.390: [GC 511.390: [ParNew: 8256K->0K(8320K), 0.0098840 secs] 81177K->73533K(131328K), 0.0100777 secs]
511.461: [GC 511.461: [ParNew: 8256K->0K(8320K), 0.0081436 secs] 81789K->74122K(131328K), 0.0083473 secs]
511.530: [GC 511.530: [ParNew: 8256K->0K(8320K), 0.0085712 secs] 82378K->74797K(131328K), 0.0087852 secs]
511.590: [GC 511.590: [ParNew: 8256K->0K(8320K), 0.0096947 secs] 83053K->75561K(131328K), 0.0098865 secs]
511.653: [GC 511.653: [ParNew: 8256K->0K(8320K), 0.0121068 secs] 83817K->76376K(131328K), 0.0123374 secs]
511.722: [GC 511.722: [ParNew: 8256K->0K(8320K), 0.0088434 secs] 84632K->77061K(131328K), 0.0090503 secs]
511.792: [GC 511.792: [ParNew: 8256K->0K(8320K), 0.0098953 secs] 85317K->77745K(131328K), 0.0100783 secs]
511.849: [GC 511.850: [ParNew: 8256K->0K(8320K), 0.0068540 secs] 86001K->78338K(131328K), 0.0071196 secs]
511.905: [GC 511.906: [ParNew: 8256K->0K(8320K), 0.0086356 secs] 86594K->79096K(131328K), 0.0088275 secs]
511.975: [GC 511.976: [ParNew: 8256K->0K(8320K), 0.0098215 secs] 87352K->79867K(131328K), 0.0100814 secs]
512.057: [GC 512.057: [ParNew: 8256K->0K(8320K), 0.0087974 secs] 88123K->80422K(131328K), 0.0089796 secs]
512.136: [GC 512.136: [ParNew: 8256K->0K(8320K), 0.0076437 secs] 88678K->80884K(131328K), 0.0078317 secs]
512.201: [GC 512.201: [ParNew: 8256K->0K(8320K), 0.0107723 secs] 89140K->81615K(131328K), 0.0109623 secs]
512.268: [GC 512.268: [ParNew: 8256K->0K(8320K), 0.0092871 secs] 89871K->82239K(131328K), 0.0094854 secs]
512.358: [GC 512.358: [ParNew: 8256K->0K(8320K), 0.0094680 secs] 90495K->82722K(131328K), 0.0096589 secs]
512.439: [GC 512.439: [ParNew: 8256K->0K(8320K), 0.0107009 secs] 90978K->83290K(131328K), 0.0109554 secs]
512.516: [GC 512.516: [ParNew: 8256K->0K(8320K), 0.0132392 secs] 91546K->83931K(131328K), 0.0134464 secs]
512.606: [GC 512.607: [ParNew: 8256K->0K(8320K), 0.0136747 secs] 92187K->84574K(131328K), 0.0138895 secs]
512.744: [GC 512.744: [ParNew: 8256K->0K(8320K), 0.0080828 secs] 92830K->84920K(131328K), 0.0082930 secs]
512.789: [Full GC 512.789: [CMS (concurrent mode failure): 84920K->70642K(123008K), 0.9416031 secs] 90104K->70642K(131328K), [CMS Perm : 65535K->61618K(65536K)], 0.9419315 secs]
513.803: [GC 513.803: [ParNew: 8256K->0K(8320K), 0.0107555 secs] 78898K->71218K(131328K), 0.0109645 secs]
513.892: [GC 513.892: [ParNew: 8256K->0K(8320K), 0.0095717 secs] 79474K->71780K(131328K), 0.0098667 secs]
513.962: [GC 513.962: [ParNew: 8256K->0K(8320K), 0.0081774 secs] 80036K->72269K(131328K), 0.0083875 secs]
514.052: [GC 514.053: [ParNew: 8256K->0K(8320K), 0.0081177 secs] 80525K->72594K(131328K), 0.0083904 secs]
514.121: [GC 514.121: [ParNew: 8256K->0K(8320K), 0.0082785 secs] 80850K->73180K(131328K), 0.0085320 secs]
514.184: [GC 514.184: [ParNew: 8253K->0K(8320K), 0.0096540 secs] 81434K->73795K(131328K), 0.0098464 secs]
514.243: [GC 514.243: [ParNew: 8256K->0K(8320K), 0.0095835 secs] 82051K->74594K(131328K), 0.0098612 secs]
514.320: [GC 514.320: [ParNew: 8256K->0K(8320K), 0.0099843 secs] 82850K->75245K(131328K), 0.0102791 secs]
514.386: [GC 514.386: [ParNew: 8256K->0K(8320K), 0.0084373 secs] 83501K->75915K(131328K), 0.0086294 secs]
514.445: [GC 514.445: [ParNew: 8256K->0K(8320K), 0.0098091 secs] 84171K->76597K(131328K), 0.0100753 secs]
514.506: [GC 514.506: [ParNew: 8256K->0K(8320K), 0.0098911 secs] 84853K->77291K(131328K), 0.0101032 secs]
514.567: [GC 514.567: [ParNew: 8256K->0K(8320K), 0.0082296 secs] 85547K->78005K(131328K), 0.0084986 secs]
514.632: [GC 514.632: [ParNew: 8256K->0K(8320K), 0.0102721 secs] 86261K->78566K(131328K), 0.0104780 secs]
514.702: [GC 514.702: [ParNew: 8256K->0K(8320K), 0.0115146 secs] 86822K->79150K(131328K), 0.0117124 secs]
514.770: [GC 514.770: [ParNew: 8256K->0K(8320K), 0.0111567 secs] 87406K->79871K(131328K), 0.0114576 secs]
514.850: [GC 514.850: [ParNew: 8255K->0K(8320K), 0.0083103 secs] 88126K->80443K(131328K), 0.0085961 secs]
514.915: [GC 514.915: [ParNew: 8256K->0K(8320K), 0.0085113 secs] 88699K->81034K(131328K), 0.0087240 secs]
514.986: [GC 514.986: [ParNew: 8256K->0K(8320K), 0.0088794 secs] 89290K->81527K(131328K), 0.0091740 secs]
515.071: [GC 515.071: [ParNew: 8256K->0K(8320K), 0.0095063 secs] 89783K->81946K(131328K), 0.0098434 secs]
515.143: [GC 515.148: [ParNew: 8256K->0K(8320K), 0.0085402 secs] 90202K->82537K(131328K), 0.0088552 secs]
515.228: [GC 515.228: [ParNew: 8256K->0K(8320K), 0.0075918 secs] 90793K->83068K(131328K), 0.0078013 secs]
515.262: [Full GC 515.262: [CMS (concurrent mode failure): 83068K->70808K(123008K), 0.9451055 secs] 86890K->70808K(131328K), [CMS Perm : 65535K->61624K(65536K)], 0.9453440 secs]
516.265: [GC 516.265: [ParNew: 8256K->0K(8320K), 0.0102125 secs] 79064K->71565K(131328K), 0.0104175 secs]
516.328: [GC 516.329: [ParNew: 8256K->0K(8320K), 0.0103083 secs] 79821K->72240K(131328K), 0.0105757 secs]
516.436: [GC 516.437: [ParNew: 8255K->0K(8320K), 0.0070591 secs] 80496K->72544K(131328K), 0.0072413 secs]
516.511: [GC 516.511: [ParNew: 8256K->0K(8320K), 0.0087564 secs] 80800K->73145K(131328K), 0.0089680 secs]
516.579: [GC 516.579: [ParNew: 8256K->0K(8320K), 0.0085156 secs] 81401K->73806K(131328K), 0.0087283 secs]
516.642: [GC 516.642: [ParNew: 8256K->0K(8320K), 0.0096595 secs] 82062K->74599K(131328K), 0.0099248 secs]
516.730: [GC 516.730: [ParNew: 8256K->0K(8320K), 0.0112212 secs] 82855K->75283K(131328K), 0.0114450 secs]
516.822: [GC 516.822: [ParNew: 8256K->0K(8320K), 0.0069920 secs] 83539K->75741K(131328K), 0.0072211 secs]
516.921: [GC 516.921: [ParNew: 8256K->0K(8320K), 0.0082133 secs] 83997K->76151K(131328K), 0.0084992 secs]
516.997: [GC 516.997: [ParNew: 8256K->0K(8320K), 0.0098223 secs] 84407K->76776K(131328K), 0.0100782 secs]
517.066: [GC 517.066: [ParNew: 8256K->0K(8320K), 0.0101192 secs] 85032K->77560K(131328K), 0.0104222 secs]
517.143: [GC 517.146: [ParNew: 8256K->0K(8320K), 0.0091739 secs] 85816K->78191K(131328K), 0.0094905 secs]
517.227: [GC 517.227: [ParNew: 8256K->0K(8320K), 0.0086339 secs] 86447K->78797K(131328K), 0.0089215 secs]
517.297: [GC 517.297: [ParNew: 8256K->0K(8320K), 0.0088318 secs] 87053K->79297K(131328K), 0.0090800 secs]
517.367: [GC 517.368: [ParNew: 8256K->0K(8320K), 0.0102310 secs] 87553K->80065K(131328K), 0.0105168 secs]
517.430: [GC 517.430: [ParNew: 8256K->0K(8320K), 0.0095538 secs] 88321K->80743K(131328K), 0.0097614 secs]
517.500: [GC 517.500: [ParNew: 8256K->0K(8320K), 0.0097917 secs] 88999K->81561K(131328K), 0.0099934 secs]
517.564: [GC 517.564: [ParNew: 8256K->0K(8320K), 0.0092319 secs] 89817K->82291K(131328K), 0.0094276 secs]
517.637: [GC 517.637: [ParNew: 8256K->0K(8320K), 0.0094330 secs] 90547K->82883K(131328K), 0.0096583 secs]
517.745: [GC 517.746: [ParNew: 8256K->0K(8320K), 0.0092651 secs] 91139K->83320K(131328K), 0.0094764 secs]
517.849: [GC 517.849: [ParNew: 8256K->0K(8320K), 0.0065675 secs] 91576K->83681K(131328K), 0.0067742 secs]
517.883: [Full GC 517.883: [CMS (concurrent mode failure): 83681K->70670K(123008K), 1.0522029 secs] 85361K->70670K(131328K), [CMS Perm : 65535K->61624K(65536K)], 1.0524920 secs]
519.011: [GC 519.011: [ParNew: 8256K->0K(8320K), 0.0100411 secs] 78926K->71288K(131328K), 0.0102483 secs]
519.085: [GC 519.085: [ParNew: 8256K->0K(8320K), 0.0093939 secs] 79544K->71914K(131328K), 0.0096567 secs]
519.154: [GC 519.155: [ParNew: 8256K->0K(8320K), 0.0103777 secs] 80170K->72789K(131328K), 0.0105884 secs]
519.230: [GC 519.230: [ParNew: 8255K->0K(8320K), 0.0084160 secs] 81045K->73314K(131328K), 0.0086914 secs]
519.307: [GC 519.308: [ParNew: 8256K->0K(8320K), 0.0097427 secs] 81570K->73878K(131328K), 0.0099578 secs]
519.385: [GC 519.385: [ParNew: 8256K->0K(8320K), 0.0083297 secs] 82134K->74363K(131328K), 0.0085184 secs]
519.493: [GC 519.493: [ParNew: 8256K->0K(8320K), 0.0069605 secs] 82619K->74868K(131328K), 0.0071686 secs]
519.563: [GC 519.563: [ParNew: 8256K->0K(8320K), 0.0092122 secs] 83124K->75489K(131328K), 0.0094099 secs]
519.639: [GC 519.639: [ParNew: 8256K->0K(8320K), 0.0105848 secs] 83745K->75998K(131328K), 0.0108060 secs]
519.723: [GC 519.723: [ParNew: 8256K->0K(8320K), 0.0093774 secs] 84254K->76695K(131328K), 0.0096549 secs]
519.808: [GC 519.808: [ParNew: 8256K->0K(8320K), 0.0092985 secs] 84951K->77179K(131328K), 0.0094842 secs]
519.874: [GC 519.874: [ParNew: 8256K->0K(8320K), 0.0079559 secs] 85435K->77681K(131328K), 0.0081671 secs]
519.938: [GC 519.938: [ParNew: 8256K->0K(8320K), 0.0084866 secs] 85937K->78242K(131328K), 0.0086744 secs]
519.998: [GC 519.998: [ParNew: 8256K->0K(8320K), 0.0093507 secs] 86498K->79092K(131328K), 0.0095476 secs]
520.052: [GC 520.053: [ParNew: 8256K->0K(8320K), 0.0097367 secs] 87348K->79781K(131328K), 0.0099930 secs]
520.116: [GC 520.117: [ParNew: 8256K->0K(8320K), 0.0091735 secs] 88037K->80477K(131328K), 0.0094668 secs]
520.176: [GC 520.177: [ParNew: 8256K->0K(8320K), 0.0146702 secs] 88733K->81371K(131328K), 0.0148636 secs]
520.242: [GC 520.242: [ParNew: 8256K->0K(8320K), 0.0098093 secs] 89627K->82039K(131328K), 0.0100018 secs]
520.305: [GC 520.306: [ParNew: 8256K->0K(8320K), 0.0105894 secs] 90295K->82801K(131328K), 0.0108542 secs]
520.391: [GC 520.391: [ParNew: 8255K->0K(8320K), 0.0081332 secs] 91057K->83108K(131328K), 0.0083248 secs]
520.467: [GC 520.467: [ParNew: 8256K->0K(8320K), 0.0099730 secs] 91364K->83673K(131328K), 0.0101839 secs]
520.548: [Full GC 520.548: [CMS (concurrent mode failure): 83673K->70513K(123008K), 0.9445893 secs] 91599K->70513K(131328K), [CMS Perm : 65535K->61619K(65536K)], 0.9448204 secs]
521.590: [GC 521.590: [ParNew: 8256K->0K(8320K), 0.0085310 secs] 78769K->70943K(131328K), 0.0087291 secs]
521.669: [GC 521.670: [ParNew: 8256K->0K(8320K), 0.0118859 secs] 79199K->71475K(131328K), 0.0120806 secs]
521.744: [GC 521.744: [ParNew: 8256K->0K(8320K), 0.0102802 secs] 79731K->72100K(131328K), 0.0104817 secs]
521.817: [GC 521.817: [ParNew: 8256K->0K(8320K), 0.0090448 secs] 80356K->72762K(131328K), 0.0092538 secs]
521.891: [GC 521.891: [ParNew: 8256K->0K(8320K), 0.0068449 secs] 81018K->73214K(131328K), 0.0071146 secs]
521.957: [GC 521.957: [ParNew: 8256K->0K(8320K), 0.0103802 secs] 81470K->74089K(131328K), 0.0105720 secs]
522.023: [GC 522.023: [ParNew: 8256K->0K(8320K), 0.0093027 secs] 82345K->74706K(131328K), 0.0094975 secs]
522.108: [GC 522.108: [ParNew: 8256K->0K(8320K), 0.0067868 secs] 82962K->75087K(131328K), 0.0070115 secs]
522.191: [GC 522.191: [ParNew: 8256K->0K(8320K), 0.0082416 secs] 83343K->75426K(131328K), 0.0084343 secs]
522.270: [GC 522.270: [ParNew: 8256K->0K(8320K), 0.0089266 secs] 83682K->76042K(131328K), 0.0091296 secs]
522.364: [GC 522.364: [ParNew: 8256K->0K(8320K), 0.0090923 secs] 84298K->76648K(131328K), 0.0093035 secs]
522.433: [GC 522.434: [ParNew: 8256K->0K(8320K), 0.0095351 secs] 84904K->77306K(131328K), 0.0097502 secs]
522.497: [GC 522.497: [ParNew: 8256K->0K(8320K), 0.0093572 secs] 85562K->77934K(131328K), 0.0095531 secs]
522.553: [GC 522.553: [ParNew: 8256K->0K(8320K), 0.0089330 secs] 86190K->78690K(131328K), 0.0092027 secs]
522.617: [GC 522.617: [ParNew: 8256K->0K(8320K), 0.0100474 secs] 86946K->79448K(131328K), 0.0103085 secs]
522.679: [GC 522.679: [ParNew: 8256K->0K(8320K), 0.0148294 secs] 87704K->80007K(131328K), 0.0150549 secs]
522.746: [GC 522.747: [ParNew: 8255K->0K(8320K), 0.0099982 secs] 88263K->80895K(131328K), 0.0102942 secs]
522.812: [GC 522.812: [ParNew: 8256K->0K(8320K), 0.0097259 secs] 89151K->81666K(131328K), 0.0099661 secs]
522.873: [GC 522.873: [ParNew: 8256K->0K(8320K), 0.0102158 secs] 89922K->82421K(131328K), 0.0105040 secs]
522.932: [GC 522.932: [ParNew: 8256K->0K(8320K), 0.0108761 secs] 90677K->83230K(131328K), 0.0110806 secs]
522.993: [GC 522.993: [ParNew: 8244K->0K(8320K), 0.0100454 secs] 91474K->83996K(131328K), 0.0102538 secs]
523.024: [Full GC 523.024: [CMS (concurrent mode failure): 83996K->70108K(123008K), 0.9451780 secs] 88001K->70108K(131328K), [CMS Perm : 65535K->61628K(65536K)], 0.9454129 secs]
524.025: [GC 524.025: [ParNew: 8256K->0K(8320K), 0.0109205 secs] 78364K->70750K(131328K), 0.0111241 secs]
524.099: [GC 524.099: [ParNew: 8256K->0K(8320K), 0.0085044 secs] 79006K->71419K(131328K), 0.0087103 secs]
524.177: [GC 524.177: [ParNew: 8256K->0K(8320K), 0.0092775 secs] 79675K->71906K(131328K), 0.0094751 secs]
524.268: [GC 524.268: [ParNew: 8256K->0K(8320K), 0.0086375 secs] 80162K->72366K(131328K), 0.0088500 secs]
524.336: [GC 524.336: [ParNew: 8256K->0K(8320K), 0.0091105 secs] 80622K->72986K(131328K), 0.0093234 secs]
524.440: [GC 524.441: [ParNew: 8256K->0K(8320K), 0.0083422 secs] 81242K->73288K(131328K), 0.0085999 secs]
524.514: [GC 524.514: [ParNew: 8256K->0K(8320K), 0.0081787 secs] 81544K->73792K(131328K), 0.0083797 secs]
524.573: [GC 524.573: [ParNew: 8256K->0K(8320K), 0.0091796 secs] 82048K->74495K(131328K), 0.0093819 secs]
524.666: [GC 524.666: [ParNew: 8256K->0K(8320K), 0.0136523 secs] 82751K->74941K(131328K), 0.0138616 secs]
524.750: [GC 524.750: [ParNew: 8255K->0K(8320K), 0.0106261 secs] 83197K->75638K(131328K), 0.0108275 secs]
524.838: [GC 524.838: [ParNew: 8256K->0K(8320K), 0.0077472 secs] 83894K->76127K(131328K), 0.0079319 secs]
524.920: [GC 524.920: [ParNew: 8256K->0K(8320K), 0.0085570 secs] 84383K->76689K(131328K), 0.0087630 secs]
524.992: [GC 524.992: [ParNew: 8256K->0K(8320K), 0.0083753 secs] 84945K->77294K(131328K), 0.0085772 secs]
525.086: [GC 525.086: [ParNew: 8256K->0K(8320K), 0.0094108 secs] 85550K->77826K(131328K), 0.0096068 secs]
525.146: [GC 525.146: [ParNew: 8256K->0K(8320K), 0.0092696 secs] 86082K->78378K(131328K), 0.0094682 secs]
525.202: [GC 525.202: [ParNew: 8255K->0K(8320K), 0.0091893 secs] 86634K->79044K(131328K), 0.0093994 secs]
525.269: [GC 525.269: [ParNew: 8256K->0K(8320K), 0.0108943 secs] 87300K->79870K(131328K), 0.0110827 secs]
525.335: [GC 525.335: [ParNew: 8256K->0K(8320K), 0.0086291 secs] 88126K->80586K(131328K), 0.0088370 secs]
525.392: [GC 525.393: [ParNew: 8256K->0K(8320K), 0.0094712 secs] 88842K->81340K(131328K), 0.0096664 secs]
525.451: [GC 525.451: [ParNew: 8255K->0K(8320K), 0.0097835 secs] 89595K->82065K(131328K), 0.0099770 secs]
525.514: [GC 525.514: [ParNew: 8256K->0K(8320K), 0.0093970 secs] 90321K->82883K(131328K), 0.0096860 secs]
525.576: [GC 525.577: [ParNew: 8256K->0K(8320K), 0.0090498 secs] 91139K->83520K(131328K), 0.0092575 secs]
525.591: [Full GC 525.591: [CMS (concurrent mode failure): 83520K->70143K(123008K), 1.1582674 secs] 84127K->70143K(131328K), [CMS Perm : 65535K->61612K(65536K)], 1.1585255 secs]
526.835: [GC 526.835: [ParNew: 8256K->0K(8320K), 0.0101244 secs] 78399K->70639K(131328K), 0.0103934 secs]
526.922: [GC 526.922: [ParNew: 8256K->0K(8320K), 0.0080728 secs] 78895K->71029K(131328K), 0.0082805 secs]
526.994: [GC 526.994: [ParNew: 8256K->0K(8320K), 0.0092090 secs] 79285K->71620K(131328K), 0.0094010 secs]
527.097: [GC 527.098: [ParNew: 8247K->0K(8320K), 0.0085007 secs] 79868K->72013K(131328K), 0.0087073 secs]
527.167: [GC 527.167: [ParNew: 8256K->0K(8320K), 0.0094035 secs] 80269K->72661K(131328K), 0.0096949 secs]
527.248: [GC 527.249: [ParNew: 8256K->0K(8320K), 0.0072458 secs] 80917K->73068K(131328K), 0.0074508 secs]
527.328: [GC 527.328: [ParNew: 8256K->0K(8320K), 0.0101484 secs] 81324K->73731K(131328K), 0.0103467 secs]
527.422: [GC 527.422: [ParNew: 8256K->0K(8320K), 0.0079827 secs] 81987K->74188K(131328K), 0.0082382 secs]
527.505: [GC 527.505: [ParNew: 8256K->0K(8320K), 0.0086098 secs] 82444K->74575K(131328K), 0.0087979 secs]
527.572: [GC 527.573: [ParNew: 8255K->0K(8320K), 0.0099164 secs] 82831K->75266K(131328K), 0.0101824 secs]
527.639: [GC 527.639: [ParNew: 8256K->0K(8320K), 0.0086270 secs] 83522K->75800K(131328K), 0.0089262 secs]
527.707: [GC 527.707: [ParNew: 8256K->0K(8320K), 0.0151850 secs] 84056K->76580K(131328K), 0.0154851 secs]
527.787: [GC 527.787: [ParNew: 8256K->0K(8320K), 0.0113738 secs] 84836K->77282K(131328K), 0.0115688 secs]
527.854: [GC 527.854: [ParNew: 8255K->0K(8320K), 0.0077500 secs] 85538K->77899K(131328K), 0.0079632 secs]
527.906: [GC 527.906: [ParNew: 8256K->0K(8320K), 0.0088797 secs] 86155K->78614K(131328K), 0.0090779 secs]
527.975: [GC 527.975: [ParNew: 8256K->0K(8320K), 0.0095721 secs] 86870K->79344K(131328K), 0.0097960 secs]
528.041: [GC 528.041: [ParNew: 8256K->0K(8320K), 0.0081366 secs] 87600K->79952K(131328K), 0.0083302 secs]
528.106: [GC 528.106: [ParNew: 8255K->0K(8320K), 0.0101944 secs] 88208K->80619K(131328K), 0.0103885 secs]
528.207: [GC 528.207: [ParNew: 8255K->0K(8320K), 0.0086846 secs] 88875K->81083K(131328K), 0.0088641 secs]
528.281: [GC 528.281: [ParNew: 8254K->0K(8320K), 0.0090514 secs] 89338K->81756K(131328K), 0.0093224 secs]
528.310: [Full GC 528.310: [CMS (concurrent mode failure): 81756K->70134K(123008K), 0.9472416 secs] 84333K->70134K(131328K), [CMS Perm : 65536K->61612K(65536K)], 0.9474673 secs]
529.329: [GC 529.329: [ParNew: 8256K->0K(8320K), 0.0098772 secs] 78390K->70728K(131328K), 0.0101663 secs]
529.416: [GC 529.416: [ParNew: 8256K->0K(8320K), 0.0085785 secs] 78984K->71196K(131328K), 0.0087809 secs]
529.522: [GC 529.522: [ParNew: 8255K->0K(8320K), 0.0082291 secs] 79452K->71582K(131328K), 0.0084082 secs]
529.607: [GC 529.607: [ParNew: 8256K->0K(8320K), 0.0074337 secs] 79838K->72020K(131328K), 0.0076451 secs]
529.753: [GC 529.753: [ParNew: 8255K->0K(8320K), 0.0080912 secs] 80276K->72476K(131328K), 0.0082940 secs]
529.830: [GC 529.830: [ParNew: 8256K->0K(8320K), 0.0091300 secs] 80732K->72960K(131328K), 0.0093084 secs]
529.892: [GC 529.892: [ParNew: 8256K->0K(8320K), 0.0091334 secs] 81216K->73899K(131328K), 0.0093282 secs]
529.954: [GC 529.954: [ParNew: 8256K->0K(8320K), 0.0105127 secs] 82155K->74586K(131328K), 0.0107678 secs]
530.016: [GC 530.016: [ParNew: 8256K->0K(8320K), 0.0089997 secs] 82842K->75192K(131328K), 0.0091848 secs]
530.071: [GC 530.071: [ParNew: 8256K->0K(8320K), 0.0086872 secs] 83448K->75837K(131328K), 0.0088772 secs]
530.157: [GC 530.157: [ParNew: 8256K->0K(8320K), 0.0100155 secs] 84093K->76651K(131328K), 0.0102817 secs]
530.275: [GC 530.275: [ParNew: 8256K->0K(8320K), 0.0087922 secs] 84907K->77137K(131328K), 0.0089822 secs]
530.363: [GC 530.363: [ParNew: 8256K->0K(8320K), 0.0082636 secs] 85393K->77538K(131328K), 0.0084592 secs]
530.446: [GC 530.446: [ParNew: 8256K->0K(8320K), 0.0083500 secs] 85794K->78060K(131328K), 0.0085381 secs]
530.542: [GC 530.542: [ParNew: 8256K->0K(8320K), 0.0091037 secs] 86316K->78562K(131328K), 0.0092920 secs]
530.632: [GC 530.632: [ParNew: 8255K->0K(8320K), 0.0072480 secs] 86818K->79062K(131328K), 0.0074238 secs]
530.751: [GC 530.751: [ParNew: 8256K->0K(8320K), 0.0083969 secs] 87318K->79565K(131328K), 0.0086708 secs]
530.812: [GC 530.812: [ParNew: 8256K->0K(8320K), 0.0082992 secs] 87821K->80040K(131328K), 0.0085716 secs]
530.887: [GC 530.887: [ParNew: 8256K->0K(8320K), 0.0107779 secs] 88296K->80670K(131328K), 0.0110399 secs]
530.967: [GC 530.967: [ParNew: 8255K->0K(8320K), 0.0075622 secs] 88926K->81216K(131328K), 0.0077796 secs]
531.027: [Full GC 531.027: [CMS (concurrent mode failure): 81216K->69639K(123008K), 0.9297633 secs] 88738K->69639K(131328K), [CMS Perm : 65535K->61616K(65536K)], 0.9300672 secs]
532.012: [GC 532.012: [ParNew: 8256K->0K(8320K), 0.0080994 secs] 77895K->70252K(131328K), 0.0083011 secs]
532.077: [GC 532.077: [ParNew: 8256K->0K(8320K), 0.0099779 secs] 78508K->70837K(131328K), 0.0101671 secs]
532.170: [GC 532.171: [ParNew: 8256K->0K(8320K), 0.0104593 secs] 79093K->71456K(131328K), 0.0106709 secs]
532.326: [GC 532.327: [ParNew: 8256K->0K(8320K), 0.0077532 secs] 79712K->71776K(131328K), 0.0079464 secs]
532.410: [GC 532.410: [ParNew: 8256K->0K(8320K), 0.0082183 secs] 80032K->72294K(131328K), 0.0084338 secs]
532.489: [GC 532.490: [ParNew: 8256K->0K(8320K), 0.0088010 secs] 80550K->72834K(131328K), 0.0089915 secs]
532.561: [GC 532.561: [ParNew: 8256K->0K(8320K), 0.0086925 secs] 81090K->73379K(131328K), 0.0089031 secs]
532.648: [GC 532.648: [ParNew: 8241K->0K(8320K), 0.0112851 secs] 81621K->74000K(131328K), 0.0115449 secs]
532.722: [GC 532.722: [ParNew: 8256K->0K(8320K), 0.0078165 secs] 82256K->74572K(131328K), 0.0080066 secs]
532.803: [GC 532.803: [ParNew: 8256K->0K(8320K), 0.0104519 secs] 82828K->75174K(131328K), 0.0106524 secs]
532.883: [GC 532.883: [ParNew: 8256K->0K(8320K), 0.0091754 secs] 83430K->75701K(131328K), 0.0093795 secs]
532.945: [GC 532.946: [ParNew: 8256K->0K(8320K), 0.0078958 secs] 83957K->76323K(131328K), 0.0080837 secs]
533.006: [GC 533.006: [ParNew: 8256K->0K(8320K), 0.0100970 secs] 84579K->76943K(131328K), 0.0102996 secs]
533.111: [GC 533.111: [ParNew: 8256K->0K(8320K), 0.0077927 secs] 85199K->77366K(131328K), 0.0079908 secs]
533.203: [GC 533.203: [ParNew: 8256K->0K(8320K), 0.0093155 secs] 85622K->77874K(131328K), 0.0095061 secs]
533.359: [GC 533.359: [ParNew: 8256K->0K(8320K), 0.0082243 secs] 86130K->78163K(131328K), 0.0084201 secs]
533.453: [GC 533.454: [ParNew: 8256K->0K(8320K), 0.0076781 secs] 86419K->78555K(131328K), 0.0078566 secs]
533.521: [GC 533.521: [ParNew: 8256K->0K(8320K), 0.0086431 secs] 86811K->79152K(131328K), 0.0088360 secs]
533.586: [GC 533.586: [ParNew: 8256K->0K(8320K), 0.0087980 secs] 87408K->79751K(131328K), 0.0090035 secs]
533.659: [GC 533.659: [ParNew: 8256K->0K(8320K), 0.0109374 secs] 88007K->80514K(131328K), 0.0111573 secs]
533.736: [GC 533.736: [ParNew: 8256K->0K(8320K), 0.0090430 secs] 88770K->81045K(131328K), 0.0092394 secs]
533.785: [Full GC 533.785: [CMS (concurrent mode failure): 81045K->69450K(123008K), 0.9262957 secs] 86561K->69450K(131328K), [CMS Perm : 65535K->61614K(65536K)], 0.9265529 secs]
534.779: [GC 534.779: [ParNew: 8256K->0K(8320K), 0.0084408 secs] 77706K->69906K(131328K), 0.0086498 secs]
534.847: [GC 534.847: [ParNew: 8256K->0K(8320K), 0.0084528 secs] 78162K->70534K(131328K), 0.0086370 secs]
534.911: [GC 534.911: [ParNew: 8256K->0K(8320K), 0.0097414 secs] 78790K->71073K(131328K), 0.0099500 secs]
535.032: [GC 535.032: [ParNew: 8256K->0K(8320K), 0.0095567 secs] 79329K->71561K(131328K), 0.0097504 secs]
535.136: [GC 535.136: [ParNew: 8256K->0K(8320K), 0.0083335 secs] 79817K->71956K(131328K), 0.0123872 secs]
535.236: [GC 535.236: [ParNew: 8256K->0K(8320K), 0.0074388 secs] 80212K->72387K(131328K), 0.0076363 secs]
535.391: [GC 535.391: [ParNew: 8256K->0K(8320K), 0.0079718 secs] 80643K->72686K(131328K), 0.0081609 secs]
535.457: [GC 535.457: [ParNew: 8256K->0K(8320K), 0.0088278 secs] 80942K->73311K(131328K), 0.0090899 secs]
535.522: [GC 535.522: [ParNew: 8256K->0K(8320K), 0.0085575 secs] 81567K->73955K(131328K), 0.0087577 secs]
535.582: [GC 535.582: [ParNew: 8256K->0K(8320K), 0.0099976 secs] 82211K->74586K(131328K), 0.0101885 secs]
535.652: [GC 535.652: [ParNew: 8256K->0K(8320K), 0.0106487 secs] 82842K->75133K(131328K), 0.0109245 secs]
535.741: [GC 535.741: [ParNew: 8256K->0K(8320K), 0.0103917 secs] 83389K->75687K(131328K), 0.0106484 secs]
535.809: [GC 535.810: [ParNew: 8256K->0K(8320K), 0.0089904 secs] 83943K->76342K(131328K), 0.0092436 secs]
535.872: [GC 535.872: [ParNew: 8256K->0K(8320K), 0.0103281 secs] 84598K->77024K(131328K), 0.0105239 secs]
535.936: [GC 535.936: [ParNew: 8256K->0K(8320K), 0.0084306 secs] 85280K->77594K(131328K), 0.0086203 secs]
536.075: [GC 536.075: [ParNew: 8256K->0K(8320K), 0.0092278 secs] 85850K->78026K(131328K), 0.0094867 secs]
536.220: [GC 536.220: [ParNew: 8256K->0K(8320K), 0.0088214 secs] 86282K->78308K(131328K), 0.0090083 secs]
536.313: [GC 536.313: [ParNew: 8256K->0K(8320K), 0.0093473 secs] 86564K->78802K(131328K), 0.0095447 secs]
536.430: [GC 536.430: [ParNew: 8256K->0K(8320K), 0.0074748 secs] 87058K->79295K(131328K), 0.0077173 secs]
536.450: [Full GC 536.450: [CMS (concurrent mode failure): 79295K->69213K(123008K), 0.9336418 secs] 80443K->69213K(131328K), [CMS Perm : 65535K->61613K(65536K)], 0.9339408 secs]
537.448: [GC 537.448: [ParNew: 8256K->0K(8320K), 0.0091787 secs] 77469K->69817K(131328K), 0.0093738 secs]
537.517: [GC 537.517: [ParNew: 8256K->0K(8320K), 0.0091870 secs] 78073K->70541K(131328K), 0.0094454 secs]
537.589: [GC 537.589: [ParNew: 8256K->0K(8320K), 0.0091127 secs] 78797K->71181K(131328K), 0.0093030 secs]
537.644: [GC 537.644: [ParNew: 8256K->0K(8320K), 0.0101366 secs] 79437K->71797K(131328K), 0.0104454 secs]
537.721: [GC 537.721: [ParNew: 8256K->0K(8320K), 0.0096364 secs] 80053K->72402K(131328K), 0.0098274 secs]
537.789: [GC 537.789: [ParNew: 8256K->0K(8320K), 0.0092648 secs] 80658K->73056K(131328K), 0.0094424 secs]
537.844: [GC 537.844: [ParNew: 8256K->0K(8320K), 0.0101237 secs] 81312K->73770K(131328K), 0.0103102 secs]
537.923: [GC 537.923: [ParNew: 8256K->0K(8320K), 0.0068994 secs] 82026K->74254K(131328K), 0.0071026 secs]
538.065: [GC 538.065: [ParNew: 8256K->0K(8320K), 0.0079424 secs] 82510K->74576K(131328K), 0.0081617 secs]
538.239: [GC 538.239: [ParNew: 8256K->0K(8320K), 0.0058336 secs] 82832K->74841K(131328K), 0.0060188 secs]
538.334: [GC 538.334: [ParNew: 8256K->0K(8320K), 0.0093788 secs] 83097K->75252K(131328K), 0.0096399 secs]
538.409: [GC 538.410: [ParNew: 8256K->0K(8320K), 0.0094750 secs] 83508K->75790K(131328K), 0.0097379 secs]
538.482: [GC 538.482: [ParNew: 8256K->0K(8320K), 0.0091476 secs] 84046K->76383K(131328K), 0.0093318 secs]
538.552: [GC 538.552: [ParNew: 8248K->0K(8320K), 0.0101231 secs] 84632K->76923K(131328K), 0.0103084 secs]
538.619: [GC 538.619: [ParNew: 8256K->0K(8320K), 0.0083139 secs] 85179K->77456K(131328K), 0.0085720 secs]
538.682: [GC 538.682: [ParNew: 8256K->0K(8320K), 0.0130925 secs] 85712K->78304K(131328K), 0.0133604 secs]
538.764: [GC 538.764: [ParNew: 8256K->0K(8320K), 0.0085534 secs] 86560K->78819K(131328K), 0.0088342 secs]
538.818: [GC 538.818: [ParNew: 8256K->0K(8320K), 0.0100513 secs] 87075K->79560K(131328K), 0.0102402 secs]
538.898: [GC 538.898: [ParNew: 8256K->0K(8320K), 0.0090241 secs] 87816K->80140K(131328K), 0.0092900 secs]
538.983: [GC 538.983: [ParNew: 8256K->0K(8320K), 0.0089811 secs] 88396K->80776K(131328K), 0.0092347 secs]
539.096: [GC 539.096: [ParNew: 8256K->0K(8320K), 0.0069990 secs] 89032K->81169K(131328K), 0.0071769 secs]
539.251: [Full GC 539.251: [CMS (concurrent mode failure): 81169K->69292K(123008K), 0.9695210 secs] 87961K->69292K(131328K), [CMS Perm : 65535K->61615K(65536K)], 0.9697662 secs]
540.347: [GC 540.347: [ParNew: 8256K->0K(8320K), 0.0087068 secs] 77548K->69691K(131328K), 0.0089673 secs]
540.411: [GC 540.411: [ParNew: 8256K->0K(8320K), 0.0085394 secs] 77947K->70413K(131328K), 0.0087291 secs]
540.465: [GC 540.465: [ParNew: 8256K->0K(8320K), 0.0093587 secs] 78669K->71119K(131328K), 0.0095596 secs]
540.533: [GC 540.533: [ParNew: 8256K->0K(8320K), 0.0115859 secs] 79375K->71919K(131328K), 0.0117756 secs]
540.609: [GC 540.609: [ParNew: 8256K->0K(8320K), 0.0077069 secs] 80175K->72278K(131328K), 0.0079707 secs]
540.698: [GC 540.698: [ParNew: 8256K->0K(8320K), 0.0127108 secs] 80534K->73006K(131328K), 0.0128997 secs]
540.791: [GC 540.791: [ParNew: 8256K->0K(8320K), 0.0094923 secs] 81262K->73670K(131328K), 0.0096939 secs]
540.852: [GC 540.853: [ParNew: 8256K->0K(8320K), 0.0081164 secs] 81926K->74276K(131328K), 0.0083007 secs]
540.917: [GC 540.917: [ParNew: 8256K->0K(8320K), 0.0077386 secs] 82532K->74969K(131328K), 0.0079480 secs]
541.018: [GC 541.018: [ParNew: 8256K->0K(8320K), 0.0098605 secs] 83225K->75454K(131328K), 0.0100671 secs]
541.110: [GC 541.110: [ParNew: 8255K->0K(8320K), 0.0095375 secs] 83710K->75973K(131328K), 0.0097330 secs]
541.252: [GC 541.252: [ParNew: 8256K->0K(8320K), 0.0084973 secs] 84229K->76313K(131328K), 0.0086834 secs]
541.348: [GC 541.348: [ParNew: 8256K->0K(8320K), 0.0081442 secs] 84569K->76776K(131328K), 0.0083217 secs]
541.414: [GC 541.414: [ParNew: 8256K->0K(8320K), 0.0090170 secs] 85032K->77309K(131328K), 0.0092758 secs]
541.485: [GC 541.485: [ParNew: 8256K->0K(8320K), 0.0109685 secs] 85565K->78091K(131328K), 0.0111801 secs]
541.567: [GC 541.567: [ParNew: 8256K->0K(8320K), 0.0076315 secs] 86347K->78606K(131328K), 0.0078911 secs]
541.627: [GC 541.627: [ParNew: 8256K->0K(8320K), 0.0104639 secs] 86862K->79275K(131328K), 0.0106689 secs]
541.724: [GC 541.724: [ParNew: 8256K->0K(8320K), 0.0079265 secs] 87531K->79793K(131328K), 0.0081853 secs]
541.819: [GC 541.819: [ParNew: 8256K->0K(8320K), 0.0107388 secs] 88049K->80376K(131328K), 0.0109170 secs]
541.899: [GC 541.899: [ParNew: 8256K->0K(8320K), 0.0088453 secs] 88632K->80929K(131328K), 0.0090331 secs]
541.969: [GC 541.969: [ParNew: 8256K->0K(8320K), 0.0078477 secs] 89185K->81619K(131328K), 0.0080988 secs]
542.046: [GC 542.046: [ParNew: 8256K->0K(8320K), 0.0089173 secs] 89875K->82177K(131328K), 0.0091921 secs]
542.108: [Full GC 542.108: [CMS (concurrent mode failure): 82177K->68970K(123008K), 1.0283985 secs] 87937K->68970K(131328K), [CMS Perm : 65535K->61616K(65536K)], 1.0287061 secs]
543.244: [GC 543.244: [ParNew: 8256K->0K(8320K), 0.0090948 secs] 77226K->69269K(131328K), 0.0093799 secs]
543.309: [GC 543.309: [ParNew: 8256K->0K(8320K), 0.0087605 secs] 77525K->69978K(131328K), 0.0090193 secs]
543.375: [GC 543.375: [ParNew: 8256K->0K(8320K), 0.0098246 secs] 78234K->70668K(131328K), 0.0100287 secs]
543.495: [GC 543.495: [ParNew: 8256K->0K(8320K), 0.0080410 secs] 78924K->71015K(131328K), 0.0082817 secs]
543.638: [GC 543.638: [ParNew: 8256K->0K(8320K), 0.0106399 secs] 79271K->71371K(131328K), 0.0108249 secs]
543.734: [GC 543.734: [ParNew: 8256K->0K(8320K), 0.0096995 secs] 79627K->72114K(131328K), 0.0098977 secs]
543.803: [GC 543.803: [ParNew: 8256K->0K(8320K), 0.0087715 secs] 80370K->72699K(131328K), 0.0089635 secs]
543.897: [GC 543.897: [ParNew: 8256K->0K(8320K), 0.0110205 secs] 80955K->73468K(131328K), 0.0112751 secs]
543.978: [GC 543.978: [ParNew: 8256K->0K(8320K), 0.0109717 secs] 81724K->74223K(131328K), 0.0111559 secs]
544.048: [GC 544.048: [ParNew: 8256K->0K(8320K), 0.0068113 secs] 82479K->74650K(131328K), 0.0070011 secs]
544.117: [GC 544.117: [ParNew: 8256K->0K(8320K), 0.0106525 secs] 82906K->75438K(131328K), 0.0108507 secs]
544.215: [GC 544.215: [ParNew: 8256K->0K(8320K), 0.0081152 secs] 83694K->75928K(131328K), 0.0083763 secs]
544.289: [GC 544.289: [ParNew: 8256K->0K(8320K), 0.0089389 secs] 84184K->76534K(131328K), 0.0091461 secs]
544.359: [GC 544.359: [ParNew: 8256K->0K(8320K), 0.0069857 secs] 84790K->77106K(131328K), 0.0072603 secs]
544.437: [GC 544.437: [ParNew: 8256K->0K(8320K), 0.0097447 secs] 85362K->77708K(131328K), 0.0099445 secs]
544.529: [GC 544.529: [ParNew: 8256K->0K(8320K), 0.0087471 secs] 85964K->78163K(131328K), 0.0090112 secs]
544.679: [GC 544.679: [ParNew: 8256K->0K(8320K), 0.0095250 secs] 86419K->78502K(131328K), 0.0097147 secs]
544.774: [GC 544.774: [ParNew: 8256K->0K(8320K), 0.0077710 secs] 86758K->79017K(131328K), 0.0079662 secs]
544.843: [GC 544.843: [ParNew: 8256K->0K(8320K), 0.0076854 secs] 87273K->79465K(131328K), 0.0079438 secs]
544.900: [Full GC 544.900: [CMS (concurrent mode failure): 79465K->68944K(123008K), 1.0325959 secs] 86204K->68944K(131328K), [CMS Perm : 65535K->61617K(65536K)], 1.0328998 secs]
546.004: [GC 546.004: [ParNew: 8256K->0K(8320K), 0.0105370 secs] 77200K->69493K(131328K), 0.0107484 secs]
546.068: [GC 546.068: [ParNew: 8256K->0K(8320K), 0.0087587 secs] 77749K->70150K(131328K), 0.0090168 secs]
546.129: [GC 546.129: [ParNew: 8256K->0K(8320K), 0.0092945 secs] 78406K->70918K(131328K), 0.0094924 secs]
546.243: [GC 546.243: [ParNew: 8256K->0K(8320K), 0.0093875 secs] 79174K->71392K(131328K), 0.0096407 secs]
546.317: [GC 546.317: [ParNew: 8256K->0K(8320K), 0.0083116 secs] 79648K->72030K(131328K), 0.0084986 secs]
546.391: [GC 546.391: [ParNew: 8256K->0K(8320K), 0.0072155 secs] 80286K->72506K(131328K), 0.0074120 secs]
546.470: [GC 546.471: [ParNew: 8256K->0K(8320K), 0.0096804 secs] 80762K->73146K(131328K), 0.0098744 secs]
546.549: [GC 546.549: [ParNew: 8256K->0K(8320K), 0.0077391 secs] 81402K->73539K(131328K), 0.0079350 secs]
546.672: [GC 546.673: [ParNew: 8256K->0K(8320K), 0.0117895 secs] 81795K->73937K(131328K), 0.0119970 secs]
546.788: [GC 546.788: [ParNew: 8256K->0K(8320K), 0.0077893 secs] 82193K->74420K(131328K), 0.0079756 secs]
546.865: [GC 546.865: [ParNew: 8256K->0K(8320K), 0.0070410 secs] 82676K->74801K(131328K), 0.0072244 secs]
546.937: [GC 546.937: [ParNew: 8256K->0K(8320K), 0.0103239 secs] 83057K->75572K(131328K), 0.0105199 secs]
547.012: [GC 547.012: [ParNew: 8256K->0K(8320K), 0.0108123 secs] 83828K->76193K(131328K), 0.0110223 secs]
547.079: [GC 547.079: [ParNew: 8256K->0K(8320K), 0.0089530 secs] 84449K->76690K(131328K), 0.0091557 secs]
547.141: [GC 547.141: [ParNew: 8256K->0K(8320K), 0.0105814 secs] 84946K->77456K(131328K), 0.0108419 secs]
547.239: [GC 547.239: [ParNew: 8256K->0K(8320K), 0.0091114 secs] 85712K->77934K(131328K), 0.0093755 secs]
547.337: [GC 547.338: [ParNew: 8256K->0K(8320K), 0.0078956 secs] 86190K->78466K(131328K), 0.0080872 secs]
547.407: [GC 547.407: [ParNew: 8256K->0K(8320K), 0.0083254 secs] 86722K->79062K(131328K), 0.0085319 secs]
547.482: [GC 547.482: [ParNew: 8256K->0K(8320K), 0.0088724 secs] 87318K->79625K(131328K), 0.0091473 secs]
547.580: [GC 547.580: [ParNew: 8256K->0K(8320K), 0.0100812 secs] 87881K->80107K(131328K), 0.0102650 secs]
547.674: [GC 547.674: [ParNew: 8256K->0K(8320K), 0.0119660 secs] 88363K->80490K(131328K), 0.0121857 secs]
547.737: [Full GC 547.737: [CMS (concurrent mode failure): 80490K->68651K(123008K), 0.9349320 secs] 85370K->68651K(131328K), [CMS Perm : 65535K->61617K(65536K)], 0.9351840 secs]
548.802: [GC 548.802: [ParNew: 8256K->0K(8320K), 0.0092665 secs] 76907K->69133K(131328K), 0.0094812 secs]
548.897: [GC 548.897: [ParNew: 8256K->0K(8320K), 0.0080293 secs] 77389K->69644K(131328K), 0.0082463 secs]
548.969: [GC 548.969: [ParNew: 8256K->0K(8320K), 0.0093580 secs] 77900K->70468K(131328K), 0.0096220 secs]
549.045: [GC 549.045: [ParNew: 8256K->0K(8320K), 0.0085963 secs] 78724K->71224K(131328K), 0.0088465 secs]
549.118: [GC 549.118: [ParNew: 8256K->0K(8320K), 0.0086934 secs] 79480K->71825K(131328K), 0.0089665 secs]
549.192: [GC 549.192: [ParNew: 8256K->0K(8320K), 0.0095336 secs] 80081K->72559K(131328K), 0.0097958 secs]
549.262: [GC 549.262: [ParNew: 8253K->0K(8320K), 0.0094269 secs] 80813K->73308K(131328K), 0.0096994 secs]
549.338: [GC 549.338: [ParNew: 8256K->0K(8320K), 0.0073343 secs] 81564K->73910K(131328K), 0.0075276 secs]
549.422: [GC 549.422: [ParNew: 8256K->0K(8320K), 0.0100573 secs] 82166K->74474K(131328K), 0.0102601 secs]
549.506: [GC 549.506: [ParNew: 8256K->0K(8320K), 0.0083199 secs] 82730K->75095K(131328K), 0.0085757 secs]
549.595: [GC 549.595: [ParNew: 8256K->0K(8320K), 0.0086585 secs] 83351K->75545K(131328K), 0.0089238 secs]
549.735: [GC 549.735: [ParNew: 8256K->0K(8320K), 0.0112505 secs] 83801K->75939K(131328K), 0.0114521 secs]
549.866: [GC 549.866: [ParNew: 8256K->0K(8320K), 0.0085036 secs] 84195K->76321K(131328K), 0.0087162 secs]
549.956: [GC 549.956: [ParNew: 8256K->0K(8320K), 0.0079693 secs] 84577K->76797K(131328K), 0.0081647 secs]
550.025: [GC 550.025: [ParNew: 8256K->0K(8320K), 0.0089857 secs] 85053K->77505K(131328K), 0.0091773 secs]
550.109: [GC 550.109: [ParNew: 8256K->0K(8320K), 0.0086969 secs] 85761K->78084K(131328K), 0.0088930 secs]
550.185: [GC 550.185: [ParNew: 8252K->0K(8320K), 0.0082250 secs] 86337K->78687K(131328K), 0.0084246 secs]
550.260: [GC 550.260: [ParNew: 8256K->0K(8320K), 0.0092379 secs] 86943K->79357K(131328K), 0.0094359 secs]
550.333: [GC 550.333: [ParNew: 8256K->0K(8320K), 0.0095859 secs] 87613K->80008K(131328K), 0.0098304 secs]
550.407: [GC 550.407: [ParNew: 8256K->0K(8320K), 0.0094198 secs] 88264K->80635K(131328K), 0.0096304 secs]
550.494: [GC 550.494: [ParNew: 8256K->0K(8320K), 0.0095962 secs] 88891K->81167K(131328K), 0.0097949 secs]
550.572: [Full GC 550.572: [CMS (concurrent mode failure): 81167K->68195K(123008K), 0.9235516 secs] 88647K->68195K(131328K), [CMS Perm : 65535K->61623K(65536K)], 0.9238685 secs]
551.568: [GC 551.568: [ParNew: 8256K->0K(8320K), 0.0091778 secs] 76451K->68801K(131328K), 0.0093794 secs]
551.719: [GC 551.719: [ParNew: 8256K->0K(8320K), 0.0106225 secs] 77057K->69149K(131328K), 0.0108157 secs]
551.821: [GC 551.821: [ParNew: 8256K->0K(8320K), 0.0083277 secs] 77405K->69630K(131328K), 0.0085185 secs]
551.900: [GC 551.900: [ParNew: 8256K->0K(8320K), 0.0097695 secs] 77886K->70243K(131328K), 0.0100376 secs]
551.977: [GC 551.977: [ParNew: 8256K->0K(8320K), 0.0090145 secs] 78499K->70928K(131328K), 0.0092930 secs]
552.059: [GC 552.059: [ParNew: 8256K->0K(8320K), 0.0078501 secs] 79184K->71420K(131328K), 0.0080403 secs]
552.137: [GC 552.137: [ParNew: 8256K->0K(8320K), 0.0102534 secs] 79676K->72124K(131328K), 0.0104818 secs]
552.221: [GC 552.221: [ParNew: 8256K->0K(8320K), 0.0092491 secs] 80380K->72818K(131328K), 0.0094556 secs]
552.291: [GC 552.291: [ParNew: 8256K->0K(8320K), 0.0093984 secs] 81074K->73502K(131328K), 0.0095949 secs]
552.363: [GC 552.363: [ParNew: 8243K->0K(8320K), 0.0096523 secs] 81745K->74220K(131328K), 0.0099291 secs]
552.456: [GC 552.456: [ParNew: 8256K->0K(8320K), 0.0081575 secs] 82476K->74635K(131328K), 0.0083561 secs]
552.532: [GC 552.532: [ParNew: 8256K->0K(8320K), 0.0105414 secs] 82891K->75211K(131328K), 0.0107380 secs]
552.624: [GC 552.624: [ParNew: 8256K->0K(8320K), 0.0080549 secs] 83467K->75737K(131328K), 0.0082637 secs]
552.765: [GC 552.765: [ParNew: 8256K->0K(8320K), 0.0079784 secs] 83993K->76117K(131328K), 0.0081699 secs]
552.859: [GC 552.859: [ParNew: 8256K->0K(8320K), 0.0087813 secs] 84373K->76587K(131328K), 0.0089939 secs]
552.943: [GC 552.943: [ParNew: 8256K->0K(8320K), 0.0083259 secs] 84843K->77175K(131328K), 0.0085262 secs]
553.013: [GC 553.013: [ParNew: 8256K->0K(8320K), 0.0101788 secs] 85431K->77947K(131328K), 0.0104421 secs]
553.087: [GC 553.087: [ParNew: 8256K->0K(8320K), 0.0090030 secs] 86203K->78529K(131328K), 0.0091753 secs]
553.196: [GC 553.196: [ParNew: 8256K->0K(8320K), 0.0091222 secs] 86785K->79170K(131328K), 0.0093157 secs]
553.262: [Full GC 553.262: [CMS (concurrent mode failure): 79170K->68482K(123008K), 0.9377224 secs] 84339K->68482K(131328K), [CMS Perm : 65535K->61622K(65536K)], 0.9380371 secs]
554.288: [GC 554.288: [ParNew: 8256K->0K(8320K), 0.0088339 secs] 76738K->69004K(131328K), 0.0090952 secs]
554.354: [GC 554.354: [ParNew: 8256K->0K(8320K), 0.0097009 secs] 77260K->69781K(131328K), 0.0099594 secs]
554.427: [GC 554.427: [ParNew: 8256K->0K(8320K), 0.0090807 secs] 78037K->70416K(131328K), 0.0093591 secs]
554.488: [GC 554.488: [ParNew: 8256K->0K(8320K), 0.0091051 secs] 78672K->71102K(131328K), 0.0093792 secs]
554.563: [GC 554.564: [ParNew: 8256K->0K(8320K), 0.0110472 secs] 79358K->71740K(131328K), 0.0112418 secs]
554.669: [GC 554.669: [ParNew: 8256K->0K(8320K), 0.0099590 secs] 79996K->72246K(131328K), 0.0101372 secs]
554.777: [GC 554.777: [ParNew: 8256K->0K(8320K), 0.0093360 secs] 80502K->72757K(131328K), 0.0095389 secs]
554.871: [GC 554.871: [ParNew: 8256K->0K(8320K), 0.0104525 secs] 81013K->73276K(131328K), 0.0106704 secs]
554.960: [GC 554.960: [ParNew: 8256K->0K(8320K), 0.0094708 secs] 81532K->73905K(131328K), 0.0096761 secs]
555.043: [GC 555.043: [ParNew: 8256K->0K(8320K), 0.0080522 secs] 82161K->74425K(131328K), 0.0082630 secs]
555.151: [GC 555.151: [ParNew: 8256K->0K(8320K), 0.0102665 secs] 82681K->74880K(131328K), 0.0104562 secs]
555.279: [GC 555.279: [ParNew: 8256K->0K(8320K), 0.0082763 secs] 83136K->75216K(131328K), 0.0084746 secs]
555.365: [GC 555.365: [ParNew: 8256K->0K(8320K), 0.0123111 secs] 83472K->75806K(131328K), 0.0125222 secs]
555.442: [GC 555.442: [ParNew: 8256K->0K(8320K), 0.0104356 secs] 84062K->76622K(131328K), 0.0106479 secs]
555.544: [GC 555.544: [ParNew: 8256K->0K(8320K), 0.0067210 secs] 84878K->77115K(131328K), 0.0069178 secs]
555.608: [GC 555.608: [ParNew: 8256K->0K(8320K), 0.0098557 secs] 85371K->77788K(131328K), 0.0100558 secs]
555.689: [GC 555.689: [ParNew: 8256K->0K(8320K), 0.0115904 secs] 86044K->78448K(131328K), 0.0118478 secs]
555.785: [GC 555.785: [ParNew: 8256K->0K(8320K), 0.0088074 secs] 86704K->78953K(131328K), 0.0090720 secs]
555.863: [GC 555.863: [ParNew: 8256K->0K(8320K), 0.0111102 secs] 87209K->79595K(131328K), 0.0113146 secs]
555.950: [GC 555.950: [ParNew: 8256K->0K(8320K), 0.0091210 secs] 87851K->80102K(131328K), 0.0093758 secs]
556.049: [GC 556.049: [ParNew: 8256K->0K(8320K), 0.0094544 secs] 88358K->80579K(131328K), 0.0097127 secs]
556.122: [GC 556.123: [ParNew: 8256K->0K(8320K), 0.0086630 secs] 88835K->81255K(131328K), 0.0089203 secs]
556.154: [Full GC 556.154: [CMS (concurrent mode failure): 81255K->68204K(123008K), 0.9545124 secs] 82890K->68204K(131328K), [CMS Perm : 65536K->61621K(65536K)], 0.9547393 secs]
557.211: [GC 557.212: [ParNew: 8256K->0K(8320K), 0.0095078 secs] 76460K->68703K(131328K), 0.0097781 secs]
557.306: [GC 557.306: [ParNew: 8256K->0K(8320K), 0.0068441 secs] 76959K->69185K(131328K), 0.0070526 secs]
557.383: [GC 557.383: [ParNew: 8256K->0K(8320K), 0.0085400 secs] 77441K->69691K(131328K), 0.0088049 secs]
557.467: [GC 557.467: [ParNew: 8256K->0K(8320K), 0.0101898 secs] 77947K->70395K(131328K), 0.0103838 secs]
557.558: [GC 557.558: [ParNew: 8256K->0K(8320K), 0.0070379 secs] 78651K->70888K(131328K), 0.0072337 secs]
557.623: [GC 557.623: [ParNew: 8256K->0K(8320K), 0.0087909 secs] 79144K->71573K(131328K), 0.0090566 secs]
557.718: [GC 557.718: [ParNew: 8256K->0K(8320K), 0.0166735 secs] 79829K->72133K(131328K), 0.0169120 secs]
557.808: [GC 557.808: [ParNew: 8256K->0K(8320K), 0.0101478 secs] 80389K->72825K(131328K), 0.0103399 secs]
557.900: [GC 557.900: [ParNew: 8256K->0K(8320K), 0.0071350 secs] 81081K->73400K(131328K), 0.0073414 secs]
557.974: [GC 557.974: [ParNew: 8256K->0K(8320K), 0.0109866 secs] 81656K->74076K(131328K), 0.0111692 secs]
558.074: [GC 558.074: [ParNew: 8256K->0K(8320K), 0.0078172 secs] 82332K->74520K(131328K), 0.0079901 secs]
558.176: [GC 558.176: [ParNew: 8256K->0K(8320K), 0.0079451 secs] 82776K->75057K(131328K), 0.0081853 secs]
558.290: [GC 558.290: [ParNew: 8256K->0K(8320K), 0.0083278 secs] 83313K->75444K(131328K), 0.0085169 secs]
558.360: [GC 558.360: [ParNew: 8255K->0K(8320K), 0.0102141 secs] 83699K->76070K(131328K), 0.0104044 secs]
558.446: [GC 558.446: [ParNew: 8256K->0K(8320K), 0.0086583 secs] 84326K->76599K(131328K), 0.0088364 secs]
558.560: [GC 558.560: [ParNew: 8256K->0K(8320K), 0.0077328 secs] 84855K->77069K(131328K), 0.0079630 secs]
558.660: [GC 558.660: [ParNew: 8253K->0K(8320K), 0.0102853 secs] 85323K->77661K(131328K), 0.0104621 secs]
558.745: [GC 558.745: [ParNew: 8256K->0K(8320K), 0.0121750 secs] 85917K->78223K(131328K), 0.0123718 secs]
558.811: [GC 558.811: [ParNew: 8256K->0K(8320K), 0.0101386 secs] 86479K->78956K(131328K), 0.0103333 secs]
558.889: [GC 558.890: [ParNew: 8248K->0K(8320K), 0.0101266 secs] 87205K->79590K(131328K), 0.0103202 secs]
558.973: [GC 558.973: [ParNew: 8256K->0K(8320K), 0.0083555 secs] 87846K->80193K(131328K), 0.0085557 secs]
559.012: [Full GC 559.012: [CMS (concurrent mode failure): 80193K->67833K(123008K), 1.0253929 secs] 84784K->67833K(131328K), [CMS Perm : 65535K->61622K(65536K)], 1.0256368 secs]
560.106: [GC 560.106: [ParNew: 8255K->0K(8320K), 0.0107814 secs] 76089K->68442K(131328K), 0.0109618 secs]
560.189: [GC 560.189: [ParNew: 8255K->0K(8320K), 0.0083593 secs] 76698K->68988K(131328K), 0.0085290 secs]
560.338: [GC 560.338: [ParNew: 8256K->0K(8320K), 0.0068942 secs] 77244K->69307K(131328K), 0.0071168 secs]
560.418: [GC 560.418: [ParNew: 8256K->0K(8320K), 0.0096429 secs] 77563K->69912K(131328K), 0.0098286 secs]
560.500: [GC 560.500: [ParNew: 8256K->0K(8320K), 0.0071598 secs] 78168K->70429K(131328K), 0.0073389 secs]
560.596: [GC 560.596: [ParNew: 8256K->0K(8320K), 0.0103227 secs] 78685K->71116K(131328K), 0.0105713 secs]
560.722: [GC 560.723: [ParNew: 8256K->0K(8320K), 0.0090780 secs] 79372K->71515K(131328K), 0.0092589 secs]
560.814: [GC 560.814: [ParNew: 8256K->0K(8320K), 0.0097777 secs] 79771K->72133K(131328K), 0.0099634 secs]
560.890: [GC 560.890: [ParNew: 8256K->0K(8320K), 0.0086408 secs] 80389K->72733K(131328K), 0.0088817 secs]
560.957: [GC 560.957: [ParNew: 8256K->0K(8320K), 0.0110521 secs] 80989K->73560K(131328K), 0.0112366 secs]
561.053: [GC 561.053: [ParNew: 8255K->0K(8320K), 0.0082913 secs] 81816K->74090K(131328K), 0.0085451 secs]
561.132: [GC 561.132: [ParNew: 8256K->0K(8320K), 0.0087385 secs] 82346K->74756K(131328K), 0.0089712 secs]
561.207: [GC 561.207: [ParNew: 8255K->0K(8320K), 0.0082691 secs] 83012K->75364K(131328K), 0.0085420 secs]
561.272: [GC 561.273: [ParNew: 8256K->0K(8320K), 0.0098384 secs] 83620K->76165K(131328K), 0.0100137 secs]
561.384: [GC 561.384: [ParNew: 8256K->0K(8320K), 0.0089699 secs] 84421K->76550K(131328K), 0.0091536 secs]
561.472: [GC 561.472: [ParNew: 8256K->0K(8320K), 0.0088268 secs] 84806K->77058K(131328K), 0.0090106 secs]
561.546: [GC 561.546: [ParNew: 8256K->0K(8320K), 0.0086486 secs] 85314K->77731K(131328K), 0.0088855 secs]
561.655: [GC 561.655: [ParNew: 8252K->0K(8320K), 0.0105131 secs] 85984K->78189K(131328K), 0.0106984 secs]
561.755: [GC 561.755: [ParNew: 8256K->0K(8320K), 0.0119458 secs] 86445K->78738K(131328K), 0.0121222 secs]
561.838: [Full GC 561.839: [CMS (concurrent mode failure): 78738K->67822K(123008K), 0.9701006 secs] 85139K->67822K(131328K), [CMS Perm : 65535K->61622K(65536K)], 0.9703475 secs]
562.888: [GC 562.888: [ParNew: 8256K->0K(8320K), 0.0080712 secs] 76078K->68359K(131328K), 0.0082764 secs]
562.950: [GC 562.950: [ParNew: 8256K->0K(8320K), 0.0102527 secs] 76615K->69075K(131328K), 0.0105127 secs]
563.045: [GC 563.046: [ParNew: 8256K->0K(8320K), 0.0091884 secs] 77331K->69562K(131328K), 0.0093508 secs]
563.119: [GC 563.119: [ParNew: 8256K->0K(8320K), 0.0093357 secs] 77818K->70146K(131328K), 0.0095177 secs]
563.204: [GC 563.204: [ParNew: 8256K->0K(8320K), 0.0087048 secs] 78402K->70714K(131328K), 0.0088774 secs]
563.278: [GC 563.278: [ParNew: 8256K->0K(8320K), 0.0085441 secs] 78970K->71367K(131328K), 0.0088029 secs]
563.365: [GC 563.365: [ParNew: 8256K->0K(8320K), 0.0093992 secs] 79623K->71871K(131328K), 0.0096578 secs]
563.450: [GC 563.450: [ParNew: 8256K->0K(8320K), 0.0094367 secs] 80127K->72395K(131328K), 0.0096318 secs]
563.528: [GC 563.528: [ParNew: 8256K->0K(8320K), 0.0068875 secs] 80651K->72942K(131328K), 0.0070622 secs]
563.655: [GC 563.655: [ParNew: 8256K->0K(8320K), 0.0100801 secs] 81198K->73349K(131328K), 0.0102872 secs]
563.750: [GC 563.750: [ParNew: 8256K->0K(8320K), 0.0108518 secs] 81605K->73894K(131328K), 0.0110891 secs]
563.857: [GC 563.857: [ParNew: 8256K->0K(8320K), 0.0092556 secs] 82150K->74442K(131328K), 0.0094309 secs]
563.951: [GC 563.951: [ParNew: 8256K->0K(8320K), 0.0078607 secs] 82698K->74970K(131328K), 0.0080294 secs]
564.017: [GC 564.017: [ParNew: 8256K->0K(8320K), 0.0104363 secs] 83226K->75697K(131328K), 0.0106349 secs]
564.082: [GC 564.082: [ParNew: 8256K->0K(8320K), 0.0103465 secs] 83953K->76409K(131328K), 0.0105272 secs]
564.154: [GC 564.155: [ParNew: 8256K->0K(8320K), 0.0104711 secs] 84665K->77005K(131328K), 0.0107319 secs]
564.239: [GC 564.239: [ParNew: 8256K->0K(8320K), 0.0079725 secs] 85261K->77580K(131328K), 0.0082280 secs]
564.310: [GC 564.310: [ParNew: 8256K->0K(8320K), 0.0092819 secs] 85836K->78236K(131328K), 0.0094620 secs]
564.400: [GC 564.400: [ParNew: 8256K->0K(8320K), 0.0102243 secs] 86492K->78800K(131328K), 0.0104788 secs]
564.497: [GC 564.497: [ParNew: 8256K->0K(8320K), 0.0080146 secs] 87056K->79174K(131328K), 0.0082106 secs]
564.570: [GC 564.570: [ParNew: 8256K->0K(8320K), 0.0099493 secs] 87430K->79917K(131328K), 0.0101331 secs]
564.652: [Full GC 564.652: [CMS (concurrent mode failure): 79917K->67532K(123008K), 0.9650619 secs] 85295K->67532K(131328K), [CMS Perm : 65535K->61623K(65536K)], 0.9652906 secs]
565.714: [GC 565.714: [ParNew: 8256K->0K(8320K), 0.0107312 secs] 75788K->68015K(131328K), 0.0109306 secs]
565.829: [GC 565.830: [ParNew: 8256K->0K(8320K), 0.0083661 secs] 76271K->68485K(131328K), 0.0085612 secs]
565.920: [GC 565.920: [ParNew: 8256K->0K(8320K), 0.0085083 secs] 76741K->69071K(131328K), 0.0087682 secs]
566.001: [GC 566.001: [ParNew: 8256K->0K(8320K), 0.0088827 secs] 77327K->69722K(131328K), 0.0090745 secs]
566.081: [GC 566.081: [ParNew: 8256K->0K(8320K), 0.0085240 secs] 77978K->70501K(131328K), 0.0086915 secs]
566.153: [GC 566.153: [ParNew: 8256K->0K(8320K), 0.0108568 secs] 78757K->71143K(131328K), 0.0110553 secs]
566.235: [GC 566.235: [ParNew: 8256K->0K(8320K), 0.0099780 secs] 79399K->71746K(131328K), 0.0101556 secs]
566.304: [GC 566.304: [ParNew: 8256K->0K(8320K), 0.0095051 secs] 80002K->72425K(131328K), 0.0097024 secs]
566.370: [GC 566.370: [ParNew: 8256K->0K(8320K), 0.0086925 secs] 80681K->73145K(131328K), 0.0089516 secs]
566.446: [GC 566.446: [ParNew: 8256K->0K(8320K), 0.0096235 secs] 81401K->73724K(131328K), 0.0097993 secs]
566.532: [GC 566.532: [ParNew: 8256K->0K(8320K), 0.0087140 secs] 81980K->74248K(131328K), 0.0089339 secs]
566.617: [GC 566.617: [ParNew: 8256K->0K(8320K), 0.0090035 secs] 82504K->74770K(131328K), 0.0091697 secs]
566.770: [GC 566.770: [ParNew: 8256K->0K(8320K), 0.0070922 secs] 83026K->75169K(131328K), 0.0072920 secs]
566.869: [GC 566.869: [ParNew: 8256K->0K(8320K), 0.0076859 secs] 83425K->75511K(131328K), 0.0078497 secs]
566.949: [GC 566.949: [ParNew: 8256K->0K(8320K), 0.0097118 secs] 83767K->76076K(131328K), 0.0099649 secs]
567.039: [GC 567.039: [ParNew: 8256K->0K(8320K), 0.0084400 secs] 84332K->76709K(131328K), 0.0086976 secs]
567.126: [GC 567.126: [ParNew: 8256K->0K(8320K), 0.0085241 secs] 84965K->77276K(131328K), 0.0087547 secs]
567.210: [GC 567.210: [ParNew: 8256K->0K(8320K), 0.0084725 secs] 85532K->77847K(131328K), 0.0087074 secs]
567.293: [GC 567.293: [ParNew: 8256K->0K(8320K), 0.0099616 secs] 86103K->78497K(131328K), 0.0101552 secs]
567.374: [GC 567.374: [ParNew: 8256K->0K(8320K), 0.0074874 secs] 86753K->79214K(131328K), 0.0076856 secs]
567.444: [Full GC 567.444: [CMS (concurrent mode failure): 79214K->66978K(123008K), 0.9140710 secs] 86606K->66978K(131328K), [CMS Perm : 65535K->61626K(65536K)], 0.9143027 secs]
568.424: [GC 568.424: [ParNew: 8256K->0K(8320K), 0.0093872 secs] 75234K->67670K(131328K), 0.0095873 secs]
568.493: [GC 568.493: [ParNew: 8256K->0K(8320K), 0.0096581 secs] 75926K->68403K(131328K), 0.0099158 secs]
568.566: [GC 568.566: [ParNew: 8256K->0K(8320K), 0.0111039 secs] 76659K->69161K(131328K), 0.0112844 secs]
568.699: [GC 568.699: [ParNew: 8254K->0K(8320K), 0.0107794 secs] 77415K->69526K(131328K), 0.0109426 secs]
568.801: [GC 568.801: [ParNew: 8255K->0K(8320K), 0.0086670 secs] 77782K->70077K(131328K), 0.0088382 secs]
568.886: [GC 568.887: [ParNew: 8256K->0K(8320K), 0.0077898 secs] 78333K->70576K(131328K), 0.0080605 secs]
568.962: [GC 568.962: [ParNew: 8256K->0K(8320K), 0.0096478 secs] 78832K->71217K(131328K), 0.0098327 secs]
569.041: [GC 569.041: [ParNew: 8256K->0K(8320K), 0.0097249 secs] 79473K->71804K(131328K), 0.0099151 secs]
569.155: [GC 569.155: [ParNew: 8256K->0K(8320K), 0.0086544 secs] 80060K->72240K(131328K), 0.0088836 secs]
569.252: [GC 569.252: [ParNew: 8256K->0K(8320K), 0.0068885 secs] 80496K->72666K(131328K), 0.0070612 secs]
569.350: [GC 569.350: [ParNew: 8256K->0K(8320K), 0.0089148 secs] 80922K->73235K(131328K), 0.0091168 secs]
569.463: [GC 569.463: [ParNew: 8256K->0K(8320K), 0.0082728 secs] 81491K->73708K(131328K), 0.0084720 secs]
569.575: [GC 569.575: [ParNew: 8256K->0K(8320K), 0.0061709 secs] 81964K->74150K(131328K), 0.0063593 secs]
615.729: [GC 615.729: [ParNew: 8256K->0K(8320K), 0.0069215 secs] 82406K->74631K(131328K), 0.0071211 secs]
761.026: [GC 761.026: [ParNew: 8256K->0K(8320K), 0.0055216 secs] 82887K->74655K(131328K), 0.0057169 secs]
843.648: [GC 843.649: [ParNew: 8256K->0K(8320K), 0.0073486 secs] 82911K->75114K(131328K), 0.0075447 secs]
844.795: [GC 844.795: [ParNew: 8256K->0K(8320K), 0.0119138 secs] 83370K->75938K(131328K), 0.0122535 secs]
844.987: [Full GC 844.987: [CMS (concurrent mode failure): 75938K->60153K(123008K), 1.4794550 secs] 83244K->60153K(131264K), [CMS Perm : 65535K->60968K(65536K)], 1.4796802 secs]
846.957: [GC 846.957: [ParNew: 8192K->0K(8256K), 0.0132721 secs] 68345K->60921K(131264K), 0.0134490 secs]
847.312: [GC 847.312: [ParNew: 8192K->0K(8256K), 0.0078737 secs] 69113K->61170K(131264K), 0.0080447 secs]
849.143: [GC 849.143: [ParNew: 8192K->0K(8256K), 0.0143629 secs] 69362K->61309K(131264K), 0.0145510 secs]