2012-02-24T03:50:08.274-0800: 370.576: [GC pause (young), 0.08031200 secs]
   [Parallel Time: 268.0 ms]
      [GC Worker Start Time (ms):  371577.0  371577.0  371577.0  371577.1  371577.1  371577.1  371584.2  371584.3  371584.3  371584.4  371584.4  371584.4  371584.4  371584.4  371584.4
       Avg: 371581.4, Min: 371577.0, Max: 371584.4, Diff:   7.5]
      [Update RS (ms):  111.9  107.4  111.7  116.9  107.2  111.5  102.3  130.1  101.9  102.9  102.6  101.7  102.8  104.3  111.1
       Avg: 108.4, Min: 101.7, Max: 130.1, Diff:  28.4]
         [Processed Buffers : 136 115 74 93 116 76 79 97 100 126 70 75 69 67 75
          Sum: 1368, Avg: 91, Min: 67, Max: 136, Diff: 69]
      [Ext Root Scanning (ms):  1.8  1.6  1.6  1.6  1.7  1.6  0.0  0.0  0.0  0.0  0.0  0.0  0.0  0.0  0.0
       Avg:   0.7, Min:   0.0, Max:   1.8, Diff:   1.8]
      [Mark Stack Scanning (ms):  0.0  0.0  0.0  0.0  0.0  0.0  0.0  0.0  0.0  0.0  0.0  0.0  0.0  0.0  0.0
       Avg:   0.0, Min:   0.0, Max:   0.0, Diff:   0.0]
      [Scan RS (ms):  0.1  2.2  0.1  0.1  2.2  0.1  1.9  0.2  2.1  1.0  1.4  2.2  1.1  0.1  0.2
       Avg:   1.0, Min:   0.1, Max:   2.2, Diff:   2.2]
      [Object Copy (ms):  145.7  149.1  146.2  140.9  148.5  146.2  148.2  129.9  148.2  148.2  148.2  154.8  148.2  147.7  143.7
       Avg: 146.2, Min: 129.9, Max: 154.8, Diff:  24.9]
      [Termination (ms):  7.9  7.3  7.9  7.9  7.8  8.0  8.0  0.0  8.0  7.9  7.9  1.4  8.0  7.9  5.0
       Avg:   6.7, Min:   0.0, Max:   8.0, Diff:   8.0]
         [Termination Attempts : 1 1 1 1 1 1 1 1 1 1 1 1 1 1 1
          Sum: 15, Avg: 1, Min: 1, Max: 1, Diff: 0]
      [GC Worker End Time (ms):  371844.6  371844.6  371844.5  371844.6  371844.6  371844.6  371844.5  371844.5  371844.6  371844.7  371844.7  371844.5  371844.6  371844.6  371844.6
       Avg: 371844.6, Min: 371844.5, Max: 371844.7, Diff:   0.2]
      [GC Worker Times (ms):  267.6  267.7  267.5  267.5  267.5  267.5  260.4  260.3  260.3  260.3  260.3  260.1  260.2  260.2  260.2
       Avg: 263.2, Min: 260.1, Max: 267.7, Diff:   7.5]
      [Parallel Other:   5.0 ms]
   [Clear CT:   0.7 ms]
   [Other:  11.6 ms]
      [Choose CSet:   0.0 ms]
      [Ref Proc:   0.9 ms]
      [Ref Enq:   0.0 ms]
   [Eden: 960M(960M)->0B(896M) Survivors: 64M->128M Heap: 20701M(25936M)->20017M(25936M)]
 [Times: user=2.50 sys=0.13, real=0.29 secs] 
2012-02-24T03:50:08.274-0800: 371.576: [GC pause (young)2012-02-24T03:50:08.554-0800:  (initial-mark), 0.28031200 secs]
371.856:    [Parallel Time: 268.0 ms]
[GC concurrent-mark-start]
      [GC Worker Start Time (ms):  371577.0  371577.0  371577.0  371577.1  371577.1  371577.1  371584.2  371584.3  371584.3  371584.4  371584.4  371584.4  371584.4  371584.4  371584.4
       Avg: 371581.4, Min: 371577.0, Max: 371584.4, Diff:   7.5]
      [Update RS (ms):  111.9  107.4  111.7  116.9  107.2  111.5  102.3  130.1  101.9  102.9  102.6  101.7  102.8  104.3  111.1
       Avg: 108.4, Min: 101.7, Max: 130.1, Diff:  28.4]
         [Processed Buffers : 136 115 74 93 116 76 79 97 100 126 70 75 69 67 75
          Sum: 1368, Avg: 91, Min: 67, Max: 136, Diff: 69]
      [Ext Root Scanning (ms):  1.8  1.6  1.6  1.6  1.7  1.6  0.0  0.0  0.0  0.0  0.0  0.0  0.0  0.0  0.0
       Avg:   0.7, Min:   0.0, Max:   1.8, Diff:   1.8]
      [Mark Stack Scanning (ms):  0.0  0.0  0.0  0.0  0.0  0.0  0.0  0.0  0.0  0.0  0.0  0.0  0.0  0.0  0.0
       Avg:   0.0, Min:   0.0, Max:   0.0, Diff:   0.0]
      [Scan RS (ms):  0.1  2.2  0.1  0.1  2.2  0.1  1.9  0.2  2.1  1.0  1.4  2.2  1.1  0.1  0.2
       Avg:   1.0, Min:   0.1, Max:   2.2, Diff:   2.2]
      [Object Copy (ms):  145.7  149.1  146.2  140.9  148.5  146.2  148.2  129.9  148.2  148.2  148.2  154.8  148.2  147.7  143.7
       Avg: 146.2, Min: 129.9, Max: 154.8, Diff:  24.9]
      [Termination (ms):  7.9  7.3  7.9  7.9  7.8  8.0  8.0  0.0  8.0  7.9  7.9  1.4  8.0  7.9  5.0
       Avg:   6.7, Min:   0.0, Max:   8.0, Diff:   8.0]
         [Termination Attempts : 1 1 1 1 1 1 1 1 1 1 1 1 1 1 1
          Sum: 15, Avg: 1, Min: 1, Max: 1, Diff: 0]
      [GC Worker End Time (ms):  371844.6  371844.6  371844.5  371844.6  371844.6  371844.6  371844.5  371844.5  371844.6  371844.7  371844.7  371844.5  371844.6  371844.6  371844.6
       Avg: 371844.6, Min: 371844.5, Max: 371844.7, Diff:   0.2]
      [GC Worker Times (ms):  267.6  267.7  267.5  267.5  267.5  267.5  260.4  260.3  260.3  260.3  260.3  260.1  260.2  260.2  260.2
       Avg: 263.2, Min: 260.1, Max: 267.7, Diff:   7.5]
      [Parallel Other:   5.0 ms]
   [Clear CT:   0.7 ms]
   [Other:  11.6 ms]
      [Choose CSet:   0.0 ms]
      [Ref Proc:   0.9 ms]
      [Ref Enq:   0.0 ms]
   [Eden: 960M(960M)->0B(896M) Survivors: 64M->128M Heap: 20701M(25936M)->20017M(25936M)]
 [Times: user=2.50 sys=0.13, real=0.29 secs] 
