2013-11-02T10:20:35.960+0100: 0.199: [GC pause (young)
Desired survivor size 524288 bytes, new threshold 15 (max 15)
, 0.0059972 secs]
   [Parallel Time: 5.8 ms, GC Workers: 4]
      [GC Worker Start (ms): Min: 199.0, Avg: 199.0, Max: 199.0, Diff: 0.0]
      [Ext Root Scanning (ms): Min: 0.9, Avg: 0.9, Max: 1.0, Diff: 0.2, Sum: 3.8]
      [Update RS (ms): Min: 0.0, Avg: 0.0, Max: 0.0, Diff: 0.0, Sum: 0.0]
         [Processed Buffers: Min: 0, Avg: 2.0, Max: 8, Diff: 8, Sum: 8]
      [Scan RS (ms): Min: 0.0, Avg: 0.0, Max: 0.0, Diff: 0.0, Sum: 0.0]
      [Object Copy (ms): Min: 4.5, Avg: 4.6, Max: 4.6, Diff: 0.1, Sum: 18.2]
      [Termination (ms): Min: 0.0, Avg: 0.1, Max: 0.1, Diff: 0.1, Sum: 0.2]
      [GC Worker Other (ms): Min: 0.1, Avg: 0.1, Max: 0.3, Diff: 0.2, Sum: 0.6]
      [GC Worker Total (ms): Min: 5.7, Avg: 5.7, Max: 5.7, Diff: 0.0, Sum: 22.9]
      [GC Worker End (ms): Min: 204.7, Avg: 204.7, Max: 204.7, Diff: 0.0]
   [Code Root Fixup: 0.0 ms]
   [Clear CT: 0.0 ms]
   [Other: 0.2 ms]
      [Choose CSet: 0.0 ms]
      [Ref Proc: 0.1 ms]
      [Ref Enq: 0.0 ms]
      [Free CSet: 0.0 ms]
   [Eden: 5120.0K(5120.0K)->0.0B(8192.0K) Survivors: 0.0B->1024.0K Heap: 5120.0K(64.0M)->5024.4K(64.0M)]
 [Times: user=0.00 sys=0.00, real=0.00 secs] 
2013-11-02T10:20:36.023+0100: 0.263: [GC pause (young) (initial-mark)
Desired survivor size 1572864 bytes, new threshold 1 (max 15)
- age   1:   15244560 bytes,   15244560 total
, 0.0115757 secs]
   [Parallel Time: 11.2 ms, GC Workers: 4]
      [GC Worker Start (ms): Min: 263.5, Avg: 263.5, Max: 263.5, Diff: 0.0]
      [Ext Root Scanning (ms): Min: 0.7, Avg: 0.7, Max: 0.8, Diff: 0.1, Sum: 2.9]
      [Update RS (ms): Min: 0.0, Avg: 0.1, Max: 0.2, Diff: 0.2, Sum: 0.3]
         [Processed Buffers: Min: 0, Avg: 1.5, Max: 3, Diff: 3, Sum: 6]
      [Scan RS (ms): Min: 0.0, Avg: 0.0, Max: 0.0, Diff: 0.0, Sum: 0.1]
      [Object Copy (ms): Min: 10.2, Avg: 10.2, Max: 10.3, Diff: 0.1, Sum: 41.0]
      [Termination (ms): Min: 0.0, Avg: 0.0, Max: 0.1, Diff: 0.1, Sum: 0.2]
      [GC Worker Other (ms): Min: 0.0, Avg: 0.0, Max: 0.0, Diff: 0.0, Sum: 0.1]
      [GC Worker Total (ms): Min: 11.1, Avg: 11.1, Max: 11.1, Diff: 0.0, Sum: 44.5]
      [GC Worker End (ms): Min: 274.6, Avg: 274.6, Max: 274.6, Diff: 0.0]
   [Code Root Fixup: 0.0 ms]
   [Clear CT: 0.1 ms]
   [Other: 0.3 ms]
      [Choose CSet: 0.0 ms]
      [Ref Proc: 0.1 ms]
      [Ref Enq: 0.0 ms]
      [Free CSet: 0.0 ms]
   [Eden: 14.0M(14.0M)->0.0B(12.0M) Survivors: 3072.0K->3072.0K Heap: 54.8M(77.0M)->54.8M(88.0M)]
 [Times: user=0.00 sys=0.06, real=0.02 secs] 
2013-11-02T10:20:36.038+0100: 0.275: [GC concurrent-root-region-scan-start]
2013-11-02T10:20:36.038+0100: 0.275: [GC concurrent-root-region-scan-end, 0.0000815 secs]
2013-11-02T10:20:36.038+0100: 0.275: [GC concurrent-mark-start]
2013-11-02T10:20:36.038+0100: 0.278: [GC concurrent-mark-end, 0.0027385 secs]
2013-11-02T10:20:36.038+0100: 0.278: [GC remark 2013-11-02T10:20:36.038+0100: 0.278: [GC ref-proc, 0.0000410 secs], 0.0010663 secs]
 [Times: user=0.00 sys=0.00, real=0.00 secs] 
2013-11-02T10:20:36.038+0100: 0.279: [GC cleanup 61M->61M(88M), 0.0003019 secs]
 [Times: user=0.00 sys=0.00, real=0.00 secs] 
2013-11-02T10:20:36.959+0100: 1.205: [GC pause (mixed)
Desired survivor size 524288 bytes, new threshold 1 (max 15)
- age   1:   10163040 bytes,   10163040 total
, 0.0037359 secs]
   [Parallel Time: 3.4 ms, GC Workers: 4]
      [GC Worker Start (ms): Min: 1205.1, Avg: 1205.1, Max: 1205.1, Diff: 0.0]
      [Ext Root Scanning (ms): Min: 0.7, Avg: 0.7, Max: 0.8, Diff: 0.1, Sum: 2.9]
      [Update RS (ms): Min: 0.0, Avg: 0.1, Max: 0.2, Diff: 0.2, Sum: 0.4]
         [Processed Buffers: Min: 0, Avg: 1.5, Max: 3, Diff: 3, Sum: 6]
      [Scan RS (ms): Min: 0.0, Avg: 0.0, Max: 0.0, Diff: 0.0, Sum: 0.0]
      [Object Copy (ms): Min: 2.4, Avg: 2.5, Max: 2.5, Diff: 0.1, Sum: 9.9]
      [Termination (ms): Min: 0.0, Avg: 0.0, Max: 0.0, Diff: 0.0, Sum: 0.0]
      [GC Worker Other (ms): Min: 0.0, Avg: 0.0, Max: 0.1, Diff: 0.0, Sum: 0.2]
      [GC Worker Total (ms): Min: 3.3, Avg: 3.4, Max: 3.4, Diff: 0.0, Sum: 13.4]
      [GC Worker End (ms): Min: 1208.4, Avg: 1208.4, Max: 1208.4, Diff: 0.0]
   [Code Root Fixup: 0.0 ms]
   [Clear CT: 0.1 ms]
   [Other: 0.2 ms]
      [Choose CSet: 0.0 ms]
      [Ref Proc: 0.1 ms]
      [Ref Enq: 0.0 ms]
      [Free CSet: 0.0 ms]
   [Eden: 4096.0K(4096.0K)->0.0B(32.0M) Survivors: 2048.0K->1024.0K Heap: 54.3M(128.0M)->51.4M(128.0M)]
 [Times: user=0.03 sys=0.03, real=0.01 secs] 
2013-11-02T10:21:04.150+0100: 28.395: [GC pause (young)
Desired survivor size 524288 bytes, new threshold 1 (max 15)
- age   1:    5081520 bytes,    5081520 total
 (to-space exhausted), 0.0279974 secs]
   [Parallel Time: 2.0 ms, GC Workers: 4]
      [GC Worker Start (ms): Min: 28394.7, Avg: 28395.1, Max: 28396.5, Diff: 1.8]
      [Ext Root Scanning (ms): Min: 0.0, Avg: 0.6, Max: 0.8, Diff: 0.8, Sum: 2.3]
      [SATB Filtering (ms): Min: 0.0, Avg: 0.0, Max: 0.0, Diff: 0.0, Sum: 0.0]
      [Update RS (ms): Min: 0.0, Avg: 0.1, Max: 0.2, Diff: 0.2, Sum: 0.2]
         [Processed Buffers: Min: 0, Avg: 1.3, Max: 3, Diff: 3, Sum: 5]
      [Scan RS (ms): Min: 0.0, Avg: 0.0, Max: 0.0, Diff: 0.0, Sum: 0.0]
      [Object Copy (ms): Min: 0.0, Avg: 0.8, Max: 1.1, Diff: 1.1, Sum: 3.2]
      [Termination (ms): Min: 0.0, Avg: 0.0, Max: 0.1, Diff: 0.1, Sum: 0.2]
      [GC Worker Other (ms): Min: 0.0, Avg: 0.0, Max: 0.0, Diff: 0.0, Sum: 0.1]
      [GC Worker Total (ms): Min: 0.1, Avg: 1.5, Max: 2.0, Diff: 1.9, Sum: 6.0]
      [GC Worker End (ms): Min: 28396.6, Avg: 28396.6, Max: 28396.7, Diff: 0.0]
   [Code Root Fixup: 0.0 ms]
   [Clear CT: 0.8 ms]
   [Other: 25.2 ms]
      [Choose CSet: 0.0 ms]
      [Ref Proc: 25.0 ms]
      [Ref Enq: 0.0 ms]
      [Free CSet: 0.0 ms]
   [Eden: 5120.0K(5120.0K)->0.0B(5120.0K) Survivors: 1024.0K->1024.0K Heap: 125.9M(128.0M)->128.0M(128.0M)]
 [Times: user=0.03 sys=0.00, real=0.03 secs] 
2013-11-02T10:21:04.181+0100: 28.423: [Full GC 128M->64M(128M), 0.0584228 secs]
   [Eden: 0.0B(5120.0K)->0.0B(26.0M) Survivors: 1024.0K->0.0B Heap: 128.0M(128.0M)->64.4M(128.0M)]
 [Times: user=0.06 sys=0.00, real=0.06 secs] 
