0.356: [GC pause (young) 4096K->3936K(16M), 0.0121737 secs]
0.374: [GC pause (young) 7008K->7008K(16M), 0.0071930 secs]
0.385: [GC pause (young) 9056K->9056K(16M), 0.0024203 secs]
0.388: [GC pause (young) (initial-mark) 10080K->10080K(16M)0.390: [GC concurrent-mark-start]
, 0.0013065 secs]
0.391: [GC pause (young) 10M->10M(16M), 0.0015247 secs]
0.393: [GC pause (young) 11M->11M(16M), 0.0012886 secs]
0.396: [GC pause (young) 12M->12M(16M), 0.0013073 secs]
0.398: [GC pause (young) 13M->13M(16M), 0.0012917 secs]
0.401: [GC pause (young) 14M->14M(16M), 0.0012613 secs]
0.403: [GC concurrent-mark-end, 0.0126670 sec]
0.403: [GC pause (young) 15M->15M(17M), 0.0022962 secs]
0.406: [GC remark, 0.0006116 secs]
0.407: [GC pause (young) 16M->16M(18M), 0.0025739 secs]
0.410: [GC concurrent-count-start]
0.412: [GC concurrent-count-end, 0.0019007]
0.412: [GC pause (young) 17M->17M(25M), 0.0019315 secs]
0.414: [GC cleanup 17M->17M(31M), 0.0003415 secs]
0.423: [GC pause (young) 18M->18M(31M), 0.0020804 secs]
0.428: [GC pause (young) (initial-mark) 20M->20M(36M), 0.0031446 secs]
0.431: [GC concurrent-mark-start]
0.433: [GC pause (young) 22M->22M(40M), 0.0032816 secs]
0.438: [GC concurrent-mark-end, 0.0066198 sec]
0.438: [GC remark, 0.0004276 secs]
0.439: [GC concurrent-count-start]
0.441: [GC concurrent-count-end, 0.0026967]
0.441: [GC pause (young) 24M->24M(43M), 0.0029821 secs]
0.445: [GC cleanup 24M->24M(45M), 0.0004133 secs]
0.455: [GC pause (young) 27M->27M(45M), 0.0037917 secs]
0.461: [GC pause (young) (initial-mark) 29M->29M(47M), 0.0039982 secs]
0.465: [GC concurrent-mark-start]
0.467: [GC pause (young) 31M->31M(48M), 0.0047062 secs]
0.475: [GC pause (young) 33M->33M(49M), 0.0021363 secs]
0.480: [GC pause (young) 35M->35M(50M), 0.0020271 secs]
0.484: [GC pause (young) 37M->37M(51M), 0.0026350 secs]
0.490: [GC pause (young) 39M->39M(52M), 0.0037867 secs]
0.497: [GC pause (young) 41M->41M(93M), 0.0036104 secs]
0.506: [GC pause (young) 48M->48M(126M), 0.0093536 secs]
0.528: [GC concurrent-mark-end, 0.0563984 sec]
0.528: [GC remark, 0.0005086 secs]
0.529: [GC concurrent-count-start]
0.535: [GC concurrent-count-end, 0.0053996]
0.535: [GC cleanup 57M->57M(152M), 0.0016222 secs]
0.540: [GC pause (young) 58M->58M(152M), 0.0192622 secs]
0.576: [GC pause (young) 70M->62M(173M), 0.0064816 secs]
0.652: [GC pause (young) 117M->117M(190M), 0.0612557 secs]
0.726: [GC pause (young) (initial-mark) 126M->113M(204M), 0.0051655 secs]
0.731: [GC concurrent-mark-start]
0.736: [GC concurrent-mark-end, 0.0040906 sec]
0.736: [GC remark, 0.0004266 secs]
0.736: [GC concurrent-count-start]
0.738: [GC concurrent-count-end, 0.0018079]
0.738: [GC cleanup 118M->10M(215M), 0.0010938 secs]
0.740: [GC concurrent-cleanup-start]
0.740: [GC concurrent-cleanup-end, 0.0002070]
0.745: [GC pause (young) 17M->17M(215M), 0.0120006 secs]
0.758: [GC pause (partial) 18M->15M(224M), 0.0038194 secs]
0.802: [GC pause (young) 67M->17M(231M), 0.0026281 secs]
0.841: [GC pause (young) 70M->70M(236M), 0.0414402 secs]
0.912: [GC pause (young) 111M->93M(240M), 0.0274626 secs]
0.962: [GC pause (young) 130M->89M(244M), 0.0015799 secs]
0.987: [GC pause (young) 128M->128M(247M), 0.0340943 secs]
1.039: [GC pause (young) (initial-mark) 158M->126M(249M), 0.0069177 secs]
1.046: [GC concurrent-mark-start]
1.052: [GC concurrent-mark-end, 0.0061599 sec]
1.052: [GC remark, 0.0004511 secs]
1.053: [GC concurrent-count-start]
1.056: [GC concurrent-count-end, 0.0030238]
1.056: [GC cleanup 139M->19M(251M), 0.0015294 secs]
1.058: [GC concurrent-cleanup-start]
1.058: [GC concurrent-cleanup-end, 0.0002294]
1.070: [GC pause (young) 36M->36M(251M), 0.0268826 secs]
1.098: [GC pause (partial) 38M->35M(252M), 0.0059716 secs]
1.136: [GC pause (young) 89M->50M(253M), 0.0125973 secs]
1.189: [GC pause (young) 101M->45M(254M), 0.0030544 secs]
1.247: [GC pause (young) 97M->96M(255M), 0.0820734 secs]
1.376: [GC pause (young) 136M->117M(256M), 0.0529310 secs]
1.466: [GC pause (young) (initial-mark) 152M->152M(256M), 0.0620946 secs]
1.529: [GC concurrent-mark-start]
1.543: [GC concurrent-mark-end, 0.0137027 sec]
1.560: [GC remark, 0.0008563 secs]
1.588: [GC concurrent-count-start]
1.599: [GC pause (young) 165M->155M(256M), 0.0135328 secs]
1.619: [GC concurrent-count-end, 0.0315611]
1.620: [GC cleanup 163M->75M(256M), 0.0030369 secs]
1.623: [GC concurrent-cleanup-start]
1.624: [GC concurrent-cleanup-end, 0.0003683]
1.632: [GC pause (young) 80M->80M(256M), 0.0217676 secs]
1.655: [GC pause (partial) 81M->22M(256M), 0.0146298 secs]
1.744: [GC pause (young) 80M->36M(256M), 0.0126037 secs]
1.799: [GC pause (young) 91M->32M(256M), 0.0038441 secs]
1.876: [GC pause (young) 143M->77M(256M), 0.0413613 secs]
1.948: [GC pause (young) 122M->77M(256M), 0.0130607 secs]
1.991: [GC pause (young) 122M->122M(256M), 0.0418689 secs]
2.055: [GC pause (young) (initial-mark) 155M->143M(256M), 0.0225137 secs]
2.077: [GC concurrent-mark-start]
2.085: [GC concurrent-mark-end, 0.0076485 sec]
2.085: [GC remark, 0.0006038 secs]
2.087: [GC concurrent-count-start]
2.092: [GC concurrent-count-end, 0.0051765]
2.093: [GC cleanup 144M->32M(256M), 0.0017086 secs]
2.095: [GC concurrent-cleanup-start]
2.095: [GC concurrent-cleanup-end, 0.0002401]
2.105: [GC pause (young) 45M->45M(256M), 0.0150919 secs]
2.123: [GC pause (partial) 47M->42M(256M), 0.0230788 secs]
2.181: [GC pause (young) 95M->72M(256M), 0.0248952 secs]
2.236: [GC pause (young) 118M->75M(256M), 0.0089657 secs]
2.274: [GC pause (young) 120M->120M(256M), 0.0403941 secs]
2.335: [GC pause (young) (initial-mark) 154M->137M(256M), 0.0171293 secs]
2.353: [GC concurrent-mark-start]
2.359: [GC concurrent-mark-end, 0.0061440 sec]
2.359: [GC remark, 0.0004271 secs]
2.368: [GC pause (young) 152M->152M(256M), 0.0156712 secs]
2.386: [GC concurrent-count-start]
2.391: [GC concurrent-count-end, 0.0049236]
2.391: [GC cleanup 154M->44M(256M), 0.0024924 secs]
2.394: [GC concurrent-cleanup-start]
2.394: [GC concurrent-cleanup-end, 0.0001548]
2.403: [GC pause (young) 55M->55M(256M), 0.0119047 secs]
2.416: [GC pause (partial) 57M->52M(256M), 0.0356899 secs]
2.492: [GC pause (young) 103M->90M(256M), 0.0295964 secs]
2.547: [GC pause (young) 131M->96M(256M), 0.0099096 secs]
2.581: [GC pause (young) 136M->136M(256M), 0.0334633 secs]
2.623: [GC pause (young) (initial-mark) 151M->132M(256M), 0.0019191 secs]
2.625: [GC concurrent-mark-start]
2.631: [GC concurrent-mark-end, 0.0055053 sec]
2.631: [GC remark, 0.0004698 secs]
2.646: [GC pause (young) 163M->163M(256M), 0.0247800 secs]
2.678: [GC pause (young) 175M->175M(256M), 0.0127057 secs]
2.696: [GC pause (young) 185M->185M(256M), 0.0097875 secs]
2.711: [GC pause (young) 194M->194M(256M), 0.0081924 secs]
2.722: [GC concurrent-count-start]
2.730: [GC concurrent-count-end, 0.0084581]
2.730: [GC pause (young) 202M->198M(256M), 0.0045819 secs]
2.735: [GC cleanup 198M->71M(256M), 0.0013745 secs]
2.737: [GC concurrent-cleanup-start]
2.737: [GC concurrent-cleanup-end, 0.0002033]
2.744: [GC pause (young) 78M->70M(256M), 0.0006629 secs]
2.745: [GC pause (partial) 72M->2400K(256M), 0.0032796 secs]
2.787: [GC pause (young) 65M->65M(256M), 0.0524337 secs]
2.868: [GC pause (young) 113M->105M(256M), 0.0372154 secs]
2.942: [GC pause (young) 143M->118M(256M), 0.0148324 secs]
3.005: [GC pause (young) (initial-mark) 152M->152M(256M), 0.0318876 secs]
3.037: [GC concurrent-mark-start]
3.051: [GC concurrent-mark-end, 0.0088233 sec]
3.059: [GC remark, 0.0005885 secs]
3.062: [GC pause (young) 165M->165M(256M), 0.0143225 secs]
3.084: [GC pause (young) 177M->175M(256M), 0.0098142 secs]
3.108: [GC pause (young) 185M->185M(256M), 0.0092084 secs]
3.123: [GC pause (young) 194M->194M(256M), 0.0083810 secs]
3.137: [GC pause (young) 202M->202M(256M), 0.0077941 secs]
3.149: [GC pause (young) 209M->209M(256M), 0.0067164 secs]
3.184: [GC concurrent-count-start]
3.194: [GC pause (young) 215M->215M(256M), 0.0055307 secs]
3.204: [GC pause (young) 218M->218M(256M), 0.0026761 secs]
3.210: [GC concurrent-count-end, 0.0258746]
3.210: [GC pause (young) 221M->221M(256M), 0.0027279 secs]
3.213: [GC cleanup 221M->124M(256M), 0.0011900 secs]
3.214: [GC concurrent-cleanup-start]
3.214: [GC concurrent-cleanup-end, 0.0001592]
3.218: [GC pause (young) 126M->126M(256M), 0.0105600 secs]
3.229: [GC pause (partial) 127M->61M(256M), 0.0457636 secs]
3.289: [GC pause (young) 86M->80M(256M), 0.0154639 secs]
3.333: [GC pause (young) 124M->124M(256M), 0.0351885 secs]
3.379: [GC pause (young) (initial-mark) 141M->134M(256M), 0.0116988 secs]
3.391: [GC concurrent-mark-start]
3.403: [GC concurrent-mark-end, 0.0078084 sec]
3.403: [GC remark, 0.0005455 secs]
3.417: [GC pause (young) 164M->164M(256M), 0.0245487 secs]
3.575: [GC pause (young) 176M->176M(256M), 0.0186709 secs]
3.609: [GC pause (young) 186M->175M(256M), 0.0011665 secs]
3.616: [GC pause (young) 185M->185M(256M), 0.0122282 secs]
3.638: [GC pause (young) 194M->194M(256M), 0.0080021 secs]
3.660: [GC pause (young) 202M->202M(256M), 0.0073093 secs]
3.672: [GC pause (young) 209M->209M(256M), 0.0067039 secs]
3.682: [GC pause (young) 215M->215M(256M), 0.0063709 secs]
3.689: [GC concurrent-count-start]
3.700: [GC pause (young) 218M->218M(256M), 0.0026021 secs]
3.704: [GC concurrent-count-end, 0.0146609]
3.704: [GC pause (young) 221M->221M(256M), 0.0028138 secs]
3.708: [GC cleanup 223M->107M(256M), 0.0012744 secs]
3.709: [GC concurrent-cleanup-start]
3.710: [GC concurrent-cleanup-end, 0.0002114]
3.713: [GC pause (young) 108M->108M(256M), 0.0028699 secs]
3.717: [GC pause (partial) 110M->51M(256M), 0.0374815 secs]
3.786: [GC pause (young) 102M->88M(256M), 0.0317868 secs]
3.869: [GC pause (young) 109M->109M(256M), 0.0263227 secs]
3.911: [GC pause (young) 128M->109M(256M), 0.0033787 secs]
3.938: [GC pause (young) 146M->141M(256M), 0.0279661 secs]
3.977: [GC pause (young) (initial-mark) 156M->156M(256M), 0.0150285 secs]
3.992: [GC concurrent-mark-start]
4.003: [GC concurrent-mark-end, 0.0091042 sec]
4.004: [GC remark, 0.0019270 secs]
4.013: [GC pause (young) 169M->169M(256M), 0.0126826 secs]
4.033: [GC pause (young) 180M->175M(256M), 0.0074189 secs]
4.047: [GC pause (young) 185M->185M(256M), 0.0102198 secs]
4.063: [GC pause (young) 194M->194M(256M), 0.0079231 secs]
4.071: [GC concurrent-count-start]
4.082: [GC pause (young) 202M->202M(256M), 0.0072361 secs]
4.093: [GC pause (young) 209M->209M(256M), 0.0064936 secs]
4.103: [GC concurrent-count-end, 0.0310945]
4.103: [GC cleanup 215M->111M(256M), 0.0013199 secs]
4.105: [GC concurrent-cleanup-start]
4.105: [GC concurrent-cleanup-end, 0.0003153]
4.135: [GC pause (young) 112M->112M(256M), 0.0118449 secs]
4.161: [GC pause (partial) 114M->50M(256M), 0.0531484 secs]
4.256: [GC pause (young) 101M->85M(256M), 0.0318368 secs]
4.302: [GC pause (young) 107M->107M(256M), 0.0214768 secs]
4.335: [GC pause (young) 126M->115M(256M), 0.0084723 secs]
4.364: [GC pause (young) 150M->150M(256M), 0.0538266 secs]
4.450: [GC pause (young) (initial-mark) 163M->163M(256M), 0.0187931 secs]
4.469: [GC concurrent-mark-start]
4.495: [GC concurrent-mark-end, 0.0207092 sec]
4.508: [GC remark, 0.0004562 secs]
4.536: [GC pause (young) 175M->165M(256M), 0.0060643 secs]
4.571: [GC pause (young) 177M->177M(256M), 0.0109037 secs]
4.589: [GC pause (young) 187M->187M(256M), 0.0090646 secs]
4.606: [GC pause (young) 196M->196M(256M), 0.0080084 secs]
4.619: [GC pause (young) 204M->204M(256M), 0.0076313 secs]
4.633: [GC concurrent-count-start]
4.644: [GC pause (young) 211M->211M(256M), 0.0066180 secs]
4.653: [GC concurrent-count-end, 0.0203413]
4.654: [GC pause (young) 214M->214M(256M), 0.0035734 secs]
4.660: [GC pause (young) 217M->217M(256M), 0.0026578 secs]
4.662: [GC cleanup 217M->117M(256M), 0.0013243 secs]
4.664: [GC concurrent-cleanup-start]
4.664: [GC concurrent-cleanup-end, 0.0001676]
4.668: [GC pause (young) 120M->120M(256M), 0.0029076 secs]
4.674: [GC pause (partial) 122M->61M(256M), 0.0452423 secs]
4.734: [GC pause (young) 86M->81M(256M), 0.0162452 secs]
4.781: [GC pause (young) 125M->125M(256M), 0.0359891 secs]
4.827: [GC pause (young) (initial-mark) 142M->135M(256M), 0.0117992 secs]
4.839: [GC concurrent-mark-start]
4.853: [GC pause (young)4.853: [GC concurrent-mark-end, 0.0064246 sec]
 150M->150M(256M), 0.0136035 secs]
4.867: [GC remark, 0.0004371 secs]
4.875: [GC pause (young) 163M->163M(256M), 0.0120657 secs]
4.895: [GC pause (young) 175M->175M(256M), 0.0103681 secs]
4.911: [GC pause (young) 185M->185M(256M), 0.0091491 secs]
4.979: [GC concurrent-count-start]
4.988: [GC concurrent-count-end, 0.0089228]
4.988: [GC pause (young) 194M->192M(256M), 0.0068998 secs]
5.000: [GC cleanup 192M->75M(256M), 0.0014566 secs]
5.002: [GC concurrent-cleanup-start]
5.002: [GC concurrent-cleanup-end, 0.0001798]
5.009: [GC pause (young) 83M->82M(256M), 0.0063962 secs]
5.016: [GC pause (partial) 84M->10M(256M), 0.0041885 secs]
5.093: [GC pause (young) 71M->15M(256M), 0.0047938 secs]
5.162: [GC pause (young) 75M->75M(256M), 0.0523664 secs]
5.241: [GC pause (young) 120M->110M(256M), 0.0344259 secs]
5.298: [GC pause (young) 146M->118M(256M), 0.0118512 secs]
5.330: [GC pause (young) (initial-mark) 152M->152M(256M), 0.0298083 secs]
5.361: [GC concurrent-mark-start]
5.379: [GC concurrent-mark-end, 0.0108575 sec]
5.383: [GC remark, 0.0004447 secs]
5.390: [GC pause (young) 165M->165M(256M), 0.0137701 secs]
5.429: [GC pause (young) 177M->170M(256M), 0.0057508 secs]
5.442: [GC pause (young) 181M->181M(256M), 0.0098054 secs]
5.457: [GC pause (young) 191M->191M(256M), 0.0089256 secs]
5.473: [GC pause (young) 199M->199M(256M), 0.0077091 secs]
5.485: [GC pause (young) 206M->206M(256M), 0.0065604 secs]
5.496: [GC concurrent-count-start]
5.506: [GC pause (young) 212M->212M(256M), 0.0057665 secs]
5.514: [GC concurrent-count-end, 0.0182696]
5.514: [GC pause (young) 215M->215M(256M), 0.0027728 secs]
5.517: [GC cleanup 215M->115M(256M), 0.0011816 secs]
5.518: [GC concurrent-cleanup-start]
5.519: [GC concurrent-cleanup-end, 0.0001601]
5.522: [GC pause (young) 118M->118M(256M), 0.0030391 secs]
5.530: [GC pause (partial) 120M->57M(256M), 0.0431486 secs]
5.620: [GC pause (young) 82M->72M(256M), 0.0127097 secs]
5.664: [GC pause (young) 118M->118M(256M), 0.0376488 secs]
5.714: [GC pause (young) (initial-mark) 135M->125M(256M), 0.0102665 secs]
5.725: [GC concurrent-mark-start]
5.731: [GC concurrent-mark-end, 0.0055392 sec]
5.731: [GC remark, 0.0004182 secs]
5.750: [GC pause (young) 158M->158M(256M), 0.0274890 secs]
5.786: [GC pause (young) 170M->170M(256M), 0.0126647 secs]
5.806: [GC pause (young) 181M->170M(256M), 0.0027539 secs]
5.816: [GC pause (young) 181M->170M(256M), 0.0017231 secs]
5.833: [GC pause (young) 191M->191M(256M), 0.0172159 secs]
5.852: [GC concurrent-count-start]
5.862: [GC concurrent-count-end, 0.0097577]
5.862: [GC pause (young) 199M->199M(256M), 0.0079488 secs]
5.870: [GC cleanup 200M->92M(256M), 0.0014303 secs]
5.872: [GC concurrent-cleanup-start]
5.872: [GC concurrent-cleanup-end, 0.0001571]
5.878: [GC pause (young) 98M->98M(256M), 0.0064983 secs]
5.886: [GC pause (partial) 100M->39M(256M), 0.0253265 secs]
5.944: [GC pause (young) 93M->62M(256M), 0.0182912 secs]
5.989: [GC pause (young) 110M->62M(256M), 0.0050878 secs]
6.022: [GC pause (young) 110M->110M(256M), 0.0396387 secs]
6.083: [GC pause (young) 146M->127M(256M), 0.0176673 secs]
6.126: [GC pause (young) (initial-mark) 159M->159M(256M), 0.0282375 secs]
6.154: [GC concurrent-mark-start]
6.167: [GC concurrent-mark-end, 0.0120949 sec]
6.167: [GC remark, 0.0007541 secs]
6.176: [GC pause (young) 171M->156M(256M), 0.0016347 secs]
6.180: [GC concurrent-count-start]
6.186: [GC concurrent-count-end, 0.0060809]
6.192: [GC pause (young) 169M->169M(256M), 0.0111054 secs]
6.203: [GC cleanup 169M->69M(256M), 0.0016178 secs]
6.205: [GC concurrent-cleanup-start]
6.205: [GC concurrent-cleanup-end, 0.0001736]
6.213: [GC pause (young) 80M->80M(256M), 0.0092259 secs]
6.225: [GC pause (partial) 82M->27M(256M), 0.0146786 secs]
6.274: [GC pause (young) 84M->45M(256M), 0.0141153 secs]
6.327: [GC pause (young) 98M->43M(256M), 0.0048015 secs]
6.366: [GC pause (young) 96M->96M(256M), 0.0430838 secs]
6.433: [GC pause (young) 136M->113M(256M), 0.0214009 secs]
6.500: [GC pause (young) 149M->149M(256M), 0.0386187 secs]
6.547: [GC pause (young) (initial-mark) 163M->151M(256M), 0.0162167 secs]
6.568: [GC concurrent-mark-start]
6.577: [GC concurrent-mark-end, 0.0058885 sec]
6.577: [GC remark, 0.0004633 secs]
6.578: [GC concurrent-count-start]
6.581: [GC concurrent-count-end, 0.0024224]
6.581: [GC pause (young) 164M->164M(256M), 0.0116873 secs]
6.593: [GC cleanup 164M->26M(256M), 0.0016492 secs]
6.594: [GC concurrent-cleanup-start]
6.595: [GC concurrent-cleanup-end, 0.0002297]
6.604: [GC pause (young) 38M->38M(256M), 0.0100355 secs]
6.619: [GC pause (partial) 40M->35M(256M), 0.0274941 secs]
6.682: [GC pause (young) 90M->58M(256M), 0.0193096 secs]
6.753: [GC pause (young) 107M->59M(256M), 0.0103732 secs]
6.792: [GC pause (young) 108M->108M(256M), 0.0418233 secs]
6.857: [GC pause (young) 145M->129M(256M), 0.0206034 secs]
6.888: [GC pause (young) (initial-mark) 145M->145M(256M), 0.0197894 secs]
6.908: [GC concurrent-mark-start]
6.923: [GC concurrent-mark-end, 0.0098684 sec]
6.925: [GC remark, 0.0004454 secs]
6.930: [GC pause (young) 159M->159M(256M), 0.0134965 secs]
6.951: [GC pause (young) 171M->159M(256M), 0.0027341 secs]
6.955: [GC concurrent-count-start]
6.964: [GC concurrent-count-end, 0.0093096]
6.964: [GC cleanup 169M->72M(256M), 0.0014078 secs]
6.966: [GC concurrent-cleanup-start]
6.966: [GC concurrent-cleanup-end, 0.0001539]
6.970: [GC pause (young) 74M->74M(256M), 0.0104413 secs]
6.982: [GC pause (partial) 76M->16M(256M), 0.0053965 secs]
7.032: [GC pause (young) 76M->27M(256M), 0.0092939 secs]
7.076: [GC pause (young) 84M->21M(256M), 0.0022684 secs]
7.171: [GC pause (young) 79M->79M(256M), 0.0457574 secs]
7.248: [GC pause (young) 123M->110M(256M), 0.0287180 secs]
7.300: [GC pause (young) 146M->106M(256M), 0.0029622 secs]
7.329: [GC pause (young) 143M->135M(256M), 0.0272198 secs]
7.374: [GC pause (young) (initial-mark) 165M->165M(256M), 0.0268059 secs]
7.401: [GC concurrent-mark-start]
7.425: [GC pause (young)7.442: [GC concurrent-mark-end, 0.0240355 sec]
 177M->168M(256M), 0.0173345 secs]
7.444: [GC remark, 0.0004603 secs]
7.452: [GC pause (young) 179M->179M(256M), 0.0202131 secs]
7.482: [GC pause (young) 189M->189M(256M), 0.0165351 secs]
7.508: [GC pause (young) 198M->198M(256M), 0.0132945 secs]
7.528: [GC pause (young) 205M->205M(256M), 0.0131131 secs]
7.542: [GC concurrent-count-start]
7.546: [GC pause (young) 212M->212M(256M), 0.0071691 secs]
7.555: [GC pause (young) 215M->215M(256M), 0.0035569 secs]
7.561: [GC pause (young) 218M->218M(256M), 0.0100300 secs]
7.576: [GC pause (young) 221M->221M(256M), 0.0029045 secs]
7.581: [GC pause (young) 223M->223M(256M), 0.0021091 secs]
7.585: [GC pause (young) 225M->225M(256M), 0.0019519 secs]
7.588: [GC pause (young) 227M->227M(256M), 0.0021462 secs]
7.592: [GC concurrent-count-end, 0.0499084]
7.592: [GC pause (young) 229M->229M(256M), 0.0020005 secs]
7.595: [GC cleanup 229M->130M(256M), 0.0011500 secs]
7.596: [GC concurrent-cleanup-start]
7.596: [GC concurrent-cleanup-end, 0.0001766]
7.598: [GC pause (young) 132M->132M(256M), 0.0022732 secs]
7.602: [GC pause (partial) 134M->6592K(256M), 0.0057621 secs]
7.643: [GC pause (young) 68M->8512K(256M), 0.0035060 secs]
7.696: [GC pause (young) 70M->70M(256M), 0.0604920 secs]
7.784: [GC pause (young) 116M->106M(256M), 0.0396763 secs]
7.839: [GC pause (young) 125M->125M(256M), 0.0281567 secs]
7.877: [GC pause (young) (initial-mark) 142M->135M(256M), 0.0112842 secs]
7.889: [GC concurrent-mark-start]
7.899: [GC concurrent-mark-end, 0.0093752 sec]
7.899: [GC pause (young) 150M->150M(256M), 0.0132428 secs]
7.913: [GC remark, 0.0004251 secs]
7.914: [GC concurrent-count-start]
7.921: [GC concurrent-count-end, 0.0066024]
7.921: [GC pause (young) 163M->164M(256M), 0.0117706 secs]
7.933: [GC cleanup 164M->47M(256M), 0.0017385 secs]
7.935: [GC concurrent-cleanup-start]
7.935: [GC concurrent-cleanup-end, 0.0002149]
7.949: [GC pause (young) 59M->59M(256M), 0.0113524 secs]
7.962: [GC pause (partial) 61M->56M(256M), 0.0511288 secs]
8.042: [GC pause (young) 106M->95M(256M), 0.0307843 secs]
8.084: [GC pause (young) 115M->115M(256M), 0.0199575 secs]
8.114: [GC pause (young) (initial-mark) 133M->116M(256M)8.118: [GC concurrent-mark-start]
, 0.0038888 secs]
8.125: [GC concurrent-mark-end, 0.0076238 sec]
8.125: [GC remark, 0.0004418 secs]
8.126: [GC concurrent-count-start]
8.129: [GC concurrent-count-end, 0.0033884]
8.130: [GC cleanup 136M->30M(256M), 0.0018546 secs]
8.132: [GC concurrent-cleanup-start]
8.132: [GC concurrent-cleanup-end, 0.0002034]
8.142: [GC pause (young) 45M->42M(256M), 0.0270056 secs]
8.170: [GC pause (partial) 44M->36M(256M), 0.0059519 secs]
8.207: [GC pause (young) 91M->62M(256M), 0.0209191 secs]
8.257: [GC pause (young) 110M->63M(256M), 0.0065063 secs]
8.302: [GC pause (young) 111M->111M(256M), 0.0412964 secs]
8.365: [GC pause (young) 147M->131M(256M), 0.0194011 secs]
8.396: [GC pause (young) (initial-mark) 147M->147M(256M), 0.0162294 secs]
8.412: [GC concurrent-mark-start]
8.421: [GC concurrent-mark-end, 0.0081285 sec]
8.421: [GC remark, 0.0004238 secs]
8.427: [GC concurrent-count-start]
8.430: [GC pause (young) 161M->161M(256M), 0.0128430 secs]
8.449: [GC concurrent-count-end, 0.0219663]
8.449: [GC cleanup 172M->73M(256M), 0.0015182 secs]
8.451: [GC concurrent-cleanup-start]
8.451: [GC pause (young) 74M->61M(256M), 0.0015664 secs]
8.453: [GC concurrent-cleanup-end, 0.0018943]
8.481: [GC pause (young) 110M->110M(256M), 0.0377670 secs]
8.520: [GC pause (partial) 112M->52M(256M), 0.0079421 secs]
8.555: [GC pause (young) 103M->88M(256M), 0.0293345 secs]
8.615: [GC pause (young) 130M->96M(256M), 0.0204245 secs]
8.672: [GC pause (young) 136M->136M(256M), 0.0509036 secs]
8.731: [GC pause (young) (initial-mark) 151M->133M(256M)8.733: [GC concurrent-mark-start]
, 0.0023902 secs]
8.741: [GC concurrent-mark-end, 0.0073186 sec]
8.741: [GC remark, 0.0004501 secs]
8.741: [GC concurrent-count-start]
8.745: [GC concurrent-count-end, 0.0031763]
8.745: [GC cleanup 152M->26M(256M), 0.0018497 secs]
8.747: [GC concurrent-cleanup-start]
8.747: [GC concurrent-cleanup-end, 0.0002357]
8.757: [GC pause (young) 38M->38M(256M), 0.0605262 secs]
8.819: [GC pause (partial) 40M->35M(256M), 0.0196881 secs]
8.898: [GC pause (young) 90M->47M(256M), 0.0231286 secs]
8.972: [GC pause (young) 99M->99M(256M), 0.0819569 secs]
9.090: [GC pause (young) 138M->129M(256M), 0.0516231 secs]
9.156: [GC pause (young) (initial-mark) 145M->145M(256M)9.187: [GC concurrent-mark-start]
, 0.0309458 secs]
9.202: [GC pause (young) 159M->144M(256M), 0.0030625 secs]
9.212: [GC concurrent-mark-end, 0.0250177 sec]
9.213: [GC remark, 0.0009503 secs]
9.214: [GC concurrent-count-start]
9.233: [GC concurrent-count-end, 0.0186517]
9.233: [GC cleanup 171M->81M(256M), 0.0070423 secs]
9.241: [GC concurrent-cleanup-start]
9.241: [GC concurrent-cleanup-end, 0.0002920]
9.247: [GC pause (young) 82M->82M(256M), 0.0418720 secs]
9.291: [GC pause (partial) 84M->31M(256M), 0.0172422 secs]
9.370: [GC pause (young) 87M->52M(256M), 0.0184966 secs]
9.419: [GC pause (young) 103M->50M(256M), 0.0061830 secs]
9.455: [GC pause (young) 101M->101M(256M), 0.0459624 secs]
9.524: [GC pause (young) 140M->124M(256M), 0.0247739 secs]
9.568: [GC pause (young) (initial-mark) 157M->157M(256M), 0.0327632 secs]
9.601: [GC concurrent-mark-start]
9.611: [GC pause (young) 170M->164M(256M), 0.0108531 secs]
9.627: [GC concurrent-mark-end, 0.0256898 sec]
9.628: [GC remark, 0.0010313 secs]
9.630: [GC concurrent-count-start]
9.640: [GC pause (young) 176M->176M(256M), 0.0120515 secs]
9.659: [GC pause (young) 186M->186M(256M), 0.0094244 secs]
9.672: [GC concurrent-count-end, 0.0419547]
9.673: [GC cleanup 192M->100M(256M), 0.0029481 secs]
9.676: [GC concurrent-cleanup-start]
9.676: [GC concurrent-cleanup-end, 0.0002247]
9.678: [GC pause (young) 103M->103M(256M), 0.0087114 secs]
9.689: [GC pause (partial) 105M->43M(256M), 0.0292380 secs]
9.750: [GC pause (young) 96M->64M(256M), 0.0185477 secs]
9.796: [GC pause (young) 112M->61M(256M), 0.0058241 secs]
9.852: [GC pause (young) 109M->109M(256M), 0.0720258 secs]
9.947: [GC pause (young) 146M->126M(256M), 0.0181953 secs]
9.982: [GC pause (young) (initial-mark) 158M->158M(256M)10.010: [GC concurrent-mark-start]
, 0.0282024 secs]
10.017: [GC pause (young) 170M->154M(256M), 0.0009694 secs]
10.023: [GC concurrent-mark-end, 0.0131425 sec]
10.023: [GC remark, 0.0004373 secs]
10.024: [GC concurrent-count-start]
10.033: [GC concurrent-count-end, 0.0091449]
10.033: [GC pause (young) 179M->179M(256M), 0.0193518 secs]
10.054: [GC cleanup 181M->82M(256M), 0.0024956 secs]
10.057: [GC concurrent-cleanup-start]
10.057: [GC concurrent-cleanup-end, 0.0001655]
10.064: [GC pause (young) 90M->90M(256M), 0.0100916 secs]
10.075: [GC pause (partial) 92M->37M(256M), 0.0208997 secs]
10.129: [GC pause (young) 92M->63M(256M), 0.0207582 secs]
10.175: [GC pause (young) 111M->66M(256M), 0.0071576 secs]
10.209: [GC pause (young) 113M->113M(256M), 0.0402143 secs]
10.271: [GC pause (young) 149M->132M(256M), 0.0203473 secs]
10.303: [GC pause (young) (initial-mark) 148M->148M(256M), 0.0163186 secs]
10.319: [GC concurrent-mark-start]
10.329: [GC pause (young) 162M->162M(256M), 0.0129266 secs]
10.343: [GC concurrent-mark-end, 0.0234808 sec]
10.343: [GC remark, 0.0004325 secs]
10.351: [GC pause (young) 174M->161M(256M), 0.0016530 secs]
10.360: [GC pause (young) 173M->164M(256M), 0.0038632 secs]
10.368: [GC concurrent-count-start]
10.379: [GC concurrent-count-end, 0.0112715]
10.379: [GC pause (young) 187M->187M(256M), 0.0181398 secs]
10.397: [GC cleanup 187M->85M(256M), 0.0021760 secs]
10.400: [GC concurrent-cleanup-start]
10.400: [GC concurrent-cleanup-end, 0.0001827]
10.407: [GC pause (young) 94M->94M(256M), 0.0099055 secs]
10.418: [GC pause (partial) 96M->38M(256M), 0.0221365 secs]
10.473: [GC pause (young) 92M->56M(256M), 0.0143789 secs]
10.518: [GC pause (young) 106M->52M(256M), 0.0024256 secs]
10.554: [GC pause (young) 103M->103M(256M), 0.0401952 secs]
10.620: [GC pause (young) 141M->121M(256M), 0.0191362 secs]
10.660: [GC pause (young) (initial-mark) 155M->155M(256M), 0.0296083 secs]
10.690: [GC concurrent-mark-start]
10.697: [GC pause (young) 168M->157M(256M), 0.0051732 secs]
10.709: [GC concurrent-mark-end, 0.0185305 sec]
10.710: [GC remark, 0.0004694 secs]
10.710: [GC pause (young) 170M->170M(256M), 0.0116282 secs]
10.722: [GC concurrent-count-start]
10.729: [GC pause (young) 181M->181M(256M), 0.0096199 secs]
10.744: [GC pause (young) 191M->191M(256M), 0.0089950 secs]
10.756: [GC concurrent-count-end, 0.0333845]
10.756: [GC cleanup 197M->104M(256M), 0.0013009 secs]
10.758: [GC concurrent-cleanup-start]
10.758: [GC concurrent-cleanup-end, 0.0001865]
10.761: [GC pause (young) 106M->106M(256M), 0.0072721 secs]
10.770: [GC pause (partial) 108M->50M(256M), 0.0329420 secs]
10.833: [GC pause (young) 101M->84M(256M), 0.0267461 secs]
10.904: [GC pause (young) 127M->90M(256M), 0.0356596 secs]
10.964: [GC pause (young) 131M->131M(256M), 0.0390631 secs]
11.011: [GC pause (young) (initial-mark) 147M->128M(256M)11.014: [GC concurrent-mark-start]
, 0.0028124 secs]
11.021: [GC concurrent-mark-end, 0.0076254 sec]
11.022: [GC remark, 0.0005263 secs]
11.022: [GC concurrent-count-start]
11.026: [GC concurrent-count-end, 0.0033020]
11.026: [GC cleanup 148M->27M(256M), 0.0018578 secs]
11.028: [GC concurrent-cleanup-start]
11.028: [GC concurrent-cleanup-end, 0.0002394]
11.037: [GC pause (young) 39M->31M(256M), 0.0202373 secs]
11.058: [GC pause (partial) 33M->28M(256M), 0.0061745 secs]
11.095: [GC pause (young) 85M->48M(256M), 0.0157160 secs]
11.137: [GC pause (young) 100M->46M(256M), 0.0053355 secs]
11.169: [GC pause (young) 98M->98M(256M), 0.0428256 secs]
11.242: [GC pause (young) 137M->121M(256M), 0.0438944 secs]
11.323: [GC pause (young) (initial-mark) 155M->155M(256M), 0.0547593 secs]
11.378: [GC concurrent-mark-start]
11.393: [GC pause (young) 168M->162M(256M), 0.0174090 secs]
11.424: [GC pause (young) 174M->174M(256M), 0.0206928 secs]
11.451: [GC concurrent-mark-end, 0.0727379 sec]
11.451: [GC remark, 0.0011434 secs]
11.456: [GC concurrent-count-start]
11.458: [GC pause (young) 184M->184M(256M), 0.0161039 secs]
11.488: [GC pause (young) 193M->193M(256M), 0.0150233 secs]
11.511: [GC pause (young) 201M->201M(256M), 0.0140603 secs]
11.533: [GC pause (young) 208M->208M(256M), 0.0123004 secs]
11.552: [GC pause (young) 214M->214M(256M), 0.0117490 secs]
11.567: [GC pause (young) 217M->214M(256M), 0.0012249 secs]
11.572: [GC concurrent-count-end, 0.1162996]
11.574: [GC cleanup 219M->133M(256M), 0.0032431 secs]
11.578: [GC concurrent-cleanup-start]
11.578: [GC pause (young) 133M->134M(256M), 0.0077449 secs]
11.586: [GC concurrent-cleanup-end, 0.0083645]
11.606: [GC pause (young) 149M->149M(256M), 0.0243425 secs]
11.631: [GC pause (partial) 150M->21M(256M), 0.0084998 secs]
11.701: [GC pause (young) 80M->35M(256M), 0.0222588 secs]
11.775: [GC pause (young) 90M->31M(256M), 0.0068322 secs]
11.835: [GC pause (young) 87M->87M(256M), 0.0643354 secs]
11.941: [GC pause (young) 129M->115M(256M), 0.0329003 secs]
11.998: [GC pause (young) (initial-mark) 150M->113M(256M), 0.0358865 secs]
12.058: [GC concurrent-mark-start]
12.065: [GC pause (young)12.066: [GC concurrent-mark-end, 0.0078367 sec]
 149M->137M(256M), 0.0289737 secs]
12.099: [GC remark, 0.0011182 secs]
12.101: [GC concurrent-count-start]
12.109: [GC concurrent-count-end, 0.0080027]
12.109: [GC cleanup 156M->52M(256M), 0.0029060 secs]
12.112: [GC concurrent-cleanup-start]
12.112: [GC concurrent-cleanup-end, 0.0002195]
12.122: [GC pause (young) 63M->63M(256M), 0.0283930 secs]
12.152: [GC pause (partial) 65M->60M(256M), 0.0247891 secs]
12.207: [GC pause (young) 109M->102M(256M), 0.0349755 secs]
12.265: [GC pause (young) 140M->111M(256M), 0.0126557 secs]
12.299: [GC pause (young) 147M->147M(256M), 0.0344709 secs]
12.343: [GC pause (young) (initial-mark) 161M->161M(256M)12.359: [GC concurrent-mark-start]
, 0.0163125 secs]
12.367: [GC pause (young) 173M->172M(256M), 0.0113637 secs]
12.385: [GC pause (young) 183M->183M(256M), 0.0105321 secs]
12.399: [GC concurrent-mark-end, 0.0394339 sec]
12.399: [GC remark, 0.0008724 secs]
12.400: [GC concurrent-count-start]
12.402: [GC pause (young) 192M->192M(256M), 0.0089224 secs]
12.416: [GC pause (young) 200M->200M(256M), 0.0078994 secs]
12.428: [GC pause (young) 207M->207M(256M), 0.0067153 secs]
12.439: [GC pause (young) 213M->213M(256M), 0.0057708 secs]
12.446: [GC pause (young) 216M->216M(256M), 0.0028451 secs]
12.452: [GC pause (young) 219M->219M(256M), 0.0028182 secs]
12.457: [GC pause (young) 222M->222M(256M), 0.0027126 secs]
12.462: [GC concurrent-count-end, 0.0621467]
12.462: [GC cleanup 222M->129M(256M), 0.0010807 secs]
12.464: [GC concurrent-cleanup-start]
12.464: [GC concurrent-cleanup-end, 0.0001553]
12.465: [GC pause (young) 131M->131M(256M), 0.0021429 secs]
12.469: [GC pause (partial) 133M->65M(256M), 0.0481442 secs]
12.534: [GC pause (young) 89M->87M(256M), 0.0188500 secs]
12.577: [GC pause (young) 129M->129M(256M), 0.0339331 secs]
12.620: [GC pause (young) (initial-mark) 145M->138M(256M), 0.0114101 secs]
12.632: [GC concurrent-mark-start]
12.641: [GC pause (young) 153M->153M(256M), 0.0148070 secs]
12.657: [GC concurrent-mark-end, 0.0247825 sec]
12.658: [GC remark, 0.0004327 secs]
12.659: [GC concurrent-count-start]
12.666: [GC concurrent-count-end, 0.0065362]
12.666: [GC pause (young) 166M->167M(256M), 0.0120966 secs]
12.678: [GC cleanup 167M->47M(256M), 0.0017295 secs]
12.680: [GC concurrent-cleanup-start]
12.680: [GC concurrent-cleanup-end, 0.0001742]
12.693: [GC pause (young) 58M->57M(256M), 0.0095586 secs]
12.704: [GC pause (partial) 59M->55M(256M), 0.0338223 secs]
12.766: [GC pause (young) 105M->95M(256M), 0.0299366 secs]
12.806: [GC pause (young) 115M->115M(256M), 0.0201241 secs]
12.836: [GC pause (young) 133M->115M(256M), 0.0033746 secs]
12.858: [GC pause (young) (initial-mark) 150M->147M(256M)12.883: [GC concurrent-mark-start]
, 0.0255254 secs]
12.891: [GC pause (young) 161M->161M(256M), 0.0146555 secs]
12.910: [GC concurrent-mark-end, 0.0273158 sec]
12.911: [GC remark, 0.0004350 secs]
12.911: [GC concurrent-count-start]
12.913: [GC pause (young) 173M->173M(256M), 0.0112259 secs]
12.930: [GC pause (young) 184M->177M(256M), 0.0048315 secs]
12.939: [GC concurrent-count-end, 0.0273044]
12.939: [GC cleanup 184M->76M(256M), 0.0012828 secs]
12.940: [GC concurrent-cleanup-start]
12.940: [GC concurrent-cleanup-end, 0.0002162]
12.943: [GC pause (young) 79M->79M(256M), 0.0088216 secs]
12.954: [GC pause (partial) 81M->17M(256M), 0.0071971 secs]
13.008: [GC pause (young) 77M->28M(256M), 0.0118640 secs]
13.059: [GC pause (young) 85M->23M(256M), 0.0034041 secs]
13.102: [GC pause (young) 81M->81M(256M), 0.0480121 secs]
13.175: [GC pause (young) 125M->112M(256M), 0.0285931 secs]
13.225: [GC pause (young) 148M->114M(256M), 0.0068604 secs]
13.250: [GC pause (young) 149M->149M(256M), 0.0300807 secs]
13.287: [GC pause (young) (initial-mark) 163M->163M(256M), 0.0150082 secs]
13.302: [GC concurrent-mark-start]
13.309: [GC pause (young) 175M->163M(256M), 0.0029773 secs]
13.318: [GC concurrent-mark-end, 0.0165821 sec]
13.319: [GC remark, 0.0004417 secs]
13.319: [GC concurrent-count-start]
13.320: [GC pause (young) 175M->175M(256M), 0.0112208 secs]
13.338: [GC pause (young) 185M->185M(256M), 0.0090514 secs]
13.352: [GC pause (young) 194M->194M(256M), 0.0082641 secs]
13.362: [GC concurrent-count-end, 0.0430201]
13.362: [GC cleanup 199M->98M(256M), 0.0011837 secs]
13.364: [GC concurrent-cleanup-start]
13.364: [GC concurrent-cleanup-end, 0.0002085]
13.368: [GC pause (young) 101M->101M(256M), 0.0074984 secs]
13.377: [GC pause (partial) 103M->44M(256M), 0.0280409 secs]
13.434: [GC pause (young) 97M->74M(256M), 0.0233514 secs]
13.481: [GC pause (young) 119M->69M(256M), 0.0014014 secs]
13.507: [GC pause (young) 116M->112M(256M), 0.0585551 secs]
13.598: [GC pause (young) 148M->119M(256M), 0.0200346 secs]
13.637: [GC pause (young) (initial-mark) 153M->153M(256M), 0.0290797 secs]
13.666: [GC concurrent-mark-start]
13.674: [GC pause (young) 166M->166M(256M), 0.0140471 secs]
13.694: [GC concurrent-mark-end, 0.0279753 sec]
13.694: [GC remark, 0.0004779 secs]
13.695: [GC concurrent-count-start]
13.696: [GC pause (young) 177M->170M(256M), 0.0048714 secs]
13.709: [GC concurrent-count-end, 0.0141681]
13.710: [GC cleanup 180M->79M(256M), 0.0015207 secs]
13.711: [GC concurrent-cleanup-start]
13.711: [GC concurrent-cleanup-end, 0.0001921]
13.713: [GC pause (young) 81M->81M(256M), 0.0104446 secs]
13.726: [GC pause (partial) 83M->19M(256M), 0.0115530 secs]
13.795: [GC pause (young) 78M->32M(256M), 0.0191791 secs]
13.864: [GC pause (young) 88M->27M(256M), 0.0052163 secs]
13.922: [GC pause (young) 84M->84M(256M), 0.0819252 secs]
14.058: [GC pause (young) 127M->113M(256M), 0.1108130 secs]
14.208: [GC pause (young) 149M->113M(256M), 0.0145752 secs]
14.260: [GC pause (young) 149M->149M(256M), 0.0657002 secs]
14.338: [GC pause (young) (initial-mark) 163M->163M(256M), 0.0315720 secs]
14.370: [GC concurrent-mark-start]
14.385: [GC pause (young) 175M->163M(256M), 0.0032073 secs]
14.395: [GC concurrent-mark-end, 0.0229486 sec]
14.396: [GC remark, 0.0006471 secs]
14.397: [GC concurrent-count-start]
14.404: [GC pause (young) 186M->179M(256M), 0.0147130 secs]
14.425: [GC pause (young) 189M->189M(256M), 0.0113767 secs]
14.442: [GC pause (young) 198M->198M(256M), 0.0088556 secs]
14.454: [GC concurrent-count-end, 0.0568439]
14.454: [GC cleanup 203M->101M(256M), 0.0020700 secs]
14.457: [GC concurrent-cleanup-start]
14.457: [GC concurrent-cleanup-end, 0.0002083]
14.462: [GC pause (young) 103M->103M(256M), 0.0070506 secs]
14.470: [GC pause (partial) 105M->45M(256M), 0.0329350 secs]
14.535: [GC pause (young) 98M->77M(256M), 0.0275740 secs]
14.591: [GC pause (young) 122M->82M(256M), 0.0101282 secs]
14.626: [GC pause (young) 125M->125M(256M), 0.0404947 secs]
14.677: [GC pause (young) (initial-mark) 142M->124M(256M), 0.0062162 secs]
14.683: [GC concurrent-mark-start]
14.694: [GC concurrent-mark-end, 0.0101325 sec]
14.694: [GC remark, 0.0006580 secs]
14.695: [GC concurrent-count-start]
14.698: [GC concurrent-count-end, 0.0024611]
14.698: [GC cleanup 139M->26M(256M), 0.0040808 secs]
14.702: [GC concurrent-cleanup-start]
14.703: [GC concurrent-cleanup-end, 0.0002515]
14.717: [GC pause (young) 44M->44M(256M), 0.0320353 secs]
14.750: [GC pause (partial) 46M->40M(256M), 0.0098659 secs]
14.798: [GC pause (young) 94M->68M(256M), 0.0234791 secs]
14.849: [GC pause (young) 115M->70M(256M), 0.0087174 secs]
14.885: [GC pause (young) 116M->116M(256M), 0.0432199 secs]
14.948: [GC pause (young) (initial-mark) 151M->134M(256M), 0.0185896 secs]
14.967: [GC concurrent-mark-start]
14.978: [GC concurrent-mark-end, 0.0095470 sec]
14.978: [GC remark, 0.0004893 secs]
14.979: [GC concurrent-count-start]
14.984: [GC concurrent-count-end, 0.0055234]
14.985: [GC cleanup 162M->58M(256M), 0.0026550 secs]
14.987: [GC concurrent-cleanup-start]
14.988: [GC concurrent-cleanup-end, 0.0001949]
14.989: [GC pause (young) 60M->60M(256M), 0.0264492 secs]
15.018: [GC pause (partial) 62M->56M(256M), 0.0199627 secs]
15.065: [GC pause (young) 106M->79M(256M), 0.0185457 secs]
15.106: [GC pause (young) 123M->74M(256M), 0.0021564 secs]
15.139: [GC pause (young) 119M->119M(256M), 0.0391381 secs]
15.205: [GC pause (young) (initial-mark) 153M->129M(256M), 0.0148424 secs]
15.238: [GC pause (young)15.238: [GC concurrent-mark-start]
 161M->161M(256M), 0.0323475 secs]
15.278: [GC pause (young) 173M->173M(256M), 0.0126307 secs]
15.297: [GC pause (young) 184M->174M(256M), 0.0031721 secs]
15.306: [GC pause (young) 184M->184M(256M), 0.0092989 secs]
15.316: [GC concurrent-mark-end, 0.0774848 sec]
15.316: [GC remark, 0.0006087 secs]
15.317: [GC concurrent-count-start]
15.321: [GC pause (young) 193M->193M(256M), 0.0078885 secs]
15.335: [GC pause (young) 201M->201M(256M), 0.0072345 secs]
15.346: [GC pause (young)15.346: [GC concurrent-count-end, 0.0292128]
 208M->208M(256M), 0.0144183 secs]
15.361: [GC cleanup 208M->98M(256M), 0.0014699 secs]
15.362: [GC concurrent-cleanup-start]
15.362: [GC concurrent-cleanup-end, 0.0001821]
15.371: [GC pause (young) 104M->104M(256M), 0.0095713 secs]
15.438: [GC pause (partial) 106M->45M(256M), 0.0714368 secs]
15.567: [GC pause (young) 72M->51M(256M), 0.0091327 secs]
15.606: [GC pause (young) 102M->102M(256M), 0.0447312 secs]
15.672: [GC pause (young) 140M->125M(256M), 0.0316111 secs]
15.713: [GC pause (young) (initial-mark) 142M->142M(256M), 0.0197999 secs]
15.733: [GC concurrent-mark-start]
15.745: [GC pause (young) 156M->156M(256M), 0.0141116 secs]
15.771: [GC pause (young) 169M->163M(256M), 0.0133908 secs]
15.787: [GC concurrent-mark-end, 0.0525169 sec]
15.787: [GC remark, 0.0006041 secs]
15.788: [GC concurrent-count-start]
15.794: [GC pause (young) 175M->175M(256M), 0.0126734 secs]
15.812: [GC pause (young) 185M->185M(256M), 0.0117741 secs]
15.829: [GC pause (young) 194M->194M(256M), 0.0105495 secs]
15.844: [GC pause (young) 202M->202M(256M), 0.0090444 secs]
15.857: [GC pause (young) 209M->209M(256M), 0.0077944 secs]
15.869: [GC pause (young) 215M->215M(256M), 0.0066577 secs]
15.878: [GC pause (young) 218M->218M(256M), 0.0039154 secs]
15.884: [GC pause (young) 221M->221M(256M), 0.0034128 secs]
15.889: [GC pause (young) 223M->222M(256M), 0.0017560 secs]
15.892: [GC pause (young) 224M->224M(256M), 0.0026447 secs]
15.897: [GC pause (young) 226M->226M(256M), 0.0023891 secs]
15.901: [GC pause (young) 228M->228M(256M), 0.0026220 secs]
15.905: [GC pause (young) 230M->230M(256M), 0.0026739 secs]
15.909: [GC pause (young) 232M->232M(256M), 0.0030044 secs]
15.925: [GC pause (young)-- 254M->255M(256M), 0.0023087 secs]
15.928: [Full GC 255M->32M(109M), 0.0585270 secs]
15.987: [GC concurrent-mark-abort]
15.999: [GC pause (young) 51M->51M(109M), 0.0181285 secs]
16.022: [GC pause (young) 58M->58M(139M), 0.0084855 secs]
16.037: [GC pause (young) 68M->60M(163M), 0.0036774 secs]
16.053: [GC pause (young) 85M->79M(182M), 0.0216195 secs]
16.100: [GC pause (young) 104M->104M(197M), 0.0347427 secs]
16.152: [GC pause (young) (initial-mark) 116M->116M(209M), 0.0197578 secs]
16.172: [GC concurrent-mark-start]
16.188: [GC concurrent-mark-end, 0.0158764 sec]
16.188: [GC remark, 0.0017362 secs]
16.205: [GC concurrent-count-start]
16.215: [GC concurrent-count-end, 0.0098080]
16.215: [GC cleanup 128M->74M(219M), 0.0051298 secs]
16.221: [GC concurrent-cleanup-start]
16.221: [GC concurrent-cleanup-end, 0.0001953]
16.232: [GC pause (young) 75M->65M(219M), 0.0038877 secs]
16.237: [GC pause (partial) 67M->6464K(227M), 0.0073439 secs]
16.331: [GC pause (young) 61M->61M(233M), 0.0526857 secs]
16.450: [GC pause (young) 104M->93M(238M), 0.0292416 secs]
16.506: [GC pause (young) 129M->94M(242M), 0.0071328 secs]
16.542: [GC pause (young) 131M->131M(245M), 0.0332035 secs]
16.584: [GC pause (young) (initial-mark) 145M->145M(248M), 0.0154599 secs]
16.600: [GC concurrent-mark-start]
16.609: [GC pause (young) 158M->151M(250M), 0.0067786 secs]
16.627: [GC concurrent-mark-end, 0.0223674 sec]
16.627: [GC remark, 0.0005473 secs]
16.628: [GC concurrent-count-start]
16.637: [GC concurrent-count-end, 0.0090538]
16.637: [GC pause (young) 164M->164M(252M), 0.0115912 secs]
16.649: [GC cleanup 164M->80M(253M), 0.0015996 secs]
16.650: [GC concurrent-cleanup-start]
16.651: [GC concurrent-cleanup-end, 0.0001307]
16.660: [GC pause (young) 91M->91M(253M), 0.0145972 secs]
16.677: [GC pause (partial) 93M->32M(254M), 0.0191149 secs]
16.739: [GC pause (young) 87M->52M(255M), 0.0267264 secs]
16.805: [GC pause (young) 103M->51M(256M), 0.0055543 secs]
16.848: [GC pause (young) 102M->102M(256M), 0.0428350 secs]
16.919: [GC pause (young) 140M->124M(256M), 0.0239808 secs]
16.965: [GC pause (young) (initial-mark) 157M->157M(256M), 0.0293254 secs]
16.994: [GC concurrent-mark-start]
17.009: [GC concurrent-mark-end, 0.0142078 sec]
17.009: [GC remark, 0.0004411 secs]
17.010: [GC concurrent-count-start]
17.019: [GC concurrent-count-end, 0.0089068]
17.019: [GC pause (young) 170M->157M(256M), 0.0046727 secs]
17.025: [GC cleanup 157M->66M(256M), 0.0013648 secs]
17.026: [GC concurrent-cleanup-start]
17.026: [GC concurrent-cleanup-end, 0.0001759]
17.040: [GC pause (young) 79M->72M(256M), 0.0073391 secs]
17.049: [GC pause (partial) 74M->10M(256M), 0.0046402 secs]
17.101: [GC pause (young) 71M->15M(256M), 0.0051319 secs]
17.157: [GC pause (young) 75M->75M(256M), 0.0764868 secs]
17.292: [GC pause (young) 120M->111M(256M), 0.0330816 secs]
17.345: [GC pause (young) 147M->119M(256M), 0.0114316 secs]
17.375: [GC pause (young) (initial-mark) 153M->153M(256M), 0.0310610 secs]
17.406: [GC concurrent-mark-start]
17.416: [GC pause (young) 166M->166M(256M), 0.0138665 secs]
17.434: [GC concurrent-mark-end, 0.0275891 sec]
17.434: [GC remark, 0.0004715 secs]
17.435: [GC concurrent-count-start]
17.437: [GC pause (young) 177M->170M(256M), 0.0050833 secs]
17.449: [GC pause (young) 181M->181M(256M), 0.0096957 secs]
17.462: [GC concurrent-count-end, 0.0274348]
17.462: [GC cleanup 188M->88M(256M), 0.0014493 secs]
17.464: [GC concurrent-cleanup-start]
17.464: [GC concurrent-cleanup-end, 0.0001930]
17.467: [GC pause (young) 91M->91M(256M), 0.0089200 secs]
17.478: [GC pause (partial) 93M->29M(256M), 0.0159123 secs]
17.526: [GC pause (young) 86M->49M(256M), 0.0157197 secs]
17.569: [GC pause (young) 101M->48M(256M), 0.0055481 secs]
17.602: [GC pause (young) 100M->100M(256M), 0.0435078 secs]
17.678: [GC pause (young) 139M->111M(256M), 0.0268849 secs]
17.740: [GC pause (young) 147M->147M(256M), 0.0448497 secs]
17.794: [GC pause (young) (initial-mark) 161M->145M(256M), 0.0028262 secs]
17.797: [GC concurrent-mark-start]
17.806: [GC concurrent-mark-end, 0.0084036 sec]
17.806: [GC remark, 0.0004425 secs]
17.807: [GC concurrent-count-start]
17.810: [GC concurrent-count-end, 0.0033762]
17.810: [GC cleanup 165M->29M(256M), 0.0020716 secs]
17.812: [GC concurrent-cleanup-start]
17.813: [GC concurrent-cleanup-end, 0.0002537]
17.819: [GC pause (young) 37M->37M(256M), 0.0226369 secs]
17.843: [GC pause (partial) 39M->33M(256M), 0.0060360 secs]
17.879: [GC pause (young) 89M->55M(256M), 0.0325600 secs]
17.963: [GC pause (young) 105M->55M(256M), 0.0111514 secs]
18.028: [GC pause (young) 105M->105M(256M), 0.0778929 secs]
18.154: [GC pause (young) 143M->126M(256M), 0.0404920 secs]
18.230: [GC pause (young) (initial-mark) 158M->158M(256M), 0.0514943 secs]
18.282: [GC concurrent-mark-start]
18.298: [GC pause (young) 170M->163M(256M), 0.0198477 secs]
18.339: [GC concurrent-mark-end, 0.0570297 sec]
18.340: [GC remark, 0.0014748 secs]
18.344: [GC concurrent-count-start]
18.368: [GC concurrent-count-end, 0.0231684]
18.369: [GC cleanup 166M->72M(256M), 0.0032261 secs]
18.372: [GC concurrent-cleanup-start]
18.373: [GC concurrent-cleanup-end, 0.0003007]
18.385: [GC pause (young) 81M->81M(256M), 0.0214483 secs]
18.408: [GC pause (partial) 82M->19M(256M), 0.0149569 secs]
18.498: [GC pause (young) 78M->32M(256M), 0.0199224 secs]
18.563: [GC pause (young) 88M->27M(256M), 0.0036682 secs]
18.603: [GC pause (young) 84M->80M(256M), 0.0448834 secs]
18.674: [GC pause (young) 124M->98M(256M), 0.0210715 secs]
18.718: [GC pause (young) 137M->137M(256M), 0.0379499 secs]
18.765: [GC pause (young) (initial-mark) 152M->145M(256M), 0.0119926 secs]
18.777: [GC concurrent-mark-start]
18.786: [GC pause (young) 159M->159M(256M), 0.0145101 secs]
18.806: [GC concurrent-mark-end, 0.0287631 sec]
18.806: [GC remark, 0.0005899 secs]
18.807: [GC concurrent-count-start]
18.815: [GC concurrent-count-end, 0.0079263]
18.815: [GC pause (young) 171M->171M(256M), 0.0318034 secs]
18.850: [GC cleanup 171M->46M(256M), 0.0027533 secs]
18.853: [GC concurrent-cleanup-start]
18.853: [GC concurrent-cleanup-end, 0.0002590]
18.865: [GC pause (young) 57M->57M(256M), 0.0157279 secs]
18.884: [GC pause (partial) 59M->52M(256M), 0.0411283 secs]
18.963: [GC pause (young) 103M->89M(256M), 0.0308265 secs]
19.014: [GC pause (young) 110M->110M(256M), 0.0349510 secs]
19.062: [GC pause (young) 128M->117M(256M), 0.0087009 secs]
19.099: [GC pause (young) (initial-mark) 152M->152M(256M), 0.0287327 secs]
19.128: [GC concurrent-mark-start]
19.138: [GC concurrent-mark-end, 0.0096289 sec]
19.138: [GC remark, 0.0008274 secs]
19.149: [GC pause (young) 165M->165M(256M), 0.0140516 secs]
19.172: [GC pause (young) 177M->167M(256M), 0.0052199 secs]
19.186: [GC pause (young) 178M->178M(256M), 0.0101937 secs]
19.205: [GC pause (young) 188M->188M(256M), 0.0091036 secs]
19.220: [GC pause (young) 197M->197M(256M), 0.0087018 secs]
19.234: [GC concurrent-count-start]
19.240: [GC pause (young) 205M->205M(256M), 0.0073328 secs]
19.254: [GC pause (young) 212M->212M(256M), 0.0093441 secs]
19.265: [GC pause (young) 215M->215M(256M), 0.0036571 secs]
19.270: [GC concurrent-count-end, 0.0361852]
19.271: [GC cleanup 218M->114M(256M), 0.0011697 secs]
19.272: [GC concurrent-cleanup-start]
19.272: [GC pause (young) 114M->114M(256M), 0.0027491 secs]
19.275: [GC concurrent-cleanup-end, 0.0029662]
19.286: [GC pause (young) 129M->117M(256M), 0.0034305 secs]
19.290: [GC pause (partial) 119M->8608K(256M), 0.0043246 secs]
19.343: [GC pause (young) 70M->10M(256M), 0.0028400 secs]
19.397: [GC pause (young) 71M->63M(256M), 0.0435085 secs]
19.468: [GC pause (young) 111M->92M(256M), 0.0278725 secs]
19.517: [GC pause (young) 133M->98M(256M), 0.0100865 secs]
19.550: [GC pause (young) 137M->137M(256M), 0.0333143 secs]
19.591: [GC pause (young) (initial-mark) 152M->152M(256M)19.606: [GC concurrent-mark-start]
, 0.0155423 secs]
19.614: [GC pause (young) 165M->164M(256M), 0.0114875 secs]
19.633: [GC concurrent-mark-end, 0.0258964 sec]
19.633: [GC pause (young) 176M->176M(256M), 0.0103663 secs]
19.644: [GC remark, 0.0004241 secs]
19.644: [GC concurrent-count-start]
19.650: [GC pause (young) 186M->186M(256M), 0.0090369 secs]
19.664: [GC pause (young) 195M->195M(256M), 0.0080913 secs]
19.676: [GC pause (young) 203M->203M(256M), 0.0072609 secs]
19.686: [GC concurrent-count-end, 0.0420933]
19.687: [GC cleanup 209M->128M(256M), 0.0012540 secs]
19.688: [GC concurrent-cleanup-start]
19.688: [GC concurrent-cleanup-end, 0.0001803]
19.692: [GC pause (young) 130M->130M(256M), 0.0070638 secs]
19.701: [GC pause (partial) 132M->61M(256M), 0.0413377 secs]
19.755: [GC pause (young) 86M->82M(256M), 0.0192568 secs]
19.811: [GC pause (young) 125M->125M(256M), 0.0526793 secs]
19.882: [GC pause (young) (initial-mark) 142M->134M(256M), 0.0127287 secs]
19.895: [GC concurrent-mark-start]
19.907: [GC concurrent-mark-end, 0.0107173 sec]
19.907: [GC remark, 0.0006753 secs]
19.917: [GC concurrent-count-start]
19.920: [GC concurrent-count-end, 0.0028022]
19.920: [GC cleanup 149M->34M(256M), 0.0016182 secs]
19.921: [GC concurrent-cleanup-start]
19.922: [GC concurrent-cleanup-end, 0.0001582]
19.934: [GC pause (young) 49M->49M(256M), 0.0270861 secs]
19.963: [GC pause (partial) 51M->46M(256M), 0.0149805 secs]
20.014: [GC pause (young) 98M->79M(256M), 0.0257425 secs]
20.071: [GC pause (young) 123M->83M(256M), 0.0087523 secs]
20.112: [GC pause (young) 126M->126M(256M), 0.0375125 secs]
20.160: [GC pause (young) (initial-mark) 142M->123M(256M), 0.0055145 secs]
20.166: [GC concurrent-mark-start]
20.175: [GC concurrent-mark-end, 0.0078032 sec]
20.175: [GC remark, 0.0004441 secs]
20.175: [GC concurrent-count-start]
20.177: [GC concurrent-count-end, 0.0016503]
20.179: [GC cleanup 131M->17M(256M), 0.0014855 secs]
20.181: [GC concurrent-cleanup-start]
20.181: [GC concurrent-cleanup-end, 0.0002008]
20.205: [GC pause (young) 42M->42M(256M), 0.0270880 secs]
20.234: [GC pause (partial) 44M->38M(256M), 0.0122692 secs]
20.292: [GC pause (young) 92M->47M(256M), 0.0078662 secs]
20.338: [GC pause (young) 99M->99M(256M), 0.0440052 secs]
20.410: [GC pause (young) 138M->126M(256M), 0.0345496 secs]
20.463: [GC pause (young) (initial-mark) 142M->142M(256M)20.481: [GC concurrent-mark-start]
, 0.0187469 secs]
20.492: [GC pause (young) 156M->156M(256M), 0.0130919 secs]
20.507: [GC concurrent-mark-end, 0.0255469 sec]
20.507: [GC remark, 0.0004688 secs]
20.508: [GC concurrent-count-start]
20.517: [GC concurrent-count-end, 0.0086722]
20.517: [GC pause (young) 169M->165M(256M), 0.0084627 secs]
20.526: [GC cleanup 165M->75M(256M), 0.0038634 secs]
20.530: [GC concurrent-cleanup-start]
20.530: [GC concurrent-cleanup-end, 0.0001660]
20.540: [GC pause (young) 87M->87M(256M), 0.0103175 secs]
20.552: [GC pause (partial) 89M->25M(256M), 0.0119890 secs]
20.603: [GC pause (young) 83M->42M(256M), 0.0208851 secs]
20.665: [GC pause (young) 95M->38M(256M), 0.0086556 secs]
20.716: [GC pause (young) 92M->92M(256M), 0.0445983 secs]
20.795: [GC pause (young) 133M->118M(256M), 0.0262321 secs]
20.850: [GC pause (young) (initial-mark) 152M->112M(256M), 0.0019420 secs]
20.852: [GC concurrent-mark-start]
20.871: [GC concurrent-mark-end, 0.0180181 sec]
20.871: [GC remark, 0.0007366 secs]
20.872: [GC concurrent-count-start]
20.875: [GC concurrent-count-end, 0.0026835]
20.878: [GC cleanup 141M->33M(256M), 0.0027898 secs]
20.881: [GC concurrent-cleanup-start]
20.881: [GC concurrent-cleanup-end, 0.0001851]
20.887: [GC pause (young) 40M->40M(256M), 0.0276236 secs]
20.916: [GC pause (partial) 42M->39M(256M), 0.0072905 secs]
20.964: [GC pause (young) 93M->57M(256M), 0.0231050 secs]
21.028: [GC pause (young) 107M->53M(256M), 0.0035778 secs]
21.073: [GC pause (young) 103M->103M(256M), 0.0422540 secs]
21.146: [GC pause (young) 141M->122M(256M), 0.0195171 secs]
21.185: [GC pause (young) (initial-mark) 155M->155M(256M), 0.0376272 secs]
21.223: [GC concurrent-mark-start]
21.234: [GC concurrent-mark-end, 0.0107054 sec]
21.234: [GC remark, 0.0004705 secs]
21.235: [GC concurrent-count-start]
21.239: [GC pause (young) 168M->155M(256M), 0.0039842 secs]
21.248: [GC concurrent-count-end, 0.0131178]
21.248: [GC cleanup 155M->63M(256M), 0.0024179 secs]
21.251: [GC concurrent-cleanup-start]
21.251: [GC concurrent-cleanup-end, 0.0001621]
21.269: [GC pause (young) 88M->88M(256M), 0.0240762 secs]
21.294: [GC pause (partial) 90M->31M(256M), 0.0081668 secs]
21.331: [GC pause (young) 87M->52M(256M), 0.0166516 secs]
21.375: [GC pause (young) 103M->51M(256M), 0.0101047 secs]
21.431: [GC pause (young) 102M->102M(256M), 0.0764624 secs]
21.537: [GC pause (young) 140M->124M(256M), 0.0221277 secs]
21.580: [GC pause (young) (initial-mark) 157M->157M(256M), 0.0430588 secs]
21.623: [GC concurrent-mark-start]
21.640: [GC pause (young) 170M->154M(256M), 0.0027526 secs]
21.651: [GC concurrent-mark-end, 0.0253329 sec]
21.651: [GC remark, 0.0009272 secs]
21.653: [GC concurrent-count-start]
21.675: [GC pause (young) 179M->175M(256M), 0.0293597 secs]
21.708: [GC concurrent-count-end, 0.0555992]
21.708: [GC cleanup 183M->93M(256M), 0.0014997 secs]
21.710: [GC concurrent-cleanup-start]
21.710: [GC concurrent-cleanup-end, 0.0001504]
21.715: [GC pause (young) 95M->95M(256M), 0.0103115 secs]
21.726: [GC pause (partial) 97M->34M(256M), 0.0179865 secs]
21.776: [GC pause (young) 89M->57M(256M), 0.0176528 secs]
21.825: [GC pause (young) 107M->57M(256M), 0.0064464 secs]
21.863: [GC pause (young) 106M->106M(256M), 0.0416435 secs]
21.927: [GC pause (young) 143M->126M(256M), 0.0205016 secs]
21.965: [GC pause (young) (initial-mark) 158M->158M(256M), 0.0282847 secs]
21.994: [GC concurrent-mark-start]
22.002: [GC pause (young) 170M->162M(256M), 0.0072362 secs]
22.013: [GC concurrent-mark-end, 0.0194985 sec]
22.014: [GC remark, 0.0004272 secs]
22.021: [GC concurrent-count-start]
22.028: [GC concurrent-count-end, 0.0077447]
22.028: [GC pause (young) 174M->174M(256M), 0.0109043 secs]
22.040: [GC cleanup 175M->81M(256M), 0.0016295 secs]
22.041: [GC concurrent-cleanup-start]
22.042: [GC concurrent-cleanup-end, 0.0001604]
22.050: [GC pause (young) 90M->90M(256M), 0.0085192 secs]
22.060: [GC pause (partial) 92M->29M(256M), 0.0151667 secs]
22.111: [GC pause (young) 86M->48M(256M), 0.0153475 secs]
22.161: [GC pause (young) 100M->47M(256M), 0.0052431 secs]
22.207: [GC pause (young) 99M->99M(256M), 0.0592082 secs]
22.288: [GC pause (young) 138M->122M(256M), 0.0233579 secs]
22.329: [GC pause (young) (initial-mark) 155M->155M(256M), 0.0287362 secs]
22.358: [GC concurrent-mark-start]
22.366: [GC pause (young) 168M->161M(256M), 0.0085648 secs]
22.382: [GC pause (young) 173M->169M(256M), 0.0084902 secs]
22.395: [GC concurrent-mark-end, 0.0371114 sec]
22.396: [GC remark, 0.0004647 secs]
22.396: [GC concurrent-count-start]
22.404: [GC pause (young) 180M->180M(256M), 0.0092667 secs]
22.417: [GC concurrent-count-end, 0.0208874]
22.417: [GC cleanup 188M->101M(256M), 0.0014943 secs]
22.419: [GC concurrent-cleanup-start]
22.419: [GC concurrent-cleanup-end, 0.0004436]
22.423: [GC pause (young) 103M->103M(256M), 0.0086843 secs]
22.433: [GC pause (partial) 105M->33M(256M), 0.0205899 secs]
22.486: [GC pause (young) 89M->56M(256M), 0.0184566 secs]
22.549: [GC pause (young) 106M->56M(256M), 0.0106529 secs]
22.595: [GC pause (young) 106M->106M(256M), 0.0430032 secs]
22.659: [GC pause (young) 143M->127M(256M), 0.0214726 secs]
22.701: [GC pause (young) (initial-mark) 159M->159M(256M), 0.0279810 secs]
22.729: [GC concurrent-mark-start]
22.747: [GC pause (young) 171M->161M(256M), 0.0051624 secs]
22.760: [GC pause (young) 173M->173M(256M), 0.0111000 secs]
22.778: [GC pause (young) 184M->184M(256M), 0.0094440 secs]
22.788: [GC concurrent-mark-end, 0.0108434 sec]
22.788: [GC remark, 0.0004390 secs]
22.794: [GC pause (young) 193M->193M(256M), 0.0080860 secs]
22.807: [GC pause (young) 201M->201M(256M), 0.0073338 secs]
22.819: [GC pause (young) 208M->208M(256M), 0.0065550 secs]
22.830: [GC pause (young) 214M->214M(256M), 0.0057963 secs]
22.837: [GC pause (young) 217M->217M(256M), 0.0028453 secs]
22.850: [GC pause (young) 220M->220M(256M), 0.0028077 secs]
22.862: [GC pause (young) 222M->221M(256M), 0.0011175 secs]
22.872: [GC pause (young) 223M->223M(256M), 0.0019812 secs]
22.875: [GC pause (young) 225M->225M(256M), 0.0021181 secs]
22.880: [GC pause (young) 227M->227M(256M), 0.0019985 secs]
22.888: [GC pause (young) 229M->229M(256M), 0.0020203 secs]
22.891: [GC pause (young) 230M->230M(256M), 0.0011353 secs]
22.893: [GC pause (young) 232M->232M(256M), 0.0019813 secs]
22.896: [GC concurrent-count-start]
22.908: [GC pause (young)-- 254M->255M(256M), 0.0022138 secs]
22.917: [Full GC 255M->33M(112M), 0.0634108 secs]
22.980: [GC concurrent-mark-abort]
22.994: [GC pause (young) 52M->52M(112M), 0.0157362 secs]
23.014: [GC pause (young) 60M->60M(141M), 0.0085106 secs]
23.028: [GC pause (young) 70M->64M(164M), 0.0046252 secs]
23.047: [GC pause (young) 89M->89M(183M), 0.0279140 secs]
23.085: [GC pause (young) (initial-mark) 101M->101M(198M), 0.0185902 secs]
23.103: [GC concurrent-mark-start]
23.113: [GC concurrent-mark-end, 0.0086994 sec]
23.113: [GC remark, 0.0004548 secs]
23.117: [GC concurrent-count-start]
23.121: [GC concurrent-count-end, 0.0049465]
23.122: [GC cleanup 110M->57M(210M), 0.0012734 secs]
23.123: [GC concurrent-cleanup-start]
23.123: [GC concurrent-cleanup-end, 0.0000951]
23.127: [GC pause (young) 60M->60M(210M), 0.0128894 secs]
23.143: [GC pause (partial) 62M->56M(220M), 0.0440363 secs]
23.204: [GC pause (young) 77M->67M(228M), 0.0139275 secs]
23.242: [GC pause (young) 107M->107M(234M), 0.0366165 secs]
23.288: [GC pause (young) (initial-mark) 123M->102M(239M), 0.0014007 secs]
23.290: [GC concurrent-mark-start]
23.298: [GC concurrent-mark-end, 0.0068214 sec]
23.298: [GC remark, 0.0004464 secs]
23.299: [GC concurrent-count-start]
23.301: [GC concurrent-count-end, 0.0024655]
23.302: [GC cleanup 120M->22M(243M), 0.0032510 secs]
23.305: [GC concurrent-cleanup-start]
23.305: [GC concurrent-cleanup-end, 0.0001903]
23.318: [GC pause (young) 38M->25M(243M), 0.0195070 secs]
23.339: [GC pause (partial) 27M->24M(246M), 0.0074838 secs]
23.381: [GC pause (young) 79M->36M(248M), 0.0108336 secs]
23.425: [GC pause (young) 89M->89M(250M), 0.0527624 secs]
23.522: [GC pause (young) 129M->122M(252M), 0.0352844 secs]
23.567: [GC pause (young) (initial-mark) 138M->138M(253M), 0.0207871 secs]
23.588: [GC concurrent-mark-start]
23.617: [GC pause (young) 153M->140M(254M), 0.0056575 secs]
23.623: [GC concurrent-mark-end, 0.0352196 sec]
23.623: [GC remark, 0.0004341 secs]
23.625: [GC concurrent-count-start]
23.635: [GC concurrent-count-end, 0.0095551]
23.635: [GC cleanup 161M->84M(255M), 0.0034108 secs]
23.639: [GC concurrent-cleanup-start]
23.639: [GC concurrent-cleanup-end, 0.0001333]
23.648: [GC pause (young) 91M->91M(255M), 0.0228336 secs]
23.672: [GC pause (partial) 93M->34M(256M), 0.0074297 secs]
23.712: [GC pause (young) 89M->58M(256M), 0.0227921 secs]
23.775: [GC pause (young) 107M->58M(256M), 0.0091253 secs]
23.816: [GC pause (young) 107M->107M(256M), 0.0472115 secs]
23.890: [GC pause (young) 144M->127M(256M), 0.0211360 secs]
23.942: [GC pause (young) (initial-mark) 159M->159M(256M), 0.0282209 secs]
23.970: [GC concurrent-mark-start]
23.978: [GC pause (young) 171M->163M(256M), 0.0076558 secs]
23.991: [GC concurrent-mark-end, 0.0212802 sec]
23.992: [GC remark, 0.0004255 secs]
23.999: [GC pause (young) 175M->169M(256M), 0.0067219 secs]
24.006: [GC concurrent-count-start]
24.016: [GC concurrent-count-end, 0.0097569]
24.016: [GC pause (young) 180M->180M(256M), 0.0092549 secs]
24.026: [GC cleanup 180M->84M(256M), 0.0015443 secs]
24.028: [GC concurrent-cleanup-start]
24.028: [GC concurrent-cleanup-end, 0.0001432]
24.035: [GC pause (young) 94M->94M(256M), 0.0087918 secs]
24.045: [GC pause (partial) 96M->31M(256M), 0.0174412 secs]
24.112: [GC pause (young) 87M->52M(256M), 0.0166936 secs]
24.160: [GC pause (young) 103M->51M(256M), 0.0105821 secs]
24.199: [GC pause (young) 102M->102M(256M), 0.0468536 secs]
24.273: [GC pause (young) 140M->124M(256M), 0.0226857 secs]
24.318: [GC pause (young) (initial-mark) 157M->157M(256M), 0.0293213 secs]
24.347: [GC concurrent-mark-start]
24.358: [GC concurrent-mark-end, 0.0107605 sec]
24.358: [GC remark, 0.0004707 secs]
24.364: [GC pause (young) 170M->162M(256M), 0.0074851 secs]
24.378: [GC pause (young) 174M->174M(256M), 0.0110148 secs]
24.395: [GC pause (young) 184M->184M(256M), 0.0089802 secs]
24.409: [GC pause (young) 193M->193M(256M), 0.0082406 secs]
24.418: [GC concurrent-count-start]
24.440: [GC concurrent-count-end, 0.0222567]
24.440: [GC cleanup 200M->110M(256M), 0.0028175 secs]
24.444: [GC concurrent-cleanup-start]
24.444: [GC concurrent-cleanup-end, 0.0001442]
24.447: [GC pause (young) 111M->111M(256M), 0.0076862 secs]
24.456: [GC pause (partial) 113M->50M(256M), 0.0519877 secs]
24.538: [GC pause (young) 101M->85M(256M), 0.0318895 secs]
24.591: [GC pause (young) 107M->107M(256M), 0.0630298 secs]
24.731: [GC pause (young) 126M->113M(256M), 0.1541739 secs]
24.921: [GC pause (young) 149M->149M(256M), 0.0881650 secs]
25.027: [GC pause (young) (initial-mark) 163M->163M(256M), 0.0325796 secs]
25.060: [GC concurrent-mark-start]
25.078: [GC concurrent-mark-end, 0.0182907 sec]
25.082: [GC remark, 0.0410645 secs]
25.136: [GC pause (young) 175M->167M(256M), 0.0302842 secs]
25.174: [GC pause (young) 178M->170M(256M), 0.0078204 secs]
25.197: [GC pause (young) 191M->191M(256M), 0.0480125 secs]
25.265: [GC pause (young) 199M->199M(256M), 0.0221694 secs]
25.293: [GC pause (young) 206M->206M(256M), 0.0221454 secs]
25.319: [GC pause (young) 212M->212M(256M), 0.0078904 secs]
25.332: [GC pause (young) 215M->215M(256M), 0.0279857 secs]
25.362: [GC pause (young) 218M->218M(256M), 0.0041104 secs]
25.368: [GC pause (young) 221M->221M(256M), 0.0724605 secs]
25.442: [GC pause (young) 223M->223M(256M), 0.0031303 secs]
25.446: [GC pause (young) 225M->225M(256M), 0.0762377 secs]
25.526: [GC pause (young) 227M->227M(256M), 0.0031952 secs]
25.531: [GC pause (young) 229M->229M(256M), 0.0760367 secs]
25.617: [GC pause (young) 231M->231M(256M), 0.0032072 secs]
25.635: [GC pause (young)-- 254M->251M(256M), 0.0386639 secs]
25.674: [GC concurrent-count-start]
25.685: [GC pause (young)-- 254M->256M(256M), 0.0014250 secs]
25.703: [Full GC 256M->21M(72M), 0.0803183 secs]
25.792: [GC concurrent-mark-abort]
25.802: [GC pause (young) 34M->34M(72M), 0.0115899 secs]
25.818: [GC pause (young) 43M->43M(109M), 0.0086895 secs]
25.838: [GC pause (young) 59M->59M(139M), 0.0342682 secs]
25.887: [GC pause (young) 69M->60M(163M), 0.0098193 secs]
25.924: [GC pause (young) 85M->85M(182M), 0.0316512 secs]
25.963: [GC pause (young) (initial-mark) 97M->97M(197M)25.980: [GC concurrent-mark-start]
, 0.0176800 secs]
25.989: [GC concurrent-mark-end, 0.0082434 sec]
25.989: [GC remark, 0.0004304 secs]
26.006: [GC pause (young) 110M->110M(209M), 0.0133750 secs]
26.038: [GC pause (young) 122M->122M(219M), 0.0126150 secs]
26.051: [GC concurrent-count-start]
26.058: [GC pause (young) 134M->132M(227M), 0.0123551 secs]
26.074: [GC concurrent-count-end, 0.0228575]
26.075: [GC cleanup 135M->84M(233M), 0.0010892 secs]
26.076: [GC concurrent-cleanup-start]
26.077: [GC concurrent-cleanup-end, 0.0000946]
26.088: [GC pause (young) 93M->93M(233M), 0.0110505 secs]
26.102: [GC pause (partial) 95M->25M(238M), 0.0163781 secs]
26.169: [GC pause (young) 78M->38M(242M), 0.0133551 secs]
26.212: [GC pause (young) 89M->89M(245M), 0.0451421 secs]
26.283: [GC pause (young) 128M->118M(248M), 0.0289271 secs]
26.323: [GC pause (young) (initial-mark) 134M->134M(250M), 0.0176392 secs]
26.341: [GC concurrent-mark-start]
26.351: [GC concurrent-mark-end, 0.0098910 sec]
26.351: [GC remark, 0.0004258 secs]
26.364: [GC pause (young) 149M->133M(252M), 0.0017470 secs]
26.382: [GC concurrent-count-start]
26.385: [GC pause (young) 162M->162M(253M), 0.0226348 secs]
26.415: [GC pause (young) 174M->174M(254M), 0.0128078 secs]
26.431: [GC concurrent-count-end, 0.0495928]
26.431: [GC cleanup 181M->103M(255M), 0.0013522 secs]
26.433: [GC concurrent-cleanup-start]
26.433: [GC concurrent-cleanup-end, 0.0001568]
26.436: [GC pause (young) 106M->106M(255M), 0.0099613 secs]
26.448: [GC pause (partial) 108M->54M(256M), 0.0353530 secs]
26.514: [GC pause (young) 104M->84M(256M), 0.0228159 secs]
26.565: [GC pause (young) 127M->85M(256M), 0.0064056 secs]
26.596: [GC pause (young) 128M->128M(256M), 0.0368827 secs]
26.643: [GC pause (young) (initial-mark) 144M->144M(256M), 0.0168123 secs]
26.660: [GC concurrent-mark-start]
26.671: [GC concurrent-mark-end, 0.0108389 sec]
26.671: [GC remark, 0.0004311 secs]
26.680: [GC pause (young) 158M->156M(256M), 0.0110219 secs]
26.704: [GC pause (young) 169M->169M(256M), 0.0118862 secs]
26.717: [GC concurrent-count-start]
26.722: [GC pause (young) 180M->180M(256M), 0.0097373 secs]
26.738: [GC pause (young) 190M->190M(256M), 0.0089195 secs]
26.752: [GC pause (young) 198M->198M(256M), 0.0073560 secs]
26.762: [GC concurrent-count-end, 0.0453987]
26.763: [GC cleanup 203M->129M(256M), 0.0013173 secs]
26.764: [GC concurrent-cleanup-start]
26.764: [GC concurrent-cleanup-end, 0.0001486]
26.766: [GC pause (young) 131M->131M(256M), 0.0064943 secs]
26.776: [GC pause (partial) 133M->65M(256M), 0.0452263 secs]
26.835: [GC pause (young) 89M->88M(256M), 0.0232419 secs]
26.887: [GC pause (young) 130M->130M(256M), 0.0448765 secs]
26.941: [GC pause (young) (initial-mark) 146M->139M(256M)26.952: [GC concurrent-mark-start]
, 0.0117939 secs]
26.961: [GC concurrent-mark-end, 0.0072701 sec]
26.961: [GC remark, 0.0005887 secs]
26.964: [GC concurrent-count-start]
26.968: [GC concurrent-count-end, 0.0040673]
26.968: [GC cleanup 149M->29M(256M), 0.0014380 secs]
26.970: [GC concurrent-cleanup-start]
26.970: [GC concurrent-cleanup-end, 0.0002159]
26.976: [GC pause (young) 34M->34M(256M), 0.0132575 secs]
26.991: [GC pause (partial) 36M->32M(256M), 0.0137321 secs]
27.038: [GC pause (young) 88M->53M(256M), 0.0175190 secs]
27.086: [GC pause (young) 104M->53M(256M), 0.0062261 secs]
27.123: [GC pause (young) 104M->104M(256M), 0.0445726 secs]
27.191: [GC pause (young) 142M->126M(256M), 0.0231905 secs]
27.234: [GC pause (young) (initial-mark) 158M->158M(256M), 0.0286636 secs]
27.263: [GC concurrent-mark-start]
27.275: [GC pause (young) 170M->162M(256M), 0.0062878 secs]
27.282: [GC concurrent-mark-end, 0.0197738 sec]
27.283: [GC remark, 0.0005103 secs]
27.284: [GC concurrent-count-start]
27.293: [GC concurrent-count-end, 0.0097368]
27.294: [GC pause (young) 174M->174M(256M), 0.0111872 secs]
27.305: [GC cleanup 174M->82M(256M), 0.0024931 secs]
27.308: [GC concurrent-cleanup-start]
27.308: [GC concurrent-cleanup-end, 0.0001655]
27.316: [GC pause (young) 92M->92M(256M), 0.0087647 secs]
27.326: [GC pause (partial) 94M->32M(256M), 0.0181821 secs]
27.380: [GC pause (young) 88M->40M(256M), 0.0075457 secs]
27.416: [GC pause (young) 94M->94M(256M), 0.0620904 secs]
27.516: [GC pause (young) 134M->123M(256M), 0.0491301 secs]
27.587: [GC pause (young) (initial-mark) 140M->140M(256M), 0.0325104 secs]
27.619: [GC concurrent-mark-start]
27.643: [GC concurrent-mark-end, 0.0221738 sec]
27.643: [GC pause (young) 155M->140M(256M), 0.0052118 secs]
27.649: [GC remark, 0.0015544 secs]
27.652: [GC concurrent-count-start]
27.673: [GC concurrent-count-end, 0.0205909]
27.673: [GC cleanup 159M->77M(256M), 0.0071148 secs]
27.680: [GC concurrent-cleanup-start]
27.681: [GC concurrent-cleanup-end, 0.0002597]
27.697: [GC pause (young) 87M->87M(256M), 0.0443948 secs]
27.744: [GC pause (partial) 89M->33M(256M), 0.0114679 secs]
27.817: [GC pause (young) 89M->56M(256M), 0.0331365 secs]
27.897: [GC pause (young) 106M->56M(256M), 0.0188590 secs]
27.974: [GC pause (young) 106M->106M(256M), 0.0859891 secs]
28.109: [GC pause (young) 143M->127M(256M), 0.0282647 secs]
28.163: [GC pause (young) (initial-mark) 159M->159M(256M), 0.0304148 secs]
28.193: [GC concurrent-mark-start]
28.207: [GC concurrent-mark-end, 0.0136756 sec]
28.208: [GC remark, 0.0008057 secs]
28.211: [GC concurrent-count-start]
28.217: [GC pause (young) 171M->161M(256M), 0.0061956 secs]
28.231: [GC pause (young) 173M->173M(256M), 0.0118732 secs]
28.246: [GC concurrent-count-end, 0.0351826]
28.247: [GC cleanup 180M->87M(256M), 0.0021727 secs]
28.250: [GC concurrent-cleanup-start]
28.250: [GC concurrent-cleanup-end, 0.0002348]
28.255: [GC pause (young) 91M->91M(256M), 0.0101699 secs]
28.266: [GC pause (partial) 93M->31M(256M), 0.0189153 secs]
28.319: [GC pause (young) 87M->40M(256M), 0.0083335 secs]
28.362: [GC pause (young) 94M->94M(256M), 0.0496356 secs]
28.440: [GC pause (young) 134M->123M(256M), 0.0304882 secs]
28.482: [GC pause (young) (initial-mark) 140M->140M(256M)28.500: [GC concurrent-mark-start]
, 0.0182664 secs]
28.510: [GC pause (young) 155M->141M(256M), 0.0030618 secs]
28.521: [GC concurrent-mark-end, 0.0209625 sec]
28.521: [GC remark, 0.0006057 secs]
28.522: [GC concurrent-count-start]
28.531: [GC pause (young) 170M->170M(256M), 0.0270955 secs]
28.565: [GC pause (young) 181M->181M(256M), 0.0126133 secs]
28.583: [GC concurrent-count-end, 0.0607766]
28.584: [GC cleanup 190M->109M(256M), 0.0025491 secs]
28.586: [GC concurrent-cleanup-start]
28.587: [GC concurrent-cleanup-end, 0.0002134]
28.590: [GC pause (young) 111M->111M(256M), 0.0105290 secs]
28.603: [GC pause (partial) 113M->56M(256M), 0.0373843 secs]
28.678: [GC pause (young) 106M->95M(256M), 0.0304572 secs]
28.722: [GC pause (young) 115M->115M(256M), 0.0199464 secs]
28.753: [GC pause (young) (initial-mark) 133M->124M(256M), 0.0094566 secs]
28.763: [GC concurrent-mark-start]
28.773: [GC concurrent-mark-end, 0.0090294 sec]
28.773: [GC remark, 0.0005346 secs]
28.777: [GC concurrent-count-start]
28.780: [GC concurrent-count-end, 0.0026973]
28.780: [GC cleanup 144M->38M(256M), 0.0020144 secs]
28.782: [GC concurrent-cleanup-start]
28.782: [GC concurrent-cleanup-end, 0.0001555]
28.792: [GC pause (young) 51M->51M(256M), 0.0275460 secs]
28.820: [GC pause (partial) 53M->47M(256M), 0.0136424 secs]
28.863: [GC pause (young) 99M->79M(256M), 0.0250127 secs]
28.912: [GC pause (young) 123M->83M(256M), 0.0089452 secs]
28.945: [GC pause (young) 126M->126M(256M), 0.0379091 secs]
28.993: [GC pause (young) (initial-mark) 142M->123M(256M), 0.0034219 secs]
28.996: [GC concurrent-mark-start]
29.007: [GC concurrent-mark-end, 0.0093851 sec]
29.007: [GC remark, 0.0004698 secs]
29.007: [GC concurrent-count-start]
29.011: [GC concurrent-count-end, 0.0037780]
29.011: [GC cleanup 147M->32M(256M), 0.0022168 secs]
29.014: [GC concurrent-cleanup-start]
29.014: [GC concurrent-cleanup-end, 0.0002170]
29.022: [GC pause (young) 41M->41M(256M), 0.0270886 secs]
29.050: [GC pause (partial) 43M->38M(256M), 0.0068528 secs]
29.087: [GC pause (young) 92M->52M(256M), 0.0118771 secs]
29.126: [GC pause (young) 103M->103M(256M), 0.0534125 secs]
29.201: [GC pause (young) 141M->133M(256M), 0.0289784 secs]
29.238: [GC pause (young) (initial-mark) 149M->149M(256M), 0.0164223 secs]
29.255: [GC concurrent-mark-start]
29.263: [GC pause (young) 163M->148M(256M), 0.0016321 secs]
29.270: [GC concurrent-mark-end, 0.0149393 sec]
29.270: [GC remark, 0.0004315 secs]
29.276: [GC concurrent-count-start]
29.281: [GC pause (young) 175M->175M(256M), 0.0215589 secs]
29.309: [GC concurrent-count-end, 0.0330609]
29.310: [GC cleanup 183M->93M(256M), 0.0013576 secs]
29.311: [GC concurrent-cleanup-start]
29.311: [GC concurrent-cleanup-end, 0.0001904]
29.316: [GC pause (young) 95M->95M(256M), 0.0101444 secs]
29.327: [GC pause (partial) 97M->40M(256M), 0.0226052 secs]
29.389: [GC pause (young) 94M->68M(256M), 0.0220952 secs]
29.440: [GC pause (young) 115M->71M(256M), 0.0076165 secs]
29.478: [GC pause (young) 117M->117M(256M), 0.0390128 secs]
29.537: [GC pause (young) (initial-mark) 152M->134M(256M), 0.0189859 secs]
29.556: [GC concurrent-mark-start]
29.566: [GC pause (young) 149M->149M(256M), 0.0157289 secs]
29.583: [GC concurrent-mark-end, 0.0261556 sec]
29.583: [GC remark, 0.0004210 secs]
29.583: [GC concurrent-count-start]
29.591: [GC concurrent-count-end, 0.0075685]
29.591: [GC pause (young) 163M->163M(256M), 0.0128440 secs]
29.604: [GC cleanup 164M->60M(256M), 0.0023583 secs]
29.607: [GC concurrent-cleanup-start]
29.607: [GC concurrent-cleanup-end, 0.0001787]
29.616: [GC pause (young) 71M->71M(256M), 0.0109950 secs]
29.629: [GC pause (partial) 73M->14M(256M), 0.0024721 secs]
29.665: [GC pause (young) 74M->74M(256M), 0.0448195 secs]
29.738: [GC pause (young) 119M->98M(256M), 0.0245196 secs]
29.776: [GC pause (young) 118M->118M(256M), 0.0200544 secs]
29.807: [GC pause (young) (initial-mark) 135M->118M(256M), 0.0025728 secs]
29.809: [GC concurrent-mark-start]
29.817: [GC concurrent-mark-end, 0.0078351 sec]
29.818: [GC remark, 0.0004674 secs]
29.819: [GC concurrent-count-start]
29.822: [GC concurrent-count-end, 0.0027178]
29.822: [GC cleanup 137M->26M(256M), 0.0030064 secs]
29.825: [GC concurrent-cleanup-start]
29.826: [GC concurrent-cleanup-end, 0.0001798]
29.837: [GC pause (young) 41M->41M(256M), 0.0326358 secs]
29.871: [GC pause (partial) 43M->39M(256M), 0.0067031 secs]
29.911: [GC pause (young) 93M->65M(256M), 0.0205192 secs]
29.959: [GC pause (young) 113M->67M(256M), 0.0073903 secs]
29.992: [GC pause (young) 114M->114M(256M), 0.0394932 secs]
30.050: [GC pause (young) 149M->133M(256M), 0.0191885 secs]
30.077: [GC pause (young) (initial-mark) 149M->149M(256M)30.106: [GC concurrent-mark-start]
, 0.0290889 secs]
30.120: [GC pause (young) 163M->163M(256M), 0.0238320 secs]
30.156: [GC pause (young) 175M->161M(256M), 0.0018488 secs]
30.160: [GC concurrent-mark-end, 0.0534330 sec]
30.160: [GC remark, 0.0008686 secs]
30.161: [GC concurrent-count-start]
30.170: [GC pause (young) 173M->173M(256M), 0.0209895 secs]
30.210: [GC concurrent-count-end, 0.0484392]
30.210: [GC cleanup 176M->74M(256M), 0.0053408 secs]
30.216: [GC concurrent-cleanup-start]
30.216: [GC concurrent-cleanup-end, 0.0004654]
30.234: [GC pause (young) 82M->82M(256M), 0.0255334 secs]
30.264: [GC pause (partial) 84M->25M(256M), 0.0276934 secs]
30.346: [GC pause (young) 83M->43M(256M), 0.0257243 secs]
30.423: [GC pause (young) 96M->40M(256M), 0.0072247 secs]
30.483: [GC pause (young) 94M->94M(256M), 0.0845028 secs]
30.611: [GC pause (young) 134M->102M(256M), 0.0183537 secs]
30.652: [GC pause (young) 140M->140M(256M), 0.0380430 secs]
30.701: [GC pause (young) (initial-mark) 155M->136M(256M), 0.0032552 secs]
30.704: [GC concurrent-mark-start]
30.714: [GC concurrent-mark-end, 0.0096505 sec]
30.714: [GC remark, 0.0011290 secs]
30.718: [GC concurrent-count-start]
30.721: [GC concurrent-count-end, 0.0026975]
30.721: [GC cleanup 148M->18M(256M), 0.0031777 secs]
30.726: [GC concurrent-cleanup-start]
30.728: [GC concurrent-cleanup-end, 0.0017597]
30.739: [GC pause (young) 36M->36M(256M), 0.0291390 secs]
30.770: [GC pause (partial) 38M->34M(256M), 0.0088680 secs]
30.813: [GC pause (young) 89M->57M(256M), 0.0194562 secs]
30.862: [GC pause (young) 107M->57M(256M), 0.0065288 secs]
30.898: [GC pause (young) 106M->106M(256M), 0.0448337 secs]
30.964: [GC pause (young) 143M->126M(256M), 0.0228156 secs]
31.007: [GC pause (young) (initial-mark) 158M->158M(256M), 0.0300859 secs]
31.037: [GC concurrent-mark-start]
31.047: [GC pause (young) 170M->159M(256M), 0.0047115 secs]
31.059: [GC concurrent-mark-end, 0.0213889 sec]
31.059: [GC remark, 0.0006346 secs]
31.060: [GC pause (young) 171M->171M(256M), 0.0121563 secs]
31.076: [GC concurrent-count-start]
31.082: [GC pause (young) 182M->182M(256M), 0.0101801 secs]
31.098: [GC pause (young) 191M->191M(256M), 0.0087764 secs]
31.112: [GC pause (young) 199M->199M(256M), 0.0079398 secs]
31.124: [GC concurrent-count-end, 0.0479261]
31.124: [GC cleanup 205M->110M(256M), 0.0021166 secs]
31.126: [GC concurrent-cleanup-start]
31.127: [GC concurrent-cleanup-end, 0.0002474]
31.128: [GC pause (young) 112M->112M(256M), 0.0080230 secs]
31.139: [GC pause (partial) 114M->55M(256M), 0.0396571 secs]
31.209: [GC pause (young) 105M->93M(256M), 0.0314312 secs]
31.252: [GC pause (young) 114M->114M(256M), 0.0260648 secs]
31.293: [GC pause (young) 132M->115M(256M), 0.0061465 secs]
31.320: [GC pause (young) 150M->150M(256M), 0.0284923 secs]
31.355: [GC pause (young) (initial-mark) 163M->163M(256M)31.368: [GC concurrent-mark-start]
, 0.0133838 secs]
31.375: [GC pause (young) 175M->175M(256M), 0.0110351 secs]
31.393: [GC pause (young) 185M->182M(256M), 0.0069961 secs]
31.404: [GC concurrent-mark-end, 0.0356903 sec]
31.404: [GC remark, 0.0010026 secs]
31.406: [GC concurrent-count-start]
31.407: [GC pause (young) 191M->191M(256M), 0.0079498 secs]
31.420: [GC pause (young) 199M->199M(256M), 0.0073287 secs]
31.431: [GC pause (young) 206M->206M(256M), 0.0067754 secs]
31.441: [GC pause (young) 212M->212M(256M), 0.0057590 secs]
31.449: [GC pause (young) 215M->215M(256M), 0.0030156 secs]
31.453: [GC concurrent-count-end, 0.0474873]
31.454: [GC cleanup 218M->113M(256M), 0.0011893 secs]
31.455: [GC concurrent-cleanup-start]
31.455: [GC concurrent-cleanup-end, 0.0001719]
31.456: [GC pause (young) 114M->114M(256M), 0.0036019 secs]
31.462: [GC pause (partial) 116M->46M(256M), 0.0332405 secs]
31.523: [GC pause (young) 98M->79M(256M), 0.0249060 secs]
31.571: [GC pause (young) 123M->83M(256M), 0.0095988 secs]
31.604: [GC pause (young) 126M->126M(256M), 0.0369064 secs]
31.649: [GC pause (young) (initial-mark) 142M->123M(256M)31.652: [GC concurrent-mark-start]
, 0.0032115 secs]
31.661: [GC concurrent-mark-end, 0.0088485 sec]
31.661: [GC remark, 0.0004194 secs]
31.662: [GC concurrent-count-start]
31.665: [GC concurrent-count-end, 0.0031948]
31.665: [GC cleanup 145M->31M(256M), 0.0023187 secs]
31.668: [GC concurrent-cleanup-start]
31.668: [GC concurrent-cleanup-end, 0.0002194]
31.676: [GC pause (young) 42M->42M(256M), 0.0264933 secs]
31.704: [GC pause (partial) 44M->38M(256M), 0.0068875 secs]
31.740: [GC pause (young) 92M->64M(256M), 0.0201379 secs]
31.785: [GC pause (young) 112M->66M(256M), 0.0070019 secs]
31.817: [GC pause (young) 113M->113M(256M), 0.0397083 secs]
31.875: [GC pause (young) 149M->132M(256M), 0.0194550 secs]
31.902: [GC pause (young) (initial-mark) 148M->148M(256M)31.919: [GC concurrent-mark-start]
, 0.0162308 secs]
31.927: [GC pause (young) 162M->162M(256M), 0.0126283 secs]
31.945: [GC concurrent-mark-end, 0.0266163 sec]
31.946: [GC remark, 0.0004592 secs]
31.946: [GC concurrent-count-start]
31.947: [GC pause (young) 174M->161M(256M), 0.0012835 secs]
31.956: [GC pause (young) 173M->161M(256M), 0.0012277 secs]
31.958: [GC concurrent-count-end, 0.0118284]
31.958: [GC cleanup 162M->61M(256M), 0.0009846 secs]
31.959: [GC concurrent-cleanup-start]
31.959: [GC concurrent-cleanup-end, 0.0001921]
31.974: [GC pause (young) 84M->84M(256M), 0.0188592 secs]
31.994: [GC pause (partial) 86M->27M(256M), 0.0057206 secs]
32.030: [GC pause (young) 84M->45M(256M), 0.0142042 secs]
32.071: [GC pause (young) 98M->42M(256M), 0.0049228 secs]
32.103: [GC pause (young) 95M->95M(256M), 0.0430958 secs]
32.166: [GC pause (young) 135M->120M(256M), 0.0240174 secs]
32.208: [GC pause (young) (initial-mark) 154M->154M(256M), 0.0294841 secs]
32.238: [GC concurrent-mark-start]
32.245: [GC pause (young) 167M->162M(256M), 0.0103837 secs]
32.262: [GC pause (young) 174M->174M(256M), 0.0111600 secs]
32.274: [GC concurrent-mark-end, 0.0363257 sec]
32.274: [GC remark, 0.0004397 secs]
32.275: [GC concurrent-count-start]
32.280: [GC pause (young) 184M->184M(256M), 0.0087177 secs]
32.294: [GC pause (young) 193M->193M(256M), 0.0079979 secs]
32.306: [GC pause (young) 201M->201M(256M), 0.0100663 secs]
32.320: [GC concurrent-count-end, 0.0454216]
32.321: [GC cleanup 202M->120M(256M), 0.0036760 secs]
32.325: [GC concurrent-cleanup-start]
32.326: [GC concurrent-cleanup-end, 0.0002685]
32.334: [GC pause (young) 126M->126M(256M), 0.0083117 secs]
32.345: [GC pause (partial) 128M->61M(256M), 0.0430530 secs]
32.401: [GC pause (young) 86M->80M(256M), 0.0158365 secs]
32.440: [GC pause (young) 124M->124M(256M), 0.0354413 secs]
32.485: [GC pause (young) (initial-mark) 141M->133M(256M), 0.0111506 secs]
32.496: [GC concurrent-mark-start]
32.506: [GC pause (young) 149M->149M(256M), 0.0142017 secs]
32.523: [GC concurrent-mark-end, 0.0264087 sec]
32.523: [GC remark, 0.0007157 secs]
32.525: [GC concurrent-count-start]
32.531: [GC concurrent-count-end, 0.0058624]
32.531: [GC pause (young) 163M->164M(256M), 0.0126663 secs]
32.544: [GC cleanup 164M->49M(256M), 0.0017305 secs]
32.546: [GC concurrent-cleanup-start]
32.546: [GC concurrent-cleanup-end, 0.0001907]
32.554: [GC pause (young) 61M->61M(256M), 0.0111248 secs]
32.567: [GC pause (partial) 63M->59M(256M), 0.0370520 secs]
32.631: [GC pause (young) 108M->88M(256M), 0.0226349 secs]
32.676: [GC pause (young) 130M->87M(256M), 0.0050124 secs]
32.704: [GC pause (young) 129M->129M(256M), 0.0351012 secs]
32.747: [GC pause (young) (initial-mark) 145M->145M(256M)32.764: [GC concurrent-mark-start]
, 0.0171101 secs]
32.772: [GC pause (young) 159M->156M(256M), 0.0110367 secs]
32.791: [GC pause (young) 169M->169M(256M), 0.0159849 secs]
32.807: [GC concurrent-mark-end, 0.0422617 sec]
32.807: [GC remark, 0.0004204 secs]
32.807: [GC concurrent-count-start]
32.816: [GC pause (young) 180M->180M(256M), 0.0105894 secs]
32.833: [GC pause (young) 190M->190M(256M), 0.0091373 secs]
32.847: [GC pause (young) 198M->198M(256M), 0.0076151 secs]
32.859: [GC pause (young) 205M->205M(256M), 0.0064661 secs]
32.868: [GC concurrent-count-end, 0.0605469]
32.868: [GC cleanup 206M->128M(256M), 0.0028157 secs]
32.871: [GC concurrent-cleanup-start]
32.871: [GC concurrent-cleanup-end, 0.0001397]
32.879: [GC pause (young) 134M->127M(256M), 0.0012789 secs]
32.881: [GC pause (partial) 129M->3792K(256M), 0.0047836 secs]
32.926: [GC pause (young) 66M->66M(256M), 0.0479523 secs]
32.999: [GC pause (young) 113M->106M(256M), 0.0457706 secs]
33.063: [GC pause (young) 125M->125M(256M), 0.0355670 secs]
33.115: [GC pause (young) (initial-mark) 142M->139M(256M)33.138: [GC concurrent-mark-start]
, 0.0233203 secs]
33.146: [GC pause (young) 154M->154M(256M), 0.0133823 secs]
33.164: [GC concurrent-mark-end, 0.0258984 sec]
33.164: [GC remark, 0.0004346 secs]
33.165: [GC concurrent-count-start]
33.167: [GC pause (young) 167M->167M(256M), 0.0118945 secs]
33.186: [GC concurrent-count-end, 0.0209580]
33.186: [GC pause (young) 178M->178M(256M), 0.0094406 secs]
33.195: [GC cleanup 178M->61M(256M), 0.0015481 secs]
33.197: [GC concurrent-cleanup-start]
33.197: [GC concurrent-cleanup-end, 0.0001907]
33.205: [GC pause (young) 71M->71M(256M), 0.0088388 secs]
33.215: [GC pause (partial) 73M->12M(256M), 0.0033543 secs]
33.253: [GC pause (young) 73M->73M(256M), 0.0872281 secs]
33.366: [GC pause (young) 96M->80M(256M), 0.0169267 secs]
33.411: [GC pause (young) 124M->124M(256M), 0.0359787 secs]
33.456: [GC pause (young) (initial-mark) 141M->121M(256M)33.458: [GC concurrent-mark-start]
, 0.0020389 secs]
33.467: [GC concurrent-mark-end, 0.0085529 sec]
33.467: [GC remark, 0.0004329 secs]
33.468: [GC concurrent-count-start]
33.471: [GC concurrent-count-end, 0.0029793]
33.471: [GC cleanup 141M->26M(256M), 0.0022653 secs]
33.473: [GC concurrent-cleanup-start]
33.474: [GC concurrent-cleanup-end, 0.0002237]
33.484: [GC pause (young) 40M->40M(256M), 0.0271188 secs]
33.512: [GC pause (partial) 42M->38M(256M), 0.0059246 secs]
33.546: [GC pause (young) 92M->63M(256M), 0.0198754 secs]
33.603: [GC pause (young) 111M->65M(256M), 0.0137571 secs]
33.669: [GC pause (young) 113M->113M(256M), 0.0745014 secs]
33.789: [GC pause (young) 149M->132M(256M), 0.0371195 secs]
33.851: [GC pause (young) (initial-mark) 148M->148M(256M), 0.0371309 secs]
33.888: [GC concurrent-mark-start]
33.911: [GC pause (young) 162M->162M(256M), 0.0247369 secs]
33.939: [GC concurrent-mark-end, 0.0503263 sec]
33.939: [GC remark, 0.0012741 secs]
33.940: [GC concurrent-count-start]
33.951: [GC pause (young) 174M->161M(256M), 0.0030037 secs]
33.964: [GC concurrent-count-end, 0.0231319]
33.964: [GC cleanup 161M->60M(256M), 0.0036735 secs]
33.968: [GC concurrent-cleanup-start]
33.968: [GC concurrent-cleanup-end, 0.0003100]
33.993: [GC pause (young) 72M->72M(256M), 0.0378049 secs]
34.036: [GC pause (partial) 73M->15M(256M), 0.0112973 secs]
34.117: [GC pause (young) 75M->23M(256M), 0.0141447 secs]
34.185: [GC pause (young) 81M->16M(256M), 0.0026326 secs]
34.247: [GC pause (young) 76M->68M(256M), 0.0899746 secs]
34.378: [GC pause (young) 115M->94M(256M), 0.0320053 secs]
34.449: [GC pause (young) 134M->95M(256M), 0.0106655 secs]
34.485: [GC pause (young) 135M->135M(256M), 0.0366530 secs]
34.539: [GC pause (young) (initial-mark) 165M->141M(256M)34.549: [GC concurrent-mark-start]
, 0.0100010 secs]
34.562: [GC concurrent-mark-end, 0.0127905 sec]
34.562: [GC remark, 0.0006152 secs]
34.563: [GC concurrent-count-start]
34.568: [GC pause (young) 170M->170M(256M), 0.0272594 secs]
34.602: [GC pause (young) 181M->181M(256M), 0.0131085 secs]
34.623: [GC pause (young) 191M->191M(256M), 0.0094465 secs]
34.635: [GC concurrent-count-end, 0.0717874]
34.637: [GC cleanup 194M->71M(256M), 0.0020631 secs]
34.639: [GC concurrent-cleanup-start]
34.639: [GC concurrent-cleanup-end, 0.0002666]
34.644: [GC pause (young) 76M->70M(256M), 0.0031783 secs]
34.650: [GC pause (partial) 72M->5728K(256M), 0.0050972 secs]
34.693: [GC pause (young) 68M->7552K(256M), 0.0032765 secs]
34.734: [GC pause (young) 69M->69M(256M), 0.0512687 secs]
34.825: [GC pause (young) 116M->106M(256M), 0.0374293 secs]
34.892: [GC pause (young) 143M->115M(256M), 0.0128352 secs]
34.925: [GC pause (young) (initial-mark) 150M->150M(256M), 0.0298430 secs]
34.955: [GC concurrent-mark-start]
34.964: [GC pause (young) 163M->163M(256M), 0.0143463 secs]
34.984: [GC concurrent-mark-end, 0.0291047 sec]
34.985: [GC remark, 0.0005284 secs]
34.985: [GC concurrent-count-start]
34.989: [GC pause (young) 175M->171M(256M), 0.0077658 secs]
35.003: [GC concurrent-count-end, 0.0171798]
35.003: [GC cleanup 171M->77M(256M), 0.0024440 secs]
35.005: [GC concurrent-cleanup-start]
35.005: [GC concurrent-cleanup-end, 0.0001567]
35.014: [GC pause (young) 88M->88M(256M), 0.0093581 secs]
35.025: [GC pause (partial) 90M->23M(256M), 0.0107773 secs]
35.070: [GC pause (young) 81M->29M(256M), 0.0069414 secs]
35.106: [GC pause (young) 85M->77M(256M), 0.0407719 secs]
35.170: [GC pause (young) 122M->103M(256M), 0.0251122 secs]
35.214: [GC pause (young) 141M->103M(256M), 0.0049974 secs]
35.239: [GC pause (young) 141M->141M(256M), 0.0328552 secs]
35.280: [GC pause (young) (initial-mark) 156M->156M(256M), 0.0190592 secs]
35.299: [GC concurrent-mark-start]
35.311: [GC pause (young) 169M->161M(256M), 0.0100820 secs]
35.328: [GC pause (young) 173M->173M(256M), 0.0139738 secs]
35.343: [GC concurrent-mark-end, 0.0435372 sec]
35.343: [GC remark, 0.0004230 secs]
35.350: [GC pause (young) 184M->184M(256M), 0.0151294 secs]
35.375: [GC concurrent-count-start]
35.377: [GC pause (young) 193M->193M(256M), 0.0118672 secs]
35.397: [GC pause (young) 201M->201M(256M), 0.0076694 secs]
35.409: [GC pause (young) 208M->208M(256M), 0.0104719 secs]
35.421: [GC concurrent-count-end, 0.0459118]
35.421: [GC cleanup 208M->117M(256M), 0.0021038 secs]
35.424: [GC concurrent-cleanup-start]
35.424: [GC concurrent-cleanup-end, 0.0001592]
35.429: [GC pause (young) 123M->123M(256M), 0.0059777 secs]
35.436: [GC pause (partial) 125M->60M(256M), 0.0495425 secs]
35.506: [GC pause (young) 85M->79M(256M), 0.0160805 secs]
35.550: [GC pause (young) 123M->123M(256M), 0.0675793 secs]
35.634: [GC pause (young) (initial-mark) 140M->133M(256M), 0.0197947 secs]
35.654: [GC concurrent-mark-start]
35.671: [GC pause (young)35.666: [GC concurrent-mark-end, 0.0110172 sec]
 149M->149M(256M), 0.0406662 secs]
35.712: [GC remark, 0.0005591 secs]
35.720: [GC pause (young) 163M->163M(256M), 0.0377859 secs]
35.765: [GC pause (young) 175M->175M(256M), 0.0135037 secs]
35.803: [GC pause (young) 185M->185M(256M), 0.0326207 secs]
35.836: [GC concurrent-count-start]
35.841: [GC pause (young) 194M->192M(256M), 0.0072337 secs]
35.855: [GC pause (young) 200M->200M(256M), 0.0071049 secs]
35.864: [GC concurrent-count-end, 0.0275884]
35.864: [GC cleanup 205M->91M(256M), 0.0012000 secs]
35.865: [GC concurrent-cleanup-start]
35.866: [GC concurrent-cleanup-end, 0.0002251]
35.869: [GC pause (young) 93M->93M(256M), 0.0064259 secs]
35.877: [GC pause (partial) 95M->26M(256M), 0.0187831 secs]
35.973: [GC pause (young) 83M->35M(256M), 0.0100587 secs]
36.016: [GC pause (young) 90M->90M(256M), 0.0506972 secs]
36.091: [GC pause (young) 131M->122M(256M), 0.0331189 secs]
36.135: [GC pause (young) (initial-mark) 139M->139M(256M), 0.0277816 secs]
36.163: [GC concurrent-mark-start]
36.177: [GC concurrent-mark-end, 0.0132103 sec]
36.177: [GC remark, 0.0004416 secs]
36.178: [GC concurrent-count-start]
36.185: [GC concurrent-count-end, 0.0069476]
36.185: [GC cleanup 150M->71M(256M), 0.0015454 secs]
36.186: [GC concurrent-cleanup-start]
36.187: [GC concurrent-cleanup-end, 0.0001441]
36.189: [GC pause (young) 75M->63M(256M), 0.0055911 secs]
36.197: [GC pause (partial) 65M->7680K(256M), 0.0074996 secs]
36.242: [GC pause (young) 69M->10M(256M), 0.0064293 secs]
36.284: [GC pause (young) 71M->71M(256M), 0.0534563 secs]
36.363: [GC pause (young) 117M->106M(256M), 0.0378470 secs]
36.422: [GC pause (young) 143M->115M(256M), 0.0184755 secs]
36.461: [GC pause (young) (initial-mark) 150M->150M(256M)36.500: [GC concurrent-mark-start]
, 0.0396801 secs]
36.511: [GC pause (young) 163M->163M(256M), 0.0217408 secs]
36.545: [GC pause (young) 175M->169M(256M), 0.1277525 secs]
36.726: [GC pause (young)36.747: [GC concurrent-mark-end, 0.2259687 sec]
 180M->180M(256M), 0.0621127 secs]
36.793: [GC remark, 0.0011795 secs]
36.814: [GC pause (young) 190M->190M(256M), 0.0560864 secs]
36.881: [GC pause (young) 198M->198M(256M), 0.0171599 secs]
36.924: [GC pause (young) 205M->205M(256M), 0.0272322 secs]
36.958: [GC pause (young) 212M->212M(256M), 0.0213142 secs]
36.983: [GC pause (young) 215M->215M(256M), 0.0092758 secs]
36.995: [GC pause (young) 218M->218M(256M), 0.0418117 secs]
37.040: [GC pause (young) 221M->221M(256M), 0.0065417 secs]
37.049: [GC pause (young) 223M->223M(256M), 0.0348166 secs]
37.086: [GC pause (young) 225M->225M(256M), 0.0053135 secs]
37.092: [GC pause (young) 226M->226M(256M), 0.0426072 secs]
37.136: [GC pause (young) 227M->227M(256M), 0.0022126 secs]
37.140: [GC pause (young) 228M->228M(256M), 0.0203339 secs]
37.162: [GC pause (young) 229M->229M(256M), 0.0029984 secs]
37.167: [GC pause (young) 230M->230M(256M), 0.0260636 secs]
37.194: [GC pause (young) 231M->231M(256M), 0.0032999 secs]
37.220: [GC pause (young)-- 254M->255M(256M), 0.0367172 secs]
37.257: [Full GC 255M->27M(92M), 0.1115957 secs]
37.369: [GC concurrent-mark-abort]
37.388: [GC pause (young) 43M->43M(92M), 0.0263047 secs]
37.419: [GC pause (young) 49M->49M(125M), 0.0133398 secs]
37.441: [GC pause (young) 59M->59M(152M), 0.0174972 secs]
37.470: [GC pause (young) 71M->63M(173M), 0.0125820 secs]
37.547: [GC pause (young) 90M->81M(190M), 0.0414618 secs]
37.646: [GC pause (young) 108M->108M(204M), 0.0733050 secs]
37.818: [GC pause (young) (initial-mark) 120M->121M(215M), 0.0255148 secs]
37.845: [GC concurrent-mark-start]
37.875: [GC concurrent-mark-end, 0.0299952 sec]
37.875: [GC remark, 0.0008614 secs]
37.894: [GC pause (young) 133M->124M(224M), 0.0074756 secs]
37.927: [GC concurrent-count-start]
37.943: [GC concurrent-count-end, 0.0162663]
37.947: [GC cleanup 144M->86M(231M), 0.0042161 secs]
37.951: [GC concurrent-cleanup-start]
37.951: [GC concurrent-cleanup-end, 0.0002224]
37.955: [GC pause (young) 87M->87M(231M), 0.0326547 secs]
37.991: [GC pause (partial) 88M->27M(236M), 0.0134128 secs]
38.074: [GC pause (young) 79M->40M(240M), 0.0212091 secs]
38.141: [GC pause (young) 90M->90M(244M), 0.0811419 secs]
38.257: [GC pause (young) 128M->119M(247M), 0.0508921 secs]
38.323: [GC pause (young) (initial-mark) 135M->135M(249M)38.355: [GC concurrent-mark-start]
, 0.0319981 secs]
38.370: [GC pause (young) 149M->149M(251M), 0.0239438 secs]
38.405: [GC concurrent-mark-end, 0.0502687 sec]
38.406: [GC remark, 0.0009868 secs]
38.407: [GC concurrent-count-start]
38.409: [GC pause (young) 162M->159M(252M), 0.0188548 secs]
38.439: [GC pause (young) 171M->171M(253M), 0.0194404 secs]
38.468: [GC pause (young) 181M->181M(254M), 0.0174539 secs]
38.496: [GC pause (young) 190M->190M(255M), 0.0156154 secs]
38.517: [GC concurrent-count-end, 0.1104385]
38.518: [GC cleanup 196M->118M(256M), 0.0031967 secs]
38.521: [GC concurrent-cleanup-start]
38.522: [GC concurrent-cleanup-end, 0.0003128]
38.528: [GC pause (young) 121M->121M(256M), 0.0151836 secs]
38.545: [GC pause (partial) 122M->53M(256M), 0.0658203 secs]
38.634: [GC pause (young) 79M->66M(256M), 0.0196121 secs]
38.699: [GC pause (young) 113M->113M(256M), 0.0694222 secs]
38.789: [GC pause (young) 131M->119M(256M), 0.0174793 secs]
38.865: [GC pause (young) (initial-mark) 153M->153M(256M), 0.0660851 secs]
38.931: [GC concurrent-mark-start]
38.949: [GC concurrent-mark-end, 0.0173882 sec]
38.953: [GC remark, 0.0008651 secs]
38.960: [GC concurrent-count-start]
38.972: [GC pause (young) 166M->166M(256M), 0.0251200 secs]
39.005: [GC concurrent-count-end, 0.0451712]
39.007: [GC cleanup 169M->67M(256M), 0.0024228 secs]
39.010: [GC concurrent-cleanup-start]
39.010: [GC concurrent-cleanup-end, 0.0004153]
39.025: [GC pause (young) 75M->66M(256M), 0.0064096 secs]
39.033: [GC pause (partial) 67M->3974K(256M), 0.0081573 secs]
39.106: [GC pause (young) 66M->59M(256M), 0.0785381 secs]
39.232: [GC pause (young) 108M->91M(256M), 0.0558125 secs]
39.327: [GC pause (young) 132M->97M(256M), 0.0206998 secs]
39.384: [GC pause (young) 137M->137M(256M), 0.0643131 secs]
39.464: [GC pause (young) (initial-mark) 152M->135M(256M)39.468: [GC concurrent-mark-start]
, 0.0046727 secs]
39.489: [GC concurrent-mark-end, 0.0183891 sec]
39.489: [GC remark, 0.0008956 secs]
39.490: [GC concurrent-count-start]
39.496: [GC concurrent-count-end, 0.0059025]
39.496: [GC cleanup 161M->34M(256M), 0.0052843 secs]
39.502: [GC concurrent-cleanup-start]
39.502: [GC concurrent-cleanup-end, 0.0004150]
39.510: [GC pause (young) 38M->38M(256M), 0.0455048 secs]
39.557: [GC pause (partial) 39M->34M(256M), 0.0117093 secs]
39.620: [GC pause (young) 89M->56M(256M), 0.0334145 secs]
39.703: [GC pause (young) 106M->56M(256M), 0.0110353 secs]
39.762: [GC pause (young) 106M->106M(256M), 0.0801657 secs]
39.878: [GC pause (young) 143M->127M(256M), 0.0400165 secs]
39.965: [GC pause (young) (initial-mark) 159M->159M(256M), 0.0708826 secs]
40.036: [GC concurrent-mark-start]
40.077: [GC concurrent-mark-end, 0.0399470 sec]
40.078: [GC remark, 0.0013722 secs]
40.080: [GC concurrent-count-start]
40.082: [GC pause (young) 171M->160M(256M), 0.0085669 secs]
40.106: [GC concurrent-count-end, 0.0266481]
40.107: [GC cleanup 160M->66M(256M), 0.0020536 secs]
40.109: [GC concurrent-cleanup-start]
40.110: [GC concurrent-cleanup-end, 0.0003167]
40.128: [GC pause (young) 78M->78M(256M), 0.0202857 secs]
40.149: [GC pause (partial) 79M->18M(256M), 0.0125643 secs]
40.217: [GC pause (young) 77M->22M(256M), 0.0074108 secs]
40.280: [GC pause (young) 80M->75M(256M), 0.0806855 secs]
40.417: [GC pause (young) 120M->104M(256M), 0.0753143 secs]
40.539: [GC pause (young) 142M->106M(256M), 0.0131518 secs]
40.597: [GC pause (young) 143M->143M(256M), 0.0593999 secs]
40.672: [GC pause (young) (initial-mark) 157M->157M(256M), 0.0269851 secs]
40.699: [GC concurrent-mark-start]
40.716: [GC pause (young) 170M->161M(256M), 0.0123146 secs]
40.739: [GC concurrent-mark-end, 0.0378631 sec]
40.739: [GC remark, 0.0012856 secs]
40.741: [GC concurrent-count-start]
40.758: [GC concurrent-count-end, 0.0170294]
40.758: [GC cleanup 169M->77M(256M), 0.0030511 secs]
40.761: [GC concurrent-cleanup-start]
40.762: [GC concurrent-cleanup-end, 0.0002994]
40.778: [GC pause (young) 81M->81M(256M), 0.0191155 secs]
40.804: [GC pause (partial) 82M->19M(256M), 0.0236207 secs]
40.899: [GC pause (young) 78M->31M(256M), 0.0182942 secs]
40.979: [GC pause (young) 87M->26M(256M), 0.0045956 secs]
41.049: [GC pause (young) 83M->83M(256M), 0.1032248 secs]
41.198: [GC pause (young) 126M->111M(256M), 0.0599041 secs]
41.300: [GC pause (young) 147M->111M(256M), 0.0098013 secs]
41.354: [GC pause (young) 147M->139M(256M), 0.0481214 secs]
41.429: [GC pause (young) (initial-mark) 168M->168M(256M), 0.0491294 secs]
41.479: [GC concurrent-mark-start]
41.491: [GC pause (young) 179M->172M(256M), 0.0123570 secs]
41.515: [GC pause (young) 183M->183M(256M), 0.0183148 secs]
41.540: [GC concurrent-mark-end, 0.0615380 sec]
41.541: [GC remark, 0.0009047 secs]
41.542: [GC concurrent-count-start]
41.544: [GC pause (young) 192M->192M(256M), 0.0155960 secs]
41.567: [GC pause (young) 200M->200M(256M), 0.0135244 secs]
41.588: [GC pause (young) 207M->207M(256M), 0.0123016 secs]
41.606: [GC pause (young) 213M->213M(256M), 0.0111469 secs]
41.620: [GC pause (young) 216M->216M(256M), 0.0052502 secs]
41.628: [GC pause (young) 219M->219M(256M), 0.0051845 secs]
41.637: [GC pause (young) 222M->222M(256M), 0.0056212 secs]
41.644: [GC pause (young) 224M->224M(256M), 0.0038557 secs]
41.649: [GC pause (young) 225M->225M(256M), 0.0020382 secs]
41.653: [GC pause (young) 226M->226M(256M), 0.0023310 secs]
41.657: [GC pause (young) 227M->227M(256M), 0.0019562 secs]
41.660: [GC pause (young) 228M->228M(256M), 0.0019486 secs]
41.663: [GC pause (young) 229M->229M(256M), 0.0020158 secs]
41.667: [GC pause (young) 230M->230M(256M), 0.0020551 secs]
41.670: [GC concurrent-count-end, 0.1283466]
41.670: [GC pause (young) 231M->230M(256M), 0.0012712 secs]
41.672: [GC cleanup 231M->130M(256M), 0.0022102 secs]
41.674: [GC concurrent-cleanup-start]
41.675: [GC concurrent-cleanup-end, 0.0003575]
41.677: [GC pause (young) 131M->132M(256M), 0.0038256 secs]
41.683: [GC pause (partial) 133M->4372K(256M), 0.0075986 secs]
41.754: [GC pause (young) 67M->4717K(256M), 0.0032049 secs]
41.816: [GC pause (young) 67M->67M(256M), 0.0927628 secs]
41.952: [GC pause (young) 114M->103M(256M), 0.0624968 secs]
42.050: [GC pause (young) 141M->114M(256M), 0.0237685 secs]
42.106: [GC pause (young) 149M->149M(256M), 0.0629658 secs]
42.192: [GC pause (young) (initial-mark) 163M->163M(256M), 0.0455819 secs]
42.238: [GC concurrent-mark-start]
42.251: [GC pause (young) 175M->174M(256M), 0.0198735 secs]
42.283: [GC pause (young) 184M->184M(256M), 0.0178981 secs]
42.306: [GC concurrent-mark-end, 0.0671050 sec]
42.306: [GC remark, 0.0010221 secs]
42.308: [GC concurrent-count-start]
42.313: [GC pause (young) 193M->193M(256M), 0.0146128 secs]
42.336: [GC pause (young) 201M->201M(256M), 0.0137524 secs]
42.359: [GC pause (young) 208M->208M(256M), 0.0121429 secs]
42.377: [GC pause (young) 214M->214M(256M), 0.0112007 secs]
42.392: [GC pause (young) 217M->217M(256M), 0.0052011 secs]
42.401: [GC pause (young) 220M->220M(256M), 0.0052542 secs]
42.408: [GC pause (young) 222M->222M(256M), 0.0038084 secs]
42.414: [GC pause (young) 224M->224M(256M), 0.0037688 secs]
42.419: [GC pause (young) 225M->225M(256M), 0.0019653 secs]
42.423: [GC pause (young) 226M->226M(256M), 0.0019609 secs]
42.426: [GC pause (young) 227M->227M(256M), 0.0019743 secs]
42.429: [GC pause (young) 228M->228M(256M), 0.0019715 secs]
42.433: [GC pause (young) 229M->228M(256M), 0.0010435 secs]
42.434: [GC concurrent-count-end, 0.1266676]
42.435: [GC cleanup 229M->136M(256M), 0.0024252 secs]
42.437: [GC concurrent-cleanup-start]
42.438: [GC pause (young) 136M->136M(256M), 0.0021531 secs]
42.440: [GC concurrent-cleanup-end, 0.0025427]
42.457: [GC pause (young) 148M->137M(256M), 0.0024664 secs]
42.461: [GC pause (partial) 138M->2120K(256M), 0.0075065 secs]
42.526: [GC pause (young) 65M->65M(256M), 0.0894892 secs]
42.660: [GC pause (young) 113M->100M(256M), 0.0587918 secs]
42.759: [GC pause (young) 139M->108M(256M), 0.0222345 secs]
42.816: [GC pause (young) 145M->145M(256M), 0.0586623 secs]
42.890: [GC pause (young) (initial-mark) 159M->159M(256M), 0.0283606 secs]
42.918: [GC concurrent-mark-start]
42.931: [GC pause (young) 171M->170M(256M), 0.0248245 secs]
42.976: [GC concurrent-mark-end, 0.0576390 sec]
42.976: [GC pause (young) 181M->181M(256M), 0.0175971 secs]
42.995: [GC remark, 0.0009387 secs]
43.011: [GC concurrent-count-start]
43.018: [GC pause (young) 191M->191M(256M), 0.0228141 secs]
43.061: [GC pause (young) 199M->199M(256M), 0.0133715 secs]
43.079: [GC concurrent-count-end, 0.0680346]
43.079: [GC cleanup 204M->113M(256M), 0.0028402 secs]
43.082: [GC concurrent-cleanup-start]
43.083: [GC concurrent-cleanup-end, 0.0003879]
43.085: [GC pause (young) 115M->115M(256M), 0.0123150 secs]
43.100: [GC pause (partial) 116M->49M(256M), 0.0617192 secs]
43.189: [GC pause (young) 75M->58M(256M), 0.0138359 secs]
43.254: [GC pause (young) 107M->107M(256M), 0.0907655 secs]
43.385: [GC pause (young) 144M->129M(256M), 0.0404791 secs]
43.443: [GC pause (young) (initial-mark) 145M->145M(256M)43.473: [GC concurrent-mark-start]
, 0.0303055 secs]
43.487: [GC pause (young) 159M->159M(256M), 0.0238431 secs]
43.524: [GC concurrent-mark-end, 0.0508804 sec]
43.524: [GC remark, 0.0009398 secs]
43.526: [GC concurrent-count-start]
43.535: [GC pause (young) 171M->162M(256M), 0.0077348 secs]
43.554: [GC pause (young) 174M->174M(256M), 0.0195899 secs]
43.582: [GC concurrent-count-end, 0.0562310]
43.583: [GC cleanup 183M->88M(256M), 0.0036008 secs]
43.587: [GC concurrent-cleanup-start]
43.588: [GC concurrent-cleanup-end, 0.0003473]
43.594: [GC pause (young) 90M->90M(256M), 0.0176536 secs]
43.613: [GC pause (partial) 91M->29M(256M), 0.0285587 secs]
43.694: [GC pause (young) 86M->40M(256M), 0.0180452 secs]
43.765: [GC pause (young) 94M->94M(256M), 0.1022203 secs]
43.925: [GC pause (young) 134M->126M(256M), 0.0561336 secs]
43.996: [GC pause (young) (initial-mark) 142M->142M(256M), 0.0304825 secs]
44.027: [GC concurrent-mark-start]
44.040: [GC pause (young) 156M->146M(256M), 0.0091425 secs]
44.061: [GC concurrent-mark-end, 0.0342012 sec]
44.061: [GC remark, 0.0010776 secs]
44.063: [GC concurrent-count-start]
44.078: [GC pause (young) 173M->173M(256M), 0.0410711 secs]
44.129: [GC pause (young) 184M->184M(256M), 0.0209452 secs]
44.158: [GC concurrent-count-end, 0.0954028]
44.158: [GC cleanup 192M->111M(256M), 0.0030353 secs]
44.162: [GC concurrent-cleanup-start]
44.162: [GC concurrent-cleanup-end, 0.0003581]
44.165: [GC pause (young) 113M->113M(256M), 0.0165995 secs]
44.186: [GC pause (partial) 114M->52M(256M), 0.0630114 secs]
44.295: [GC pause (young) 103M->90M(256M), 0.0572278 secs]
44.386: [GC pause (young) 111M->111M(256M), 0.0552601 secs]
44.462: [GC pause (young) 129M->118M(256M), 0.0156519 secs]
44.510: [GC pause (young) (initial-mark) 152M->152M(256M), 0.0503056 secs]
44.561: [GC concurrent-mark-start]
44.574: [GC pause (young) 165M->165M(256M), 0.0249541 secs]
44.612: [GC pause (young) 177M->166M(256M), 0.0056879 secs]
44.621: [GC concurrent-mark-end, 0.0604816 sec]
44.622: [GC remark, 0.0009741 secs]
44.623: [GC concurrent-count-start]
44.630: [GC pause (young) 177M->177M(256M), 0.0177052 secs]
44.658: [GC pause (young) 187M->187M(256M), 0.0164188 secs]
44.683: [GC pause (young) 196M->196M(256M), 0.0153950 secs]
44.704: [GC concurrent-count-end, 0.0805853]
44.704: [GC cleanup 201M->100M(256M), 0.0028295 secs]
44.707: [GC concurrent-cleanup-start]
44.707: [GC concurrent-cleanup-end, 0.0004244]
44.712: [GC pause (young) 103M->103M(256M), 0.0134008 secs]
44.727: [GC pause (partial) 104M->42M(256M), 0.0525060 secs]
44.832: [GC pause (young) 95M->71M(256M), 0.0419781 secs]
44.924: [GC pause (young) 117M->74M(256M), 0.0144532 secs]
44.979: [GC pause (young) 119M->119M(256M), 0.0724402 secs]
45.068: [GC pause (young) (initial-mark) 136M->118M(256M)45.076: [GC concurrent-mark-start]
, 0.0083901 secs]
45.099: [GC concurrent-mark-end, 0.0233191 sec]
45.100: [GC remark, 0.0009325 secs]
45.101: [GC concurrent-count-start]
45.107: [GC concurrent-count-end, 0.0063279]
45.108: [GC cleanup 149M->43M(256M), 0.0055203 secs]
45.113: [GC concurrent-cleanup-start]
45.114: [GC concurrent-cleanup-end, 0.0004191]
45.121: [GC pause (young) 46M->46M(256M), 0.0904925 secs]
45.213: [GC pause (partial) 47M->40M(256M), 0.0145317 secs]
45.282: [GC pause (young) 94M->56M(256M), 0.0237028 secs]
45.350: [GC pause (young) 106M->106M(256M), 0.0823149 secs]
45.487: [GC pause (young) 143M->135M(256M), 0.0728875 secs]
45.582: [GC pause (young) (initial-mark) 150M->150M(256M), 0.0303524 secs]
45.614: [GC concurrent-mark-start]
45.627: [GC pause (young) 163M->163M(256M), 0.0239244 secs]
45.665: [GC concurrent-mark-end, 0.0504034 sec]
45.665: [GC pause (young) 175M->173M(256M), 0.0158988 secs]
45.683: [GC remark, 0.0026593 secs]
45.687: [GC concurrent-count-start]
45.698: [GC pause (young) 184M->184M(256M), 0.0174298 secs]
45.724: [GC pause (young) 193M->193M(256M), 0.0151424 secs]
45.749: [GC pause (young) 201M->201M(256M), 0.0130724 secs]
45.769: [GC concurrent-count-end, 0.0814026]
45.769: [GC cleanup 207M->114M(256M), 0.0039333 secs]
45.774: [GC concurrent-cleanup-start]
45.775: [GC concurrent-cleanup-end, 0.0004648]
45.782: [GC pause (young) 116M->116M(256M), 0.0137981 secs]
45.797: [GC pause (partial) 117M->48M(256M), 0.0600097 secs]
45.909: [GC pause (young) 100M->81M(256M), 0.0473412 secs]
45.997: [GC pause (young) 125M->87M(256M), 0.0177587 secs]
46.053: [GC pause (young) 129M->129M(256M), 0.0672345 secs]
46.137: [GC pause (young) (initial-mark) 145M->126M(256M)46.143: [GC concurrent-mark-start]
, 0.0061314 secs]
46.162: [GC concurrent-mark-end, 0.0181635 sec]
46.162: [GC remark, 0.0011321 secs]
46.163: [GC concurrent-count-start]
46.170: [GC concurrent-count-end, 0.0062042]
46.170: [GC cleanup 151M->35M(256M), 0.0048765 secs]
46.175: [GC concurrent-cleanup-start]
46.175: [GC concurrent-cleanup-end, 0.0004397]
46.186: [GC pause (young) 42M->42M(256M), 0.0483356 secs]
46.235: [GC pause (partial) 43M->37M(256M), 0.0125703 secs]
46.297: [GC pause (young) 92M->62M(256M), 0.0370476 secs]
46.379: [GC pause (young) 110M->63M(256M), 0.0125968 secs]
46.440: [GC pause (young) 111M->100M(256M), 0.0606134 secs]
46.536: [GC pause (young) 139M->110M(256M), 0.0332516 secs]
46.648: [GC pause (young) 146M->146M(256M), 0.0565221 secs]
46.726: [GC pause (young) (initial-mark) 160M->160M(256M), 0.0271119 secs]
46.753: [GC concurrent-mark-start]
46.776: [GC pause (young) 172M->170M(256M), 0.0199288 secs]
46.799: [GC concurrent-mark-end, 0.0446483 sec]
46.800: [GC remark, 0.0015145 secs]
46.808: [GC concurrent-count-start]
46.819: [GC pause (young) 181M->181M(256M), 0.0173341 secs]
46.847: [GC pause (young) 191M->191M(256M), 0.0165328 secs]
46.872: [GC pause (young) 199M->199M(256M), 0.0139680 secs]
46.893: [GC pause (young) 206M->206M(256M), 0.0130310 secs]
46.913: [GC pause (young) 212M->212M(256M), 0.0109854 secs]
46.929: [GC pause (young) 215M->215M(256M), 0.0056018 secs]
46.938: [GC pause (young) 218M->218M(256M), 0.0057155 secs]
46.948: [GC concurrent-count-end, 0.1399964]
46.948: [GC cleanup 220M->134M(256M), 0.0039712 secs]
46.953: [GC concurrent-cleanup-start]
46.953: [GC concurrent-cleanup-end, 0.0003229]
46.955: [GC pause (young) 135M->135M(256M), 0.0055179 secs]
46.964: [GC pause (partial) 136M->64M(256M), 0.0886450 secs]
47.083: [GC pause (young) 88M->86M(256M), 0.0312281 secs]
47.169: [GC pause (young) 128M->128M(256M), 0.0679950 secs]
47.253: [GC pause (young) (initial-mark) 144M->137M(256M), 0.0202852 secs]
47.274: [GC concurrent-mark-start]
47.289: [GC pause (young) 152M->152M(256M), 0.0245582 secs]
47.319: [GC concurrent-mark-end, 0.0449941 sec]
47.320: [GC remark, 0.0008548 secs]
47.327: [GC concurrent-count-start]
47.336: [GC pause (young) 165M->165M(256M), 0.0216312 secs]
47.364: [GC concurrent-count-end, 0.0371615]
47.365: [GC cleanup 165M->49M(256M), 0.0020947 secs]
47.367: [GC concurrent-cleanup-start]
47.367: [GC concurrent-cleanup-end, 0.0003498]
47.383: [GC pause (young) 61M->61M(256M), 0.0190732 secs]
47.403: [GC pause (partial) 62M->55M(256M), 0.0640358 secs]
47.520: [GC pause (young) 105M->94M(256M), 0.0542547 secs]
47.594: [GC pause (young) 114M->114M(256M), 0.0421986 secs]
47.667: [GC pause (young) 132M->122M(256M), 0.0223047 secs]
47.726: [GC pause (young) (initial-mark) 155M->155M(256M)47.778: [GC concurrent-mark-start]
, 0.0512319 secs]
47.791: [GC pause (young) 168M->168M(256M), 0.0260981 secs]
47.828: [GC pause (young) 179M->169M(256M), 0.0069177 secs]
47.841: [GC concurrent-mark-end, 0.0632070 sec]
47.841: [GC remark, 0.0009116 secs]
47.842: [GC concurrent-count-start]
47.851: [GC pause (young) 180M->180M(256M), 0.0179311 secs]
47.879: [GC pause (young) 190M->190M(256M), 0.0164142 secs]
47.903: [GC pause (young) 198M->198M(256M), 0.0139395 secs]
47.923: [GC concurrent-count-end, 0.0801220]
47.923: [GC cleanup 204M->99M(256M), 0.0035683 secs]
47.927: [GC concurrent-cleanup-start]
47.927: [GC concurrent-cleanup-end, 0.0003732]
47.934: [GC pause (young) 101M->101M(256M), 0.0134857 secs]
47.949: [GC pause (partial) 102M->40M(256M), 0.0472563 secs]
48.058: [GC pause (young) 94M->54M(256M), 0.0221458 secs]
48.126: [GC pause (young) 104M->104M(256M), 0.0804144 secs]
48.225: [GC pause (young) 123M->115M(256M), 0.0251436 secs]
48.283: [GC pause (young) (initial-mark) 150M->150M(256M), 0.0534892 secs]
48.337: [GC concurrent-mark-start]
48.350: [GC pause (young) 163M->163M(256M), 0.0251383 secs]
48.388: [GC pause (young) 175M->174M(256M), 0.0196755 secs]
48.411: [GC concurrent-mark-end, 0.0741629 sec]
48.412: [GC remark, 0.0009424 secs]
48.413: [GC concurrent-count-start]
48.419: [GC pause (young) 184M->184M(256M), 0.0164739 secs]
48.446: [GC pause (young) 193M->193M(256M), 0.0164096 secs]
48.471: [GC pause (young) 201M->201M(256M), 0.0133363 secs]
48.493: [GC pause (young) 208M->208M(256M), 0.0120552 secs]
48.510: [GC concurrent-count-end, 0.0970215]
48.510: [GC pause (young) 214M->214M(256M), 0.0112442 secs]
48.522: [GC cleanup 214M->124M(256M), 0.0029030 secs]
48.525: [GC concurrent-cleanup-start]
48.525: [GC concurrent-cleanup-end, 0.0003088]
48.530: [GC pause (young) 127M->127M(256M), 0.0053755 secs]
48.537: [GC pause (partial) 128M->56M(256M), 0.0757336 secs]
48.637: [GC pause (young) 81M->70M(256M), 0.0214666 secs]
48.700: [GC pause (young) 116M->116M(256M), 0.0853427 secs]
48.818: [GC pause (young) (initial-mark) 134M->122M(256M), 0.0209569 secs]
48.840: [GC concurrent-mark-start]
48.862: [GC concurrent-mark-end, 0.0203715 sec]
48.864: [GC remark, 0.0014146 secs]
48.867: [GC concurrent-count-start]
48.875: [GC concurrent-count-end, 0.0084379]
48.876: [GC cleanup 149M->45M(256M), 0.0079527 secs]
48.884: [GC concurrent-cleanup-start]
48.884: [GC concurrent-cleanup-end, 0.0003811]
48.894: [GC pause (young) 51M->51M(256M), 0.0496408 secs]
48.945: [GC pause (partial) 52M->46M(256M), 0.0232802 secs]
49.026: [GC pause (young) 98M->79M(256M), 0.0466160 secs]
49.120: [GC pause (young) 123M->83M(256M), 0.0154750 secs]
49.180: [GC pause (young) 126M->126M(256M), 0.0678461 secs]
49.287: [GC pause (young) (initial-mark) 158M->131M(256M), 0.0166528 secs]
49.304: [GC concurrent-mark-start]
49.325: [GC concurrent-mark-end, 0.0206535 sec]
49.326: [GC remark, 0.0012335 secs]
49.338: [GC concurrent-count-start]
49.338: [GC pause (young) 162M->162M(256M), 0.0516775 secs]
49.402: [GC pause (young) 174M->174M(256M), 0.0238302 secs]
49.436: [GC concurrent-count-end, 0.0982594]
49.436: [GC pause (young) 184M->184M(256M), 0.0200417 secs]
49.461: [GC cleanup 188M->75M(256M), 0.0043029 secs]
49.465: [GC concurrent-cleanup-start]
49.466: [GC concurrent-cleanup-end, 0.0003609]
49.475: [GC pause (young) 80M->77M(256M), 0.0110521 secs]
49.488: [GC pause (partial) 78M->8937K(256M), 0.0077111 secs]
49.555: [GC pause (young) 70M->12M(256M), 0.0078492 secs]
49.619: [GC pause (young) 73M->73M(256M), 0.0915347 secs]
49.756: [GC pause (young) 119M->110M(256M), 0.0661944 secs]
49.874: [GC pause (young) 146M->119M(256M), 0.0251535 secs]
49.956: [GC pause (young) (initial-mark) 153M->153M(256M)50.010: [GC concurrent-mark-start]
, 0.0547186 secs]
50.029: [GC pause (young) 166M->166M(256M), 0.0252943 secs]
50.062: [GC concurrent-mark-end, 0.0504109 sec]
50.062: [GC remark, 0.0013013 secs]
50.069: [GC concurrent-count-start]
50.072: [GC pause (young) 177M->170M(256M), 0.0107274 secs]
50.094: [GC pause (young) 181M->181M(256M), 0.0176242 secs]
50.122: [GC pause (young) 191M->191M(256M), 0.0172627 secs]
50.146: [GC concurrent-count-end, 0.0776144]
50.147: [GC pause (young) 199M->199M(256M), 0.0137661 secs]
50.161: [GC cleanup 199M->100M(256M), 0.0031598 secs]
50.165: [GC concurrent-cleanup-start]
50.165: [GC concurrent-cleanup-end, 0.0003242]
50.177: [GC pause (young) 107M->107M(256M), 0.0121777 secs]
50.191: [GC pause (partial) 108M->44M(256M), 0.0537714 secs]
50.296: [GC pause (young) 97M->74M(256M), 0.0437482 secs]
50.382: [GC pause (young) 119M->70M(256M), 0.0042423 secs]
50.429: [GC pause (young) 116M->112M(256M), 0.0612278 secs]
50.533: [GC pause (young) 148M->115M(256M), 0.0142075 secs]
50.579: [GC pause (young) (initial-mark) 150M->150M(256M), 0.0556321 secs]
50.635: [GC concurrent-mark-start]
50.648: [GC pause (young) 163M->163M(256M), 0.0284919 secs]
50.689: [GC pause (young) 175M->164M(256M), 0.0056905 secs]
50.705: [GC concurrent-mark-end, 0.0697917 sec]
50.705: [GC remark, 0.0009568 secs]
50.707: [GC concurrent-count-start]
50.708: [GC pause (young) 176M->176M(256M), 0.0194933 secs]
50.738: [GC pause (young) 186M->186M(256M), 0.0162866 secs]
50.763: [GC pause (young) 195M->195M(256M), 0.0151043 secs]
50.787: [GC pause (young) 203M->203M(256M), 0.0145247 secs]
50.806: [GC concurrent-count-end, 0.0993135]
50.806: [GC cleanup 209M->110M(256M), 0.0028856 secs]
50.809: [GC concurrent-cleanup-start]
50.810: [GC concurrent-cleanup-end, 0.0004233]
50.813: [GC pause (young) 111M->111M(256M), 0.0118095 secs]
50.827: [GC pause (partial) 112M->50M(256M), 0.0719628 secs]
50.951: [GC pause (young) 101M->86M(256M), 0.0711209 secs]
51.072: [GC pause (young) 128M->91M(256M), 0.0174521 secs]
51.128: [GC pause (young) 132M->132M(256M), 0.0657233 secs]
51.211: [GC pause (young) (initial-mark) 148M->129M(256M)51.215: [GC concurrent-mark-start]
, 0.0040697 secs]
51.236: [GC concurrent-mark-end, 0.0184280 sec]
51.236: [GC remark, 0.0008869 secs]
51.237: [GC concurrent-count-start]
51.243: [GC concurrent-count-end, 0.0057816]
51.244: [GC cleanup 155M->36M(256M), 0.0052686 secs]
51.249: [GC concurrent-cleanup-start]
51.249: [GC concurrent-cleanup-end, 0.0003908]
51.259: [GC pause (young) 41M->41M(256M), 0.0483520 secs]
51.309: [GC pause (partial) 42M->35M(256M), 0.0097652 secs]
51.371: [GC pause (young) 90M->59M(256M), 0.0356629 secs]
51.452: [GC pause (young) 108M->60M(256M), 0.0114591 secs]
51.512: [GC pause (young) 109M->102M(256M), 0.0665666 secs]
51.613: [GC pause (young) 140M->116M(256M), 0.0285538 secs]
51.673: [GC pause (young) (initial-mark) 151M->151M(256M)51.730: [GC concurrent-mark-start]
, 0.0565190 secs]
51.743: [GC pause (young) 164M->148M(256M), 0.0061928 secs]
51.762: [GC concurrent-mark-end, 0.0317235 sec]
51.763: [GC remark, 0.0008867 secs]
51.764: [GC concurrent-count-start]
51.783: [GC concurrent-count-end, 0.0191053]
51.784: [GC cleanup 173M->85M(256M), 0.0047662 secs]
51.789: [GC concurrent-cleanup-start]
51.789: [GC concurrent-cleanup-end, 0.0003818]
51.793: [GC pause (young) 87M->87M(256M), 0.0403799 secs]
51.836: [GC pause (partial) 88M->30M(256M), 0.0106201 secs]
51.904: [GC pause (young) 86M->50M(256M), 0.0303195 secs]
51.987: [GC pause (young) 101M->47M(256M), 0.0081322 secs]
52.042: [GC pause (young) 99M->99M(256M), 0.1263594 secs]
52.211: [GC pause (young) 138M->122M(256M), 0.0419819 secs]
52.287: [GC pause (young) (initial-mark) 155M->155M(256M), 0.0533969 secs]
52.341: [GC concurrent-mark-start]
52.354: [GC pause (young) 168M->160M(256M), 0.0151314 secs]
52.382: [GC pause (young) 172M->172M(256M), 0.0205555 secs]
52.408: [GC concurrent-mark-end, 0.0663462 sec]
52.408: [GC remark, 0.0009985 secs]
52.409: [GC concurrent-count-start]
52.416: [GC pause (young) 183M->183M(256M), 0.0177857 secs]
52.442: [GC pause (young) 192M->192M(256M), 0.0152519 secs]
52.466: [GC pause (young) 200M->200M(256M), 0.0134588 secs]
52.487: [GC pause (young) 207M->207M(256M), 0.0135524 secs]
52.507: [GC concurrent-count-end, 0.0977237]
52.510: [GC pause (young) 213M->213M(256M), 0.0118132 secs]
52.522: [GC cleanup 213M->128M(256M), 0.0033092 secs]
52.526: [GC concurrent-cleanup-start]
52.526: [GC concurrent-cleanup-end, 0.0002903]
52.531: [GC pause (young) 131M->131M(256M), 0.0053048 secs]
52.538: [GC pause (partial) 132M->4100K(256M), 0.0067296 secs]
52.603: [GC pause (young) 67M->67M(256M), 0.0883843 secs]
52.714: [GC pause (young) 91M->81M(256M), 0.0304955 secs]
52.784: [GC pause (young) 125M->125M(256M), 0.0652584 secs]
52.867: [GC pause (young) (initial-mark) 142M->123M(256M), 0.0438824 secs]
52.912: [GC concurrent-mark-start]
52.933: [GC concurrent-mark-end, 0.0196496 sec]
52.934: [GC remark, 0.0008810 secs]
52.937: [GC concurrent-count-start]
52.943: [GC concurrent-count-end, 0.0061525]
52.944: [GC cleanup 149M->33M(256M), 0.0051483 secs]
52.949: [GC concurrent-cleanup-start]
52.949: [GC concurrent-cleanup-end, 0.0003692]
52.960: [GC pause (young) 40M->40M(256M), 0.0490650 secs]
53.018: [GC pause (partial) 41M->37M(256M), 0.0124483 secs]
53.107: [GC pause (young) 92M->63M(256M), 0.0439140 secs]
53.244: [GC pause (young) 111M->65M(256M), 0.0128922 secs]
53.305: [GC pause (young) 113M->113M(256M), 0.0763264 secs]
53.416: [GC pause (young) 149M->133M(256M), 0.0387532 secs]
53.478: [GC pause (young) (initial-mark) 149M->149M(256M), 0.0296069 secs]
53.508: [GC concurrent-mark-start]
53.535: [GC concurrent-mark-end, 0.0219507 sec]
53.536: [GC remark, 0.0009551 secs]
53.547: [GC concurrent-count-start]
53.555: [GC pause (young) 163M->163M(256M), 0.0230709 secs]
53.589: [GC concurrent-count-end, 0.0422299]
53.596: [GC pause (young) 175M->163M(256M), 0.0038918 secs]
53.602: [GC cleanup 163M->63M(256M), 0.0036019 secs]
53.606: [GC concurrent-cleanup-start]
53.606: [GC concurrent-cleanup-end, 0.0003090]
53.624: [GC pause (young) 75M->75M(256M), 0.0198647 secs]
53.646: [GC pause (partial) 76M->15M(256M), 0.0087875 secs]
53.719: [GC pause (young) 75M->24M(256M), 0.0143885 secs]
53.786: [GC pause (young) 82M->18M(256M), 0.0028863 secs]
53.843: [GC pause (young) 77M->77M(256M), 0.0907407 secs]
53.985: [GC pause (young) 122M->96M(256M), 0.0385407 secs]
54.068: [GC pause (young) 136M->91M(256M), 0.0022939 secs]
54.108: [GC pause (young) 132M->132M(256M), 0.0586974 secs]
54.195: [GC pause (young) (initial-mark) 163M->133M(256M)54.206: [GC concurrent-mark-start]
, 0.0111343 secs]
54.235: [GC concurrent-mark-end, 0.0279681 sec]
54.235: [GC remark, 0.0016242 secs]
54.238: [GC concurrent-count-start]
54.248: [GC pause (young) 164M->164M(256M), 0.0768844 secs]
54.336: [GC concurrent-count-end, 0.0977495]
54.336: [GC cleanup 166M->47M(256M), 0.0029940 secs]
54.339: [GC concurrent-cleanup-start]
54.340: [GC concurrent-cleanup-end, 0.0004439]
54.352: [GC pause (young) 57M->57M(256M), 0.0236929 secs]
54.377: [GC pause (partial) 58M->51M(256M), 0.0534467 secs]
54.478: [GC pause (young) 102M->86M(256M), 0.0495789 secs]
54.596: [GC pause (young) 128M->91M(256M), 0.0171539 secs]
54.652: [GC pause (young) 132M->132M(256M), 0.0658545 secs]
54.734: [GC pause (young) (initial-mark) 148M->130M(256M)54.739: [GC concurrent-mark-start]
, 0.0045173 secs]
54.760: [GC concurrent-mark-end, 0.0200107 sec]
54.760: [GC remark, 0.0008722 secs]
54.761: [GC concurrent-count-start]
54.767: [GC concurrent-count-end, 0.0057826]
54.767: [GC cleanup 156M->37M(256M), 0.0048779 secs]
54.772: [GC concurrent-cleanup-start]
54.773: [GC concurrent-cleanup-end, 0.0004452]
54.781: [GC pause (young) 42M->42M(256M), 0.0465068 secs]
54.829: [GC pause (partial) 43M->35M(256M), 0.0114310 secs]
54.892: [GC pause (young) 90M->58M(256M), 0.0494332 secs]
54.990: [GC pause (young) 107M->58M(256M), 0.0108206 secs]
55.048: [GC pause (young) 107M->107M(256M), 0.0766699 secs]
55.161: [GC pause (young) 144M->115M(256M), 0.0211113 secs]
55.214: [GC pause (young) 150M->150M(256M), 0.0565257 secs]
55.284: [GC pause (young) (initial-mark) 163M->163M(256M), 0.0263818 secs]
55.310: [GC concurrent-mark-start]
55.325: [GC pause (young) 175M->169M(256M), 0.0133374 secs]
55.352: [GC pause (young) 180M->180M(256M), 0.0299010 secs]
55.428: [GC pause (young) 190M->190M(256M), 0.0160516 secs]
55.445: [GC concurrent-mark-end, 0.1342865 sec]
55.446: [GC remark, 0.0008591 secs]
55.456: [GC pause (young) 198M->198M(256M), 0.0137825 secs]
55.471: [GC concurrent-count-start]
55.483: [GC pause (young) 205M->205M(256M), 0.0120397 secs]
55.502: [GC pause (young) 212M->212M(256M), 0.0121205 secs]
55.517: [GC pause (young) 215M->215M(256M), 0.0068696 secs]
55.527: [GC pause (young) 218M->218M(256M), 0.0051720 secs]
55.543: [GC pause (young) 221M->221M(256M), 0.0049521 secs]
55.550: [GC pause (young) 223M->223M(256M), 0.0071091 secs]
55.560: [GC concurrent-count-end, 0.0884960]
55.560: [GC pause (young) 225M->225M(256M), 0.0038523 secs]
55.565: [GC cleanup 225M->130M(256M), 0.0023908 secs]
55.567: [GC concurrent-cleanup-start]
55.567: [GC concurrent-cleanup-end, 0.0003249]
55.571: [GC pause (young) 132M->132M(256M), 0.0037627 secs]
55.577: [GC pause (partial) 133M->3629K(256M), 0.0071303 secs]
55.649: [GC pause (young) 66M->66M(256M), 0.0912908 secs]
55.792: [GC pause (young) 113M->104M(256M), 0.0623265 secs]
55.872: [GC pause (young) 123M->123M(256M), 0.0353022 secs]
55.926: [GC pause (young) (initial-mark) 140M->134M(256M), 0.0215982 secs]
55.947: [GC concurrent-mark-start]
55.965: [GC pause (young) 149M->149M(256M), 0.0247916 secs]
56.004: [GC concurrent-mark-end, 0.0544694 sec]
56.005: [GC pause (young) 163M->163M(256M), 0.0243300 secs]
56.030: [GC remark, 0.0008431 secs]
56.035: [GC concurrent-count-start]
56.043: [GC pause (young) 175M->175M(256M), 0.0202790 secs]
56.075: [GC concurrent-count-end, 0.0395281]
56.076: [GC cleanup 183M->67M(256M), 0.0031672 secs]
56.080: [GC concurrent-cleanup-start]
56.080: [GC concurrent-cleanup-end, 0.0004007]
56.084: [GC pause (young) 69M->69M(256M), 0.0162643 secs]
56.104: [GC pause (partial) 70M->11M(256M), 0.0057590 secs]
56.167: [GC pause (young) 72M->72M(256M), 0.0855282 secs]
56.273: [GC pause (young) 95M->83M(256M), 0.0276812 secs]
56.340: [GC pause (young) 126M->126M(256M), 0.0659755 secs]
56.428: [GC pause (young) (initial-mark) 142M->125M(256M), 0.0088925 secs]
56.437: [GC concurrent-mark-start]
56.459: [GC concurrent-mark-end, 0.0216870 sec]
56.465: [GC remark, 0.0018552 secs]
56.468: [GC concurrent-count-start]
56.481: [GC concurrent-count-end, 0.0130733]
56.482: [GC cleanup 134M->16M(256M), 0.0055316 secs]
56.488: [GC concurrent-cleanup-start]
56.488: [GC concurrent-cleanup-end, 0.0003501]
56.515: [GC pause (young) 40M->40M(256M), 0.0495418 secs]
56.566: [GC pause (partial) 41M->38M(256M), 0.0148585 secs]
56.635: [GC pause (young) 92M->63M(256M), 0.0378872 secs]
56.718: [GC pause (young) 111M->64M(256M), 0.0119880 secs]
56.778: [GC pause (young) 112M->112M(256M), 0.0754953 secs]
56.886: [GC pause (young) 148M->132M(256M), 0.0359942 secs]
56.939: [GC pause (young) (initial-mark) 148M->148M(256M), 0.0368481 secs]
56.976: [GC concurrent-mark-start]
56.992: [GC pause (young) 162M->162M(256M), 0.0239694 secs]
57.024: [GC concurrent-mark-end, 0.0473862 sec]
57.024: [GC remark, 0.0009962 secs]
57.026: [GC concurrent-count-start]
57.031: [GC pause (young) 174M->161M(256M), 0.0027744 secs]
57.046: [GC pause (young) 173M->173M(256M), 0.0195380 secs]
57.071: [GC concurrent-count-end, 0.0455883]
57.071: [GC cleanup 174M->76M(256M), 0.0023848 secs]
57.074: [GC concurrent-cleanup-start]
57.074: [GC concurrent-cleanup-end, 0.0003667]
57.090: [GC pause (young) 86M->86M(256M), 0.0174762 secs]
57.109: [GC pause (partial) 87M->26M(256M), 0.0239892 secs]
57.189: [GC pause (young) 83M->42M(256M), 0.0244723 secs]
57.262: [GC pause (young) 95M->38M(256M), 0.0063648 secs]
57.320: [GC pause (young) 92M->92M(256M), 0.0963919 secs]
57.483: [GC pause (young) 133M->108M(256M), 0.0358355 secs]
57.572: [GC pause (young) 145M->145M(256M), 0.0785288 secs]
57.669: [GC pause (young) (initial-mark) 159M->148M(256M), 0.0134618 secs]
57.683: [GC concurrent-mark-start]
57.703: [GC concurrent-mark-end, 0.0197985 sec]
57.704: [GC remark, 0.0018761 secs]
57.706: [GC concurrent-count-start]
57.731: [GC concurrent-count-end, 0.0250144]
57.734: [GC pause (young) 175M->172M(256M), 0.0392564 secs]
57.782: [GC cleanup 172M->41M(256M), 0.0050977 secs]
57.787: [GC concurrent-cleanup-start]
57.788: [GC concurrent-cleanup-end, 0.0004151]
57.805: [GC pause (young) 52M->52M(256M), 0.0296823 secs]
57.851: [GC pause (partial) 53M->39M(256M), 0.0497036 secs]
57.962: [GC pause (young) 93M->66M(256M), 0.0416556 secs]
58.053: [GC pause (young) 113M->67M(256M), 0.0127439 secs]
58.110: [GC pause (young) 114M->114M(256M), 0.0740853 secs]
58.216: [GC pause (young) 149M->132M(256M), 0.0348581 secs]
58.265: [GC pause (young) (initial-mark) 148M->148M(256M)58.296: [GC concurrent-mark-start]
, 0.0301060 secs]
58.310: [GC pause (young) 162M->162M(256M), 0.0235619 secs]
58.346: [GC concurrent-mark-end, 0.0500869 sec]
58.346: [GC remark, 0.0015105 secs]
58.348: [GC concurrent-count-start]
58.350: [GC pause (young) 174M->174M(256M), 0.0203693 secs]
58.382: [GC pause (young) 184M->183M(256M), 0.0146049 secs]
58.406: [GC pause (young) 192M->192M(256M), 0.0153274 secs]
58.427: [GC concurrent-count-end, 0.0786525]
58.428: [GC cleanup 198M->98M(256M), 0.0029559 secs]
58.431: [GC concurrent-cleanup-start]
58.431: [GC concurrent-cleanup-end, 0.0004089]
58.433: [GC pause (young) 100M->100M(256M), 0.0135310 secs]
58.449: [GC pause (partial) 101M->28M(256M), 0.0321796 secs]
58.536: [GC pause (young) 85M->46M(256M), 0.0272556 secs]
58.614: [GC pause (young) 98M->44M(256M), 0.0082984 secs]
58.685: [GC pause (young) 97M->89M(256M), 0.0816584 secs]
58.807: [GC pause (young) 131M->107M(256M), 0.0366781 secs]
58.878: [GC pause (young) 144M->144M(256M), 0.0601527 secs]
58.953: [GC pause (young) (initial-mark) 158M->149M(256M), 0.0272622 secs]
58.981: [GC concurrent-mark-start]
59.008: [GC concurrent-mark-end, 0.0240913 sec]
59.008: [GC pause (young) 163M->163M(256M), 0.0231533 secs]
59.032: [GC remark, 0.0009760 secs]
59.042: [GC concurrent-count-start]
59.046: [GC pause (young) 175M->175M(256M), 0.0256950 secs]
59.082: [GC pause (young) 185M->185M(256M), 0.0164624 secs]
59.107: [GC pause (young) 194M->194M(256M), 0.0154217 secs]
59.129: [GC concurrent-count-end, 0.0872276]
59.130: [GC cleanup 201M->70M(256M), 0.0029739 secs]
59.133: [GC concurrent-cleanup-start]
59.133: [GC concurrent-cleanup-end, 0.0005042]
59.137: [GC pause (young) 72M->72M(256M), 0.0151006 secs]
59.155: [GC pause (partial) 73M->66M(256M), 0.0853102 secs]
59.288: [GC pause (young) 113M->112M(256M), 0.0643548 secs]
59.373: [GC pause (young) 130M->130M(256M), 0.0325877 secs]
59.424: [GC pause (young) (initial-mark) 146M->142M(256M), 0.0204325 secs]
59.445: [GC concurrent-mark-start]
59.461: [GC concurrent-mark-end, 0.0160515 sec]
59.461: [GC remark, 0.0011483 secs]
59.463: [GC concurrent-count-start]
59.472: [GC concurrent-count-end, 0.0089306]
59.473: [GC cleanup 151M->30M(256M), 0.0038147 secs]
59.477: [GC concurrent-cleanup-start]
59.477: [GC concurrent-cleanup-end, 0.0004272]
59.484: [GC pause (young) 35M->35M(256M), 0.0234440 secs]
59.510: [GC pause (partial) 36M->29M(256M), 0.0247585 secs]
59.603: [GC pause (young) 86M->49M(256M), 0.0294222 secs]
59.686: [GC pause (young) 101M->48M(256M), 0.0102851 secs]
59.756: [GC pause (young) 100M->100M(256M), 0.1040849 secs]
59.899: [GC pause (young) 139M->124M(256M), 0.0441164 secs]
59.961: [GC pause (young) (initial-mark) 141M->141M(256M), 0.0503623 secs]
60.011: [GC concurrent-mark-start]
60.031: [GC pause (young) 156M->157M(256M), 0.0248480 secs]
60.071: [GC concurrent-mark-end, 0.0593534 sec]
60.072: [GC remark, 0.0012014 secs]
60.073: [GC pause (young) 170M->164M(256M), 0.0166891 secs]
60.104: [GC pause (young) 176M->176M(256M), 0.0190892 secs]
60.134: [GC pause (young) 186M->187M(256M), 0.0164294 secs]
60.158: [GC concurrent-count-start]
60.166: [GC pause (young) 196M->196M(256M), 0.0150537 secs]
60.190: [GC pause (young) 204M->204M(256M), 0.0137108 secs]
60.211: [GC pause (young) 211M->211M(256M), 0.0124236 secs]
60.227: [GC pause (young) 214M->214M(256M), 0.0071906 secs]
60.238: [GC pause (young) 217M->217M(256M), 0.0051540 secs]
60.247: [GC pause (young) 220M->220M(256M), 0.0058971 secs]
60.257: [GC pause (young) 222M->220M(256M), 0.0019443 secs]
60.263: [GC pause (young) 223M->223M(256M), 0.0056741 secs]
60.271: [GC pause (young) 225M->225M(256M), 0.0035799 secs]
60.277: [GC pause (young) 226M->226M(256M), 0.0021612 secs]
60.281: [GC pause (young) 227M->227M(256M), 0.0021781 secs]
60.285: [GC pause (young) 228M->228M(256M), 0.0022064 secs]
60.288: [GC concurrent-count-end, 0.1304187]
60.289: [GC cleanup 228M->142M(256M), 0.0021714 secs]
60.291: [GC concurrent-cleanup-start]
60.291: [GC concurrent-cleanup-end, 0.0002936]
60.294: [GC pause (young) 144M->144M(256M), 0.0041716 secs]
60.303: [GC pause (partial) 145M->8857K(256M), 0.0141467 secs]
60.373: [GC pause (young) 70M->70M(256M), 0.0866135 secs]
60.482: [GC pause (young) 93M->81M(256M), 0.0270353 secs]
60.549: [GC pause (young) 125M->125M(256M), 0.0655090 secs]
60.633: [GC pause (young) (initial-mark) 142M->134M(256M), 0.0203319 secs]
60.654: [GC concurrent-mark-start]
60.675: [GC concurrent-mark-end, 0.0212368 sec]
60.676: [GC remark, 0.0008908 secs]
60.677: [GC concurrent-count-start]
60.685: [GC concurrent-count-end, 0.0085719]
60.686: [GC pause (young) 164M->164M(256M), 0.0452664 secs]
60.731: [GC cleanup 164M->52M(256M), 0.0058100 secs]
60.737: [GC concurrent-cleanup-start]
60.738: [GC concurrent-cleanup-end, 0.0003694]
60.752: [GC pause (young) 64M->64M(256M), 0.0233009 secs]
60.778: [GC pause (partial) 65M->57M(256M), 0.0627831 secs]
60.924: [GC pause (young) 107M->97M(256M), 0.0583442 secs]
61.004: [GC pause (young) 117M->117M(256M), 0.0371272 secs]
61.059: [GC pause (young) (initial-mark) 135M->127M(256M)61.078: , 0.0187031 secs]
[GC concurrent-mark-start]
61.100: [GC concurrent-mark-end, 0.0200442 sec]
61.100: [GC remark, 0.0009365 secs]
61.101: [GC concurrent-count-start]
61.109: [GC concurrent-count-end, 0.0076499]
61.110: [GC cleanup 155M->48M(256M), 0.0050541 secs]
61.115: [GC concurrent-cleanup-start]
61.115: [GC concurrent-cleanup-end, 0.0003206]
61.127: [GC pause (young) 52M->52M(256M), 0.0483830 secs]
61.178: [GC pause (partial) 53M->46M(256M), 0.0246241 secs]
61.258: [GC pause (young) 98M->77M(256M), 0.0448913 secs]
61.345: [GC pause (young) 122M->81M(256M), 0.0162551 secs]
61.401: [GC pause (young) 125M->125M(256M), 0.0704846 secs]
61.489: [GC pause (young) (initial-mark) 142M->125M(256M)61.499: [GC concurrent-mark-start]
, 0.0091468 secs]
61.518: [GC concurrent-mark-end, 0.0189187 sec]
61.518: [GC remark, 0.0009377 secs]
61.519: [GC concurrent-count-start]
61.526: [GC concurrent-count-end, 0.0067964]
61.527: [GC cleanup 150M->39M(256M), 0.0052057 secs]
61.532: [GC concurrent-cleanup-start]
61.532: [GC concurrent-cleanup-end, 0.0004187]
61.543: [GC pause (young) 47M->38M(256M), 0.0372543 secs]
61.581: [GC pause (partial) 39M->27M(256M), 0.0113750 secs]
61.645: [GC pause (young) 84M->45M(256M), 0.0272685 secs]
61.722: [GC pause (young) 98M->43M(256M), 0.0092335 secs]
61.780: [GC pause (young) 96M->96M(256M), 0.0822836 secs]
61.901: [GC pause (young) 136M->121M(256M), 0.0558143 secs]
62.020: [GC pause (young) (initial-mark) 155M->155M(256M)62.079: [GC concurrent-mark-start]
, 0.0593632 secs]
62.100: [GC pause (young) 168M->164M(256M), 0.0194752 secs]
62.128: [GC concurrent-mark-end, 0.0458002 sec]
62.128: [GC remark, 0.0009431 secs]
62.132: [GC concurrent-count-start]
62.143: [GC pause (young) 176M->176M(256M), 0.0200996 secs]
62.174: [GC pause (young) 186M->186M(256M), 0.0170023 secs]
62.201: [GC concurrent-count-end, 0.0684412]
62.202: [GC cleanup 193M->110M(256M), 0.0035055 secs]
62.206: [GC concurrent-cleanup-start]
62.207: [GC concurrent-cleanup-end, 0.0014371]
62.209: [GC pause (young) 113M->113M(256M), 0.0168084 secs]
62.228: [GC pause (partial) 114M->46M(256M), 0.0571277 secs]
62.343: [GC pause (young) 98M->78M(256M), 0.0456928 secs]
62.431: [GC pause (young) 122M->82M(256M), 0.0154140 secs]
62.487: [GC pause (young) 125M->125M(256M), 0.0685155 secs]
62.571: [GC pause (young) (initial-mark) 142M->122M(256M)62.578: , 0.0069642 secs]
[GC concurrent-mark-start]
62.599: [GC concurrent-mark-end, 0.0199346 sec]
62.600: [GC remark, 0.0009015 secs]
62.601: [GC concurrent-count-start]
62.607: [GC concurrent-count-end, 0.0060765]
62.608: [GC cleanup 150M->40M(256M), 0.0050432 secs]
62.613: [GC concurrent-cleanup-start]
62.613: [GC concurrent-cleanup-end, 0.0004165]
62.622: [GC pause (young) 45M->45M(256M), 0.0486338 secs]
62.673: [GC pause (partial) 46M->38M(256M), 0.0130879 secs]
62.739: [GC pause (young) 92M->50M(256M), 0.0191620 secs]
62.805: [GC pause (young) 101M->101M(256M), 0.0812627 secs]
62.926: [GC pause (young) 140M->131M(256M), 0.0519326 secs]
62.993: [GC pause (young) (initial-mark) 147M->147M(256M), 0.0563639 secs]
63.049: [GC concurrent-mark-start]
63.079: [GC pause (young) 161M->147M(256M), 0.0078013 secs]
63.100: [GC concurrent-mark-end, 0.0510413 sec]
63.101: [GC remark, 0.0010316 secs]
63.102: [GC concurrent-count-start]
63.115: [GC pause (young) 174M->174M(256M), 0.0389202 secs]
63.164: [GC pause (young) 184M->184M(256M), 0.0192350 secs]
63.193: [GC pause (young)63.193: [GC concurrent-count-end, 0.0906242]
 193M->193M(256M), 0.0153151 secs]
63.209: [GC cleanup 193M->106M(256M), 0.0033545 secs]
63.212: [GC concurrent-cleanup-start]
63.212: [GC concurrent-cleanup-end, 0.0002644]
63.226: [GC pause (young) 114M->114M(256M), 0.0142080 secs]
63.242: [GC pause (partial) 115M->56M(256M), 0.0699387 secs]
63.361: [GC pause (young) 106M->95M(256M), 0.0555253 secs]
63.434: [GC pause (young) 115M->115M(256M), 0.0373300 secs]
63.489: [GC pause (young) (initial-mark) 133M->123M(256M), 0.0168468 secs]
63.506: [GC concurrent-mark-start]
63.526: [GC concurrent-mark-end, 0.0198492 sec]
63.526: [GC remark, 0.0009630 secs]
63.528: [GC concurrent-count-start]
63.536: [GC concurrent-count-end, 0.0079713]
63.536: [GC cleanup 150M->45M(256M), 0.0056103 secs]
63.542: [GC concurrent-cleanup-start]
63.542: [GC concurrent-cleanup-end, 0.0004054]
63.552: [GC pause (young) 51M->51M(256M), 0.0489844 secs]
63.602: [GC pause (partial) 52M->46M(256M), 0.0241965 secs]
63.673: [GC pause (young) 98M->77M(256M), 0.0451770 secs]
63.761: [GC pause (young) 122M->81M(256M), 0.0155828 secs]
63.826: [GC pause (young) 125M->125M(256M), 0.0713547 secs]
63.918: [GC pause (young) (initial-mark) 142M->124M(256M)63.927: [GC concurrent-mark-start]
, 0.0085468 secs]
63.953: [GC concurrent-mark-end, 0.0258059 sec]
63.953: [GC remark, 0.0008753 secs]
63.954: [GC concurrent-count-start]
63.961: [GC concurrent-count-end, 0.0067889]
63.961: [GC pause (young) 157M->152M(256M), 0.0429414 secs]
64.004: [GC cleanup 152M->41M(256M), 0.0054909 secs]
64.010: [GC concurrent-cleanup-start]
64.010: [GC concurrent-cleanup-end, 0.0003703]
64.036: [GC pause (young) 54M->54M(256M), 0.0374755 secs]
64.078: [GC pause (partial) 55M->44M(256M), 0.0627596 secs]
64.240: [GC pause (young) 97M->75M(256M), 0.0442406 secs]
64.335: [GC pause (young) 120M->79M(256M), 0.0156658 secs]
64.395: [GC pause (young) 123M->123M(256M), 0.0697747 secs]
64.501: [GC pause (young) (initial-mark) 156M->138M(256M), 0.0303892 secs]
64.532: [GC concurrent-mark-start]
64.553: [GC concurrent-mark-end, 0.0211756 sec]
64.553: [GC remark, 0.0009007 secs]
64.554: [GC concurrent-count-start]
64.558: [GC pause (young) 153M->153M(256M), 0.0268424 secs]
64.596: [GC concurrent-count-end, 0.0420385]
64.597: [GC cleanup 165M->52M(256M), 0.0034895 secs]
64.601: [GC concurrent-cleanup-start]
64.601: [GC concurrent-cleanup-end, 0.0004517]
64.604: [GC pause (young) 54M->54M(256M), 0.0240866 secs]
64.632: [GC pause (partial) 55M->51M(256M), 0.0543684 secs]
64.735: [GC pause (young) 102M->87M(256M), 0.0507358 secs]
64.826: [GC pause (young) 129M->93M(256M), 0.0181596 secs]
64.881: [GC pause (young) 134M->134M(256M), 0.0670672 secs]
64.967: [GC pause (young) (initial-mark) 149M->130M(256M), 0.0035477 secs]
64.971: [GC concurrent-mark-start]
64.995: [GC concurrent-mark-end, 0.0236534 sec]
64.995: [GC remark, 0.0009746 secs]
64.996: [GC concurrent-count-start]
65.002: [GC concurrent-count-end, 0.0054526]
65.002: [GC cleanup 160M->39M(256M), 0.0058070 secs]
65.008: [GC concurrent-cleanup-start]
65.009: [GC concurrent-cleanup-end, 0.0004457]
65.012: [GC pause (young) 41M->41M(256M), 0.0490882 secs]
65.066: [GC pause (partial) 42M->35M(256M), 0.0103951 secs]
65.131: [GC pause (young) 90M->42M(256M), 0.0124578 secs]
65.208: [GC pause (young) 95M->95M(256M), 0.0942036 secs]
65.355: [GC pause (young) 135M->122M(256M), 0.0482355 secs]
65.419: [GC pause (young) (initial-mark) 139M->139M(256M), 0.0314367 secs]
65.451: [GC concurrent-mark-start]
65.470: [GC concurrent-mark-end, 0.0191276 sec]
65.470: [GC remark, 0.0009370 secs]
65.486: [GC pause (young) 154M->138M(256M), 0.0018926 secs]
65.501: [GC concurrent-count-start]
65.518: [GC pause (young) 167M->167M(256M), 0.0417591 secs]
65.570: [GC concurrent-count-end, 0.0687494]
65.571: [GC cleanup 167M->86M(256M), 0.0021775 secs]
65.573: [GC concurrent-cleanup-start]
65.573: [GC concurrent-cleanup-end, 0.0002597]
65.588: [GC pause (young) 97M->97M(256M), 0.0199696 secs]
65.610: [GC pause (partial) 98M->42M(256M), 0.0432311 secs]
65.707: [GC pause (young) 95M->70M(256M), 0.0412664 secs]
65.796: [GC pause (young) 116M->72M(256M), 0.0127601 secs]
65.858: [GC pause (young) 118M->118M(256M), 0.0741244 secs]
65.968: [GC pause (young) (initial-mark) 152M->134M(256M), 0.0315985 secs]
66.000: [GC concurrent-mark-start]
66.014: [GC pause (young) 149M->149M(256M), 0.0288665 secs]
66.054: [GC concurrent-mark-end, 0.0542010 sec]
66.054: [GC remark, 0.0302876 secs]
66.085: [GC concurrent-count-start]
66.088: [GC pause (young) 163M->163M(256M), 0.0234191 secs]
66.124: [GC pause (young) 175M->175M(256M), 0.0224343 secs]
66.154: [GC concurrent-count-end, 0.0691926]
66.155: [GC cleanup 182M->78M(256M), 0.0030405 secs]
66.158: [GC concurrent-cleanup-start]
66.158: [GC concurrent-cleanup-end, 0.0004121]
66.164: [GC pause (young) 81M->77M(256M), 0.0103755 secs]
66.177: [GC pause (partial) 78M->9049K(256M), 0.0084396 secs]
66.244: [GC pause (young) 70M->12M(256M), 0.0079276 secs]
66.336: [GC pause (young) 73M->73M(256M), 0.0982038 secs]
66.478: [GC pause (young) 119M->102M(256M), 0.0525513 secs]
66.569: [GC pause (young) 140M->105M(256M), 0.0157110 secs]
66.624: [GC pause (young) 143M->143M(256M), 0.0620654 secs]
66.700: [GC pause (young) (initial-mark) 157M->157M(256M), 0.0276852 secs]
66.728: [GC concurrent-mark-start]
66.744: [GC pause (young) 170M->162M(256M), 0.0119902 secs]
66.769: [GC concurrent-mark-end, 0.0397921 sec]
66.769: [GC pause (young) 174M->174M(256M), 0.0192344 secs]
66.789: [GC remark, 0.0008468 secs]
66.790: [GC concurrent-count-start]
66.799: [GC pause (young) 184M->184M(256M), 0.0164353 secs]
66.824: [GC pause (young) 193M->193M(256M), 0.0149925 secs]
66.852: [GC concurrent-count-end, 0.0620729]
66.852: [GC cleanup 199M->108M(256M), 0.0030031 secs]
66.855: [GC concurrent-cleanup-start]
66.856: [GC concurrent-cleanup-end, 0.0003642]
66.859: [GC pause (young) 110M->110M(256M), 0.0134622 secs]
66.875: [GC pause (partial) 111M->48M(256M), 0.0595379 secs]
66.987: [GC pause (young) 100M->82M(256M), 0.0474861 secs]
67.076: [GC pause (young) 125M->86M(256M), 0.0233291 secs]
67.142: [GC pause (young) 128M->128M(256M), 0.0684633 secs]
67.228: [GC pause (young) (initial-mark) 144M->124M(256M)67.232: [GC concurrent-mark-start]
, 0.0046532 secs]
67.256: [GC concurrent-mark-end, 0.0229609 sec]
67.256: [GC remark, 0.0013104 secs]
67.258: [GC concurrent-count-start]
67.263: [GC concurrent-count-end, 0.0045413]
67.263: [GC cleanup 153M->39M(256M), 0.0051891 secs]
67.270: [GC concurrent-cleanup-start]
67.270: [GC concurrent-cleanup-end, 0.0004021]
67.279: [GC pause (young) 43M->43M(256M), 0.0487613 secs]
67.330: [GC pause (partial) 44M->37M(256M), 0.0106942 secs]
67.412: [GC pause (young) 92M->62M(256M), 0.0417288 secs]
67.507: [GC pause (young) 110M->63M(256M), 0.0120421 secs]
67.565: [GC pause (young) 111M->111M(256M), 0.0757074 secs]
67.678: [GC pause (young) 147M->118M(256M), 0.0190181 secs]
67.728: [GC pause (young) (initial-mark) 152M->152M(256M), 0.0555816 secs]
67.784: [GC concurrent-mark-start]
67.797: [GC pause (young) 165M->165M(256M), 0.0257665 secs]
67.835: [GC pause (young) 177M->168M(256M), 0.0084379 secs]
67.846: [GC concurrent-mark-end, 0.0613878 sec]
67.847: [GC remark, 0.0009587 secs]
67.849: [GC concurrent-count-start]
67.857: [GC pause (young) 179M->179M(256M), 0.0175440 secs]
67.890: [GC pause (young)67.906: [GC concurrent-count-end, 0.0414435]
 189M->189M(256M), 0.0163953 secs]
67.907: [GC cleanup 189M->92M(256M), 0.0039587 secs]
67.911: [GC concurrent-cleanup-start]
67.911: [GC concurrent-cleanup-end, 0.0002954]
67.923: [GC pause (young) 101M->101M(256M), 0.0150406 secs]
67.939: [GC pause (partial) 102M->36M(256M), 0.0440400 secs]
68.037: [GC pause (young) 91M->61M(256M), 0.0360903 secs]
68.122: [GC pause (young) 110M->63M(256M), 0.0142200 secs]
68.183: [GC pause (young) 111M->111M(256M), 0.0755480 secs]
68.294: [GC pause (young) 147M->131M(256M), 0.0368097 secs]
68.345: [GC pause (young) (initial-mark) 147M->147M(256M), 0.0303328 secs]
68.376: [GC concurrent-mark-start]
68.391: [GC pause (young) 161M->161M(256M), 0.0238934 secs]
68.426: [GC concurrent-mark-end, 0.0499059 sec]
68.426: [GC remark, 0.0008901 secs]
68.427: [GC concurrent-count-start]
68.429: [GC pause (young) 173M->161M(256M), 0.0036835 secs]
68.445: [GC pause (young) 173M->173M(256M), 0.0191799 secs]
68.477: [GC concurrent-count-end, 0.0494004]
68.477: [GC cleanup 180M->83M(256M), 0.0077644 secs]
68.485: [GC concurrent-cleanup-start]
68.486: [GC concurrent-cleanup-end, 0.0005174]
68.498: [GC pause (young) 87M->87M(256M), 0.0216676 secs]
68.522: [GC pause (partial) 88M->26M(256M), 0.0414755 secs]
68.618: [GC pause (young) 83M->43M(256M), 0.0256053 secs]
68.697: [GC pause (young) 96M->40M(256M), 0.0078002 secs]
68.760: [GC pause (young) 94M->81M(256M), 0.0667203 secs]
68.871: [GC pause (young) 125M->98M(256M), 0.0344239 secs]
68.942: [GC pause (young) 137M->137M(256M), 0.0650008 secs]
69.021: [GC pause (young) (initial-mark) 152M->143M(256M)69.038: [GC concurrent-mark-start]
, 0.0170605 secs]
69.060: [GC concurrent-mark-end, 0.0219974 sec]
69.061: [GC remark, 0.0009477 secs]
69.062: [GC concurrent-count-start]
69.068: [GC pause (young) 171M->171M(256M), 0.0439295 secs]
69.124: [GC pause (young) 182M->182M(256M), 0.0208397 secs]
69.151: [GC concurrent-count-end, 0.0890856]
69.151: [GC cleanup 189M->62M(256M), 0.0029962 secs]
69.155: [GC concurrent-cleanup-start]
69.155: [GC concurrent-cleanup-end, 0.0005039]
69.162: [GC pause (young) 64M->64M(256M), 0.0151521 secs]
69.178: [GC pause (partial) 65M->61M(256M), 0.0744407 secs]
69.306: [GC pause (young) 110M->104M(256M), 0.0715011 secs]
69.402: [GC pause (young) 123M->123M(256M), 0.0412664 secs]
69.475: [GC pause (young) (initial-mark) 140M->133M(256M)69.495: [GC concurrent-mark-start]
, 0.0195850 secs]
69.514: [GC concurrent-mark-end, 0.0190483 sec]
69.515: [GC remark, 0.0012946 secs]
69.517: [GC concurrent-count-start]
69.520: [GC pause (young) 149M->149M(256M), 0.0265062 secs]
69.556: [GC concurrent-count-end, 0.0391934]
69.556: [GC cleanup 155M->42M(256M), 0.0026635 secs]
69.559: [GC concurrent-cleanup-start]
69.559: [GC concurrent-cleanup-end, 0.0003343]
69.584: [GC pause (young) 50M->50M(256M), 0.0366939 secs]
69.625: [GC pause (partial) 51M->45M(256M), 0.0678437 secs]
69.760: [GC pause (young) 98M->76M(256M), 0.0454672 secs]
69.855: [GC pause (young) 121M->80M(256M), 0.0156325 secs]
69.915: [GC pause (young) 124M->124M(256M), 0.0696885 secs]
70.004: [GC pause (young) (initial-mark) 141M->119M(256M), 0.0028474 secs]
70.008: [GC concurrent-mark-start]
70.026: [GC concurrent-mark-end, 0.0185938 sec]
70.027: [GC remark, 0.0012219 secs]
70.029: [GC concurrent-count-start]
70.034: [GC concurrent-count-end, 0.0050607]
70.034: [GC cleanup 128M->17M(256M), 0.0032299 secs]
70.038: [GC concurrent-cleanup-start]
70.038: [GC concurrent-cleanup-end, 0.0003549]
70.073: [GC pause (young) 43M->43M(256M), 0.0507532 secs]
70.126: [GC pause (partial) 44M->36M(256M), 0.0100608 secs]
70.191: [GC pause (young) 91M->53M(256M), 0.0322864 secs]
70.295: [GC pause (young) 104M->49M(256M), 0.0090485 secs]
70.367: [GC pause (young) 101M->101M(256M), 0.0769834 secs]
70.492: [GC pause (young) 140M->122M(256M), 0.0391808 secs]
70.563: [GC pause (young) (initial-mark) 155M->155M(256M)70.616: [GC concurrent-mark-start]
, 0.0536329 secs]
70.630: [GC pause (young) 168M->159M(256M), 0.0123970 secs]
70.654: [GC pause (young) 171M->171M(256M), 0.0207202 secs]
70.685: [GC concurrent-mark-end, 0.0684713 sec]
70.685: [GC remark, 0.0011199 secs]
70.688: [GC pause (young) 182M->182M(256M), 0.0265048 secs]
70.723: [GC concurrent-count-start]
70.755: [GC pause (young) 191M->191M(256M), 0.0171867 secs]
70.784: [GC pause (young) 199M->199M(256M), 0.0133736 secs]
70.802: [GC concurrent-count-end, 0.0796680]
70.803: [GC cleanup 204M->115M(256M), 0.0029578 secs]
70.806: [GC concurrent-cleanup-start]
70.806: [GC concurrent-cleanup-end, 0.0003720]
70.809: [GC pause (young) 117M->117M(256M), 0.0123312 secs]
70.826: [GC pause (partial) 118M->55M(256M), 0.0750622 secs]
70.951: [GC pause (young) 105M->94M(256M), 0.0551154 secs]
71.030: [GC pause (young) 114M->114M(256M), 0.0374451 secs]
71.084: [GC pause (young) 132M->121M(256M), 0.0161046 secs]
71.117: [GC pause (young) (initial-mark) 138M->138M(256M), 0.0284381 secs]
71.146: [GC concurrent-mark-start]
71.166: [GC pause (young) 153M->153M(256M), 0.0251718 secs]
71.200: [GC concurrent-mark-end, 0.0537767 sec]
71.201: [GC remark, 0.0019747 secs]
71.207: [GC pause (young) 166M->166M(256M), 0.0217356 secs]
71.241: [GC pause (young) 177M->166M(256M), 0.0026517 secs]
71.253: [GC concurrent-count-start]
71.257: [GC pause (young) 177M->169M(256M), 0.0061052 secs]
71.298: [GC concurrent-count-end, 0.0445085]
71.298: [GC pause (young) 191M->191M(256M), 0.0329522 secs]
71.331: [GC cleanup 191M->87M(256M), 0.0051481 secs]
71.337: [GC concurrent-cleanup-start]
71.337: [GC concurrent-cleanup-end, 0.0003555]
71.349: [GC pause (young) 95M->95M(256M), 0.0159955 secs]
71.366: [GC pause (partial) 96M->35M(256M), 0.0408696 secs]
71.462: [GC pause (young) 90M->58M(256M), 0.0342903 secs]
71.547: [GC pause (young) 107M->59M(256M), 0.0108262 secs]
71.610: [GC pause (young) 108M->108M(256M), 0.0760222 secs]
71.721: [GC pause (young) 145M->128M(256M), 0.0378946 secs]
71.808: [GC pause (young) (initial-mark) 160M->160M(256M), 0.0607726 secs]
71.869: [GC concurrent-mark-start]
71.897: [GC concurrent-mark-end, 0.0269840 sec]
71.897: [GC pause (young) 172M->160M(256M), 0.0079146 secs]
71.905: [GC remark, 0.0008657 secs]
71.909: [GC concurrent-count-start]
71.919: [GC pause (young) 172M->172M(256M), 0.0200184 secs]
71.950: [GC pause (young) 183M->183M(256M), 0.0179217 secs]
71.976: [GC concurrent-count-end, 0.0676552]
71.977: [GC pause (young) 192M->192M(256M), 0.0150515 secs]
71.993: [GC cleanup 193M->99M(256M), 0.0035979 secs]
71.996: [GC concurrent-cleanup-start]
71.997: [GC concurrent-cleanup-end, 0.0003002]
72.009: [GC pause (young) 106M->106M(256M), 0.0134281 secs]
72.024: [GC pause (partial) 107M->46M(256M), 0.0548792 secs]
72.136: [GC pause (young) 98M->77M(256M), 0.0533493 secs]
72.232: [GC pause (young) 122M->81M(256M), 0.0167404 secs]
72.293: [GC pause (young) 125M->125M(256M), 0.0692223 secs]
72.378: [GC pause (young) (initial-mark) 142M->124M(256M), 0.0089335 secs]
72.387: [GC concurrent-mark-start]
72.415: [GC concurrent-mark-end, 0.0278551 sec]
72.415: [GC remark, 0.0009410 secs]
72.417: [GC concurrent-count-start]
72.423: [GC pause (young) 157M->157M(256M), 0.0494465 secs]
72.484: [GC concurrent-count-end, 0.0671182]
72.484: [GC cleanup 169M->59M(256M), 0.0034859 secs]
72.488: [GC concurrent-cleanup-start]
72.488: [GC concurrent-cleanup-end, 0.0004574]
72.491: [GC pause (young) 61M->61M(256M), 0.0263372 secs]
72.520: [GC pause (partial) 62M->54M(256M), 0.0544094 secs]
72.622: [GC pause (young) 104M->91M(256M), 0.0523426 secs]
72.713: [GC pause (young) 132M->92M(256M), 0.0120293 secs]
72.763: [GC pause (young) 133M->122M(256M), 0.0505196 secs]
72.847: [GC pause (young) (initial-mark) 155M->120M(256M)72.853: [GC concurrent-mark-start]
, 0.0054941 secs]
72.894: [GC pause (young) 154M->154M(256M), 0.0734836 secs]
72.983: [GC pause (young)73.007: [GC concurrent-mark-end, 0.1264744 sec]
 167M->167M(256M), 0.0249298 secs]
73.009: [GC remark, 0.0008565 secs]
73.017: [GC concurrent-count-start]
73.023: [GC pause (young) 178M->178M(256M), 0.0196572 secs]
73.053: [GC pause (young) 188M->182M(256M), 0.0080912 secs]
73.067: [GC concurrent-count-end, 0.0499520]
73.068: [GC cleanup 182M->74M(256M), 0.0022671 secs]
73.071: [GC concurrent-cleanup-start]
73.071: [GC concurrent-cleanup-end, 0.0003458]
73.084: [GC pause (young) 83M->83M(256M), 0.0155507 secs]
73.101: [GC pause (partial) 84M->15M(256M), 0.0130234 secs]
73.178: [GC pause (young) 75M->24M(256M), 0.0299055 secs]
73.272: [GC pause (young) 82M->17M(256M), 0.0052619 secs]
73.330: [GC pause (young) 76M->76M(256M), 0.0826822 secs]
73.454: [GC pause (young) 121M->108M(256M), 0.0540413 secs]
73.542: [GC pause (young) 145M->111M(256M), 0.0149000 secs]
73.596: [GC pause (young) 147M->147M(256M), 0.0582534 secs]
73.667: [GC pause (young) (initial-mark) 161M->161M(256M)73.695: [GC concurrent-mark-start]
, 0.0274291 secs]
73.707: [GC pause (young) 173M->165M(256M), 0.0099819 secs]
73.730: [GC pause (young) 177M->173M(256M), 0.0141676 secs]
73.751: [GC concurrent-mark-end, 0.0561535 sec]
73.751: [GC remark, 0.0008959 secs]
73.752: [GC concurrent-count-start]
73.756: [GC pause (young) 184M->184M(256M), 0.0178252 secs]
73.783: [GC pause (young) 193M->193M(256M), 0.0152584 secs]
73.806: [GC pause (young) 201M->201M(256M), 0.0131534 secs]
73.830: [GC pause (young) 208M->208M(256M), 0.0117255 secs]
73.847: [GC concurrent-count-end, 0.0945413]
73.849: [GC cleanup 213M->119M(256M), 0.0027863 secs]
73.852: [GC concurrent-cleanup-start]
73.853: [GC concurrent-cleanup-end, 0.0003146]
73.855: [GC pause (young) 120M->120M(256M), 0.0106398 secs]
73.869: [GC pause (partial) 121M->52M(256M), 0.0648429 secs]
73.994: [GC pause (young) 103M->88M(256M), 0.0633963 secs]
74.080: [GC pause (young) 109M->109M(256M), 0.0408820 secs]
74.141: [GC pause (young) 128M->116M(256M), 0.0151471 secs]
74.198: [GC pause (young) (initial-mark) 151M->151M(256M), 0.0531870 secs]
74.251: [GC concurrent-mark-start]
74.265: [GC pause (young) 164M->164M(256M), 0.0249352 secs]
74.311: [GC concurrent-mark-end, 0.0591033 sec]
74.312: [GC remark, 0.0009047 secs]
74.316: [GC pause (young) 176M->166M(256M), 0.0071226 secs]
74.324: [GC concurrent-count-start]
74.334: [GC pause (young) 177M->177M(256M), 0.0176606 secs]
74.363: [GC pause (young) 187M->187M(256M), 0.0168360 secs]
74.387: [GC concurrent-count-end, 0.0627807]
74.388: [GC cleanup 194M->96M(256M), 0.0029508 secs]
74.391: [GC concurrent-cleanup-start]
74.391: [GC concurrent-cleanup-end, 0.0003361]
74.394: [GC pause (young) 98M->98M(256M), 0.0156590 secs]
74.415: [GC pause (partial) 99M->36M(256M), 0.0413770 secs]
74.512: [GC pause (young) 91M->60M(256M), 0.0364454 secs]
74.596: [GC pause (young) 109M->60M(256M), 0.0116333 secs]
74.655: [GC pause (young) 109M->109M(256M), 0.0795392 secs]
74.771: [GC pause (young) 146M->130M(256M), 0.0384937 secs]
74.825: [GC pause (young) (initial-mark) 146M->146M(256M), 0.0307289 secs]
74.857: [GC concurrent-mark-start]
74.874: [GC pause (young) 160M->160M(256M), 0.0233706 secs]
74.906: [GC concurrent-mark-end, 0.0488450 sec]
74.906: [GC remark, 0.0009520 secs]
74.907: [GC concurrent-count-start]
74.911: [GC pause (young) 172M->161M(256M), 0.0060163 secs]
74.930: [GC pause (young) 173M->163M(256M), 0.0050709 secs]
74.940: [GC concurrent-count-end, 0.0324877]
74.940: [GC cleanup 168M->73M(256M), 0.0027605 secs]
74.943: [GC concurrent-cleanup-start]
74.943: [GC concurrent-cleanup-end, 0.0004038]
74.964: [GC pause (young) 91M->91M(256M), 0.0344797 secs]
75.000: [GC pause (partial) 92M->27M(256M), 0.0128649 secs]
75.065: [GC pause (young) 84M->45M(256M), 0.0359659 secs]
75.229: [GC pause (young) 98M->42M(256M), 0.0088372 secs]
75.325: [GC pause (young) 95M->95M(256M), 0.0788273 secs]
75.461: [GC pause (young) 135M->120M(256M), 0.0438023 secs]
75.544: [GC pause (young) (initial-mark) 154M->154M(256M), 0.0547454 secs]
75.602: [GC concurrent-mark-start]
75.617: [GC pause (young) 167M->162M(256M), 0.0184400 secs]
75.652: [GC concurrent-mark-end, 0.0493899 sec]
75.652: [GC pause (young) 174M->174M(256M), 0.0210462 secs]
75.673: [GC remark, 0.0012754 secs]
75.675: [GC concurrent-count-start]
75.684: [GC pause (young) 184M->184M(256M), 0.0164031 secs]
75.710: [GC pause (young) 193M->193M(256M), 0.0150243 secs]
75.733: [GC pause (young) 201M->201M(256M), 0.0136027 secs]
75.753: [GC pause (young) 208M->208M(256M), 0.0122575 secs]
75.771: [GC concurrent-count-end, 0.0965788]
75.772: [GC pause (young) 214M->214M(256M), 0.0105913 secs]
75.783: [GC cleanup 214M->133M(256M), 0.0030099 secs]
75.786: [GC concurrent-cleanup-start]
75.786: [GC concurrent-cleanup-end, 0.0002956]
75.794: [GC pause (young) 136M->135M(256M), 0.0029231 secs]
75.798: [GC pause (partial) 136M->3461K(256M), 0.0081137 secs]
75.863: [GC pause (young) 66M->66M(256M), 0.0888363 secs]
75.998: [GC pause (young) 113M->105M(256M), 0.0645919 secs]
76.080: [GC pause (young) 124M->124M(256M), 0.0354869 secs]
76.131: [GC pause (young) (initial-mark) 141M->137M(256M), 0.0534360 secs]
76.185: [GC concurrent-mark-start]
76.233: [GC pause (young) 152M->152M(256M), 0.0261707 secs]
76.281: [GC pause (young) 165M->165M(256M), 0.0268170 secs]
76.325: [GC pause (young) 177M->177M(256M), 0.0192571 secs]
76.345: [GC concurrent-mark-end, 0.1597817 sec]
76.345: [GC remark, 0.0008779 secs]
76.352: [GC concurrent-count-start]
76.356: [GC pause (young) 187M->177M(256M), 0.0016707 secs]
76.369: [GC pause (young) 187M->183M(256M), 0.0099534 secs]
76.387: [GC concurrent-count-end, 0.0348755]
76.388: [GC cleanup 191M->74M(256M), 0.0031402 secs]
76.391: [GC concurrent-cleanup-start]
76.392: [GC concurrent-cleanup-end, 0.0004813]
76.394: [GC pause (young) 76M->73M(256M), 0.0138005 secs]
76.410: [GC pause (partial) 74M->10M(256M), 0.0090451 secs]
76.479: [GC pause (young) 71M->14M(256M), 0.0078504 secs]
76.544: [GC pause (young) 74M->74M(256M), 0.0888325 secs]
76.677: [GC pause (young) 119M->108M(256M), 0.0624933 secs]
76.784: [GC pause (young) 145M->116M(256M), 0.0226122 secs]
76.839: [GC pause (young) (initial-mark) 151M->151M(256M), 0.0564971 secs]
76.896: [GC concurrent-mark-start]
76.910: [GC pause (young) 164M->164M(256M), 0.0280580 secs]
76.951: [GC pause (young) 176M->170M(256M), 0.0145464 secs]
76.979: [GC concurrent-mark-end, 0.0798296 sec]
76.979: [GC remark, 0.0019089 secs]
76.982: [GC pause (young) 181M->181M(256M), 0.0181928 secs]
77.011: [GC pause (young) 191M->191M(256M), 0.0197004 secs]
77.052: [GC pause (young) 199M->199M(256M), 0.0137038 secs]
77.077: [GC pause (young) 206M->206M(256M), 0.0122383 secs]
77.097: [GC pause (young) 212M->212M(256M), 0.0109432 secs]
77.112: [GC pause (young) 215M->215M(256M), 0.0053411 secs]
77.121: [GC pause (young) 218M->218M(256M), 0.0053667 secs]
77.132: [GC pause (young) 221M->221M(256M), 0.0050087 secs]
77.140: [GC pause (young) 223M->223M(256M), 0.0037831 secs]
77.146: [GC pause (young) 225M->225M(256M), 0.0040393 secs]
77.152: [GC pause (young) 226M->226M(256M), 0.0023490 secs]
77.156: [GC pause (young) 227M->227M(256M), 0.0025770 secs]
77.161: [GC pause (young) 228M->228M(256M), 0.0027508 secs]
77.166: [GC pause (young) 229M->229M(256M), 0.0020022 secs]
77.170: [GC pause (young) 230M->230M(256M), 0.0025049 secs]
77.174: [GC pause (young) 231M->231M(256M), 0.0022863 secs]
77.195: [GC concurrent-count-start]
77.250: [GC pause (young)-- 254M->255M(256M), 0.0041810 secs]
77.256: [Full GC 255M->25M(87M), 0.1581177 secs]
77.417: [GC concurrent-mark-abort]
77.435: [GC pause (young) 40M->40M(87M), 0.0249578 secs]
77.472: [GC pause (young) 51M->51M(121M), 0.0231226 secs]
77.506: [GC pause (young) 60M->60M(148M), 0.0227875 secs]
77.569: [GC pause (young) 71M->65M(170M), 0.0155325 secs]
77.682: [GC pause (young) 91M->91M(188M), 0.0644176 secs]
77.769: [GC pause (young) (initial-mark) 103M->103M(202M), 0.0349666 secs]
77.804: [GC concurrent-mark-start]
77.830: [GC concurrent-mark-end, 0.0255234 sec]
77.833: [GC remark, 0.0008981 secs]
77.837: [GC concurrent-count-start]
77.848: [GC concurrent-count-end, 0.0115605]
77.849: [GC cleanup 110M->57M(213M), 0.0029646 secs]
77.852: [GC concurrent-cleanup-start]
77.852: [GC concurrent-cleanup-end, 0.0001900]
77.867: [GC pause (young) 62M->62M(213M), 0.0235043 secs]
77.898: [GC pause (partial) 63M->57M(222M), 0.0865639 secs]
78.062: [GC pause (young) 98M->89M(229M), 0.0472383 secs]
78.126: [GC pause (young) 107M->107M(235M), 0.0429592 secs]
78.184: [GC pause (young) (initial-mark) 123M->123M(240M), 0.0267801 secs]
78.211: [GC concurrent-mark-start]
78.245: [GC concurrent-mark-end, 0.0343441 sec]
78.248: [GC remark, 0.0012629 secs]
78.254: [GC pause (young) 138M->122M(244M), 0.0063283 secs]
78.287: [GC concurrent-count-start]
78.306: [GC pause (young) 152M->152M(247M), 0.0519450 secs]
78.372: [GC concurrent-count-end, 0.0854757]
78.433: [GC cleanup 152M->100M(249M), 0.0072710 secs]
78.442: [GC concurrent-cleanup-start]
78.442: [GC concurrent-cleanup-end, 0.0002086]
78.458: [GC pause (young) 112M->112M(249M), 0.0245933 secs]
78.484: [GC pause (partial) 113M->45M(251M), 0.0511472 secs]
78.586: [GC pause (young) 96M->74M(252M), 0.0488968 secs]
78.681: [GC pause (young) 118M->75M(253M), 0.0160115 secs]
78.742: [GC pause (young) 119M->119M(254M), 0.0746070 secs]
78.837: [GC pause (young) (initial-mark) 136M->116M(255M), 0.0050391 secs]
78.842: [GC concurrent-mark-start]
78.866: [GC concurrent-mark-end, 0.0236623 sec]
78.866: [GC remark, 0.0015004 secs]
78.868: [GC concurrent-count-start]
78.874: [GC concurrent-count-end, 0.0055360]
78.874: [GC cleanup 145M->41M(256M), 0.0069209 secs]
78.882: [GC concurrent-cleanup-start]
78.882: [GC concurrent-cleanup-end, 0.0006248]
78.891: [GC pause (young) 47M->47M(256M), 0.0541325 secs]
78.946: [GC pause (partial) 48M->39M(256M), 0.0121230 secs]
79.012: [GC pause (young) 93M->65M(256M), 0.0384332 secs]
79.094: [GC pause (young) 113M->67M(256M), 0.0134971 secs]
79.153: [GC pause (young) 114M->114M(256M), 0.0756371 secs]
79.264: [GC pause (young) 149M->132M(256M), 0.0440448 secs]
79.349: [GC pause (young) (initial-mark) 163M->163M(256M), 0.0501956 secs]
79.399: [GC concurrent-mark-start]
79.421: [GC pause (young) 175M->160M(256M), 0.0042162 secs]
79.432: [GC concurrent-mark-end, 0.0314933 sec]
79.433: [GC remark, 0.0008907 secs]
79.434: [GC concurrent-count-start]
79.457: [GC pause (young) 172M->164M(256M), 0.0090012 secs]
79.474: [GC concurrent-count-end, 0.0403000]
79.481: [GC cleanup 164M->64M(256M), 0.0048704 secs]
79.487: [GC concurrent-cleanup-start]
79.487: [GC concurrent-cleanup-end, 0.0004797]
79.531: [GC pause (young) 87M->87M(256M), 0.0352813 secs]
79.569: [GC pause (partial) 88M->29M(256M), 0.0277496 secs]
79.665: [GC pause (young) 86M->49M(256M), 0.0313021 secs]
79.753: [GC pause (young) 101M->48M(256M), 0.0120727 secs]
79.820: [GC pause (young) 100M->100M(256M), 0.0893722 secs]
79.959: [GC pause (young) 139M->124M(256M), 0.0437074 secs]
80.039: [GC pause (young) (initial-mark) 157M->157M(256M), 0.0526885 secs]
80.093: [GC concurrent-mark-start]
80.118: [GC concurrent-mark-end, 0.0249978 sec]
80.126: [GC remark, 0.0008769 secs]
80.137: [GC concurrent-count-start]
80.142: [GC pause (young) 170M->163M(256M), 0.0158249 secs]
80.171: [GC pause (young) 175M->175M(256M), 0.0208690 secs]
80.201: [GC pause (young) 185M->185M(256M), 0.0169647 secs]
80.227: [GC concurrent-count-end, 0.0893815]
80.227: [GC pause (young) 194M->194M(256M), 0.0173422 secs]
80.245: [GC cleanup 195M->105M(256M), 0.0064856 secs]
80.253: [GC concurrent-cleanup-start]
80.253: [GC concurrent-cleanup-end, 0.0003000]
80.267: [GC pause (young) 112M->112M(256M), 0.0135955 secs]
80.286: [GC pause (partial) 113M->51M(256M), 0.0626698 secs]
80.406: [GC pause (young) 102M->87M(256M), 0.0594052 secs]
80.495: [GC pause (young) 108M->108M(256M), 0.0442902 secs]
80.572: [GC pause (young) 127M->114M(256M), 0.0181507 secs]
80.651: [GC pause (young) 149M->149M(256M), 0.0530595 secs]
80.720: [GC pause (young) (initial-mark) 163M->163M(256M), 0.0257841 secs]
80.746: [GC concurrent-mark-start]
80.771: [GC concurrent-mark-end, 0.0248985 sec]
80.772: [GC remark, 0.0010604 secs]
80.774: [GC concurrent-count-start]
80.788: [GC concurrent-count-end, 0.0145043]
80.790: [GC cleanup 171M->74M(256M), 0.0032689 secs]
80.793: [GC concurrent-cleanup-start]
80.794: [GC concurrent-cleanup-end, 0.0003335]
80.802: [GC pause (young) 78M->69M(256M), 0.0085372 secs]
80.812: [GC pause (partial) 70M->6702K(256M), 0.0080196 secs]
80.889: [GC pause (young) 68M->61M(256M), 0.0896307 secs]
81.031: [GC pause (young) 110M->89M(256M), 0.0523692 secs]
81.130: [GC pause (young) 131M->92M(256M), 0.0170561 secs]
81.187: [GC pause (young) 133M->133M(256M), 0.0663783 secs]
81.273: [GC pause (young) (initial-mark) 149M->129M(256M), 0.0041120 secs]
81.299: [GC concurrent-mark-start]
81.318: [GC concurrent-mark-end, 0.0167750 sec]
81.318: [GC remark, 0.0009223 secs]
81.320: [GC concurrent-count-start]
81.323: [GC pause (young) 160M->160M(256M), 0.0455418 secs]
81.384: [GC pause (young) 172M->172M(256M), 0.0286720 secs]
81.425: [GC pause (young) 183M->183M(256M), 0.0193386 secs]
81.449: [GC concurrent-count-end, 0.1295422]
81.451: [GC cleanup 184M->63M(256M), 0.0032520 secs]
81.454: [GC concurrent-cleanup-start]
81.455: [GC concurrent-cleanup-end, 0.0004197]
81.471: [GC pause (young) 71M->71M(256M), 0.0160182 secs]
81.488: [GC pause (partial) 72M->66M(256M), 0.0851881 secs]
81.629: [GC pause (young) 113M->112M(256M), 0.0749597 secs]
81.735: [GC pause (young) 130M->130M(256M), 0.0330140 secs]
81.793: [GC pause (young) (initial-mark) 146M->142M(256M), 0.0208726 secs]
81.814: [GC concurrent-mark-start]
81.837: [GC pause (young) 156M->156M(256M), 0.0239951 secs]
81.867: [GC concurrent-mark-end, 0.0485038 sec]
81.868: [GC remark, 0.0008813 secs]
81.877: [GC pause (young) 169M->169M(256M), 0.0276504 secs]
81.905: [GC concurrent-count-start]
81.917: [GC concurrent-count-end, 0.0113940]
81.918: [GC cleanup 170M->50M(256M), 0.0023159 secs]
81.920: [GC concurrent-cleanup-start]
81.921: [GC concurrent-cleanup-end, 0.0003564]
81.940: [GC pause (young) 60M->60M(256M), 0.0173224 secs]
81.958: [GC pause (partial) 61M->53M(256M), 0.0632238 secs]
82.079: [GC pause (young) 104M->91M(256M), 0.0533198 secs]
82.158: [GC pause (young) 112M->112M(256M), 0.0397062 secs]
82.234: [GC pause (young) 130M->112M(256M), 0.0124336 secs]
82.291: [GC pause (young) 148M->148M(256M), 0.0535422 secs]
82.372: [GC pause (young) (initial-mark) 162M->162M(256M), 0.0815001 secs]
82.453: [GC concurrent-mark-start]
82.482: [GC concurrent-mark-end, 0.0281856 sec]
82.487: [GC remark, 0.0008533 secs]
82.519: [GC pause (young) 174M->174M(256M), 0.0206808 secs]
82.555: [GC pause (young) 184M->182M(256M), 0.0137634 secs]
82.583: [GC pause (young) 191M->191M(256M), 0.0175759 secs]
82.606: [GC concurrent-count-start]
82.624: [GC pause (young) 199M->199M(256M), 0.0136834 secs]
82.645: [GC pause (young) 206M->206M(256M), 0.0124822 secs]
82.664: [GC pause (young) 212M->212M(256M), 0.0108876 secs]
82.678: [GC pause (young) 215M->215M(256M), 0.0074080 secs]
82.688: [GC concurrent-count-end, 0.0826333]
82.689: [GC cleanup 216M->114M(256M), 0.0062708 secs]
82.696: [GC concurrent-cleanup-start]
82.696: [GC concurrent-cleanup-end, 0.0003504]
82.703: [GC pause (young) 116M->116M(256M), 0.0067847 secs]
82.711: [GC pause (partial) 117M->46M(256M), 0.0791471 secs]
82.853: [GC pause (young) 98M->78M(256M), 0.0450202 secs]
82.944: [GC pause (young) 122M->82M(256M), 0.0153306 secs]
83.001: [GC pause (young) 125M->125M(256M), 0.0692698 secs]
83.086: [GC pause (young) (initial-mark) 142M->122M(256M)83.093: [GC concurrent-mark-start]
, 0.0068523 secs]
83.115: [GC concurrent-mark-end, 0.0218135 sec]
83.115: [GC remark, 0.0009396 secs]
83.117: [GC concurrent-count-start]
83.123: [GC concurrent-count-end, 0.0057920]
83.124: [GC cleanup 151M->36M(256M), 0.0053634 secs]
83.129: [GC concurrent-cleanup-start]
83.130: [GC concurrent-cleanup-end, 0.0004033]
83.137: [GC pause (young) 40M->40M(256M), 0.0491667 secs]
83.189: [GC pause (partial) 41M->38M(256M), 0.0132794 secs]
83.256: [GC pause (young) 92M->64M(256M), 0.0493156 secs]
83.362: [GC pause (young) 112M->65M(256M), 0.0128965 secs]
83.444: [GC pause (young) 113M->113M(256M), 0.0770048 secs]
83.562: [GC pause (young) 149M->132M(256M), 0.0364829 secs]
83.620: [GC pause (young) (initial-mark) 148M->148M(256M)83.650: [GC concurrent-mark-start]
, 0.0300260 secs]
83.664: [GC pause (young) 162M->162M(256M), 0.0249176 secs]
83.703: [GC pause (young) 174M->162M(256M), 0.0035122 secs]
83.708: [GC concurrent-mark-end, 0.0580600 sec]
83.709: [GC remark, 0.0013109 secs]
83.710: [GC concurrent-count-start]
83.722: [GC pause (young) 174M->174M(256M), 0.0195676 secs]
83.752: [GC pause (young) 184M->184M(256M), 0.0174197 secs]
83.774: [GC concurrent-count-end, 0.0642630]
83.775: [GC cleanup 185M->87M(256M), 0.0033356 secs]
83.778: [GC concurrent-cleanup-start]
83.779: [GC concurrent-cleanup-end, 0.0003608]
83.791: [GC pause (young) 95M->95M(256M), 0.0194562 secs]
83.814: [GC pause (partial) 96M->34M(256M), 0.0545870 secs]
83.940: [GC pause (young) 89M->43M(256M), 0.0149142 secs]
84.014: [GC pause (young) 96M->96M(256M), 0.0944200 secs]
84.152: [GC pause (young) 136M->125M(256M), 0.0528297 secs]
84.226: [GC pause (young) (initial-mark) 142M->142M(256M), 0.0343588 secs]
84.261: [GC concurrent-mark-start]
84.279: [GC pause (young) 156M->141M(256M), 0.0027212 secs]
84.295: [GC concurrent-mark-end, 0.0289111 sec]
84.295: [GC remark, 0.0009390 secs]
84.297: [GC concurrent-count-start]
84.324: [GC concurrent-count-end, 0.0272760]
84.327: [GC cleanup 166M->81M(256M), 0.0051815 secs]
84.332: [GC concurrent-cleanup-start]
84.333: [GC concurrent-cleanup-end, 0.0002775]
84.342: [GC pause (young) 85M->85M(256M), 0.0464961 secs]
84.392: [GC pause (partial) 86M->31M(256M), 0.0104314 secs]
84.490: [GC pause (young) 87M->52M(256M), 0.0377768 secs]
84.587: [GC pause (young) 103M->51M(256M), 0.0098134 secs]
84.654: [GC pause (young) 102M->102M(256M), 0.0840982 secs]
84.781: [GC pause (young) 140M->124M(256M), 0.0411319 secs]
84.860: [GC pause (young) (initial-mark) 157M->157M(256M), 0.0617736 secs]
84.922: [GC concurrent-mark-start]
84.957: [GC pause (young) 170M->162M(256M), 0.0143148 secs]
84.982: [GC concurrent-mark-end, 0.0585878 sec]
84.983: [GC remark, 0.0008940 secs]
84.987: [GC concurrent-count-start]
84.998: [GC pause (young) 174M->174M(256M), 0.0209386 secs]
85.030: [GC pause (young) 184M->184M(256M), 0.0179551 secs]
85.059: [GC concurrent-count-end, 0.0722718]
85.061: [GC cleanup 190M->102M(256M), 0.0028615 secs]
85.064: [GC concurrent-cleanup-start]
85.065: [GC concurrent-cleanup-end, 0.0003163]
85.072: [GC pause (young) 105M->105M(256M), 0.0161104 secs]
85.089: [GC pause (partial) 106M->41M(256M), 0.0508005 secs]
85.205: [GC pause (young) 95M->58M(256M), 0.0259313 secs]
85.286: [GC pause (young) 107M->107M(256M), 0.0851252 secs]
85.416: [GC pause (young) 144M->137M(256M), 0.0506568 secs]
85.491: [GC pause (young) (initial-mark) 152M->152M(256M), 0.0293768 secs]
85.521: [GC concurrent-mark-start]
85.543: [GC pause (young) 165M->165M(256M), 0.0236881 secs]
85.572: [GC concurrent-mark-end, 0.0499259 sec]
85.572: [GC remark, 0.0009209 secs]
85.581: [GC pause (young) 177M->175M(256M), 0.0220556 secs]
85.605: [GC concurrent-count-start]
85.615: [GC pause (young) 185M->185M(256M), 0.0158130 secs]
85.640: [GC pause (young) 194M->194M(256M), 0.0148756 secs]
85.663: [GC pause (young) 202M->202M(256M), 0.0138873 secs]
85.687: [GC pause (young) 209M->209M(256M), 0.0129788 secs]
85.706: [GC pause (young) 215M->215M(256M), 0.0113382 secs]
85.721: [GC pause (young) 218M->218M(256M), 0.0052160 secs]
85.729: [GC pause (young) 221M->221M(256M), 0.0052765 secs]
85.738: [GC pause (young) 223M->223M(256M), 0.0050344 secs]
85.747: [GC concurrent-count-end, 0.1419319]
85.747: [GC cleanup 223M->129M(256M), 0.0022043 secs]
85.749: [GC concurrent-cleanup-start]
85.749: [GC concurrent-cleanup-end, 0.0002839]
85.757: [GC pause (young) 131M->131M(256M), 0.0034863 secs]
85.762: [GC pause (partial) 132M->62M(256M), 0.0868689 secs]
85.905: [GC pause (young) 110M->105M(256M), 0.0661372 secs]
85.995: [GC pause (young) 124M->124M(256M), 0.0372738 secs]
86.051: [GC pause (young) (initial-mark) 141M->134M(256M), 0.0246174 secs]
86.076: [GC concurrent-mark-start]
86.095: [GC pause (young) 149M->149M(256M), 0.0334526 secs]
86.145: [GC pause (young) 163M->163M(256M), 0.0262103 secs]
86.179: [GC concurrent-mark-end, 0.1033177 sec]
86.180: [GC remark, 0.0008706 secs]
86.200: [GC pause (young) 175M->175M(256M), 0.0207170 secs]
86.235: [GC pause (young) 185M->185M(256M), 0.0163626 secs]
86.254: [GC concurrent-count-start]
86.266: [GC pause (young) 194M->192M(256M), 0.0107639 secs]
86.287: [GC pause (young) 200M->200M(256M), 0.0149953 secs]
86.311: [GC pause (young) 207M->207M(256M), 0.0135468 secs]
86.330: [GC pause (young)86.330: [GC concurrent-count-end, 0.0760016]
 213M->213M(256M), 0.0353066 secs]
86.370: [GC cleanup 213M->100M(256M), 0.0030366 secs]
86.373: [GC concurrent-cleanup-start]
86.374: [GC concurrent-cleanup-end, 0.0003302]
86.382: [GC pause (young) 103M->103M(256M), 0.0059794 secs]
86.390: [GC pause (partial) 104M->33M(256M), 0.0507551 secs]
86.511: [GC pause (young) 89M->55M(256M), 0.0372548 secs]
86.674: [GC pause (young) 105M->54M(256M), 0.0146096 secs]
86.768: [GC pause (young) 104M->104M(256M), 0.0969941 secs]
86.919: [GC pause (young) 142M->113M(256M), 0.0253826 secs]
86.986: [GC pause (young) 149M->149M(256M), 0.0608288 secs]
87.064: [GC pause (young) (initial-mark) 163M->163M(256M), 0.0284106 secs]
87.092: [GC concurrent-mark-start]
87.127: [GC concurrent-mark-end, 0.0348838 sec]
87.128: [GC remark, 0.0021240 secs]
87.138: [GC concurrent-count-start]
87.142: [GC pause (young) 175M->173M(256M), 0.0179862 secs]
87.180: [GC pause (young) 184M->184M(256M), 0.0207491 secs]
87.211: [GC pause (young) 193M->193M(256M), 0.0151258 secs]
87.234: [GC pause (young) 201M->201M(256M), 0.0143023 secs]
87.257: [GC concurrent-count-end, 0.1183291]
87.259: [GC cleanup 203M->113M(256M), 0.0026256 secs]
87.262: [GC concurrent-cleanup-start]
87.262: [GC concurrent-cleanup-end, 0.0003112]
87.271: [GC pause (young) 118M->118M(256M), 0.0139391 secs]
87.287: [GC pause (partial) 119M->48M(256M), 0.0698702 secs]
87.420: [GC pause (young) 100M->82M(256M), 0.0497354 secs]
87.631: [GC pause (young) 125M->87M(256M), 0.0175856 secs]
87.702: [GC pause (young) 129M->129M(256M), 0.0724589 secs]
87.793: [GC pause (young) (initial-mark) 145M->126M(256M), 0.0050358 secs]
87.799: [GC concurrent-mark-start]
87.823: [GC concurrent-mark-end, 0.0238231 sec]
87.824: [GC remark, 0.0013618 secs]
87.829: [GC concurrent-count-start]
87.835: [GC concurrent-count-end, 0.0061515]
87.836: [GC cleanup 156M->42M(256M), 0.0054936 secs]
87.842: [GC concurrent-cleanup-start]
87.842: [GC concurrent-cleanup-end, 0.0004310]
87.848: [GC pause (young) 45M->45M(256M), 0.0486840 secs]
87.901: [GC pause (partial) 46M->37M(256M), 0.0122663 secs]
87.981: [GC pause (young) 92M->63M(256M), 0.0368325 secs]
88.076: [GC pause (young) 111M->64M(256M), 0.0121239 secs]
88.154: [GC pause (young) 112M->112M(256M), 0.0772707 secs]
88.271: [GC pause (young) 148M->124M(256M), 0.0284598 secs]
88.337: [GC pause (young) (initial-mark) 157M->157M(256M), 0.0681851 secs]
88.405: [GC concurrent-mark-start]
88.420: [GC pause (young) 170M->170M(256M), 0.0256269 secs]
88.461: [GC pause (young) 181M->176M(256M), 0.0133384 secs]
88.484: [GC pause (young) 186M->186M(256M), 0.0163819 secs]
88.504: [GC concurrent-mark-end, 0.0970994 sec]
88.514: [GC remark, 0.0008752 secs]
88.528: [GC pause (young) 195M->195M(256M), 0.0156841 secs]
88.549: [GC concurrent-count-start]
88.571: [GC concurrent-count-end, 0.0221669]
88.574: [GC pause (young) 203M->203M(256M), 0.0144309 secs]
88.589: [GC cleanup 203M->105M(256M), 0.0032939 secs]
88.593: [GC concurrent-cleanup-start]
88.593: [GC concurrent-cleanup-end, 0.0003117]
88.606: [GC pause (young) 112M->112M(256M), 0.0118552 secs]
88.628: [GC pause (partial) 113M->44M(256M), 0.0545002 secs]
88.754: [GC pause (young) 97M->74M(256M), 0.0442439 secs]
88.847: [GC pause (young) 119M->77M(256M), 0.0203962 secs]
88.920: [GC pause (young) 122M->122M(256M), 0.0705283 secs]
89.010: [GC pause (young) (initial-mark) 139M->122M(256M), 0.0086540 secs]
89.018: [GC concurrent-mark-start]
89.047: [GC concurrent-mark-end, 0.0252172 sec]
89.048: [GC remark, 0.0012972 secs]
89.055: [GC pause (young) 155M->155M(256M), 0.0552665 secs]
89.112: [GC concurrent-count-start]
89.125: [GC concurrent-count-end, 0.0135730]
89.136: [GC pause (young) 168M->168M(256M), 0.0271959 secs]
89.164: [GC cleanup 168M->61M(256M), 0.0040702 secs]
89.169: [GC concurrent-cleanup-start]
89.169: [GC concurrent-cleanup-end, 0.0003807]
89.184: [GC pause (young) 72M->72M(256M), 0.0191341 secs]
89.205: [GC pause (partial) 73M->64M(256M), 0.0735117 secs]
89.350: [GC pause (young) 112M->109M(256M), 0.1070102 secs]
89.482: [GC pause (young) 128M->128M(256M), 0.0362756 secs]
89.541: [GC pause (young) (initial-mark) 144M->139M(256M), 0.0201867 secs]
89.561: [GC concurrent-mark-start]
89.577: [GC pause (young) 154M->154M(256M), 0.0258245 secs]
89.611: [GC concurrent-mark-end, 0.0496081 sec]
89.611: [GC remark, 0.0012269 secs]
89.618: [GC concurrent-count-start]
89.624: [GC pause (young) 167M->167M(256M), 0.0218380 secs]
89.657: [GC pause (young) 178M->178M(256M), 0.0180734 secs]
89.681: [GC concurrent-count-end, 0.0630461]
89.684: [GC cleanup 184M->67M(256M), 0.0030736 secs]
89.687: [GC concurrent-cleanup-start]
89.687: [GC concurrent-cleanup-end, 0.0003994]
89.693: [GC pause (young) 71M->71M(256M), 0.0163722 secs]
89.712: [GC pause (partial) 72M->65M(256M), 0.0784504 secs]
89.819: [GC pause (young) 89M->87M(256M), 0.0319661 secs]
89.927: [GC pause (young) 129M->129M(256M), 0.0623611 secs]
90.012: [GC pause (young) (initial-mark) 145M->125M(256M), 0.0041149 secs]
90.016: [GC concurrent-mark-start]
90.046: [GC concurrent-mark-end, 0.0287206 sec]
90.046: [GC remark, 0.0009544 secs]
90.047: [GC concurrent-count-start]
90.053: [GC pause (young) 157M->152M(256M), 0.0423275 secs]
90.104: [GC concurrent-count-end, 0.0568585]
90.105: [GC cleanup 163M->48M(256M), 0.0037922 secs]
90.109: [GC concurrent-cleanup-start]
90.110: [GC concurrent-cleanup-end, 0.0004416]
90.113: [GC pause (young) 50M->50M(256M), 0.0242590 secs]
90.143: [GC pause (partial) 51M->43M(256M), 0.0412949 secs]
90.272: [GC pause (young) 96M->73M(256M), 0.0436374 secs]
90.369: [GC pause (young) 119M->77M(256M), 0.0150579 secs]
90.473: [GC pause (young) 122M->122M(256M), 0.1292257 secs]
90.666: [GC pause (young) (initial-mark) 155M->137M(256M), 0.0311743 secs]
90.698: [GC concurrent-mark-start]
90.717: [GC concurrent-mark-end, 0.0189887 sec]
90.717: [GC remark, 0.0010269 secs]
90.718: [GC concurrent-count-start]
90.725: [GC concurrent-count-end, 0.0068428]
90.726: [GC cleanup 137M->31M(256M), 0.0020031 secs]
90.728: [GC concurrent-cleanup-start]
90.728: [GC concurrent-cleanup-end, 0.0003204]
90.750: [GC pause (young) 46M->46M(256M), 0.0269002 secs]
90.781: [GC pause (partial) 47M->38M(256M), 0.0329917 secs]
90.870: [GC pause (young) 92M->64M(256M), 0.0369808 secs]
90.958: [GC pause (young) 112M->65M(256M), 0.0122553 secs]
91.027: [GC pause (young) 113M->113M(256M), 0.0748342 secs]
91.148: [GC pause (young) 149M->132M(256M), 0.0374177 secs]
91.203: [GC pause (young) (initial-mark) 148M->148M(256M), 0.0302841 secs]
91.233: [GC concurrent-mark-start]
91.252: [GC pause (young) 162M->162M(256M), 0.0233080 secs]
91.289: [GC concurrent-mark-end, 0.0525002 sec]
91.289: [GC pause (young) 174M->162M(256M), 0.0033061 secs]
91.293: [GC remark, 0.0010370 secs]
91.306: [GC concurrent-count-start]
91.321: [GC concurrent-count-end, 0.0143455]
91.321: [GC cleanup 174M->76M(256M), 0.0035293 secs]
91.325: [GC concurrent-cleanup-start]
91.325: [GC concurrent-cleanup-end, 0.0002952]
91.331: [GC pause (young) 77M->69M(256M), 0.0097550 secs]
91.344: [GC pause (partial) 70M->8532K(256M), 0.0089311 secs]
91.450: [GC pause (young) 70M->11M(256M), 0.0068515 secs]
91.653: [GC pause (young) 72M->72M(256M), 0.1006288 secs]
91.805: [GC pause (young) 118M->108M(256M), 0.0637251 secs]
91.911: [GC pause (young) 145M->117M(256M), 0.0220608 secs]
91.969: [GC pause (young) (initial-mark) 152M->152M(256M), 0.0560359 secs]
92.025: [GC concurrent-mark-start]
92.051: [GC concurrent-mark-end, 0.0252371 sec]
92.051: [GC remark, 0.0009294 secs]
92.053: [GC concurrent-count-start]
92.062: [GC pause (young) 165M->165M(256M), 0.0269477 secs]
92.102: [GC pause (young) 177M->172M(256M), 0.0147218 secs]
92.123: [GC concurrent-count-end, 0.0699321]
92.124: [GC cleanup 178M->82M(256M), 0.0027166 secs]
92.127: [GC concurrent-cleanup-start]
92.127: [GC concurrent-cleanup-end, 0.0003446]
92.137: [GC pause (young) 87M->87M(256M), 0.0178602 secs]
92.156: [GC pause (partial) 88M->22M(256M), 0.0190542 secs]
92.238: [GC pause (young) 80M->34M(256M), 0.0204372 secs]
92.317: [GC pause (young) 89M->29M(256M), 0.0045747 secs]
92.382: [GC pause (young) 86M->86M(256M), 0.0906900 secs]
92.516: [GC pause (young) 128M->114M(256M), 0.0492187 secs]
92.611: [GC pause (young) 149M->112M(256M), 0.0119990 secs]
92.684: [GC pause (young) 148M->136M(256M), 0.0433098 secs]
92.756: [GC pause (young) (initial-mark) 166M->166M(256M), 0.0502768 secs]
92.808: [GC concurrent-mark-start]
92.818: [GC pause (young) 177M->168M(256M), 0.0114451 secs]
92.847: [GC pause (young) 179M->179M(256M), 0.0182925 secs]
92.871: [GC concurrent-mark-end, 0.0639195 sec]
92.878: [GC remark, 0.0033795 secs]
92.891: [GC pause (young) 189M->189M(256M), 0.0195836 secs]
92.922: [GC pause (young) 198M->198M(256M), 0.0149369 secs]
92.944: [GC pause (young) 205M->205M(256M), 0.0123813 secs]
92.965: [GC pause (young) 212M->212M(256M), 0.0296627 secs]
92.999: [GC pause (young) 215M->215M(256M), 0.0064517 secs]
93.010: [GC pause (young) 218M->218M(256M), 0.0048981 secs]
93.018: [GC pause (young) 221M->221M(256M), 0.0058000 secs]
93.026: [GC concurrent-count-start]
93.037: [GC pause (young) 223M->223M(256M), 0.0037610 secs]
93.048: [GC pause (young) 225M->225M(256M), 0.0037549 secs]
93.057: [GC pause (young) 226M->226M(256M), 0.0019368 secs]
93.065: [GC concurrent-count-end, 0.0396362]
93.065: [GC pause (young) 227M->227M(256M), 0.0020138 secs]
93.068: [GC cleanup 227M->129M(256M), 0.0025178 secs]
93.071: [GC concurrent-cleanup-start]
93.071: [GC concurrent-cleanup-end, 0.0003551]
93.077: [GC pause (young) 131M->131M(256M), 0.0037874 secs]
93.082: [GC pause (partial) 132M->65M(256M), 0.0899663 secs]
93.207: [GC pause (young) 89M->88M(256M), 0.0323728 secs]
93.282: [GC pause (young) 130M->130M(256M), 0.0627411 secs]
93.361: [GC pause (young) (initial-mark) 146M->139M(256M), 0.0212538 secs]
93.382: [GC concurrent-mark-start]
93.397: [GC pause (young) 154M->154M(256M), 0.0283861 secs]
93.453: [GC concurrent-mark-end, 0.0703122 sec]
93.470: [GC remark, 0.0009048 secs]
93.479: [GC concurrent-count-start]
93.488: [GC concurrent-count-end, 0.0093337]
93.488: [GC pause (young) 167M->167M(256M), 0.0216967 secs]
93.510: [GC cleanup 167M->50M(256M), 0.0038879 secs]
93.514: [GC concurrent-cleanup-start]
93.515: [GC concurrent-cleanup-end, 0.0003996]
93.529: [GC pause (young) 61M->61M(256M), 0.0174064 secs]
93.548: [GC pause (partial) 62M->55M(256M), 0.0768030 secs]
93.679: [GC pause (young) 105M->93M(256M), 0.0959292 secs]
93.797: [GC pause (young) 114M->114M(256M), 0.0713320 secs]
93.893: [GC pause (young) 132M->123M(256M), 0.0181084 secs]
93.960: [GC pause (young) (initial-mark) 156M->156M(256M), 0.0568595 secs]
94.017: [GC concurrent-mark-start]
94.050: [GC concurrent-mark-end, 0.0285045 sec]
94.050: [GC pause (young) 169M->169M(256M), 0.0425069 secs]
94.109: [GC remark, 0.0091147 secs]
94.129: [GC pause (young) 180M->169M(256M), 0.0045159 secs]
94.154: [GC concurrent-count-start]
94.168: [GC pause (young) 180M->180M(256M), 0.0181522 secs]
94.196: [GC pause (young) 190M->190M(256M), 0.0166931 secs]
94.219: [GC concurrent-count-end, 0.0652887]
94.222: [GC pause (young) 198M->198M(256M), 0.0133510 secs]
94.236: [GC cleanup 198M->95M(256M), 0.0032633 secs]
94.239: [GC concurrent-cleanup-start]
94.240: [GC concurrent-cleanup-end, 0.0003612]
94.251: [GC pause (young) 102M->102M(256M), 0.0124304 secs]
94.265: [GC pause (partial) 103M->40M(256M), 0.0488353 secs]
94.380: [GC pause (young) 94M->55M(256M), 0.0227592 secs]
94.512: [GC pause (young) 105M->105M(256M), 0.1447095 secs]
94.678: [GC pause (young) 124M->116M(256M), 0.0259766 secs]
94.795: [GC pause (young) (initial-mark) 151M->151M(256M), 0.0582224 secs]
94.854: [GC concurrent-mark-start]
94.875: [GC pause (young) 164M->164M(256M), 0.0255604 secs]
94.908: [GC concurrent-mark-end, 0.0539330 sec]
94.908: [GC remark, 0.0010688 secs]
94.911: [GC concurrent-count-start]
94.922: [GC pause (young) 176M->174M(256M), 0.0175103 secs]
94.949: [GC pause (young) 184M->184M(256M), 0.0161062 secs]
94.973: [GC concurrent-count-end, 0.0614898]
94.974: [GC cleanup 192M->102M(256M), 0.0034708 secs]
94.977: [GC concurrent-cleanup-start]
94.978: [GC concurrent-cleanup-end, 0.0003514]
94.985: [GC pause (young) 104M->104M(256M), 0.0161069 secs]
95.002: [GC pause (partial) 105M->34M(256M), 0.0385975 secs]
95.101: [GC pause (young) 89M->55M(256M), 0.0316567 secs]
95.190: [GC pause (young) 105M->55M(256M), 0.0102009 secs]
95.262: [GC pause (young) 105M->105M(256M), 0.0774194 secs]
95.379: [GC pause (young) 143M->126M(256M), 0.0482263 secs]
95.448: [GC pause (young) (initial-mark) 142M->142M(256M), 0.0525341 secs]
95.500: [GC concurrent-mark-start]
95.564: [GC concurrent-mark-end, 0.0632646 sec]
95.567: [GC remark, 0.0033923 secs]
95.587: [GC pause (young) 156M->156M(256M), 0.0809188 secs]
95.693: [GC pause (young) 169M->158M(256M), 0.0101099 secs]
95.708: [GC concurrent-count-start]
95.725: [GC pause (young) 170M->170M(256M), 0.0185271 secs]
95.754: [GC pause (young) 181M->181M(256M), 0.0179941 secs]
95.778: [GC concurrent-count-end, 0.0697297]
95.779: [GC cleanup 188M->98M(256M), 0.0032491 secs]
95.782: [GC concurrent-cleanup-start]
95.783: [GC concurrent-cleanup-end, 0.0003712]
95.790: [GC pause (young) 101M->101M(256M), 0.0237135 secs]
95.819: [GC pause (partial) 102M->39M(256M), 0.0693664 secs]
95.985: [GC pause (young) 93M->61M(256M), 0.0378074 secs]
96.078: [GC pause (young) 110M->59M(256M), 0.0088331 secs]
96.139: [GC pause (young) 108M->100M(256M), 0.0629998 secs]
96.266: [GC pause (young) 139M->113M(256M), 0.0280995 secs]
96.339: [GC pause (young) 149M->149M(256M), 0.0582277 secs]
96.412: [GC pause (young) (initial-mark) 163M->146M(256M)96.418: [GC concurrent-mark-start]
, 0.0052039 secs]
96.438: [GC concurrent-mark-end, 0.0208010 sec]
96.464: [GC remark, 0.0009823 secs]
96.513: [GC pause (young) 173M->173M(256M), 0.0414739 secs]
96.566: [GC pause (young) 184M->184M(256M), 0.0216758 secs]
96.598: [GC pause (young) 193M->193M(256M), 0.0323582 secs]
96.639: [GC pause (young) 201M->201M(256M), 0.0206646 secs]
96.667: [GC pause (young) 208M->208M(256M), 0.0167468 secs]
96.690: [GC pause (young) 214M->211M(256M), 0.0099961 secs]
96.703: [GC pause (young) 214M->214M(256M), 0.0074072 secs]
96.714: [GC pause (young) 217M->217M(256M), 0.0054181 secs]
96.724: [GC pause (young) 220M->220M(256M), 0.0048807 secs]
96.765: [GC pause (young) 222M->222M(256M), 0.0054513 secs]
96.806: [GC pause (young) 224M->224M(256M), 0.0039591 secs]
96.820: [GC pause (young) 225M->225M(256M), 0.0020623 secs]
96.829: [GC pause (young) 226M->226M(256M), 0.0026440 secs]
96.834: [GC pause (young) 227M->227M(256M), 0.0022735 secs]
96.839: [GC pause (young) 228M->228M(256M), 0.0020778 secs]
96.842: [GC pause (young) 229M->229M(256M), 0.0023699 secs]
96.846: [GC pause (young) 230M->230M(256M), 0.0022086 secs]
96.850: [GC pause (young) 231M->231M(256M), 0.0032675 secs]
96.860: [GC concurrent-count-start]
96.885: [GC concurrent-count-end, 0.0243882]
96.895: [GC cleanup 241M->104M(256M), 0.0067969 secs]
96.902: [GC concurrent-cleanup-start]
96.903: [GC concurrent-cleanup-end, 0.0004430]
96.922: [GC pause (young) 117M->117M(256M), 0.0373630 secs]
96.960: [GC pause (partial) 118M->49M(256M), 0.0416627 secs]
97.064: [GC pause (young) 101M->83M(256M), 0.0484854 secs]
97.166: [GC pause (young) 126M->88M(256M), 0.0167723 secs]
97.255: [GC pause (young) 130M->130M(256M), 0.0672252 secs]
97.339: [GC pause (young) (initial-mark) 146M->127M(256M), 0.0058197 secs]
97.345: [GC concurrent-mark-start]
97.362: [GC concurrent-mark-end, 0.0163765 sec]
97.362: [GC remark, 0.0009524 secs]
97.374: [GC concurrent-count-start]
97.381: [GC concurrent-count-end, 0.0070804]
97.382: [GC cleanup 145M->30M(256M), 0.0039771 secs]
97.386: [GC concurrent-cleanup-start]
97.387: [GC concurrent-cleanup-end, 0.0003565]
97.405: [GC pause (young) 44M->37M(256M), 0.0389026 secs]
97.446: [GC pause (partial) 38M->29M(256M), 0.0111210 secs]
97.530: [GC pause (young) 86M->48M(256M), 0.0289785 secs]
97.616: [GC pause (young) 100M->45M(256M), 0.0085260 secs]
97.694: [GC pause (young) 97M->97M(256M), 0.0803100 secs]
97.815: [GC pause (young) 137M->121M(256M), 0.0436740 secs]
97.899: [GC pause (young) (initial-mark) 155M->155M(256M), 0.0607044 secs]
97.960: [GC concurrent-mark-start]
98.006: [GC pause (young) 168M->163M(256M), 0.0172500 secs]
98.036: [GC pause (young) 175M->175M(256M), 0.0301559 secs]
98.079: [GC concurrent-mark-end, 0.1171029 sec]
98.080: [GC remark, 0.0010000 secs]
98.087: [GC pause (young) 185M->185M(256M), 0.0163531 secs]
98.112: [GC pause (young) 194M->194M(256M), 0.0148777 secs]
98.133: [GC concurrent-count-start]
98.146: [GC pause (young) 202M->202M(256M), 0.0133489 secs]
98.167: [GC pause (young) 209M->209M(256M), 0.0134069 secs]
98.186: [GC pause (young) 215M->215M(256M), 0.0113943 secs]
98.200: [GC pause (young) 218M->216M(256M), 0.0018000 secs]
98.206: [GC pause (young) 219M->219M(256M), 0.0057212 secs]
98.215: [GC pause (young) 222M->222M(256M), 0.0055874 secs]
98.223: [GC pause (young) 224M->224M(256M), 0.0041718 secs]
98.228: [GC pause (young) 225M->225M(256M), 0.0020203 secs]
98.232: [GC pause (young) 226M->226M(256M), 0.0020410 secs]
98.236: [GC concurrent-count-end, 0.1028937]
98.236: [GC pause (young) 227M->227M(256M), 0.0020766 secs]
98.239: [GC cleanup 227M->145M(256M), 0.0023245 secs]
98.241: [GC concurrent-cleanup-start]
98.242: [GC concurrent-cleanup-end, 0.0002523]
98.245: [GC pause (young) 147M->147M(256M), 0.0038003 secs]
98.255: [GC pause (partial) 148M->15M(256M), 0.0246867 secs]
98.353: [GC pause (young) 75M->24M(256M), 0.0145584 secs]
98.429: [GC pause (young) 82M->17M(256M), 0.0027214 secs]
98.491: [GC pause (young) 76M->76M(256M), 0.0905107 secs]
98.630: [GC pause (young) 121M->108M(256M), 0.0549329 secs]
98.730: [GC pause (young) 145M->103M(256M), 0.0036875 secs]
98.771: [GC pause (young) 141M->133M(256M), 0.0442604 secs]
98.846: [GC pause (young) (initial-mark) 164M->164M(256M), 0.0507603 secs]
98.897: [GC concurrent-mark-start]
98.914: [GC pause (young) 176M->168M(256M), 0.0125844 secs]
98.937: [GC pause (young) 179M->179M(256M), 0.0188241 secs]
98.967: [GC pause (young) 189M->189M(256M), 0.0168862 secs]
98.993: [GC pause (young) 198M->198M(256M), 0.0185859 secs]
99.013: [GC concurrent-mark-end, 0.1156820 sec]
99.016: [GC remark, 0.0017869 secs]
99.033: [GC pause (young) 205M->205M(256M), 0.0161395 secs]
99.052: [GC concurrent-count-start]
99.092: [GC concurrent-count-end, 0.0401045]
99.094: [GC cleanup 211M->119M(256M), 0.0028450 secs]
99.097: [GC concurrent-cleanup-start]
99.097: [GC concurrent-cleanup-end, 0.0003535]
99.104: [GC pause (young) 121M->121M(256M), 0.0136045 secs]
99.119: [GC pause (partial) 122M->55M(256M), 0.0676011 secs]
99.236: [GC pause (young) 105M->93M(256M), 0.0535176 secs]
99.315: [GC pause (young) 114M->114M(256M), 0.0408904 secs]
99.373: [GC pause (young) 132M->122M(256M), 0.0165988 secs]
99.422: [GC pause (young) (initial-mark) 155M->155M(256M), 0.0486437 secs]
99.471: [GC concurrent-mark-start]
99.487: [GC pause (young) 168M->168M(256M), 0.0245046 secs]
99.537: [GC pause (young) 179M->168M(256M), 0.0039244 secs]
99.541: [GC concurrent-mark-end, 0.0656427 sec]
99.542: [GC remark, 0.0009354 secs]
99.548: [GC concurrent-count-start]
99.558: [GC pause (young) 179M->179M(256M), 0.0173282 secs]
99.585: [GC pause (young) 189M->189M(256M), 0.0164238 secs]
99.609: [GC concurrent-count-end, 0.0612156]
99.610: [GC cleanup 197M->95M(256M), 0.0030488 secs]
99.613: [GC concurrent-cleanup-start]
99.614: [GC concurrent-cleanup-end, 0.0003992]
99.620: [GC pause (young) 97M->97M(256M), 0.0161467 secs]
99.637: [GC pause (partial) 98M->35M(256M), 0.0378638 secs]
99.735: [GC pause (young) 90M->57M(256M), 0.0331115 secs]
99.818: [GC pause (young) 107M->58M(256M), 0.0114857 secs]
99.878: [GC pause (young) 107M->107M(256M), 0.0810662 secs]
99.997: [GC pause (young) 144M->119M(256M), 0.0272304 secs]
100.058: [GC pause (young) (initial-mark) 153M->153M(256M), 0.0618097 secs]
100.120: [GC concurrent-mark-start]
100.146: [GC pause (young) 166M->166M(256M), 0.0260018 secs]
100.185: [GC pause (young) 177M->177M(256M), 0.0443003 secs]
100.241: [GC pause (young) 187M->187M(256M), 0.0161257 secs]
100.266: [GC concurrent-mark-end, 0.1443838 sec]
100.266: [GC pause (young) 196M->196M(256M), 0.0148970 secs]
100.282: [GC remark, 0.0008774 secs]
100.283: [GC concurrent-count-start]
100.294: [GC pause (young) 204M->204M(256M), 0.0140004 secs]
100.316: [GC pause (young) 211M->211M(256M), 0.0126542 secs]
100.332: [GC pause (young) 214M->214M(256M), 0.0064949 secs]
100.344: [GC pause (young) 217M->217M(256M), 0.0051673 secs]
100.353: [GC pause (young) 220M->220M(256M), 0.0053732 secs]
100.363: [GC pause (young) 222M->222M(256M), 0.0033300 secs]
100.371: [GC concurrent-count-end, 0.0887324]
100.372: [GC pause (young) 224M->224M(256M), 0.0044455 secs]
100.377: [GC cleanup 225M->133M(256M), 0.0026673 secs]
100.380: [GC concurrent-cleanup-start]
100.380: [GC concurrent-cleanup-end, 0.0003068]
100.387: [GC pause (young) 134M->134M(256M), 0.0035966 secs]
100.392: [GC pause (partial) 135M->61M(256M), 0.0851800 secs]
100.509: [GC pause (young) 86M->81M(256M), 0.0442983 secs]
100.600: [GC pause (young) 125M->125M(256M), 0.0650109 secs]
100.683: [GC pause (young) (initial-mark) 142M->134M(256M), 0.0212379 secs]
100.705: [GC concurrent-mark-start]
100.724: [GC concurrent-mark-end, 0.0187139 sec]
100.737: [GC remark, 0.0008616 secs]
100.739: [GC concurrent-count-start]
100.745: [GC concurrent-count-end, 0.0061282]
100.746: [GC cleanup 137M->25M(256M), 0.0024480 secs]
100.748: [GC concurrent-cleanup-start]
100.749: [GC concurrent-cleanup-end, 0.0003686]
100.781: [GC pause (young) 52M->52M(256M), 0.0449859 secs]
100.827: [GC pause (partial) 53M->46M(256M), 0.0273083 secs]
100.908: [GC pause (young) 98M->78M(256M), 0.0446069 secs]
100.999: [GC pause (young) 122M->81M(256M), 0.0149831 secs]
101.057: [GC pause (young) 125M->125M(256M), 0.0700756 secs]
101.147: [GC pause (young) (initial-mark) 142M->123M(256M), 0.0101042 secs]
101.157: [GC concurrent-mark-start]
101.175: [GC concurrent-mark-end, 0.0179454 sec]
101.176: [GC remark, 0.0019539 secs]
101.179: [GC concurrent-count-start]
101.183: [GC concurrent-count-end, 0.0039745]
101.183: [GC cleanup 126M->17M(256M), 0.0048105 secs]
101.189: [GC concurrent-cleanup-start]
101.189: [GC concurrent-cleanup-end, 0.0003509]
101.224: [GC pause (young) 47M->47M(256M), 0.0487721 secs]
101.274: [GC pause (partial) 48M->39M(256M), 0.0135051 secs]
101.346: [GC pause (young) 93M->65M(256M), 0.0382216 secs]
101.432: [GC pause (young) 113M->59M(256M), 0.0055465 secs]
101.486: [GC pause (young) 108M->103M(256M), 0.0774841 secs]
101.603: [GC pause (young) 141M->113M(256M), 0.0234405 secs]
101.662: [GC pause (young) 149M->149M(256M), 0.0575339 secs]
101.742: [GC pause (young) (initial-mark) 163M->163M(256M), 0.0281073 secs]
101.771: [GC concurrent-mark-start]
101.795: [GC pause (young) 175M->173M(256M), 0.0177271 secs]
101.823: [GC concurrent-mark-end, 0.0494806 sec]
101.824: [GC remark, 0.0013575 secs]
101.826: [GC pause (young) 184M->184M(256M), 0.0179387 secs]
101.851: [GC concurrent-count-start]
101.858: [GC pause (young) 193M->193M(256M), 0.0149152 secs]
101.881: [GC pause (young) 201M->201M(256M), 0.0138012 secs]
101.902: [GC pause (young) 208M->208M(256M), 0.0119319 secs]
101.922: [GC pause (young) 214M->214M(256M), 0.0108115 secs]
101.936: [GC pause (young) 217M->217M(256M), 0.0051762 secs]
101.946: [GC pause (young) 220M->220M(256M), 0.0051746 secs]
101.953: [GC pause (young) 222M->222M(256M), 0.0037904 secs]
101.960: [GC pause (young) 224M->224M(256M), 0.0040728 secs]
101.967: [GC concurrent-count-end, 0.1160323]
101.968: [GC cleanup 224M->136M(256M), 0.0025534 secs]
101.970: [GC concurrent-cleanup-start]
101.971: [GC concurrent-cleanup-end, 0.0003160]
101.974: [GC pause (young) 138M->138M(256M), 0.0038219 secs]
101.982: [GC pause (partial) 139M->67M(256M), 0.0994072 secs]
102.114: [GC pause (young) 91M->90M(256M), 0.0351052 secs]
102.173: [GC pause (young) 111M->111M(256M), 0.0340551 secs]
102.233: [GC pause (young) 129M->129M(256M), 0.0377152 secs]
102.304: [GC pause (young) (initial-mark) 145M->140M(256M), 0.0187198 secs]
102.323: [GC concurrent-mark-start]
102.340: [GC pause (young) 155M->155M(256M), 0.0262380 secs]
102.379: [GC concurrent-mark-end, 0.0563273 sec]
102.380: [GC remark, 0.0011555 secs]
102.381: [GC concurrent-count-start]
102.394: [GC pause (young) 168M->168M(256M), 0.0232732 secs]
102.422: [GC concurrent-count-end, 0.0405085]
102.424: [GC cleanup 169M->51M(256M), 0.0023687 secs]
102.426: [GC concurrent-cleanup-start]
102.427: [GC concurrent-cleanup-end, 0.0003528]
102.452: [GC pause (young) 61M->61M(256M), 0.0184882 secs]
102.473: [GC pause (partial) 62M->53M(256M), 0.0684436 secs]
102.605: [GC pause (young) 104M->91M(256M), 0.0535715 secs]
102.682: [GC pause (young) 112M->112M(256M), 0.0391530 secs]
102.741: [GC pause (young) 130M->120M(256M), 0.0161392 secs]
102.808: [GC pause (young) (initial-mark) 154M->154M(256M), 0.0659286 secs]
102.874: [GC concurrent-mark-start]
102.903: [GC concurrent-mark-end, 0.0286447 sec]
102.904: [GC remark, 0.0014535 secs]
102.925: [GC pause (young) 167M->167M(256M), 0.0263235 secs]
102.971: [GC pause (young) 178M->168M(256M), 0.0071295 secs]
102.991: [GC pause (young) 179M->168M(256M), 0.0041595 secs]
103.018: [GC concurrent-count-start]
103.039: [GC concurrent-count-end, 0.0212007]
103.039: [GC cleanup 184M->84M(256M), 0.0041808 secs]
103.044: [GC concurrent-cleanup-start]
103.044: [GC concurrent-cleanup-end, 0.0004084]
103.053: [GC pause (young) 90M->90M(256M), 0.0332854 secs]
103.088: [GC pause (partial) 91M->25M(256M), 0.0106529 secs]
103.172: [GC pause (young) 83M->42M(256M), 0.0253858 secs]
103.263: [GC pause (young) 95M->38M(256M), 0.0077482 secs]
103.328: [GC pause (young) 92M->92M(256M), 0.0877542 secs]
103.465: [GC pause (young) 133M->117M(256M), 0.0456380 secs]
103.552: [GC pause (young) (initial-mark) 152M->113M(256M), 0.0735139 secs]
103.626: [GC concurrent-mark-start]
103.648: [GC concurrent-mark-end, 0.0169924 sec]
103.648: [GC remark, 0.0021303 secs]
103.651: [GC concurrent-count-start]
103.656: [GC concurrent-count-end, 0.0050167]
103.656: [GC cleanup 128M->25M(256M), 0.0038635 secs]
103.660: [GC concurrent-cleanup-start]
103.661: [GC concurrent-cleanup-end, 0.0003359]
103.691: [GC pause (young) 46M->46M(256M), 0.0537408 secs]
103.747: [GC pause (partial) 47M->39M(256M), 0.0107156 secs]
103.821: [GC pause (young) 93M->65M(256M), 0.0380234 secs]
103.919: [GC pause (young) 113M->67M(256M), 0.0138452 secs]
103.995: [GC pause (young) 114M->114M(256M), 0.0744912 secs]
104.114: [GC pause (young) 149M->132M(256M), 0.0362061 secs]
104.194: [GC pause (young) (initial-mark) 163M->163M(256M), 0.0510668 secs]
104.246: [GC concurrent-mark-start]
104.260: [GC pause (young) 175M->164M(256M), 0.0105391 secs]
104.285: [GC pause (young) 176M->164M(256M), 0.0026769 secs]
104.299: [GC concurrent-mark-end, 0.0467355 sec]
104.300: [GC remark, 0.0008915 secs]
104.301: [GC concurrent-count-start]
104.316: [GC concurrent-count-end, 0.0152030]
104.320: [GC cleanup 178M->79M(256M), 0.0042679 secs]
104.325: [GC concurrent-cleanup-start]
104.325: [GC concurrent-cleanup-end, 0.0003391]
104.338: [GC pause (young) 88M->88M(256M), 0.0344752 secs]
104.375: [GC pause (partial) 89M->26M(256M), 0.0109920 secs]
104.457: [GC pause (young) 83M->41M(256M), 0.0349906 secs]
104.549: [GC pause (young) 95M->38M(256M), 0.0076266 secs]
104.626: [GC pause (young) 92M->92M(256M), 0.0810928 secs]
104.752: [GC pause (young) 133M->118M(256M), 0.0487489 secs]
104.842: [GC pause (young) (initial-mark) 152M->113M(256M), 0.0027156 secs]
104.845: [GC concurrent-mark-start]
104.862: [GC concurrent-mark-end, 0.0166707 sec]
104.863: [GC remark, 0.0012338 secs]
104.904: [GC pause (young) 149M->149M(256M), 0.0532147 secs]
104.962: [GC concurrent-count-start]
104.976: [GC concurrent-count-end, 0.0137600]
104.978: [GC cleanup 161M->57M(256M), 0.0034545 secs]
104.981: [GC concurrent-cleanup-start]
104.982: [GC concurrent-cleanup-end, 0.0003373]
104.987: [GC pause (young) 59M->59M(256M), 0.0257979 secs]
105.017: [GC pause (partial) 60M->52M(256M), 0.0549115 secs]
105.135: [GC pause (young) 103M->89M(256M), 0.0512829 secs]
105.234: [GC pause (young) 131M->95M(256M), 0.0188694 secs]
105.310: [GC pause (young) 135M->135M(256M), 0.0631723 secs]
105.392: [GC pause (young) (initial-mark) 150M->132M(256M), 0.0037718 secs]
105.396: [GC concurrent-mark-start]
105.427: [GC concurrent-mark-end, 0.0301864 sec]
105.427: [GC remark, 0.0010452 secs]
105.429: [GC pause (young) 163M->155M(256M), 0.0347410 secs]
105.474: [GC concurrent-count-start]
105.484: [GC concurrent-count-end, 0.0097803]
105.484: [GC pause (young) 168M->168M(256M), 0.0287371 secs]
105.514: [GC cleanup 168M->46M(256M), 0.0082816 secs]
105.523: [GC concurrent-cleanup-start]
105.523: [GC concurrent-cleanup-end, 0.0004095]
105.540: [GC pause (young) 57M->57M(256M), 0.0212510 secs]
105.566: [GC pause (partial) 58M->50M(256M), 0.0751410 secs]
105.699: [GC pause (young) 101M->84M(256M), 0.0491894 secs]
105.802: [GC pause (young) 127M->90M(256M), 0.0200068 secs]
105.866: [GC pause (young) 131M->131M(256M), 0.0654481 secs]
105.949: [GC pause (young) (initial-mark) 147M->128M(256M), 0.0043672 secs]
105.953: [GC concurrent-mark-start]
105.976: [GC concurrent-mark-end, 0.0211596 sec]
105.976: [GC remark, 0.0009556 secs]
105.977: [GC concurrent-count-start]
105.983: [GC concurrent-count-end, 0.0059001]
105.984: [GC cleanup 154M->39M(256M), 0.0054238 secs]
105.989: [GC concurrent-cleanup-start]
105.990: [GC concurrent-cleanup-end, 0.0003515]
106.000: [GC pause (young) 45M->45M(256M), 0.0488577 secs]
106.050: [GC pause (partial) 46M->36M(256M), 0.0116249 secs]
106.125: [GC pause (young) 91M->60M(256M), 0.0358342 secs]
106.214: [GC pause (young) 109M->61M(256M), 0.0134285 secs]
106.290: [GC pause (young) 110M->110M(256M), 0.1061791 secs]
106.445: [GC pause (young) 146M->130M(256M), 0.0413050 secs]
106.525: [GC pause (young) (initial-mark) 161M->161M(256M), 0.0639798 secs]
106.590: [GC concurrent-mark-start]
106.634: [GC pause (young) 173M->160M(256M), 0.0052989 secs]
106.657: [GC pause (young) 172M->160M(256M), 0.0035645 secs]
106.663: [GC concurrent-mark-end, 0.0730408 sec]
106.663: [GC remark, 0.0006011 secs]
106.665: [GC concurrent-count-start]
106.674: [GC concurrent-count-end, 0.0096021]
106.675: [GC cleanup 164M->69M(256M), 0.0024706 secs]
106.678: [GC concurrent-cleanup-start]
106.678: [GC concurrent-cleanup-end, 0.0002143]
106.694: [GC pause (young) 89M->89M(256M), 0.0207443 secs]
106.716: [GC pause (partial) 90M->28M(256M), 0.0074292 secs]
106.773: [GC pause (young) 85M->41M(256M), 0.0139006 secs]
106.827: [GC pause (young) 95M->36M(256M), 0.0028440 secs]
106.874: [GC pause (young) 91M->91M(256M), 0.0543551 secs]
106.960: [GC pause (young) 132M->116M(256M), 0.0265197 secs]
107.010: [GC pause (young) (initial-mark) 151M->110M(256M)107.012: [GC concurrent-mark-start]
, 0.0017740 secs]
107.043: [GC pause (young) 146M->146M(256M), 0.0435903 secs]
107.097: [GC concurrent-mark-end, 0.0847654 sec]
107.101: [GC remark, 0.0323438 secs]
107.144: [GC concurrent-count-start]
107.153: [GC concurrent-count-end, 0.0091324]
107.153: [GC pause (young) 173M->173M(256M), 0.0272398 secs]
107.181: [GC cleanup 173M->73M(256M), 0.0024153 secs]
107.183: [GC concurrent-cleanup-start]
107.184: [GC concurrent-cleanup-end, 0.0001675]
107.192: [GC pause (young) 84M->79M(256M), 0.0147371 secs]
107.208: [GC pause (partial) 81M->11M(256M), 0.0048695 secs]
107.250: [GC pause (young) 72M->17M(256M), 0.0056802 secs]
107.298: [GC pause (young) 77M->77M(256M), 0.0647343 secs]
107.399: [GC pause (young) 122M->105M(256M), 0.0283815 secs]
107.458: [GC pause (young) 143M->107M(256M), 0.0072326 secs]
107.490: [GC pause (young) 144M->144M(256M), 0.0323247 secs]
107.535: [GC pause (young) (initial-mark) 158M->158M(256M), 0.0151008 secs]
107.550: [GC concurrent-mark-start]
107.576: [GC pause (young) 170M->162M(256M), 0.0056390 secs]
107.582: [GC concurrent-mark-end, 0.0178741 sec]
107.585: [GC remark, 0.0004734 secs]
107.594: [GC pause (young) 174M->174M(256M), 0.0104091 secs]
107.615: [GC pause (young) 184M->184M(256M), 0.0214668 secs]
107.651: [GC pause (young) 193M->193M(256M), 0.0087033 secs]
107.664: [GC concurrent-count-start]
107.678: [GC concurrent-count-end, 0.0137063]
107.679: [GC cleanup 195M->101M(256M), 0.0030155 secs]
107.682: [GC concurrent-cleanup-start]
107.682: [GC concurrent-cleanup-end, 0.0001997]
107.693: [GC pause (young) 107M->107M(256M), 0.0093685 secs]
107.704: [GC pause (partial) 108M->46M(256M), 0.0343440 secs]
107.776: [GC pause (young) 98M->77M(256M), 0.0247332 secs]
107.830: [GC pause (young) 122M->81M(256M), 0.0087386 secs]
107.874: [GC pause (young) 125M->125M(256M), 0.0374606 secs]
107.926: [GC pause (young) (initial-mark) 142M->124M(256M), 0.0044919 secs]
107.930: [GC concurrent-mark-start]
107.943: [GC concurrent-mark-end, 0.0124271 sec]
107.945: [GC remark, 0.0004445 secs]
107.946: [GC concurrent-count-start]
107.948: [GC concurrent-count-end, 0.0019468]
107.949: [GC cleanup 129M->18M(256M), 0.0012124 secs]
107.950: [GC concurrent-cleanup-start]
107.950: [GC concurrent-cleanup-end, 0.0001679]
107.970: [GC pause (young) 46M->46M(256M), 0.0342223 secs]
108.006: [GC pause (partial) 48M->41M(256M), 0.0129416 secs]
108.062: [GC pause (young) 95M->69M(256M), 0.0221460 secs]
108.120: [GC pause (young) 116M->71M(256M), 0.0102343 secs]
108.163: [GC pause (young) 117M->117M(256M), 0.0403660 secs]
108.225: [GC pause (young) (initial-mark) 152M->135M(256M), 0.0221606 secs]
108.248: [GC concurrent-mark-start]
108.277: [GC pause (young) 150M->150M(256M), 0.0161336 secs]
108.277: [GC concurrent-mark-end, 0.0184619 sec]
108.295: [GC remark, 0.0004515 secs]
108.300: [GC concurrent-count-start]
108.304: [GC pause (young) 163M->163M(256M), 0.0123541 secs]
108.323: [GC concurrent-count-end, 0.0222002]
108.323: [GC cleanup 175M->74M(256M), 0.0021262 secs]
108.325: [GC concurrent-cleanup-start]
108.325: [GC concurrent-cleanup-end, 0.0001696]
108.327: [GC pause (young) 75M->75M(256M), 0.0118419 secs]
108.341: [GC pause (partial) 77M->14M(256M), 0.0037163 secs]
108.383: [GC pause (young) 74M->63M(256M), 0.0367735 secs]
108.448: [GC pause (young) 111M->86M(256M), 0.0234263 secs]
108.497: [GC pause (young) 128M->87M(256M), 0.0061629 secs]
108.528: [GC pause (young) 129M->129M(256M), 0.0371587 secs]
108.575: [GC pause (young) (initial-mark) 145M->145M(256M), 0.0173084 secs]
108.592: [GC concurrent-mark-start]
108.601: [GC pause (young) 159M->155M(256M), 0.0101373 secs]
108.619: [GC concurrent-mark-end, 0.0271138 sec]
108.620: [GC remark, 0.0016885 secs]
108.621: [GC concurrent-count-start]
108.622: [GC pause (young) 168M->168M(256M), 0.0115527 secs]
108.639: [GC pause (young) 179M->179M(256M), 0.0130849 secs]
108.658: [GC pause (young) 189M->189M(256M), 0.0112058 secs]
108.679: [GC concurrent-count-end, 0.0578606]
108.680: [GC cleanup 193M->117M(256M), 0.0011557 secs]
108.681: [GC concurrent-cleanup-start]
108.681: [GC concurrent-cleanup-end, 0.0001210]
108.686: [GC pause (young) 122M->122M(256M), 0.0121597 secs]
108.702: [GC pause (partial) 124M->58M(256M), 0.0427148 secs]
108.774: [GC pause (young) 107M->98M(256M), 0.0311512 secs]
108.818: [GC pause (young) 118M->118M(256M), 0.0199335 secs]
108.849: [GC pause (young) (initial-mark) 135M->127M(256M), 0.0090449 secs]
108.858: [GC concurrent-mark-start]
108.869: [GC pause (young) 143M->143M(256M), 0.0142024 secs]
108.885: [GC concurrent-mark-end, 0.0265756 sec]
108.885: [GC remark, 0.0007145 secs]
108.886: [GC concurrent-count-start]
108.893: [GC concurrent-count-end, 0.0067963]
108.893: [GC cleanup 156M->44M(256M), 0.0022321 secs]
108.895: [GC concurrent-cleanup-start]
108.896: [GC concurrent-cleanup-end, 0.0001793]
108.898: [GC pause (young) 46M->46M(256M), 0.0132281 secs]
108.913: [GC pause (partial) 48M->45M(256M), 0.0243134 secs]
108.968: [GC pause (young) 98M->76M(256M), 0.0238589 secs]
109.019: [GC pause (young) 121M->72M(256M), 0.0028210 secs]
109.050: [GC pause (young) 118M->114M(256M), 0.0330555 secs]
109.104: [GC pause (young) 149M->121M(256M), 0.0112057 secs]
109.137: [GC pause (young) (initial-mark) 155M->155M(256M), 0.0295317 secs]
109.166: [GC concurrent-mark-start]
109.175: [GC pause (young) 168M->168M(256M), 0.0134707 secs]
109.196: [GC pause (young) 179M->173M(256M), 0.0060096 secs]
109.204: [GC concurrent-mark-end, 0.0370706 sec]
109.204: [GC remark, 0.0004154 secs]
109.206: [GC concurrent-count-start]
109.213: [GC pause (young) 184M->184M(256M), 0.0097953 secs]
109.228: [GC pause (young) 193M->193M(256M), 0.0088219 secs]
109.239: [GC concurrent-count-end, 0.0323066]
109.240: [GC cleanup 199M->98M(256M), 0.0012795 secs]
109.241: [GC concurrent-cleanup-start]
109.241: [GC concurrent-cleanup-end, 0.0001580]
109.246: [GC pause (young) 100M->100M(256M), 0.0072833 secs]
109.255: [GC pause (partial) 102M->36M(256M), 0.0228513 secs]
109.307: [GC pause (young) 91M->59M(256M), 0.0187455 secs]
109.351: [GC pause (young) 108M->60M(256M), 0.0062238 secs]
109.401: [GC pause (young) 109M->109M(256M), 0.0775982 secs]
109.515: [GC pause (young) 146M->130M(256M), 0.0381114 secs]
109.567: [GC pause (young) (initial-mark) 146M->146M(256M)109.597: [GC concurrent-mark-start]
, 0.0297508 secs]
109.611: [GC pause (young) 160M->160M(256M), 0.0236304 secs]
109.648: [GC pause (young) 172M->162M(256M), 0.0063073 secs]
109.673: [GC concurrent-mark-end, 0.0758516 sec]
109.673: [GC pause (young) 174M->174M(256M), 0.0220275 secs]
109.696: [GC remark, 0.0012142 secs]
109.700: [GC concurrent-count-start]
109.709: [GC pause (young) 184M->184M(256M), 0.0160154 secs]
109.735: [GC pause (young) 193M->193M(256M), 0.0185752 secs]
109.764: [GC concurrent-count-end, 0.0645318]
109.766: [GC cleanup 193M->98M(256M), 0.0040183 secs]
109.770: [GC concurrent-cleanup-start]
109.770: [GC concurrent-cleanup-end, 0.0003301]
109.784: [GC pause (young) 106M->106M(256M), 0.0179261 secs]
109.815: [GC pause (partial) 107M->43M(256M), 0.0560148 secs]
109.920: [GC pause (young) 96M->73M(256M), 0.0246781 secs]
109.974: [GC pause (young) 119M->68M(256M), 0.0027798 secs]
110.004: [GC pause (young) 115M->110M(256M), 0.0353710 secs]
110.062: [GC pause (young) 146M->118M(256M), 0.0116446 secs]
110.094: [GC pause (young) (initial-mark) 152M->152M(256M)110.126: [GC concurrent-mark-start]
, 0.0323443 secs]
110.135: [GC pause (young) 165M->165M(256M), 0.0145535 secs]
110.157: [GC pause (young) 177M->169M(256M), 0.0060348 secs]
110.169: [GC concurrent-mark-end, 0.0423864 sec]
110.169: [GC remark, 0.0007255 secs]
110.170: [GC concurrent-count-start]
110.170: [GC pause (young) 180M->180M(256M), 0.0102873 secs]
110.190: [GC pause (young) 190M->190M(256M), 0.0095898 secs]
110.205: [GC pause (young) 198M->198M(256M), 0.0081224 secs]
110.217: [GC concurrent-count-end, 0.0476676]
110.218: [GC pause (young) 205M->205M(256M), 0.0071630 secs]
110.225: [GC cleanup 205M->108M(256M), 0.0023060 secs]
110.227: [GC concurrent-cleanup-start]
110.228: [GC concurrent-cleanup-end, 0.0002032]
110.235: [GC pause (young) 115M->115M(256M), 0.0070467 secs]
110.243: [GC pause (partial) 117M->52M(256M), 0.0390908 secs]
110.299: [GC pause (young) 78M->63M(256M), 0.0100840 secs]
110.338: [GC pause (young) 111M->111M(256M), 0.0413495 secs]
110.390: [GC pause (young) 129M->116M(256M), 0.0097545 secs]
110.420: [GC pause (young) (initial-mark) 151M->151M(256M), 0.0308295 secs]
110.451: [GC concurrent-mark-start]
110.459: [GC pause (young) 164M->164M(256M), 0.0134747 secs]
110.479: [GC pause (young) 176M->167M(256M), 0.0047932 secs]
110.484: [GC concurrent-mark-end, 0.0338375 sec]
110.485: [GC remark, 0.0004412 secs]
110.485: [GC concurrent-count-start]
110.490: [GC pause (young) 178M->178M(256M), 0.0096907 secs]
110.505: [GC pause (young) 188M->188M(256M), 0.0087925 secs]
110.517: [GC concurrent-count-end, 0.0321906]
110.518: [GC cleanup 195M->99M(256M), 0.0012957 secs]
110.519: [GC concurrent-cleanup-start]
110.519: [GC concurrent-cleanup-end, 0.0002034]
110.522: [GC pause (young) 101M->101M(256M), 0.0083158 secs]
110.532: [GC pause (partial) 103M->38M(256M), 0.0229539 secs]
110.583: [GC pause (young) 92M->63M(256M), 0.0196493 secs]
110.628: [GC pause (young) 111M->64M(256M), 0.0065394 secs]
110.659: [GC pause (young) 112M->105M(256M), 0.0377124 secs]
110.720: [GC pause (young) 143M->117M(256M), 0.0149243 secs]
110.754: [GC pause (young) (initial-mark) 152M->152M(256M), 0.0300170 secs]
110.784: [GC concurrent-mark-start]
110.798: [GC concurrent-mark-end, 0.0131142 sec]
110.798: [GC remark, 0.0004608 secs]
110.801: [GC concurrent-count-start]
110.805: [GC pause (young) 165M->148M(256M), 0.0014411 secs]
110.812: [GC concurrent-count-end, 0.0110328]
110.813: [GC cleanup 152M->62M(256M), 0.0041468 secs]
110.817: [GC concurrent-cleanup-start]
110.818: [GC concurrent-cleanup-end, 0.0001631]
110.845: [GC pause (young) 85M->85M(256M), 0.0208782 secs]
110.869: [GC pause (partial) 87M->30M(256M), 0.0064303 secs]
110.904: [GC pause (young) 86M->50M(256M), 0.0158218 secs]
110.946: [GC pause (young) 101M->48M(256M), 0.0049096 secs]
110.977: [GC pause (young) 100M->100M(256M), 0.0423756 secs]
111.040: [GC pause (young) 139M->122M(256M), 0.0226885 secs]
111.080: [GC pause (young) (initial-mark) 155M->155M(256M), 0.0287970 secs]
111.109: [GC concurrent-mark-start]
111.122: [GC pause (young) 168M->161M(256M), 0.0080050 secs]
111.134: [GC concurrent-mark-end, 0.0251072 sec]
111.134: [GC remark, 0.0005855 secs]
111.135: [GC concurrent-count-start]
111.138: [GC pause (young) 173M->173M(256M), 0.0110469 secs]
111.156: [GC pause (young) 184M->184M(256M), 0.0096976 secs]
111.171: [GC pause (young) 193M->193M(256M), 0.0082206 secs]
111.182: [GC concurrent-count-end, 0.0465357]
111.182: [GC cleanup 198M->113M(256M), 0.0017051 secs]
111.184: [GC concurrent-cleanup-start]
111.184: [GC concurrent-cleanup-end, 0.0002280]
111.188: [GC pause (young) 116M->116M(256M), 0.0074236 secs]
111.197: [GC pause (partial) 118M->52M(256M), 0.0353272 secs]
111.270: [GC pause (young) 103M->77M(256M), 0.0194718 secs]
111.322: [GC pause (young) 122M->74M(256M), 0.0038252 secs]
111.353: [GC pause (young) 119M->115M(256M), 0.0331808 secs]
111.406: [GC pause (young) (initial-mark) 150M->122M(256M)111.416: [GC concurrent-mark-start]
, 0.0108298 secs]
111.432: [GC concurrent-mark-end, 0.0155217 sec]
111.432: [GC remark, 0.0006689 secs]
111.436: [GC pause (young) 155M->155M(256M), 0.0294581 secs]
111.469: [GC concurrent-count-start]
111.474: [GC pause (young) 168M->168M(256M), 0.0136600 secs]
111.493: [GC concurrent-count-end, 0.0243011]
111.494: [GC cleanup 178M->77M(256M), 0.0014556 secs]
111.495: [GC concurrent-cleanup-start]
111.496: [GC concurrent-cleanup-end, 0.0005025]
111.498: [GC pause (young) 79M->70M(256M), 0.0045819 secs]
111.505: [GC pause (partial) 72M->8508K(256M), 0.0052389 secs]
111.543: [GC pause (young) 70M->11M(256M), 0.0067935 secs]
111.610: [GC pause (young) 72M->72M(256M), 0.0668755 secs]
111.704: [GC pause (young) 118M->108M(256M), 0.0333816 secs]
111.757: [GC pause (young) 145M->116M(256M), 0.0190056 secs]
111.808: [GC pause (young) (initial-mark) 151M->151M(256M), 0.0651011 secs]
111.873: [GC concurrent-mark-start]
111.910: [GC pause (young) 164M->164M(256M), 0.0265655 secs]
111.949: [GC concurrent-mark-end, 0.0747800 sec]
111.949: [GC remark, 0.0009595 secs]
111.953: [GC pause (young) 176M->163M(256M), 0.0023192 secs]
111.958: [GC concurrent-count-start]
111.968: [GC pause (young) 175M->175M(256M), 0.0188894 secs]
111.998: [GC pause (young) 185M->185M(256M), 0.0163751 secs]
112.024: [GC pause (young) 194M->194M(256M), 0.0152685 secs]
112.044: [GC concurrent-count-end, 0.0859716]
112.045: [GC cleanup 200M->105M(256M), 0.0028418 secs]
112.048: [GC concurrent-cleanup-start]
112.049: [GC concurrent-cleanup-end, 0.0003949]
112.051: [GC pause (young) 107M->107M(256M), 0.0145542 secs]
112.074: [GC pause (partial) 108M->41M(256M), 0.0502724 secs]
112.188: [GC pause (young) 95M->70M(256M), 0.0479006 secs]
112.289: [GC pause (young) 116M->73M(256M), 0.0140114 secs]
112.338: [GC pause (young) 119M->119M(256M), 0.0422677 secs]
112.396: [GC pause (young) (initial-mark) 136M->118M(256M)112.401: [GC concurrent-mark-start]
, 0.0057836 secs]
112.427: [GC pause (young) 152M->152M(256M), 0.0457735 secs]
112.493: [GC concurrent-mark-end, 0.0919331 sec]
112.494: [GC remark, 0.0006380 secs]
112.495: [GC concurrent-count-start]
112.503: [GC pause (young) 165M->165M(256M), 0.0190454 secs]
112.527: [GC concurrent-count-end, 0.0319610]
112.527: [GC cleanup 169M->66M(256M), 0.0027866 secs]
112.530: [GC concurrent-cleanup-start]
112.530: [GC concurrent-cleanup-end, 0.0002136]
112.538: [GC pause (young) 74M->74M(256M), 0.0126008 secs]
112.551: [GC pause (partial) 76M->14M(256M), 0.0045076 secs]
112.591: [GC pause (young) 74M->74M(256M), 0.0490102 secs]
112.667: [GC pause (young) 119M->107M(256M), 0.0331190 secs]
112.712: [GC pause (young) 126M->126M(256M), 0.0209689 secs]
112.742: [GC pause (young) (initial-mark) 142M->131M(256M), 0.0079938 secs]
112.750: [GC concurrent-mark-start]
112.766: [GC concurrent-mark-end, 0.0160614 sec]
112.766: [GC remark, 0.0006564 secs]
112.768: [GC concurrent-count-start]
112.771: [GC pause (young) 162M->162M(256M), 0.0360523 secs]
112.814: [GC concurrent-count-end, 0.0462168]
112.814: [GC cleanup 174M->55M(256M), 0.0024486 secs]
112.817: [GC concurrent-cleanup-start]
112.817: [GC pause (young) 55M->55M(256M), 0.0183234 secs]
112.835: [GC concurrent-cleanup-end, 0.0185933]
112.854: [GC pause (young) 74M->57M(256M), 0.0066803 secs]
112.867: [GC pause (partial) 59M->21M(256M), 0.0069535 secs]
112.918: [GC pause (young) 80M->80M(256M), 0.0673815 secs]
113.023: [GC pause (young) 124M->116M(256M), 0.0370156 secs]
113.070: [GC pause (young) (initial-mark) 134M->134M(256M), 0.0185926 secs]
113.088: [GC concurrent-mark-start]
113.099: [GC pause (young) 149M->137M(256M), 0.0055843 secs]
113.114: [GC concurrent-mark-end, 0.0257765 sec]
113.114: [GC remark, 0.0005205 secs]
113.115: [GC concurrent-count-start]
113.122: [GC pause (young) 167M->162M(256M), 0.0210421 secs]
113.150: [GC concurrent-count-end, 0.0349596]
113.150: [GC pause (young) 174M->174M(256M), 0.0163579 secs]
113.167: [GC cleanup 174M->108M(256M), 0.0017960 secs]
113.169: [GC concurrent-cleanup-start]
113.169: [GC concurrent-cleanup-end, 0.0001159]
113.178: [GC pause (young) 118M->118M(256M), 0.0098165 secs]
113.191: [GC pause (partial) 120M->52M(256M), 0.0373311 secs]
113.262: [GC pause (young) 103M->88M(256M), 0.0287466 secs]
113.321: [GC pause (young) 130M->94M(256M), 0.0099139 secs]
113.364: [GC pause (young) 134M->134M(256M), 0.0351568 secs]
113.411: [GC pause (young) (initial-mark) 149M->129M(256M), 0.0013819 secs]
113.413: [GC concurrent-mark-start]
113.428: [GC concurrent-mark-end, 0.0114575 sec]
113.428: [GC remark, 0.0004944 secs]
113.430: [GC concurrent-count-start]
113.433: [GC concurrent-count-end, 0.0030051]
113.434: [GC cleanup 143M->23M(256M), 0.0015559 secs]
113.435: [GC concurrent-cleanup-start]
113.435: [GC concurrent-cleanup-end, 0.0002114]
113.448: [GC pause (young) 40M->40M(256M), 0.0241628 secs]
113.473: [GC pause (partial) 42M->35M(256M), 0.0069269 secs]
113.509: [GC pause (young) 90M->57M(256M), 0.0255040 secs]
113.568: [GC pause (young) 107M->58M(256M), 0.0063821 secs]
113.609: [GC pause (young) 107M->107M(256M), 0.0571178 secs]
113.692: [GC pause (young) 144M->127M(256M), 0.0214328 secs]
113.737: [GC pause (young) (initial-mark) 159M->159M(256M), 0.0283862 secs]
113.765: [GC concurrent-mark-start]
113.772: [GC pause (young) 171M->159M(256M), 0.0049906 secs]
113.785: [GC pause (young) 171M->162M(256M), 0.0042367 secs]
113.795: [GC concurrent-mark-end, 0.0296615 sec]
113.795: [GC remark, 0.0004427 secs]
113.796: [GC concurrent-count-start]
113.806: [GC concurrent-count-end, 0.0103640]
113.806: [GC pause (young) 185M->185M(256M), 0.0256345 secs]
113.832: [GC cleanup 185M->94M(256M), 0.0021472 secs]
113.835: [GC concurrent-cleanup-start]
113.835: [GC concurrent-cleanup-end, 0.0001562]
113.842: [GC pause (young) 103M->103M(256M), 0.0099504 secs]
113.854: [GC pause (partial) 105M->39M(256M), 0.0233495 secs]
113.916: [GC pause (young) 93M->66M(256M), 0.0206882 secs]
113.968: [GC pause (young) 113M->67M(256M), 0.0066552 secs]
114.004: [GC pause (young) 114M->114M(256M), 0.0426697 secs]
114.071: [GC pause (young) 149M->131M(256M), 0.0182201 secs]
114.108: [GC pause (young) (initial-mark) 162M->162M(256M), 0.0276287 secs]
114.136: [GC concurrent-mark-start]
114.145: [GC pause (young) 174M->163M(256M), 0.0044538 secs]
114.158: [GC pause (young) 175M->175M(256M), 0.0098824 secs]
114.171: [GC concurrent-mark-end, 0.0353708 sec]
114.171: [GC remark, 0.0004852 secs]
114.172: [GC concurrent-count-start]
114.181: [GC concurrent-count-end, 0.0084667]
114.181: [GC pause (young) 185M->185M(256M), 0.0084184 secs]
114.189: [GC cleanup 185M->86M(256M), 0.0015923 secs]
114.191: [GC concurrent-cleanup-start]
114.191: [GC concurrent-cleanup-end, 0.0001722]
114.199: [GC pause (young) 95M->95M(256M), 0.0080255 secs]
114.208: [GC pause (partial) 97M->34M(256M), 0.0211040 secs]
114.267: [GC pause (young) 89M->56M(256M), 0.0189076 secs]
114.317: [GC pause (young) 106M->56M(256M), 0.0057534 secs]
114.357: [GC pause (young) 106M->106M(256M), 0.0424719 secs]
114.426: [GC pause (young) 143M->126M(256M), 0.0205626 secs]
114.470: [GC pause (young) (initial-mark) 158M->158M(256M)114.498: [GC concurrent-mark-start]
, 0.0284617 secs]
114.520: [GC concurrent-mark-end, 0.0159895 sec]
114.521: [GC remark, 0.0006445 secs]
114.524: [GC pause (young) 170M->159M(256M), 0.0047046 secs]
114.529: [GC concurrent-count-start]
114.536: [GC pause (young) 171M->162M(256M), 0.0127183 secs]
114.553: [GC concurrent-count-end, 0.0235258]
114.553: [GC cleanup 170M->78M(256M), 0.0023812 secs]
114.556: [GC concurrent-cleanup-start]
114.556: [GC concurrent-cleanup-end, 0.0002173]
114.573: [GC pause (young) 93M->93M(256M), 0.0201285 secs]
114.594: [GC pause (partial) 95M->31M(256M), 0.0213187 secs]
114.655: [GC pause (young) 87M->50M(256M), 0.0161341 secs]
114.705: [GC pause (young) 101M->48M(256M), 0.0048950 secs]
114.753: [GC pause (young) 100M->100M(256M), 0.0425343 secs]
114.824: [GC pause (young) 139M->123M(256M), 0.0226990 secs]
114.864: [GC pause (young) (initial-mark) 156M->156M(256M), 0.0292471 secs]
114.893: [GC concurrent-mark-start]
114.903: [GC pause (young) 169M->165M(256M), 0.0107281 secs]
114.920: [GC pause (young) 177M->177M(256M), 0.0114002 secs]
114.933: [GC concurrent-mark-end, 0.0394579 sec]
114.933: [GC remark, 0.0004250 secs]
114.934: [GC concurrent-count-start]
114.939: [GC pause (young) 187M->187M(256M), 0.0089458 secs]
114.953: [GC pause (young) 196M->196M(256M), 0.0083213 secs]
114.966: [GC pause (young) 204M->204M(256M), 0.0073364 secs]
114.977: [GC pause (young) 211M->211M(256M), 0.0065691 secs]
114.984: [GC concurrent-count-end, 0.0503440]
114.984: [GC cleanup 212M->127M(256M), 0.0017742 secs]
114.986: [GC concurrent-cleanup-start]
114.986: [GC concurrent-cleanup-end, 0.0001470]
114.989: [GC pause (young) 129M->129M(256M), 0.0036607 secs]
114.995: [GC pause (partial) 131M->61M(256M), 0.0438327 secs]
115.051: [GC pause (young) 86M->81M(256M), 0.0187911 secs]
115.095: [GC pause (young) 125M->125M(256M), 0.0354398 secs]
115.139: [GC pause (young) (initial-mark) 142M->134M(256M), 0.0147619 secs]
115.154: [GC concurrent-mark-start]
115.168: [GC concurrent-mark-end, 0.0142506 sec]
115.169: [GC remark, 0.0004444 secs]
115.169: [GC concurrent-count-start]
115.173: [GC concurrent-count-end, 0.0042201]
115.175: [GC cleanup 143M->32M(256M), 0.0036279 secs]
115.179: [GC concurrent-cleanup-start]
115.179: [GC concurrent-cleanup-end, 0.0001938]
115.198: [GC pause (young) 53M->53M(256M), 0.0248089 secs]
115.224: [GC pause (partial) 55M->47M(256M), 0.0161213 secs]
115.282: [GC pause (young) 99M->72M(256M), 0.0189630 secs]
115.326: [GC pause (young) 118M->70M(256M), 0.0044080 secs]
115.355: [GC pause (young) 116M->116M(256M), 0.0623164 secs]
115.451: [GC pause (young) (initial-mark) 151M->129M(256M)115.476: [GC concurrent-mark-start]
, 0.0257753 secs]
115.492: [GC concurrent-mark-end, 0.0151285 sec]
115.492: [GC remark, 0.0004441 secs]
115.492: [GC concurrent-count-start]
115.495: [GC pause (young) 161M->161M(256M), 0.0280447 secs]
115.529: [GC pause (young) 173M->173M(256M), 0.0129313 secs]
115.547: [GC concurrent-count-end, 0.0549078]
115.548: [GC cleanup 183M->82M(256M), 0.0014686 secs]
115.549: [GC concurrent-cleanup-start]
115.549: [GC concurrent-cleanup-end, 0.0002009]
115.551: [GC pause (young) 83M->78M(256M), 0.0069955 secs]
115.561: [GC pause (partial) 80M->11M(256M), 0.0050558 secs]
115.598: [GC pause (young) 72M->16M(256M), 0.0053789 secs]
115.634: [GC pause (young) 76M->76M(256M), 0.0484490 secs]
115.717: [GC pause (young) 121M->112M(256M), 0.0897875 secs]
115.833: [GC pause (young) 148M->120M(256M), 0.0111236 secs]
115.862: [GC pause (young) (initial-mark) 154M->154M(256M), 0.0296668 secs]
115.891: [GC concurrent-mark-start]
115.901: [GC pause (young) 167M->167M(256M), 0.0137629 secs]
115.923: [GC concurrent-mark-end, 0.0319424 sec]
115.924: [GC remark, 0.0004317 secs]
115.924: [GC concurrent-count-start]
115.925: [GC pause (young) 178M->166M(256M), 0.0017263 secs]
115.933: [GC pause (young) 177M->173M(256M), 0.0065847 secs]
115.944: [GC concurrent-count-end, 0.0194676]
115.946: [GC cleanup 183M->83M(256M), 0.0014236 secs]
115.948: [GC concurrent-cleanup-start]
115.948: [GC concurrent-cleanup-end, 0.0001849]
115.949: [GC pause (young) 85M->85M(256M), 0.0102618 secs]
115.961: [GC pause (partial) 87M->23M(256M), 0.0098952 secs]
116.002: [GC pause (young) 81M->28M(256M), 0.0058323 secs]
116.052: [GC pause (young) 85M->85M(256M), 0.1049510 secs]
116.196: [GC pause (young) 128M->118M(256M), 0.0562905 secs]
116.283: [GC pause (young) (initial-mark) 152M->120M(256M)116.295: [GC concurrent-mark-start]
, 0.0123430 secs]
116.321: [GC concurrent-mark-end, 0.0249117 sec]
116.321: [GC remark, 0.0009723 secs]
116.322: [GC concurrent-count-start]
116.329: [GC concurrent-count-end, 0.0070245]
116.330: [GC cleanup 153M->49M(256M), 0.0075257 secs]
116.338: [GC concurrent-cleanup-start]
116.338: [GC concurrent-cleanup-end, 0.0003576]
116.342: [GC pause (young) 51M->51M(256M), 0.0567136 secs]
116.403: [GC pause (partial) 53M->45M(256M), 0.0181759 secs]
116.473: [GC pause (young) 98M->77M(256M), 0.0448619 secs]
116.560: [GC pause (young) 122M->81M(256M), 0.0165183 secs]
116.619: [GC pause (young) 125M->125M(256M), 0.0644092 secs]
116.695: [GC pause (young) (initial-mark) 142M->125M(256M)116.700: [GC concurrent-mark-start]
, 0.0054845 secs]
116.720: [GC concurrent-mark-end, 0.0192656 sec]
116.720: [GC pause (young) 158M->158M(256M), 0.0288288 secs]
116.750: [GC remark, 0.0005930 secs]
116.754: [GC concurrent-count-start]
116.761: [GC pause (young) 170M->170M(256M), 0.0139055 secs]
116.780: [GC concurrent-count-end, 0.0263804]
116.781: [GC cleanup 177M->68M(256M), 0.0023363 secs]
116.783: [GC concurrent-cleanup-start]
116.784: [GC concurrent-cleanup-end, 0.0007090]
116.790: [GC pause (young) 72M->72M(256M), 0.0114825 secs]
116.803: [GC pause (partial) 74M->64M(256M), 0.0520190 secs]
116.886: [GC pause (young) 112M->101M(256M), 0.0306809 secs]
116.934: [GC pause (young) 121M->121M(256M), 0.0212740 secs]
116.967: [GC pause (young) (initial-mark) 138M->127M(256M)116.975: [GC concurrent-mark-start]
, 0.0076993 secs]
116.997: [GC concurrent-mark-end, 0.0163290 sec]
116.997: [GC remark, 0.0006256 secs]
117.001: [GC concurrent-count-start]
117.004: [GC concurrent-count-end, 0.0031950]
117.004: [GC cleanup 159M->44M(256M), 0.0038218 secs]
117.008: [GC concurrent-cleanup-start]
117.008: [GC pause (young) 44M->44M(256M), 0.0271973 secs]
117.036: [GC concurrent-cleanup-end, 0.0275545]
117.071: [GC pause (young) 97M->67M(256M), 0.0229773 secs]
117.095: [GC pause (partial) 69M->59M(256M), 0.0095682 secs]
117.134: [GC pause (young) 108M->70M(256M), 0.0123201 secs]
117.179: [GC pause (young) 116M->116M(256M), 0.0429354 secs]
117.244: [GC pause (young) (initial-mark) 151M->137M(256M)117.266: [GC concurrent-mark-start]
, 0.0223850 secs]
117.275: [GC pause (young) 152M->152M(256M), 0.0169200 secs]
117.300: [GC pause (young) 165M->165M(256M), 0.0128735 secs]
117.318: [GC concurrent-mark-end, 0.0521288 sec]
117.319: [GC remark, 0.0007379 secs]
117.320: [GC concurrent-count-start]
117.322: [GC pause (young) 177M->165M(256M), 0.0016068 secs]
117.331: [GC pause (young) 177M->177M(256M), 0.0101484 secs]
117.346: [GC concurrent-count-end, 0.0261600]
117.347: [GC pause (young) 187M->187M(256M), 0.0091143 secs]
117.356: [GC cleanup 187M->87M(256M), 0.0015665 secs]
117.358: [GC concurrent-cleanup-start]
117.358: [GC concurrent-cleanup-end, 0.0001779]
117.366: [GC pause (young) 96M->96M(256M), 0.0080095 secs]
117.375: [GC pause (partial) 98M->35M(256M), 0.0210458 secs]
117.424: [GC pause (young) 90M->58M(256M), 0.0181216 secs]
117.468: [GC pause (young) 107M->57M(256M), 0.0060181 secs]
117.500: [GC pause (young) 106M->106M(256M), 0.0412477 secs]
117.560: [GC pause (young) 143M->126M(256M), 0.0200177 secs]
117.597: [GC pause (young) (initial-mark) 158M->158M(256M)117.624: [GC concurrent-mark-start]
, 0.0275855 secs]
117.632: [GC pause (young) 170M->159M(256M), 0.0047736 secs]
117.644: [GC pause (young) 171M->161M(256M), 0.0036024 secs]
117.653: [GC concurrent-mark-end, 0.0280105 sec]
117.653: [GC remark, 0.0004626 secs]
117.654: [GC concurrent-count-start]
117.662: [GC pause (young) 185M->185M(256M), 0.0188850 secs]
117.686: [GC pause (young) 194M->194M(256M), 0.0096602 secs]
117.698: [GC concurrent-count-end, 0.0441377]
117.698: [GC cleanup 199M->108M(256M), 0.0013701 secs]
117.700: [GC concurrent-cleanup-start]
117.700: [GC concurrent-cleanup-end, 0.0001882]
117.702: [GC pause (young) 111M->111M(256M), 0.0073896 secs]
117.712: [GC pause (partial) 113M->47M(256M), 0.0309673 secs]
117.772: [GC pause (young) 99M->80M(256M), 0.0251652 secs]
117.819: [GC pause (young) 124M->84M(256M), 0.0087558 secs]
117.851: [GC pause (young) 127M->127M(256M), 0.0372115 secs]
117.896: [GC pause (young) (initial-mark) 143M->125M(256M)117.900: [GC concurrent-mark-start]
, 0.0034152 secs]
117.917: [GC concurrent-mark-end, 0.0147894 sec]
117.918: [GC remark, 0.0004533 secs]
117.919: [GC concurrent-count-start]
117.919: [GC pause (young) 158M->158M(256M), 0.0264505 secs]
117.952: [GC concurrent-count-end, 0.0332564]
117.952: [GC cleanup 168M->56M(256M), 0.0015061 secs]
117.954: [GC concurrent-cleanup-start]
117.954: [GC concurrent-cleanup-end, 0.0002002]
117.956: [GC pause (young) 58M->58M(256M), 0.0124552 secs]
117.971: [GC pause (partial) 60M->51M(256M), 0.0290685 secs]
118.027: [GC pause (young) 102M->87M(256M), 0.0272736 secs]
118.075: [GC pause (young) 129M->92M(256M), 0.0094936 secs]
118.106: [GC pause (young) 133M->133M(256M), 0.0354197 secs]
118.149: [GC pause (young) (initial-mark) 149M->130M(256M)118.152: [GC concurrent-mark-start]
, 0.0025156 secs]
118.166: [GC concurrent-mark-end, 0.0140695 sec]
118.166: [GC remark, 0.0004938 secs]
118.167: [GC concurrent-count-start]
118.170: [GC pause (young) 161M->161M(256M), 0.0252825 secs]
118.199: [GC concurrent-count-end, 0.0328783]
118.200: [GC cleanup 170M->51M(256M), 0.0014129 secs]
118.201: [GC concurrent-cleanup-start]
118.201: [GC concurrent-cleanup-end, 0.0002390]
118.205: [GC pause (young) 54M->54M(256M), 0.0124058 secs]
118.219: [GC pause (partial) 56M->48M(256M), 0.0296330 secs]
118.282: [GC pause (young) 100M->69M(256M), 0.0166611 secs]
118.331: [GC pause (young) 116M->65M(256M), 0.0047080 secs]
118.384: [GC pause (young) 113M->113M(256M), 0.0552623 secs]
118.457: [GC pause (young) 149M->127M(256M), 0.0156098 secs]
118.490: [GC pause (young) (initial-mark) 159M->159M(256M)118.518: [GC concurrent-mark-start]
, 0.0278577 secs]
118.524: [GC pause (young) 171M->171M(256M), 0.0185352 secs]
118.554: [GC pause (young) 182M->178M(256M), 0.0136610 secs]
118.577: [GC pause (young) 188M->188M(256M), 0.0176300 secs]
118.598: [GC concurrent-mark-end, 0.0803695 sec]
118.598: [GC remark, 0.0008687 secs]
118.600: [GC concurrent-count-start]
118.606: [GC pause (young) 197M->197M(256M), 0.0154408 secs]
118.629: [GC pause (young) 205M->205M(256M), 0.0124051 secs]
118.646: [GC pause (young) 212M->212M(256M), 0.0065203 secs]
118.654: [GC pause (young) 215M->215M(256M), 0.0038237 secs]
118.660: [GC pause (young) 218M->218M(256M), 0.0028196 secs]
118.664: [GC pause (young) 221M->221M(256M), 0.0027543 secs]
118.669: [GC pause (young) 223M->223M(256M), 0.0024384 secs]
118.673: [GC concurrent-count-end, 0.0729384]
118.673: [GC pause (young) 225M->225M(256M), 0.0020892 secs]
118.675: [GC cleanup 225M->127M(256M), 0.0009985 secs]
118.676: [GC concurrent-cleanup-start]
118.676: [GC concurrent-cleanup-end, 0.0001644]
118.678: [GC pause (young) 129M->129M(256M), 0.0021402 secs]
118.682: [GC pause (partial) 131M->61M(256M), 0.0455385 secs]
118.743: [GC pause (young) 86M->79M(256M), 0.0149667 secs]
118.785: [GC pause (young) 123M->123M(256M), 0.0353467 secs]
118.830: [GC pause (young) (initial-mark) 140M->132M(256M), 0.0109427 secs]
118.841: [GC concurrent-mark-start]
118.852: [GC concurrent-mark-end, 0.0110913 sec]
118.852: [GC remark, 0.0005627 secs]
118.854: [GC concurrent-count-start]
118.859: [GC concurrent-count-end, 0.0050570]
118.859: [GC cleanup 143M->33M(256M), 0.0014937 secs]
118.861: [GC concurrent-cleanup-start]
118.861: [GC concurrent-cleanup-end, 0.0001636]
118.875: [GC pause (young) 53M->53M(256M), 0.0247788 secs]
118.900: [GC pause (partial) 55M->48M(256M), 0.0152920 secs]
118.944: [GC pause (young) 100M->80M(256M), 0.0250787 secs]
118.992: [GC pause (young) 124M->85M(256M), 0.0092493 secs]
119.023: [GC pause (young) 128M->128M(256M), 0.0365755 secs]
119.068: [GC pause (young) (initial-mark) 144M->124M(256M)119.071: [GC concurrent-mark-start]
, 0.0029078 secs]
119.084: [GC concurrent-mark-end, 0.0126343 sec]
119.084: [GC remark, 0.0005115 secs]
119.085: [GC concurrent-count-start]
119.088: [GC concurrent-count-end, 0.0033112]
119.088: [GC cleanup 152M->39M(256M), 0.0022932 secs]
119.091: [GC concurrent-cleanup-start]
119.091: [GC concurrent-cleanup-end, 0.0002277]
119.096: [GC pause (young) 44M->33M(256M), 0.0182182 secs]
119.115: [GC pause (partial) 35M->26M(256M), 0.0065909 secs]
119.151: [GC pause (young) 83M->42M(256M), 0.0133115 secs]
119.193: [GC pause (young) 95M->39M(256M), 0.0036697 secs]
119.225: [GC pause (young) 93M->93M(256M), 0.0438221 secs]
119.298: [GC pause (young) 134M->118M(256M), 0.0245169 secs]
119.339: [GC pause (young) (initial-mark) 152M->112M(256M)119.341: [GC concurrent-mark-start]
, 0.0010983 secs]
119.353: [GC concurrent-mark-end, 0.0124164 sec]
119.353: [GC remark, 0.0004337 secs]
119.354: [GC concurrent-count-start]
119.357: [GC concurrent-count-end, 0.0028018]
119.357: [GC cleanup 140M->37M(256M), 0.0024086 secs]
119.359: [GC concurrent-cleanup-start]
119.359: [GC concurrent-cleanup-end, 0.0001956]
119.366: [GC pause (young) 45M->45M(256M), 0.0275173 secs]
119.395: [GC pause (partial) 47M->39M(256M), 0.0067164 secs]
119.432: [GC pause (young) 93M->65M(256M), 0.0203303 secs]
119.477: [GC pause (young) 113M->67M(256M), 0.0072425 secs]
119.509: [GC pause (young) 114M->114M(256M), 0.0695101 secs]
119.612: [GC pause (young) 149M->124M(256M), 0.0179424 secs]
119.647: [GC pause (young) (initial-mark) 157M->157M(256M), 0.0287280 secs]
119.675: [GC concurrent-mark-start]
119.683: [GC pause (young) 170M->170M(256M), 0.0135167 secs]
119.703: [GC pause (young) 181M->177M(256M), 0.0072342 secs]
119.716: [GC pause (young) 187M->187M(256M), 0.0088851 secs]
119.728: [GC concurrent-mark-end, 0.0529150 sec]
119.729: [GC remark, 0.0004931 secs]
119.729: [GC concurrent-count-start]
119.730: [GC pause (young) 196M->196M(256M), 0.0138304 secs]
119.752: [GC pause (young) 204M->204M(256M), 0.0138741 secs]
119.773: [GC pause (young) 211M->211M(256M), 0.0127087 secs]
119.789: [GC pause (young) 214M->214M(256M), 0.0093677 secs]
119.803: [GC pause (young) 217M->217M(256M), 0.0048732 secs]
119.811: [GC pause (young) 220M->220M(256M), 0.0049576 secs]
119.821: [GC pause (young) 222M->222M(256M), 0.0036037 secs]
119.831: [GC pause (young) 224M->224M(256M), 0.0034132 secs]
119.837: [GC concurrent-count-end, 0.1073000]
119.837: [GC pause (young) 225M->225M(256M), 0.0020700 secs]
119.839: [GC cleanup 225M->126M(256M), 0.0023532 secs]
119.842: [GC concurrent-cleanup-start]
119.842: [GC concurrent-cleanup-end, 0.0001623]
119.845: [GC pause (young) 128M->128M(256M), 0.0021024 secs]
119.848: [GC pause (partial) 129M->59M(256M), 0.0440282 secs]
119.919: [GC pause (young) 108M->99M(256M), 0.0311886 secs]
119.961: [GC pause (young) 119M->119M(256M), 0.0196329 secs]
119.991: [GC pause (young) (initial-mark) 136M->128M(256M), 0.0096560 secs]
120.001: [GC concurrent-mark-start]
120.011: [GC pause (young) 144M->144M(256M), 0.0141500 secs]
120.031: [GC concurrent-mark-end, 0.0295334 sec]
120.032: [GC remark, 0.0004447 secs]
120.032: [GC concurrent-count-start]
120.033: [GC pause (young) 158M->158M(256M), 0.0125049 secs]
120.053: [GC concurrent-count-end, 0.0205280]
120.053: [GC pause (young) 170M->170M(256M), 0.0112022 secs]
120.064: [GC cleanup 170M->62M(256M), 0.0016140 secs]
120.066: [GC concurrent-cleanup-start]
120.066: [GC concurrent-cleanup-end, 0.0001761]
120.074: [GC pause (young) 73M->73M(256M), 0.0097750 secs]
120.085: [GC pause (partial) 75M->12M(256M), 0.0035580 secs]
120.119: [GC pause (young) 73M->73M(256M), 0.0460133 secs]
120.178: [GC pause (young) 96M->85M(256M), 0.0145885 secs]
120.215: [GC pause (young) 128M->128M(256M), 0.0346724 secs]
