2015-05-01T11:26:29.687+0200: 160770.873: [GC pause (G1 Humongous Allocation) (young)2015-05-01T11:26:29.701+0200: 160770.887: [GC concurrent-root-region-scan-end, 0.0157002 secs]
2015-05-01T11:26:29.701+0200: 160770.887: [GC concurrent-mark-start]
, 0.0470136 secs]
   [Root Region Scan Waiting: 14.6 ms]
   [Parallel Time: 23.4 ms, GC Workers: 10]
      [GC Worker Start (ms): Min: 160770887.8, Avg: 160770887.9, Max: 160770888.0, Diff: 0.2]
      [Ext Root Scanning (ms): Min: 0.2, Avg: 0.4, Max: 0.9, Diff: 0.7, Sum: 3.8]
      [SATB Filtering (ms): Min: 0.0, Avg: 0.0, Max: 0.0, Diff: 0.0, Sum: 0.0]
      [Update RS (ms): Min: 8.5, Avg: 12.3, Max: 13.9, Diff: 5.4, Sum: 122.8]
         [Processed Buffers: Min: 3, Avg: 15.8, Max: 25, Diff: 22, Sum: 158]
      [Scan RS (ms): Min: 0.0, Avg: 0.1, Max: 0.2, Diff: 0.2, Sum: 0.5]
      [Code Root Scanning (ms): Min: 0.0, Avg: 0.0, Max: 0.0, Diff: 0.0, Sum: 0.0]
      [Object Copy (ms): Min: 7.1, Avg: 8.9, Max: 12.6, Diff: 5.5, Sum: 89.2]
      [Termination (ms): Min: 0.0, Avg: 1.0, Max: 1.1, Diff: 1.1, Sum: 10.0]
         [Termination Attempts: Min: 1, Avg: 1.0, Max: 1, Diff: 0, Sum: 4]
      [GC Worker Other (ms): Min: 0.0, Avg: 0.0, Max: 0.0, Diff: 0.0, Sum: 0.1]
      [GC Worker Total (ms): Min: 22.6, Avg: 22.6, Max: 22.8, Diff: 0.2, Sum: 226.4]
      [GC Worker End (ms): Min: 160770910.5, Avg: 160770910.5, Max: 160770910.5, Diff: 0.0]
   [Code Root Fixup: 0.2 ms]
   [Code Root Purge: 0.0 ms]
   [Clear CT: 0.7 ms]
   [Other: 8.1 ms]
      [Choose CSet: 0.0 ms]
      [Ref Proc: 6.7 ms]
      [Ref Enq: 0.5 ms]
      [Redirty Cards: 0.5 ms]
      [Humongous Register: 0.0 ms]
      [Humongous Reclaim: 0.0 ms]
      [Free CSet: 0.1 ms]
   [Eden: 16.0M(1552.0M)->0.0B(1536.0M) Survivors: 80.0M->96.0M Heap: 29.9G(32.0G)->29.9G(32.0G)]
 [Times: user=0.26 sys=0.00, real=0.05 secs]
