2012-02-24T03:49:09.100-0800: 312.402: [GC pause (young)2012-02-24T03:49:09.378-0800: 312.680: [GC concurrent-mark-start]
 (initial-mark), 0.28645100 secs]
   [Parallel Time: 265.9 ms]
      [GC Worker Start Time (ms):  312402.8  312402.9  312402.9  312403.0  312403.0  312403.0  312406.1  312406.1  312406.2  312406.2  312415.1  312415.1  312415.1  312423.1  312423.1
       Avg: 312408.9, Min: 312402.8, Max: 312423.1, Diff:  20.3]
      [Update RS (ms):  94.1  93.7  93.2  93.1  94.0  94.2  94.4  91.3  109.8  91.5  87.3  84.2  82.3  74.3  74.3
       Avg:  90.1, Min:  74.3, Max: 109.8, Diff:  35.6]
         [Processed Buffers : 45 63 123 50 122 48 105 128 83 89 64 79 92 90 68
          Sum: 1249, Avg: 83, Min: 45, Max: 128, Diff: 83]
      [Ext Root Scanning (ms):  1.2  1.2  1.3  1.3  1.2  1.1  0.0  0.0  0.0  0.0  0.0  0.0  0.0  0.0  0.0
       Avg:   0.5, Min:   0.0, Max:   1.3, Diff:   1.3]
      [Mark Stack Scanning (ms):  0.0  0.0  0.0  0.0  0.0  0.0  0.0  0.0  0.0  0.0  0.0  0.0  0.0  0.0  0.0
       Avg:   0.0, Min:   0.0, Max:   0.0, Diff:   0.0]
      [Scan RS (ms):  0.1  0.1  0.3  0.4  0.1  0.1  0.1  0.5  0.2  0.3  0.1  0.1  0.5  0.5  0.4
       Avg:   0.3, Min:   0.1, Max:   0.5, Diff:   0.4]
      [Object Copy (ms):  170.0  161.4  170.6  161.4  160.8  160.6  158.6  161.1  142.8  161.1  156.6  159.6  161.2  161.2  161.2
       Avg: 160.5, Min: 142.8, Max: 170.6, Diff:  27.7]
      [Termination (ms):  0.0  9.2  0.0  9.2  9.3  9.3  9.1  9.3  9.3  9.3  9.2  9.3  9.3  9.3  9.3
       Avg:   8.0, Min:   0.0, Max:   9.3, Diff:   9.3]
         [Termination Attempts : 1 1 1 1 1 1 1 1 1 1 1 1 1 1 1
          Sum: 15, Avg: 1, Min: 1, Max: 1, Diff: 0]
      [GC Worker End Time (ms):  312668.4  312668.4  312668.4  312668.5  312668.4  312668.4  312668.4  312668.5  312668.4  312668.5  312668.5  312668.5  312668.5  312668.4  312668.4
       Avg: 312668.4, Min: 312668.4, Max: 312668.5, Diff:   0.2]
      [GC Worker Times (ms):  265.6  265.5  265.5  265.5  265.4  265.4  262.3  262.3  262.2  262.3  253.3  253.4  253.4  245.3  245.3
       Avg: 259.5, Min: 245.3, Max: 265.6, Diff:  20.3]
      [Parallel Other:   6.5 ms]
   [Clear CT:   0.4 ms]
   [Other:  20.1 ms]
      [Choose CSet:   0.0 ms]
      [Ref Proc:   0.8 ms]
      [Ref Enq:   0.0 ms]
   [Eden: 896M(896M)->0B(896M) Survivors: 128M->128M Heap: 17786M(24484M)->17147M(25936M)]
 [Times: user=2.54 sys=0.15, real=0.29 secs] 
