58.352: [GC pause (Metadata GC Threshold) (young) (initial-mark)
Desired survivor size 50331648 bytes, new threshold 15 (max 15)
, 0.0229931 secs]
   [Parallel Time: 17.8 ms, GC Workers: 8]
      [GC Worker Start (ms): Min: 58352.7, Avg: 58353.6, Max: 58354.1, Diff: 1.4]
      [Ext Root Scanning (ms): Min: 5.2, Avg: 6.2, Max: 7.2, Diff: 2.0, Sum: 49.2]
      [Update RS (ms): Min: 0.0, Avg: 0.0, Max: 0.0, Diff: 0.0, Sum: 0.0]
         [Processed Buffers: Min: 0, Avg: 0.0, Max: 0, Diff: 0, Sum: 0]
      [Scan RS (ms): Min: 0.0, Avg: 0.0, Max: 0.0, Diff: 0.0, Sum: 0.1]
      [Code Root Scanning (ms): Min: 0.0, Avg: 4.6, Max: 10.3, Diff: 10.3, Sum: 36.9]
      [Object Copy (ms): Min: 0.0, Avg: 5.2, Max: 9.4, Diff: 9.4, Sum: 41.5]
      [Termination (ms): Min: 0.0, Avg: 0.8, Max: 1.1, Diff: 1.1, Sum: 6.3]
         [Termination Attempts: Min: 1, Avg: 1.1, Max: 2, Diff: 1, Sum: 9]
      [GC Worker Other (ms): Min: 0.0, Avg: 0.0, Max: 0.0, Diff: 0.0, Sum: 0.1]
      [GC Worker Total (ms): Min: 16.2, Avg: 16.7, Max: 17.7, Diff: 1.5, Sum: 134.0]
      [GC Worker End (ms): Min: 58370.3, Avg: 58370.3, Max: 58370.3, Diff: 0.0]
   [Code Root Fixup: 0.0 ms]
   [Code Root Purge: 0.0 ms]
   [Clear CT: 0.7 ms]
   [Other: 4.4 ms]
      [Choose CSet: 0.0 ms]
      [Ref Proc: 3.3 ms]
      [Ref Enq: 0.1 ms]
      [Redirty Cards: 0.6 ms]
      [Humongous Register: 0.0 ms]
      [Humongous Reclaim: 0.0 ms]
      [Free CSet: 0.1 ms]
   [Eden: 264.0M(768.0M)->0.0B(752.0M) Survivors: 0.0B->16.0M Heap: 264.0M(8192.0M)->13.6M(8192.0M)]
 [Times: user=0.10 sys=0.00, real=0.03 secs]
