2014-03-01T00:01:27.461+0100: 0,0165: [GC pause (young), 0,0665670 secs]
   [Parallel Time: 50,1 ms, GC Workers: 18]
      [GC Worker Start (ms): Min: 367132161,9, Avg: 367132162,2, Max: 367132162,7, Diff: 0,8]
      [Ext Root Scanning (ms): Min: 3,1, Avg: 7,5, Max: 12,6, Diff: 9,5, Sum: 135,9]
      [Update RS (ms): Min: 0,0, Avg: 2,1, Max: 6,9, Diff: 6,9, Sum: 37,5]
         [Processed Buffers: Min: 0, Avg: 1,9, Max: 14, Diff: 14, Sum: 35]
      [Scan RS (ms): Min: 0,8, Avg: 4,3, Max: 5,8, Diff: 5,0, Sum: 77,0]
      [Object Copy (ms): Min: 33,7, Avg: 34,6, Max: 40,2, Diff: 6,5, Sum: 622,6]
      [Termination (ms): Min: 0,0, Avg: 0,0, Max: 0,0, Diff: 0,0, Sum: 0,4]
      [GC Worker Other (ms): Min: 0,0, Avg: 0,4, Max: 0,8, Diff: 0,8, Sum: 6,9]
      [GC Worker Total (ms): Min: 48,1, Avg: 48,9, Max: 49,5, Diff: 1,4, Sum: 880,3]
      [GC Worker End (ms): Min: 367132210,7, Avg: 367132211,1, Max: 367132211,5, Diff: 0,8]
   [Code Root Fixup: 0,0 ms]
   [Clear CT: 2,2 ms]
   [Other: 14,3 ms]
      [Choose CSet: 0,0 ms]
      [Ref Proc: 9,2 ms]
      [Ref Enq: 0,3 ms]
      [Free CSet: 2,7 ms]
   [Eden: 514,0M(514,0M)->0,0B(573,0M) Survivors: 74,0M->15,0M Heap: 4985,5M(11,5G)->4491,0M(11,5G)]
 [Times: user=0,89 sys=0,01, real=0,07 secs]
