2012-04-18T14:23:59.890+0200: 0.202: [GC 0.202: [ASParNew: 52480K->6524K(59008K), 0.0358874 secs] 52480K->50393K(517760K), 0.0359906 secs] [Times: user=0.02 sys=0.14, real=0.04 secs] 
2012-04-18T14:23:59.962+0200: 0.273: [GC [1 ASCMS-initial-mark: 43869K(458752K)] 74053K(517760K), 0.0003326 secs] [Times: user=0.00 sys=0.00, real=0.00 secs] 
2012-04-18T14:23:59.962+0200: 0.274: [ASCMS-concurrent-mark-start]
2012-04-18T14:23:59.973+0200: 0.285: [GC 0.285: [ASParNew: 58973K->6498K(59008K), 0.0246583 secs] 102843K->79886K(517760K), 0.0247513 secs] [Times: user=0.00 sys=0.06, real=0.02 secs] 
2012-04-18T14:24:00.018+0200: 0.329: [GC 0.329: [ASParNew: 58977K->6509K(59008K), 0.0145640 secs] 132365K->96001K(517760K), 0.0146729 secs] [Times: user=0.06 sys=0.00, real=0.01 secs] 
2012-04-18T14:24:00.043+0200: 0.354: [ASCMS-concurrent-mark: 0.009/0.081 secs] [Times: user=0.11 sys=0.06, real=0.08 secs] 
2012-04-18T14:24:00.043+0200: 0.354: [ASCMS-concurrent-preclean-start]
2012-04-18T14:24:00.063+0200: 0.375: [GC 0.375: [ASParNew: 58983K->6516K(59008K), 0.0053163 secs] 148475K->98825K(517760K), 0.0054204 secs] [Times: user=0.00 sys=0.00, real=0.01 secs] 
2012-04-18T14:24:00.080+0200: 0.391: [ASCMS-concurrent-preclean: 0.003/0.037 secs] [Times: user=0.09 sys=0.00, real=0.04 secs] 
2012-04-18T14:24:00.080+0200: 0.391: [ASCMS-concurrent-abortable-preclean-start]
2012-04-18T14:24:00.088+0200: 0.400: [GC 0.400: [ASParNew: 58974K->6527K(59008K), 0.0390441 secs] 151283K->151220K(517760K), 0.0391420 secs] [Times: user=0.03 sys=0.13, real=0.04 secs] 
2012-04-18T14:24:00.177+0200: 0.488: [GC 0.488: [ASParNew: 58992K->6498K(59008K), 0.0315194 secs] 203685K->193052K(517760K), 0.0316132 secs] [Times: user=0.05 sys=0.01, real=0.03 secs] 
2012-04-18T14:24:00.217+0200: 0.528: [ASCMS-concurrent-abortable-preclean: 0.003/0.137 secs] [Times: user=0.09 sys=0.14, real=0.14 secs] 
2012-04-18T14:24:00.217+0200: 0.528: [GC[YG occupancy: 30716 K (59008 K)]0.528: [Rescan (parallel) , 0.0006399 secs]0.529: [weak refs processing, 0.0000164 secs]0.529: [class unloading, 0.0000893 secs]0.529: [scrub symbol & string tables, 0.0002622 secs] [1 ASCMS-remark: 186553K(458752K)] 217270K(517760K), 0.0011261 secs] [Times: user=0.00 sys=0.00, real=0.00 secs] 
2012-04-18T14:24:00.218+0200: 0.529: [ASCMS-concurrent-sweep-start]
2012-04-18T14:24:00.219+0200: 0.531: [ASCMS-concurrent-sweep: 0.001/0.001 secs] [Times: user=0.03 sys=0.00, real=0.00 secs] 
2012-04-18T14:24:00.219+0200: 0.531: [ASCMS-concurrent-reset-start]
2012-04-18T14:24:00.229+0200: 0.540: [GC 0.540: [ASParNew: 58960K->6521K(59008K), 0.0161603 secs] 201652K->177843K(517760K), 0.0162464 secs] [Times: user=0.06 sys=0.00, real=0.02 secs] 
2012-04-18T14:24:00.255+0200: 0.566: [ASCMS-concurrent-reset: 0.003/0.036 secs] [Times: user=0.08 sys=0.00, real=0.04 secs] 
2012-04-18T14:24:00.267+0200: 0.579: [GC 0.579: [ASParNew: 58972K->6511K(59008K), 0.0102771 secs] 230295K->193281K(517760K) icms_dc=18 , 0.0103660 secs] [Times: user=0.00 sys=0.00, real=0.01 secs] 
2012-04-18T14:29:31.396+0200: 1.687: [GC 1.687: [ASParNew2012-04-18T14:29:31.423+0200: 1.713: [ASCMS-concurrent-abortable-preclean: 0.036/0.592 secs] [Times: user=0.62 sys=0.06, real=0.59 secs] 
: 52719K->6513K(59008K), 0.0275897 secs] 392378K->379952K(517760K) icms_dc=75 , 0.0276852 secs] [Times: user=0.03 sys=0.03, real=0.03 secs] 
2012-04-18T14:29:32.394+0200: 2.684: [GC 2.685: [ASParNew: 58986K->58986K(59008K), 0.0000209 secs]2.685: [ASCMS2012-04-18T14:29:32.394+0200: 2.685: [ASCMS-concurrent-abortable-preclean: 0.034/0.477 secs] [Times: user=0.67 sys=0.02, real=0.48 secs] 
 (concurrent mode failure): 412627K->31292K(458752K), 0.0264423 secs] 471613K->31292K(517760K), [CMS Perm : 2613K->2613K(65536K)] icms_dc=100 , 0.0266062 secs] [Times: user=0.02 sys=0.00, real=0.03 secs] 
