2013-12-21T15:49:27.817+0100: [GC pause (young)
Desired survivor size 524288 bytes, new threshold 15 (max 15)
, 0.0055310 secs]
   [Parallel Time: 5.2 ms, GC Workers: 4]
      [GC Worker Start (ms): Min: 243.8, Avg: 246.1, Max: 248.4, Diff: 4.7]
      [Ext Root Scanning (ms): Min: 0.0, Avg: 0.6, Max: 1.3, Diff: 1.3, Sum: 2.4]
      [Update RS (ms): Min: 0.0, Avg: 0.0, Max: 0.0, Diff: 0.0, Sum: 0.0]
         [Processed Buffers: Min: 0, Avg: 2.0, Max: 8, Diff: 8, Sum: 8]
      [Scan RS (ms): Min: 0.0, Avg: 0.0, Max: 0.0, Diff: 0.0, Sum: 0.0]
      [Object Copy (ms): Min: 0.0, Avg: 1.7, Max: 3.4, Diff: 3.4, Sum: 6.7]
      [Termination (ms): Min: 0.0, Avg: 0.1, Max: 0.2, Diff: 0.2, Sum: 0.3]
      [GC Worker Other (ms): Min: 0.0, Avg: 0.1, Max: 0.1, Diff: 0.1, Sum: 0.3]
      [GC Worker Total (ms): Min: 0.1, Avg: 2.4, Max: 4.8, Diff: 4.7, Sum: 9.7]
      [GC Worker End (ms): Min: 248.5, Avg: 248.5, Max: 248.6, Diff: 0.1]
   [Code Root Fixup: 0.0 ms]
   [Clear CT: 0.0 ms]
   [Other: 0.3 ms]
      [Choose CSet: 0.0 ms]
      [Ref Proc: 0.1 ms]
      [Ref Enq: 0.0 ms]
      [Free CSet: 0.0 ms]
   [Eden: 5120.0K(5120.0K)->0.0B(8192.0K) Survivors: 0.0B->1024.0K Heap: 5120.0K(64.0M)->5024.4K(64.0M)]
 [Times: user=0.00 sys=0.00, real=0.01 secs] 
