2016-04-14 22:37:22 GC log file created logs/garbageCollection.log.1
Java HotSpot(TM) 64-Bit Server VM (25.45-b02) for windows-amd64 JRE (1.8.0_45-b15), built on Apr 30 2015 12:40:44 by "java_re" with MS VC++ 10.0 (VS2010)
Memory: 4k page, physical 16664956k(9157704k free), swap 20473812k(9756156k free)
CommandLine flags: -XX:CICompilerCount=4 -XX:+CMSParallelRemarkEnabled -XX:+CMSScavengeBeforeRemark -XX:GCLogFileSize=20480 -XX:+HeapDumpOnOutOfMemoryError -XX:HeapDumpPath=/logs -XX:InitialHeapSize=838860800 -XX:MaxHeapSize=838860800 -XX:MaxNewSize=279576576 -XX:MaxTenuringThreshold=6 -XX:MinHeapDeltaBytes=196608 -XX:NewSize=279576576 -XX:NumberOfGCLogFiles=10 -XX:OldPLABSize=16 -XX:OldSize=559284224 -XX:+PrintGC -XX:+PrintGCDateStamps -XX:+PrintGCDetails -XX:+PrintGCTimeStamps -XX:+ScavengeBeforeFullGC -XX:+UseCompressedClassPointers -XX:+UseCompressedOops -XX:+UseConcMarkSweepGC -XX:+UseFastUnorderedTimeStamps -XX:+UseGCLogFileRotation -XX:-UseLargePagesIndividualAllocation -XX:+UseParNewGC 
2016-04-14T22:37:25.036+0200: 436.981: [GC (Allocation Failure) 436.981: [ParNew: 224544K->9414K(245760K), 0.0053560 secs] 380117K->165822K(791936K), 0.0055366 secs] [Times: user=0.00 sys=0.00, real=0.00 secs] 
2016-04-14T22:37:27.748+0200: 439.693: [GC (Allocation Failure) 439.693: [ParNew: 227910K->10721K(245760K), 0.0066371 secs] 384318K->167305K(791936K), 0.0067168 secs] [Times: user=0.11 sys=0.00, real=0.01 secs] 
2016-04-14T22:37:31.049+0200: 442.994: [GC (Allocation Failure) 442.994: [ParNew: 229212K->8140K(245760K), 0.0032898 secs] 385797K->164920K(791936K), 0.0033720 secs] [Times: user=0.00 sys=0.00, real=0.00 secs] 
2016-04-14T22:37:33.367+0200: 445.311: [GC (Allocation Failure) 445.311: [ParNew: 226636K->8204K(245760K), 0.0048377 secs] 383416K->165103K(791936K), 0.0049292 secs] [Times: user=0.00 sys=0.00, real=0.00 secs] 
2016-04-14T22:37:35.946+0200: 447.891: [GC (Allocation Failure) 447.891: [ParNew: 226700K->9674K(245760K), 0.0046385 secs] 383599K->166843K(791936K), 0.0047085 secs] [Times: user=0.00 sys=0.00, real=0.00 secs] 
2016-04-14T22:37:38.812+0200: 450.756: [GC (Allocation Failure) 450.756: [ParNew: 228170K->8906K(245760K), 0.0044888 secs] 385339K->166212K(791936K), 0.0045592 secs] [Times: user=0.13 sys=0.00, real=0.00 secs] 
2016-04-14T22:37:42.119+0200: 454.063: [GC (Allocation Failure) 454.063: [ParNew: 227402K->6247K(245760K), 0.0034583 secs] 384708K->164342K(791936K), 0.0035357 secs] [Times: user=0.00 sys=0.00, real=0.00 secs] 
2016-04-14T22:37:45.662+0200: 457.607: [GC (Allocation Failure) 457.607: [ParNew: 224743K->5870K(245760K), 0.0037382 secs] 382838K->164149K(791936K), 0.0038119 secs] [Times: user=0.00 sys=0.00, real=0.00 secs] 
2016-04-14T22:37:48.381+0200: 460.326: [GC (Allocation Failure) 460.326: [ParNew: 224366K->11363K(245760K), 0.0082353 secs] 382645K->170289K(791936K), 0.0082960 secs] [Times: user=0.00 sys=0.00, real=0.01 secs] 
2016-04-14T22:37:50.859+0200: 462.803: [GC (Allocation Failure) 462.803: [ParNew: 229859K->8067K(245760K), 0.0044809 secs] 388785K->167183K(791936K), 0.0045588 secs] [Times: user=0.13 sys=0.00, real=0.01 secs] 
2016-04-14T22:37:55.315+0200: 467.260: [GC (Allocation Failure) 467.260: [ParNew: 226563K->6586K(245760K), 0.0044323 secs] 385679K->165875K(791936K), 0.0045438 secs] [Times: user=0.00 sys=0.00, real=0.00 secs] 
2016-04-14T22:37:58.106+0200: 470.050: [GC (Allocation Failure) 470.050: [ParNew: 225082K->3777K(245760K), 0.0043610 secs] 384371K->163268K(791936K), 0.0044239 secs] [Times: user=0.00 sys=0.00, real=0.00 secs] 
2016-04-14T22:38:01.600+0200: 473.544: [GC (Allocation Failure) 473.544: [ParNew: 222273K->10619K(245760K), 0.0059452 secs] 381764K->170426K(791936K), 0.0060129 secs] [Times: user=0.00 sys=0.00, real=0.01 secs] 
2016-04-14T22:38:05.156+0200: 477.100: [GC (Allocation Failure) 477.100: [ParNew: 229115K->5679K(245760K), 0.0040484 secs] 388922K->165637K(791936K), 0.0041142 secs] [Times: user=0.11 sys=0.00, real=0.00 secs] 
2016-04-14T22:38:09.035+0200: 480.979: [GC (Allocation Failure) 480.979: [ParNew: 224175K->5234K(245760K), 0.0035893 secs] 384133K->165360K(791936K), 0.0036957 secs] [Times: user=0.00 sys=0.00, real=0.00 secs] 
2016-04-14T22:38:12.052+0200: 483.996: [GC (Allocation Failure) 483.996: [ParNew: 223730K->3627K(245760K), 0.0038506 secs] 383856K->163989K(791936K), 0.0039140 secs] [Times: user=0.00 sys=0.00, real=0.00 secs] 
2016-04-14T22:38:15.386+0200: 487.330: [GC (Allocation Failure) 487.330: [ParNew: 221982K->4698K(245760K), 0.0034564 secs] 382344K->165237K(791936K), 0.0035310 secs] [Times: user=0.00 sys=0.00, real=0.00 secs] 
2016-04-14T22:38:19.035+0200: 490.979: [GC (Allocation Failure) 490.979: [ParNew: 223120K->4870K(245760K), 0.0042369 secs] 383660K->165675K(791936K), 0.0043157 secs] [Times: user=0.00 sys=0.00, real=0.00 secs] 
2016-04-14T22:38:21.884+0200: 493.829: [GC (Allocation Failure) 493.829: [ParNew: 223366K->5956K(245760K), 0.0040848 secs] 384171K->166969K(791936K), 0.0041510 secs] [Times: user=0.00 sys=0.00, real=0.00 secs] 
2016-04-14T22:38:25.454+0200: 497.398: [GC (Allocation Failure) 497.398: [ParNew: 224428K->4146K(245760K), 0.0039686 secs] 385441K->165447K(791936K), 0.0040605 secs] [Times: user=0.13 sys=0.00, real=0.00 secs] 
2016-04-14T22:38:28.309+0200: 500.253: [GC (Allocation Failure) 500.253: [ParNew: 222642K->7461K(245760K), 0.0047188 secs] 383943K->168949K(791936K), 0.0047887 secs] [Times: user=0.01 sys=0.00, real=0.00 secs] 
2016-04-14T22:38:32.980+0200: 504.924: [GC (Allocation Failure) 504.924: [ParNew: 225428K->5503K(245760K), 0.0035147 secs] 386916K->167234K(791936K), 0.0035945 secs] [Times: user=0.00 sys=0.00, real=0.00 secs] 
2016-04-14T22:38:35.379+0200: 507.323: [GC (Allocation Failure) 507.323: [ParNew: 223999K->4657K(245760K), 0.0034340 secs] 385730K->166681K(791936K), 0.0035002 secs] [Times: user=0.00 sys=0.00, real=0.00 secs] 
2016-04-14T22:38:39.220+0200: 511.164: [GC (Allocation Failure) 511.164: [ParNew: 223153K->9001K(245760K), 0.0057689 secs] 385177K->171384K(791936K), 0.0058435 secs] [Times: user=0.13 sys=0.00, real=0.01 secs] 
2016-04-14T22:38:42.542+0200: 514.486: [GC (Allocation Failure) 514.486: [ParNew: 227497K->7094K(245760K), 0.0044258 secs] 389880K->169788K(791936K), 0.0045140 secs] [Times: user=0.00 sys=0.00, real=0.00 secs] 
2016-04-14T22:38:46.531+0200: 518.475: [GC (Allocation Failure) 518.475: [ParNew: 225129K->8581K(245760K), 0.0044431 secs] 387823K->171571K(791936K), 0.0045331 secs] [Times: user=0.13 sys=0.00, real=0.01 secs] 
2016-04-14T22:38:49.341+0200: 521.285: [GC (Allocation Failure) 521.285: [ParNew: 227077K->10405K(245760K), 0.0054465 secs] 390067K->173768K(791936K), 0.0055296 secs] [Times: user=0.13 sys=0.00, real=0.00 secs] 
2016-04-14T22:38:52.928+0200: 524.872: [GC (Allocation Failure) 524.872: [ParNew: 228901K->12935K(245760K), 0.0065288 secs] 392264K->176620K(791936K), 0.0066091 secs] [Times: user=0.00 sys=0.00, real=0.01 secs] 
2016-04-14T22:38:55.832+0200: 527.776: [GC (Allocation Failure) 527.776: [ParNew: 231431K->13010K(245760K), 0.0057740 secs] 395116K->176895K(791936K), 0.0058412 secs] [Times: user=0.00 sys=0.00, real=0.01 secs] 
2016-04-14T22:38:58.274+0200: 530.218: [GC (Allocation Failure) 530.218: [ParNew: 231506K->5623K(245760K), 0.0038511 secs] 395391K->169696K(791936K), 0.0039425 secs] [Times: user=0.00 sys=0.00, real=0.00 secs] 
2016-04-14T22:39:00.796+0200: 532.741: [GC (Allocation Failure) 532.741: [ParNew: 224119K->8959K(245760K), 0.0055076 secs] 388192K->173445K(791936K), 0.0055800 secs] [Times: user=0.13 sys=0.00, real=0.01 secs] 
2016-04-14T22:39:03.043+0200: 534.988: [GC (Allocation Failure) 534.988: [ParNew: 227455K->7190K(245760K), 0.0037550 secs] 391941K->171918K(791936K), 0.0038259 secs] [Times: user=0.00 sys=0.00, real=0.00 secs] 
2016-04-14T22:39:06.478+0200: 538.422: [GC (Allocation Failure) 538.423: [ParNew: 225686K->8085K(245760K), 0.0061346 secs] 390414K->173367K(791936K), 0.0062279 secs] [Times: user=0.00 sys=0.00, real=0.01 secs] 
2016-04-14T22:39:08.854+0200: 540.799: [GC (Allocation Failure) 540.799: [ParNew: 226581K->7617K(245760K), 0.0045074 secs] 391863K->173398K(791936K), 0.0045672 secs] [Times: user=0.00 sys=0.00, real=0.00 secs] 
2016-04-14T22:39:11.134+0200: 543.079: [GC (Allocation Failure) 543.079: [ParNew: 226113K->5413K(245760K), 0.0034111 secs] 391894K->171279K(791936K), 0.0034900 secs] [Times: user=0.00 sys=0.00, real=0.00 secs] 
2016-04-14T22:39:13.367+0200: 545.312: [GC (Allocation Failure) 545.312: [ParNew: 223909K->7626K(245760K), 0.0070089 secs] 389775K->173624K(791936K), 0.0071013 secs] [Times: user=0.00 sys=0.00, real=0.01 secs] 
2016-04-14T22:39:15.786+0200: 547.730: [GC (Allocation Failure) 547.730: [ParNew: 226122K->5650K(245760K), 0.0037344 secs] 392120K->171840K(791936K), 0.0038025 secs] [Times: user=0.00 sys=0.00, real=0.00 secs] 
2016-04-14T22:39:18.046+0200: 549.991: [GC (Allocation Failure) 549.991: [ParNew: 224146K->6509K(245760K), 0.0046241 secs] 390336K->172766K(791936K), 0.0046843 secs] [Times: user=0.08 sys=0.00, real=0.01 secs] 
2016-04-14T22:39:21.004+0200: 552.948: [GC (Allocation Failure) 552.948: [ParNew: 225005K->4942K(245760K), 0.0035646 secs] 391262K->171436K(791936K), 0.0036323 secs] [Times: user=0.00 sys=0.00, real=0.00 secs] 
2016-04-14T22:39:23.251+0200: 555.195: [GC (Allocation Failure) 555.195: [ParNew: 223438K->7667K(245760K), 0.0042336 secs] 389932K->174245K(791936K), 0.0043101 secs] [Times: user=0.11 sys=0.00, real=0.00 secs] 
2016-04-14T22:39:25.925+0200: 557.869: [GC (Allocation Failure) 557.869: [ParNew: 226163K->5507K(245760K), 0.0027300 secs] 392741K->172154K(791936K), 0.0027981 secs] [Times: user=0.00 sys=0.00, real=0.00 secs] 
2016-04-14T22:39:28.017+0200: 559.962: [GC (Allocation Failure) 559.962: [ParNew: 224003K->5888K(245760K), 0.0045527 secs] 390650K->172690K(791936K), 0.0046222 secs] [Times: user=0.00 sys=0.00, real=0.01 secs] 
2016-04-14T22:39:30.554+0200: 562.498: [GC (Allocation Failure) 562.498: [ParNew: 224384K->7720K(245760K), 0.0054139 secs] 391186K->174728K(791936K), 0.0055030 secs] [Times: user=0.00 sys=0.00, real=0.01 secs] 
2016-04-14T22:39:33.392+0200: 565.336: [GC (Allocation Failure) 565.336: [ParNew: 226216K->5736K(245760K), 0.0034340 secs] 393224K->172789K(791936K), 0.0035478 secs] [Times: user=0.00 sys=0.00, real=0.00 secs] 
2016-04-14T22:39:35.833+0200: 567.778: [GC (Allocation Failure) 567.778: [ParNew: 224232K->4684K(245760K), 0.0025831 secs] 391285K->172417K(791936K), 0.0026559 secs] [Times: user=0.00 sys=0.00, real=0.00 secs] 
2016-04-14T22:39:38.305+0200: 570.249: [GC (Allocation Failure) 570.249: [ParNew: 223171K->3401K(245760K), 0.0028625 secs] 390904K->171268K(791936K), 0.0029442 secs] [Times: user=0.00 sys=0.00, real=0.00 secs] 
2016-04-14T22:39:40.753+0200: 572.698: [GC (Allocation Failure) 572.698: [ParNew: 221897K->5123K(245760K), 0.0040894 secs] 389764K->173077K(791936K), 0.0041520 secs] [Times: user=0.00 sys=0.00, real=0.00 secs] 
2016-04-14T22:39:43.482+0200: 575.426: [GC (Allocation Failure) 575.426: [ParNew: 223619K->7420K(245760K), 0.0048755 secs] 391573K->175424K(791936K), 0.0049520 secs] [Times: user=0.11 sys=0.00, real=0.00 secs] 
2016-04-14T22:39:46.032+0200: 577.976: [GC (Allocation Failure) 577.976: [ParNew: 225916K->7578K(245760K), 0.0046880 secs] 393920K->175741K(791936K), 0.0047556 secs] [Times: user=0.11 sys=0.00, real=0.00 secs] 
2016-04-14T22:39:48.305+0200: 580.249: [GC (Allocation Failure) 580.249: [ParNew: 226074K->6064K(245760K), 0.0038226 secs] 394237K->174286K(791936K), 0.0039000 secs] [Times: user=0.00 sys=0.00, real=0.00 secs] 
2016-04-14T22:39:50.984+0200: 582.929: [GC (Allocation Failure) 582.929: [ParNew: 224560K->6172K(245760K), 0.0038161 secs] 392782K->174655K(791936K), 0.0038949 secs] [Times: user=0.13 sys=0.00, real=0.00 secs] 
2016-04-14T22:39:53.170+0200: 585.114: [GC (Allocation Failure) 585.114: [ParNew: 224668K->5406K(245760K), 0.0035194 secs] 393151K->174154K(791936K), 0.0035861 secs] [Times: user=0.00 sys=0.00, real=0.00 secs] 
2016-04-14T22:39:55.563+0200: 587.508: [GC (Allocation Failure) 587.508: [ParNew: 223902K->8579K(245760K), 0.0042089 secs] 392650K->177412K(791936K), 0.0042751 secs] [Times: user=0.13 sys=0.00, real=0.01 secs] 
2016-04-14T22:39:57.893+0200: 589.838: [GC (Allocation Failure) 589.838: [ParNew: 227075K->5537K(245760K), 0.0029358 secs] 395908K->174435K(791936K), 0.0030099 secs] [Times: user=0.00 sys=0.00, real=0.00 secs] 
2016-04-14T22:39:59.891+0200: 591.836: [GC (Allocation Failure) 591.836: [ParNew: 224033K->2822K(245760K), 0.0027977 secs] 392931K->171886K(791936K), 0.0028746 secs] [Times: user=0.01 sys=0.00, real=0.00 secs] 
2016-04-14T22:40:02.539+0200: 594.483: [GC (Allocation Failure) 594.484: [ParNew: 221318K->4828K(245760K), 0.0040932 secs] 390382K->173991K(791936K), 0.0041762 secs] [Times: user=0.00 sys=0.00, real=0.00 secs] 
2016-04-14T22:40:05.162+0200: 597.107: [GC (Allocation Failure) 597.107: [ParNew: 223324K->7778K(245760K), 0.0057395 secs] 392487K->177054K(791936K), 0.0058697 secs] [Times: user=0.00 sys=0.00, real=0.01 secs] 
2016-04-14T22:40:07.684+0200: 599.629: [GC (Allocation Failure) 599.629: [ParNew: 225859K->5677K(245760K), 0.0025700 secs] 395136K->175008K(791936K), 0.0026325 secs] [Times: user=0.00 sys=0.00, real=0.00 secs] 
2016-04-14T22:40:09.891+0200: 601.835: [GC (Allocation Failure) 601.835: [ParNew: 224173K->4139K(245760K), 0.0027813 secs] 393504K->173508K(791936K), 0.0028663 secs] [Times: user=0.13 sys=0.00, real=0.00 secs] 
2016-04-14T22:40:12.168+0200: 604.113: [GC (Allocation Failure) 604.113: [ParNew: 222635K->2981K(245760K), 0.0029157 secs] 392004K->172433K(791936K), 0.0029759 secs] [Times: user=0.00 sys=0.00, real=0.00 secs] 
2016-04-14T22:40:15.103+0200: 607.047: [GC (Allocation Failure) 607.047: [ParNew: 221311K->2340K(245760K), 0.0026092 secs] 390763K->171987K(791936K), 0.0026950 secs] [Times: user=0.00 sys=0.00, real=0.00 secs] 
2016-04-14T22:40:18.131+0200: 610.075: [GC (Allocation Failure) 610.075: [ParNew: 220836K->2982K(245760K), 0.0028779 secs] 390483K->172689K(791936K), 0.0029456 secs] [Times: user=0.00 sys=0.00, real=0.00 secs] 
2016-04-14T22:40:21.346+0200: 613.290: [GC (Allocation Failure) 613.290: [ParNew: 221478K->4619K(245760K), 0.0037881 secs] 391185K->174373K(791936K), 0.0038525 secs] [Times: user=0.00 sys=0.00, real=0.00 secs] 
2016-04-14T22:40:23.988+0200: 615.932: [GC (Allocation Failure) 615.932: [ParNew: 223115K->7632K(245760K), 0.0055011 secs] 392869K->177487K(791936K), 0.0055706 secs] [Times: user=0.00 sys=0.00, real=0.01 secs] 
2016-04-14T22:40:26.572+0200: 618.517: [GC (Allocation Failure) 618.517: [ParNew: 226128K->6262K(245760K), 0.0032880 secs] 395983K->176217K(791936K), 0.0033734 secs] [Times: user=0.00 sys=0.00, real=0.00 secs] 
2016-04-14T22:40:28.531+0200: 620.476: [GC (Allocation Failure) 620.476: [ParNew: 224758K->5992K(245760K), 0.0045826 secs] 394713K->176079K(791936K), 0.0046507 secs] [Times: user=0.09 sys=0.00, real=0.00 secs] 
2016-04-14T22:40:30.963+0200: 622.908: [GC (Allocation Failure) 622.908: [ParNew: 224488K->7154K(245760K), 0.0050677 secs] 394575K->177311K(791936K), 0.0051414 secs] [Times: user=0.00 sys=0.00, real=0.01 secs] 
2016-04-14T22:40:33.949+0200: 625.893: [GC (Allocation Failure) 625.893: [ParNew: 225650K->5471K(245760K), 0.0037246 secs] 395807K->175692K(791936K), 0.0037997 secs] [Times: user=0.00 sys=0.00, real=0.00 secs] 
2016-04-14T22:40:36.634+0200: 628.578: [GC (Allocation Failure) 628.578: [ParNew: 223967K->7978K(245760K), 0.0044790 secs] 394188K->178348K(791936K), 0.0045448 secs] [Times: user=0.00 sys=0.00, real=0.00 secs] 
2016-04-14T22:40:39.084+0200: 631.028: [GC (Allocation Failure) 631.028: [ParNew: 226474K->5528K(245760K), 0.0036290 secs] 396844K->176020K(791936K), 0.0036948 secs] [Times: user=0.00 sys=0.00, real=0.00 secs] 
2016-04-14T22:40:42.181+0200: 634.126: [GC (Allocation Failure) 634.126: [ParNew: 224024K->3713K(245760K), 0.0033608 secs] 394516K->174412K(791936K), 0.0034293 secs] [Times: user=0.00 sys=0.00, real=0.00 secs] 
2016-04-14T22:40:44.460+0200: 636.405: [GC (Allocation Failure) 636.405: [ParNew: 222209K->3674K(245760K), 0.0033668 secs] 392908K->174513K(791936K), 0.0034321 secs] [Times: user=0.00 sys=0.00, real=0.00 secs] 
2016-04-14T22:40:47.236+0200: 639.180: [GC (Allocation Failure) 639.180: [ParNew: 222083K->2755K(245760K), 0.0032371 secs] 392922K->173678K(791936K), 0.0034083 secs] [Times: user=0.13 sys=0.00, real=0.00 secs] 
2016-04-14T22:40:50.171+0200: 642.115: [GC (Allocation Failure) 642.115: [ParNew: 221251K->8190K(245760K), 0.0059107 secs] 392174K->179202K(791936K), 0.0059998 secs] [Times: user=0.13 sys=0.00, real=0.01 secs] 
2016-04-14T22:40:52.675+0200: 644.620: [GC (Allocation Failure) 644.620: [ParNew: 226638K->7518K(245760K), 0.0034988 secs] 397651K->178598K(791936K), 0.0035744 secs] [Times: user=0.00 sys=0.00, real=0.00 secs] 
2016-04-14T22:40:55.301+0200: 647.245: [GC (Allocation Failure) 647.245: [ParNew: 226014K->5297K(245760K), 0.0034111 secs] 397094K->176505K(791936K), 0.0034774 secs] [Times: user=0.00 sys=0.00, real=0.00 secs] 
2016-04-14T22:40:57.756+0200: 649.701: [GC (Allocation Failure) 649.701: [ParNew: 223793K->9664K(245760K), 0.0061328 secs] 395001K->181033K(791936K), 0.0061920 secs] [Times: user=0.00 sys=0.00, real=0.01 secs] 
2016-04-14T22:41:00.696+0200: 652.640: [GC (Allocation Failure) 652.640: [ParNew: 228160K->5738K(245760K), 0.0030309 secs] 399529K->177173K(791936K), 0.0030995 secs] [Times: user=0.00 sys=0.00, real=0.00 secs] 
2016-04-14T22:41:03.932+0200: 655.876: [GC (Allocation Failure) 655.876: [ParNew: 224234K->4818K(245760K), 0.0035422 secs] 395669K->176385K(791936K), 0.0036071 secs] [Times: user=0.00 sys=0.00, real=0.00 secs] 
2016-04-14T22:41:07.148+0200: 659.092: [GC (Allocation Failure) 659.092: [ParNew: 223314K->3752K(245760K), 0.0029059 secs] 394881K->175445K(791936K), 0.0029759 secs] [Times: user=0.00 sys=0.00, real=0.00 secs] 
2016-04-14T22:41:10.032+0200: 661.977: [GC (Allocation Failure) 661.977: [ParNew: 222248K->3172K(245760K), 0.0025868 secs] 393941K->174954K(791936K), 0.0026638 secs] [Times: user=0.06 sys=0.02, real=0.00 secs] 
2016-04-14T22:41:12.414+0200: 664.358: [GC (Allocation Failure) 664.358: [ParNew: 221668K->4124K(245760K), 0.0037433 secs] 393450K->175960K(791936K), 0.0038273 secs] [Times: user=0.00 sys=0.00, real=0.00 secs] 
2016-04-14T22:41:14.820+0200: 666.764: [GC (Allocation Failure) 666.764: [ParNew: 222620K->4404K(245760K), 0.0039084 secs] 394456K->176327K(791936K), 0.0040195 secs] [Times: user=0.00 sys=0.00, real=0.00 secs] 
2016-04-14T22:41:17.459+0200: 669.403: [GC (Allocation Failure) 669.404: [ParNew: 222900K->3492K(245760K), 0.0029124 secs] 394823K->175458K(791936K), 0.0029749 secs] [Times: user=0.00 sys=0.00, real=0.00 secs] 
2016-04-14T22:41:19.833+0200: 671.777: [GC (Allocation Failure) 671.777: [ParNew: 221988K->7545K(245760K), 0.0045546 secs] 393954K->179588K(791936K), 0.0046259 secs] [Times: user=0.00 sys=0.00, real=0.00 secs] 
2016-04-14T22:41:22.702+0200: 674.646: [GC (Allocation Failure) 674.646: [ParNew: 226041K->5724K(245760K), 0.0040017 secs] 398084K->177893K(791936K), 0.0040685 secs] [Times: user=0.13 sys=0.00, real=0.00 secs] 
2016-04-14T22:41:25.118+0200: 677.062: [GC (Allocation Failure) 677.062: [ParNew: 224220K->5929K(245760K), 0.0035133 secs] 396389K->178146K(791936K), 0.0035768 secs] [Times: user=0.00 sys=0.00, real=0.00 secs] 
2016-04-14T22:41:27.339+0200: 679.284: [GC (Allocation Failure) 679.284: [ParNew: 224425K->7742K(245760K), 0.0057269 secs] 396642K->180073K(791936K), 0.0058141 secs] [Times: user=0.00 sys=0.00, real=0.01 secs] 
2016-04-14T22:41:29.650+0200: 681.595: [GC (Allocation Failure) 681.595: [ParNew: 226238K->6468K(245760K), 0.0040129 secs] 398569K->178853K(791936K), 0.0040922 secs] [Times: user=0.00 sys=0.00, real=0.00 secs] 
2016-04-14T22:41:31.615+0200: 683.559: [GC (Allocation Failure) 683.559: [ParNew: 224964K->5614K(245760K), 0.0027300 secs] 397349K->178085K(791936K), 0.0027986 secs] [Times: user=0.00 sys=0.00, real=0.00 secs] 
2016-04-14T22:41:34.359+0200: 686.303: [GC (Allocation Failure) 686.303: [ParNew: 224110K->3983K(245760K), 0.0033225 secs] 396581K->176663K(791936K), 0.0034027 secs] [Times: user=0.11 sys=0.00, real=0.00 secs] 
2016-04-14T22:41:37.920+0200: 689.864: [GC (Allocation Failure) 689.864: [ParNew: 222479K->4023K(245760K), 0.0028266 secs] 395159K->176799K(791936K), 0.0029064 secs] [Times: user=0.00 sys=0.00, real=0.00 secs] 
2016-04-14T22:41:40.506+0200: 692.450: [GC (Allocation Failure) 692.450: [ParNew: 222519K->3455K(245760K), 0.0030225 secs] 395295K->176288K(791936K), 0.0030832 secs] [Times: user=0.00 sys=0.00, real=0.00 secs] 
2016-04-14 22:41:41 GC log file has reached the maximum size. Saved as logs/garbageCollection.log.1
