 {Heap before GC invocations=1:
Heap
 PSYoungGen      total 114688K, used 18786K [0x10010000, 0x18010000, 0x18010000)
  eden [0x10010000,0x11268998,0x16010000)
  from [0x17010000,0x17010000,0x18010000)
  to   [0x16010000,0x16010000,0x17010000)
 PSOldGen        total 393216K, used 0K [0x18010000, 0x30010000, 0x30010000)
  object [0x18010000,0x18010000,0x30010000)
 PSPermGen       total 98304K, used 5230K [0x30010000, 0x36010000, 0x40010000)
  object [0x30010000,0x3052bab0,0x36010000)
0.000: [GC 18786K->83301K(522752K), 0.0083579 secs]
 Heap after GC invocations=1:
Heap
 PSYoungGen      total 129536K, used 83301K [0x10010000, 0x18010000, 0x18010000)
  eden [0x10010000,0x10010000,0x11030000)
  from [0x11030000,0x16189448,0x17e90000)
  to   [0x17e90000,0x17e90000,0x18010000)
 PSOldGen        total 393216K, used 0K [0x18010000, 0x30010000, 0x30010000)
  object [0x18010000,0x18010000,0x30010000)
 PSPermGen       total 98304K, used 5230K [0x30010000, 0x36010000, 0x40010000)
  object [0x30010000,0x3052bab0,0x36010000)
}  {Heap before GC invocations=2:
Heap
 PSYoungGen      total 129536K, used 83301K [0x10010000, 0x18010000, 0x18010000)
  eden [0x10010000,0x10010000,0x11030000)
  from [0x11030000,0x16189448,0x17e90000)
  to   [0x17e90000,0x17e90000,0x18010000)
 PSOldGen        total 393216K, used 0K [0x18010000, 0x30010000, 0x30010000)
  object [0x18010000,0x18010000,0x30010000)
 PSPermGen       total 98304K, used 5230K [0x30010000, 0x36010000, 0x40010000)
  object [0x30010000,0x3052bab0,0x36010000)
0.017: [Full GC 83301K->1485K(522752K), 0.0299536 secs]
 Heap after GC invocations=2:
Heap
 PSYoungGen      total 129536K, used 0K [0x10010000, 0x18010000, 0x18010000)
  eden [0x10010000,0x10010000,0x17d10000)
  from [0x17e90000,0x17e90000,0x18010000)
  to   [0x17d10000,0x17d10000,0x17e90000)
 PSOldGen        total 393216K, used 1485K [0x18010000, 0x30010000, 0x30010000)
  object [0x18010000,0x18183750,0x30010000)
 PSPermGen       total 98304K, used 5230K [0x30010000, 0x36010000, 0x40010000)
  object [0x30010000,0x3052bab0,0x36010000)
}  {Heap before GC invocations=3:
