[2022-01-29T16:34:51.642+0000][233ms][info][gc          ] GC(5) Concurrent Mark Cycle
[2022-01-29T16:34:51.642+0000][233ms][info][gc,marking  ] GC(5) Concurrent Clear Claimed Marks
[2022-01-29T16:34:51.643+0000][234ms][info][gc,marking  ] GC(5) Concurrent Clear Claimed Marks 0.443ms
[2022-01-29T16:34:51.644+0000][235ms][info][gc,marking  ] GC(5) Concurrent Scan Root Regions
[2022-01-29T16:34:51.644+0000][235ms][info][gc,marking  ] GC(5) Concurrent Scan Root Regions 0.468ms
[2022-01-29T16:34:51.644+0000][235ms][info][gc,start    ] GC(6) Pause Young (Normal) (G1 Evacuation Pause)
[2022-01-29T16:34:51.644+0000][236ms][info][gc,marking  ] GC(5) Concurrent Mark
[2022-01-29T16:34:51.645+0000][236ms][info][gc,task     ] GC(6) Using 1 workers of 1 for evacuation
[2022-01-29T16:34:51.645+0000][236ms][info][gc,marking  ] GC(5) Concurrent Mark From Roots
[2022-01-29T16:34:51.646+0000][237ms][info][gc,task     ] GC(5) Using 1 workers of 1 for marking
[2022-01-29T16:34:51.649+0000][240ms][info][gc,phases   ] GC(6)   Pre Evacuate Collection Set: 1.0ms
[2022-01-29T16:34:51.650+0000][241ms][info][gc,phases   ] GC(6)   Merge Heap Roots: 0.1ms
[2022-01-29T16:34:51.650+0000][241ms][info][gc,phases   ] GC(6)   Evacuate Collection Set: 2.3ms
[2022-01-29T16:34:51.651+0000][242ms][info][gc,phases   ] GC(6)   Post Evacuate Collection Set: 0.9ms
[2022-01-29T16:34:51.651+0000][242ms][info][gc,phases   ] GC(6)   Other: 1.3ms
[2022-01-29T16:34:51.652+0000][243ms][info][gc,heap     ] GC(6) Eden regions: 6->0(6)
[2022-01-29T16:34:51.652+0000][243ms][info][gc,heap     ] GC(6) Survivor regions: 1->1(1)
[2022-01-29T16:34:51.652+0000][243ms][info][gc,heap     ] GC(6) Old regions: 7->13
[2022-01-29T16:34:51.653+0000][244ms][info][gc,heap     ] GC(6) Archive regions: 2->2
[2022-01-29T16:34:51.653+0000][244ms][info][gc,heap     ] GC(6) Humongous regions: 0->0
[2022-01-29T16:34:51.654+0000][245ms][info][gc,metaspace] GC(6) Metaspace: 258K(448K)->258K(448K) NonClass: 242K(320K)->242K(320K) Class: 15K(128K)->15K(128K)
[2022-01-29T16:34:51.654+0000][245ms][info][gc          ] GC(6) Pause Young (Normal) (G1 Evacuation Pause) 14M->14M(46M) 9.772ms
[2022-01-29T16:34:51.654+0000][246ms][info][gc,cpu      ] GC(6) User=0.01s Sys=0.00s Real=0.01s
[2022-01-29T16:34:51.655+0000][246ms][info][safepoint   ] Safepoint "G1CollectForAllocation", Time since last: 1634200 ns, Reaching safepoint: 92800 ns, At safepoint: 11173200 ns, Total: 11266000 ns
[2022-01-29T16:34:51.656+0000][247ms][info][gc,start    ] GC(7) Pause Young (Normal) (G1 Evacuation Pause)
[2022-01-29T16:34:51.656+0000][247ms][info][gc,task     ] GC(7) Using 1 workers of 1 for evacuation
[2022-01-29T16:34:51.660+0000][251ms][info][gc,phases   ] GC(7)   Pre Evacuate Collection Set: 0.2ms
[2022-01-29T16:34:51.661+0000][252ms][info][gc,phases   ] GC(7)   Merge Heap Roots: 0.2ms
[2022-01-29T16:34:51.661+0000][252ms][info][gc,phases   ] GC(7)   Evacuate Collection Set: 2.8ms
[2022-01-29T16:34:51.661+0000][252ms][info][gc,phases   ] GC(7)   Post Evacuate Collection Set: 0.4ms
[2022-01-29T16:34:51.661+0000][253ms][info][gc,phases   ] GC(7)   Other: 1.0ms
[2022-01-29T16:34:51.662+0000][253ms][info][gc,heap     ] GC(7) Eden regions: 6->0(5)
[2022-01-29T16:34:51.662+0000][253ms][info][gc,heap     ] GC(7) Survivor regions: 1->1(1)
[2022-01-29T16:34:51.662+0000][253ms][info][gc,heap     ] GC(7) Old regions: 13->19
[2022-01-29T16:34:51.662+0000][253ms][info][gc,heap     ] GC(7) Archive regions: 2->2
[2022-01-29T16:34:51.662+0000][254ms][info][gc,heap     ] GC(7) Humongous regions: 0->0
[2022-01-29T16:34:51.663+0000][254ms][info][gc,metaspace] GC(7) Metaspace: 258K(448K)->258K(448K) NonClass: 242K(320K)->242K(320K) Class: 15K(128K)->15K(128K)
[2022-01-29T16:34:51.663+0000][254ms][info][gc          ] GC(7) Pause Young (Normal) (G1 Evacuation Pause) 20M->20M(46M) 7.214ms
[2022-01-29T16:34:51.663+0000][254ms][info][gc,cpu      ] GC(7) User=0.00s Sys=0.00s Real=0.01s
[2022-01-29T16:34:51.664+0000][255ms][info][safepoint   ] Safepoint "G1CollectForAllocation", Time since last: 695000 ns, Reaching safepoint: 284900 ns, At safepoint: 7921000 ns, Total: 8205900 ns
[2022-01-29T16:34:51.664+0000][256ms][info][gc,start    ] GC(8) Pause Young (Normal) (G1 Evacuation Pause)
[2022-01-29T16:34:51.665+0000][256ms][info][gc,task     ] GC(8) Using 1 workers of 1 for evacuation
[2022-01-29T16:34:51.667+0000][259ms][info][gc,phases   ] GC(8)   Pre Evacuate Collection Set: 0.1ms
[2022-01-29T16:34:51.668+0000][259ms][info][gc,phases   ] GC(8)   Merge Heap Roots: 0.1ms
[2022-01-29T16:34:51.668+0000][259ms][info][gc,phases   ] GC(8)   Evacuate Collection Set: 1.0ms
[2022-01-29T16:34:51.669+0000][260ms][info][gc,phases   ] GC(8)   Post Evacuate Collection Set: 0.7ms
[2022-01-29T16:34:51.669+0000][260ms][info][gc,phases   ] GC(8)   Other: 1.0ms
[2022-01-29T16:34:51.669+0000][260ms][info][gc,heap     ] GC(8) Eden regions: 5->0(3)
[2022-01-29T16:34:51.669+0000][261ms][info][gc,heap     ] GC(8) Survivor regions: 1->1(1)
[2022-01-29T16:34:51.670+0000][261ms][info][gc,heap     ] GC(8) Old regions: 19->24
[2022-01-29T16:34:51.670+0000][261ms][info][gc,heap     ] GC(8) Archive regions: 2->2
[2022-01-29T16:34:51.670+0000][261ms][info][gc,heap     ] GC(8) Humongous regions: 0->0
[2022-01-29T16:34:51.670+0000][262ms][info][gc,metaspace] GC(8) Metaspace: 258K(448K)->258K(448K) NonClass: 242K(320K)->242K(320K) Class: 15K(128K)->15K(128K)
[2022-01-29T16:34:51.671+0000][262ms][info][gc          ] GC(8) Pause Young (Normal) (G1 Evacuation Pause) 25M->25M(46M) 6.217ms
[2022-01-29T16:34:51.671+0000][262ms][info][gc,cpu      ] GC(8) User=0.01s Sys=0.00s Real=0.01s
[2022-01-29T16:34:51.671+0000][263ms][info][safepoint   ] Safepoint "G1CollectForAllocation", Time since last: 611400 ns, Reaching safepoint: 266400 ns, At safepoint: 6896400 ns, Total: 7162800 ns
[2022-01-29T16:34:51.672+0000][263ms][info][gc,start    ] GC(9) Pause Young (Normal) (G1 Evacuation Pause)
[2022-01-29T16:34:51.672+0000][263ms][info][gc,task     ] GC(9) Using 1 workers of 1 for evacuation
[2022-01-29T16:34:51.675+0000][266ms][info][gc,phases   ] GC(9)   Pre Evacuate Collection Set: 0.1ms
[2022-01-29T16:34:51.676+0000][267ms][info][gc,phases   ] GC(9)   Merge Heap Roots: 0.1ms
[2022-01-29T16:34:51.676+0000][267ms][info][gc,phases   ] GC(9)   Evacuate Collection Set: 0.8ms
[2022-01-29T16:34:51.676+0000][267ms][info][gc,phases   ] GC(9)   Post Evacuate Collection Set: 1.4ms
[2022-01-29T16:34:51.677+0000][268ms][info][gc,phases   ] GC(9)   Other: 0.5ms
[2022-01-29T16:34:51.677+0000][268ms][info][gc,heap     ] GC(9) Eden regions: 3->0(28)
[2022-01-29T16:34:51.677+0000][269ms][info][gc,heap     ] GC(9) Survivor regions: 1->1(1)
[2022-01-29T16:34:51.678+0000][269ms][info][gc,heap     ] GC(9) Old regions: 24->27
[2022-01-29T16:34:51.678+0000][269ms][info][gc,heap     ] GC(9) Archive regions: 2->2
[2022-01-29T16:34:51.678+0000][269ms][info][gc,heap     ] GC(9) Humongous regions: 0->0
[2022-01-29T16:34:51.679+0000][270ms][info][gc,metaspace] GC(9) Metaspace: 258K(448K)->258K(448K) NonClass: 242K(320K)->242K(320K) Class: 15K(128K)->15K(128K)
[2022-01-29T16:34:51.679+0000][270ms][info][gc          ] GC(9) Pause Young (Normal) (G1 Evacuation Pause) 28M->28M(138M) 6.982ms
[2022-01-29T16:34:51.679+0000][270ms][info][gc,cpu      ] GC(9) User=0.00s Sys=0.00s Real=0.00s
[2022-01-29T16:34:51.679+0000][271ms][info][safepoint   ] Safepoint "G1CollectForAllocation", Time since last: 430500 ns, Reaching safepoint: 201800 ns, At safepoint: 7434700 ns, Total: 7636500 ns
[2022-01-29T16:34:51.680+0000][272ms][info][gc,marking  ] GC(5) Concurrent Mark From Roots 35.374ms
[2022-01-29T16:34:51.681+0000][272ms][info][gc,marking  ] GC(5) Concurrent Preclean
[2022-01-29T16:34:51.681+0000][273ms][info][gc,marking  ] GC(5) Concurrent Preclean 0.420ms
[2022-01-29T16:34:51.682+0000][273ms][info][gc,start    ] GC(5) Pause Remark
[2022-01-29T16:34:51.683+0000][275ms][info][gc          ] GC(5) Pause Remark 46M->46M(138M) 1.314ms
[2022-01-29T16:34:51.684+0000][275ms][info][gc,cpu      ] GC(5) User=0.00s Sys=0.01s Real=0.00s
[2022-01-29T16:34:51.684+0000][275ms][info][safepoint   ] Safepoint "G1Concurrent", Time since last: 2513300 ns, Reaching safepoint: 177200 ns, At safepoint: 2163400 ns, Total: 2340600 ns
[2022-01-29T16:34:51.685+0000][276ms][info][gc,marking  ] GC(5) Concurrent Mark 40.340ms
[2022-01-29T16:34:51.685+0000][276ms][info][gc,marking  ] GC(5) Concurrent Rebuild Remembered Sets
[2022-01-29T16:34:51.686+0000][277ms][info][gc,start    ] GC(10) Pause Young (Normal) (G1 Evacuation Pause)
[2022-01-29T16:34:51.687+0000][278ms][info][gc,task     ] GC(10) Using 1 workers of 1 for evacuation
[2022-01-29T16:34:51.697+0000][288ms][info][gc,phases   ] GC(10)   Pre Evacuate Collection Set: 0.1ms
[2022-01-29T16:34:51.697+0000][288ms][info][gc,phases   ] GC(10)   Merge Heap Roots: 0.1ms
[2022-01-29T16:34:51.697+0000][289ms][info][gc,phases   ] GC(10)   Evacuate Collection Set: 8.7ms
[2022-01-29T16:34:51.698+0000][289ms][info][gc,phases   ] GC(10)   Post Evacuate Collection Set: 0.7ms
[2022-01-29T16:34:51.698+0000][289ms][info][gc,phases   ] GC(10)   Other: 0.8ms
[2022-01-29T16:34:51.698+0000][289ms][info][gc,heap     ] GC(10) Eden regions: 28->0(19)
[2022-01-29T16:34:51.698+0000][290ms][info][gc,heap     ] GC(10) Survivor regions: 1->4(4)
[2022-01-29T16:34:51.699+0000][290ms][info][gc,heap     ] GC(10) Old regions: 27->52
[2022-01-29T16:34:51.699+0000][290ms][info][gc,heap     ] GC(10) Archive regions: 2->2
[2022-01-29T16:34:51.699+0000][290ms][info][gc,heap     ] GC(10) Humongous regions: 0->0
[2022-01-29T16:34:51.699+0000][290ms][info][gc,metaspace] GC(10) Metaspace: 258K(448K)->258K(448K) NonClass: 242K(320K)->242K(320K) Class: 15K(128K)->15K(128K)
[2022-01-29T16:34:51.699+0000][291ms][info][gc          ] GC(10) Pause Young (Normal) (G1 Evacuation Pause) 56M->56M(138M) 13.221ms
[2022-01-29T16:34:51.700+0000][291ms][info][gc,cpu      ] GC(10) User=0.00s Sys=0.01s Real=0.01s
[2022-01-29T16:34:51.700+0000][291ms][info][safepoint   ] Safepoint "G1CollectForAllocation", Time since last: 1746600 ns, Reaching safepoint: 157800 ns, At safepoint: 13667700 ns, Total: 13825500 ns
[2022-01-29T16:34:51.701+0000][292ms][info][gc,marking  ] GC(5) Concurrent Rebuild Remembered Sets 15.514ms
[2022-01-29T16:34:51.701+0000][293ms][info][gc,start    ] GC(5) Pause Cleanup
[2022-01-29T16:34:51.702+0000][293ms][info][gc          ] GC(5) Pause Cleanup 67M->67M(138M) 0.371ms
[2022-01-29T16:34:51.702+0000][293ms][info][gc,cpu      ] GC(5) User=0.00s Sys=0.00s Real=0.00s
[2022-01-29T16:34:51.702+0000][293ms][info][safepoint   ] Safepoint "G1Concurrent", Time since last: 1375400 ns, Reaching safepoint: 249200 ns, At safepoint: 810500 ns, Total: 1059700 ns
[2022-01-29T16:34:51.703+0000][294ms][info][gc,marking  ] GC(5) Concurrent Cleanup for Next Mark
[2022-01-29T16:34:51.703+0000][295ms][info][gc,start    ] GC(11) Pause Young (Normal) (G1 Evacuation Pause)
[2022-01-29T16:34:51.704+0000][295ms][info][gc,task     ] GC(11) Using 1 workers of 1 for evacuation
[2022-01-29T16:34:51.706+0000][297ms][info][gc,phases   ] GC(11)   Pre Evacuate Collection Set: 0.1ms
[2022-01-29T16:34:51.706+0000][297ms][info][gc,phases   ] GC(11)   Merge Heap Roots: 0.1ms
[2022-01-29T16:34:51.707+0000][298ms][info][gc,phases   ] GC(11)   Evacuate Collection Set: 1.6ms
[2022-01-29T16:34:51.707+0000][298ms][info][gc,phases   ] GC(11)   Post Evacuate Collection Set: 0.4ms
[2022-01-29T16:34:51.707+0000][298ms][info][gc,phases   ] GC(11)   Other: 0.6ms
[2022-01-29T16:34:51.707+0000][298ms][info][gc,heap     ] GC(11) Eden regions: 19->0(9)
[2022-01-29T16:34:51.707+0000][299ms][info][gc,heap     ] GC(11) Survivor regions: 4->3(3)
[2022-01-29T16:34:51.708+0000][299ms][info][gc,heap     ] GC(11) Old regions: 52->57
[2022-01-29T16:34:51.708+0000][299ms][info][gc,heap     ] GC(11) Archive regions: 2->2
[2022-01-29T16:34:51.708+0000][300ms][info][gc,heap     ] GC(11) Humongous regions: 0->0
[2022-01-29T16:34:51.709+0000][300ms][info][gc,metaspace] GC(11) Metaspace: 258K(448K)->258K(448K) NonClass: 242K(320K)->242K(320K) Class: 15K(128K)->15K(128K)
[2022-01-29T16:34:51.709+0000][300ms][info][gc          ] GC(11) Pause Young (Normal) (G1 Evacuation Pause) 75M->60M(138M) 5.623ms
[2022-01-29T16:34:51.709+0000][300ms][info][gc,cpu      ] GC(11) User=0.00s Sys=0.01s Real=0.00s
[2022-01-29T16:34:51.710+0000][301ms][info][safepoint   ] Safepoint "G1CollectForAllocation", Time since last: 927600 ns, Reaching safepoint: 123300 ns, At safepoint: 6218900 ns, Total: 6342200 ns
[2022-01-29T16:34:51.710+0000][302ms][info][gc,marking  ] GC(5) Concurrent Cleanup for Next Mark 7.873ms
[2022-01-29T16:34:51.711+0000][303ms][info][gc,start    ] GC(12) Pause Young (Normal) (G1 Evacuation Pause)
[2022-01-29T16:34:51.712+0000][304ms][info][gc,task     ] GC(12) Using 1 workers of 1 for evacuation
[2022-01-29T16:34:51.716+0000][307ms][info][gc,phases   ] GC(12)   Pre Evacuate Collection Set: 0.1ms
[2022-01-29T16:34:51.717+0000][308ms][info][gc,phases   ] GC(12)   Merge Heap Roots: 0.1ms
[2022-01-29T16:34:51.717+0000][308ms][info][gc,phases   ] GC(12)   Evacuate Collection Set: 2.8ms
[2022-01-29T16:34:51.717+0000][308ms][info][gc,phases   ] GC(12)   Post Evacuate Collection Set: 0.5ms
[2022-01-29T16:34:51.717+0000][309ms][info][gc,phases   ] GC(12)   Other: 1.5ms
[2022-01-29T16:34:51.718+0000][309ms][info][gc,heap     ] GC(12) Eden regions: 9->0(11)
[2022-01-29T16:34:51.718+0000][309ms][info][gc,heap     ] GC(12) Survivor regions: 3->2(2)
[2022-01-29T16:34:51.718+0000][309ms][info][gc,heap     ] GC(12) Old regions: 57->67
[2022-01-29T16:34:51.718+0000][309ms][info][gc,heap     ] GC(12) Archive regions: 2->2
[2022-01-29T16:34:51.719+0000][310ms][info][gc,heap     ] GC(12) Humongous regions: 0->0
[2022-01-29T16:34:51.719+0000][310ms][info][gc,metaspace] GC(12) Metaspace: 258K(448K)->258K(448K) NonClass: 242K(320K)->242K(320K) Class: 15K(128K)->15K(128K)
[2022-01-29T16:34:51.719+0000][310ms][info][gc          ] GC(12) Pause Young (Normal) (G1 Evacuation Pause) 69M->69M(138M) 7.590ms
[2022-01-29T16:34:51.719+0000][310ms][info][gc,cpu      ] GC(12) User=0.01s Sys=0.00s Real=0.00s
[2022-01-29T16:34:51.719+0000][311ms][info][safepoint   ] Safepoint "G1CollectForAllocation", Time since last: 1634200 ns, Reaching safepoint: 114200 ns, At safepoint: 8121500 ns, Total: 8235700 ns
[2022-01-29T16:34:51.719+0000][311ms][info][gc          ] GC(5) Concurrent Mark Cycle 77.704ms
